src/App.tsx(2,23): error TS6142: Module './components/AppLayout' was resolved to 'C:/Users/bheda/Music/Desktop/ExporTrack-AI/src/components/AppLayout.tsx', but '--jsx' is not set.
src/App.tsx(3,42): error TS6142: Module './components/NotificationPermissionBanner' was resolved to 'C:/Users/bheda/Music/Desktop/ExporTrack-AI/src/components/NotificationPermissionBanner.tsx', but '--jsx' is not set.
src/App.tsx(4,29): error TS6142: Module './components/PWAUpdateBanner' was resolved to 'C:/Users/bheda/Music/Desktop/ExporTrack-AI/src/components/PWAUpdateBanner.tsx', but '--jsx' is not set.
src/App.tsx(5,31): error TS6142: Module './context/AppContext' was resolved to 'C:/Users/bheda/Music/Desktop/ExporTrack-AI/src/context/AppContext.tsx', but '--jsx' is not set.
src/App.tsx(6,23): error TS6142: Module './pages/AdminPage' was resolved to 'C:/Users/bheda/Music/Desktop/ExporTrack-AI/src/pages/AdminPage.tsx', but '--jsx' is not set.
src/App.tsx(7,31): error TS6142: Module './pages/AiScanResultsPage' was resolved to 'C:/Users/bheda/Music/Desktop/ExporTrack-AI/src/pages/AiScanResultsPage.tsx', but '--jsx' is not set.
src/App.tsx(8,22): error TS6142: Module './pages/AuthPage' was resolved to 'C:/Users/bheda/Music/Desktop/ExporTrack-AI/src/pages/AuthPage.tsx', but '--jsx' is not set.
src/App.tsx(9,32): error TS6142: Module './pages/CreateShipmentPage' was resolved to 'C:/Users/bheda/Music/Desktop/ExporTrack-AI/src/pages/CreateShipmentPage.tsx', but '--jsx' is not set.
src/App.tsx(10,27): error TS6142: Module './pages/DashboardPage' was resolved to 'C:/Users/bheda/Music/Desktop/ExporTrack-AI/src/pages/DashboardPage.tsx', but '--jsx' is not set.
src/App.tsx(11,26): error TS6142: Module './pages/NotFoundPage' was resolved to 'C:/Users/bheda/Music/Desktop/ExporTrack-AI/src/pages/NotFoundPage.tsx', but '--jsx' is not set.
src/App.tsx(12,31): error TS6142: Module './pages/NotificationsPage' was resolved to 'C:/Users/bheda/Music/Desktop/ExporTrack-AI/src/pages/NotificationsPage.tsx', but '--jsx' is not set.
src/App.tsx(13,29): error TS6142: Module './pages/ProfileTeamPage' was resolved to 'C:/Users/bheda/Music/Desktop/ExporTrack-AI/src/pages/ProfileTeamPage.tsx', but '--jsx' is not set.
src/App.tsx(14,30): error TS6142: Module './pages/SearchFilterPage' was resolved to 'C:/Users/bheda/Music/Desktop/ExporTrack-AI/src/pages/SearchFilterPage.tsx', but '--jsx' is not set.
src/App.tsx(15,33): error TS6142: Module './pages/ShipmentDetailsPage' was resolved to 'C:/Users/bheda/Music/Desktop/ExporTrack-AI/src/pages/ShipmentDetailsPage.tsx', but '--jsx' is not set.
src/App.tsx(16,24): error TS6142: Module './pages/SplashPage' was resolved to 'C:/Users/bheda/Music/Desktop/ExporTrack-AI/src/pages/SplashPage.tsx', but '--jsx' is not set.
src/App.tsx(17,33): error TS6142: Module './pages/UploadDocumentsPage' was resolved to 'C:/Users/bheda/Music/Desktop/ExporTrack-AI/src/pages/UploadDocumentsPage.tsx', but '--jsx' is not set.
src/App.tsx(18,39): error TS6142: Module './pages/VerificationChecklistPage' was resolved to 'C:/Users/bheda/Music/Desktop/ExporTrack-AI/src/pages/VerificationChecklistPage.tsx', but '--jsx' is not set.
src/App.tsx(19,38): error TS6142: Module './pages/AiDocumentExtractionPage' was resolved to 'C:/Users/bheda/Music/Desktop/ExporTrack-AI/src/pages/AiDocumentExtractionPage.tsx', but '--jsx' is not set.
src/App.tsx(20,37): error TS6142: Module './pages/AiDocumentValidatorPage' was resolved to 'C:/Users/bheda/Music/Desktop/ExporTrack-AI/src/pages/AiDocumentValidatorPage.tsx', but '--jsx' is not set.
src/App.tsx(21,37): error TS6142: Module './pages/AiComplianceCopilotPage' was resolved to 'C:/Users/bheda/Music/Desktop/ExporTrack-AI/src/pages/AiComplianceCopilotPage.tsx', but '--jsx' is not set.
src/App.tsx(22,26): error TS6142: Module './pages/TrackingPage' was resolved to 'C:/Users/bheda/Music/Desktop/ExporTrack-AI/src/pages/TrackingPage.tsx', but '--jsx' is not set.
src/App.tsx(23,32): error TS6142: Module './pages/PublicTrackingPage' was resolved to 'C:/Users/bheda/Music/Desktop/ExporTrack-AI/src/pages/PublicTrackingPage.tsx', but '--jsx' is not set.
src/App.tsx(24,36): error TS6142: Module './pages/AnalyticsDashboardPage' was resolved to 'C:/Users/bheda/Music/Desktop/ExporTrack-AI/src/pages/AnalyticsDashboardPage.tsx', but '--jsx' is not set.
src/App.tsx(25,29): error TS6142: Module './pages/DocumentOcrPage' was resolved to 'C:/Users/bheda/Music/Desktop/ExporTrack-AI/src/pages/DocumentOcrPage.tsx', but '--jsx' is not set.
src/App.tsx(26,31): error TS6142: Module './pages/TeamWorkspacePage' was resolved to 'C:/Users/bheda/Music/Desktop/ExporTrack-AI/src/pages/TeamWorkspacePage.tsx', but '--jsx' is not set.
src/App.tsx(27,30): error TS6142: Module './pages/AcceptInvitePage' was resolved to 'C:/Users/bheda/Music/Desktop/ExporTrack-AI/src/pages/AcceptInvitePage.tsx', but '--jsx' is not set.
src/App.tsx(28,26): error TS6142: Module './components/RippleEffect' was resolved to 'C:/Users/bheda/Music/Desktop/ExporTrack-AI/src/components/RippleEffect.tsx', but '--jsx' is not set.
src/App.tsx(29,26): error TS6142: Module './pages/AuditLogPage' was resolved to 'C:/Users/bheda/Music/Desktop/ExporTrack-AI/src/pages/AuditLogPage.tsx', but '--jsx' is not set.
src/App.tsx(30,30): error TS6142: Module './pages/HsCodeLookupPage' was resolved to 'C:/Users/bheda/Music/Desktop/ExporTrack-AI/src/pages/HsCodeLookupPage.tsx', but '--jsx' is not set.
src/App.tsx(31,32): error TS6142: Module './pages/LetterOfCreditPage' was resolved to 'C:/Users/bheda/Music/Desktop/ExporTrack-AI/src/pages/LetterOfCreditPage.tsx', but '--jsx' is not set.
src/App.tsx(32,35): error TS6142: Module './pages/FreightCalculatorPage' was resolved to 'C:/Users/bheda/Music/Desktop/ExporTrack-AI/src/pages/FreightCalculatorPage.tsx', but '--jsx' is not set.
src/App.tsx(33,30): error TS6142: Module './pages/InvoiceGenerator' was resolved to 'C:/Users/bheda/Music/Desktop/ExporTrack-AI/src/pages/InvoiceGenerator.tsx', but '--jsx' is not set.
src/App.tsx(34,34): error TS6142: Module './pages/PackingListGenerator' was resolved to 'C:/Users/bheda/Music/Desktop/ExporTrack-AI/src/pages/PackingListGenerator.tsx', but '--jsx' is not set.
src/App.tsx(35,42): error TS6142: Module './pages/CertificateOfOriginGenerator' was resolved to 'C:/Users/bheda/Music/Desktop/ExporTrack-AI/src/pages/CertificateOfOriginGenerator.tsx', but '--jsx' is not set.
src/App.tsx(36,34): error TS6142: Module './pages/ShipmentTrackingPage' was resolved to 'C:/Users/bheda/Music/Desktop/ExporTrack-AI/src/pages/ShipmentTrackingPage.tsx', but '--jsx' is not set.
src/App.tsx(37,30): error TS6142: Module './pages/ShippingBillForm' was resolved to 'C:/Users/bheda/Music/Desktop/ExporTrack-AI/src/pages/ShippingBillForm.tsx', but '--jsx' is not set.
src/App.tsx(40,26): error TS6142: Module './components/ClientLayout' was resolved to 'C:/Users/bheda/Music/Desktop/ExporTrack-AI/src/components/ClientLayout.tsx', but '--jsx' is not set.
src/App.tsx(41,29): error TS6142: Module './pages/client/ClientLoginPage' was resolved to 'C:/Users/bheda/Music/Desktop/ExporTrack-AI/src/pages/client/ClientLoginPage.tsx', but '--jsx' is not set.
src/App.tsx(42,33): error TS6142: Module './pages/client/ClientDashboardPage' was resolved to 'C:/Users/bheda/Music/Desktop/ExporTrack-AI/src/pages/client/ClientDashboardPage.tsx', but '--jsx' is not set.
src/App.tsx(43,33): error TS6142: Module './pages/client/ClientShipmentsPage' was resolved to 'C:/Users/bheda/Music/Desktop/ExporTrack-AI/src/pages/client/ClientShipmentsPage.tsx', but '--jsx' is not set.
src/App.tsx(44,39): error TS6142: Module './pages/client/ClientShipmentDetailsPage' was resolved to 'C:/Users/bheda/Music/Desktop/ExporTrack-AI/src/pages/client/ClientShipmentDetailsPage.tsx', but '--jsx' is not set.
src/App.tsx(57,12): error TS17004: Cannot use JSX unless the '--jsx' flag is provided.
src/App.tsx(60,10): error TS17004: Cannot use JSX unless the '--jsx' flag is provided.
src/App.tsx(72,32): error TS17004: Cannot use JSX unless the '--jsx' flag is provided.
src/App.tsx(73,10): error TS17004: Cannot use JSX unless the '--jsx' flag is provided.
src/App.tsx(82,5): error TS17004: Cannot use JSX unless the '--jsx' flag is provided.
src/App.tsx(83,7): error TS17004: Cannot use JSX unless the '--jsx' flag is provided.
src/App.tsx(84,7): error TS17004: Cannot use JSX unless the '--jsx' flag is provided.
src/App.tsx(85,7): error TS17004: Cannot use JSX unless the '--jsx' flag is provided.
src/App.tsx(86,7): error TS17004: Cannot use JSX unless the '--jsx' flag is provided.
src/App.tsx(88,9): error TS17004: Cannot use JSX unless the '--jsx' flag is provided.
src/App.tsx(88,34): error TS17004: Cannot use JSX unless the '--jsx' flag is provided.
src/App.tsx(89,9): error TS17004: Cannot use JSX unless the '--jsx' flag is provided.
src/App.tsx(89,40): error TS17004: Cannot use JSX unless the '--jsx' flag is provided.
src/App.tsx(90,9): error TS17004: Cannot use JSX unless the '--jsx' flag is provided.
src/App.tsx(90,55): error TS17004: Cannot use JSX unless the '--jsx' flag is provided.
src/App.tsx(91,9): error TS17004: Cannot use JSX unless the '--jsx' flag is provided.
src/App.tsx(91,47): error TS17004: Cannot use JSX unless the '--jsx' flag is provided.
src/App.tsx(94,9): error TS17004: Cannot use JSX unless the '--jsx' flag is provided.
src/App.tsx(94,38): error TS17004: Cannot use JSX unless the '--jsx' flag is provided.
src/App.tsx(97,9): error TS17004: Cannot use JSX unless the '--jsx' flag is provided.
src/App.tsx(97,46): error TS17004: Cannot use JSX unless the '--jsx' flag is provided.
src/App.tsx(98,9): error TS17004: Cannot use JSX unless the '--jsx' flag is provided.
src/App.tsx(98,25): error TS17004: Cannot use JSX unless the '--jsx' flag is provided.
src/App.tsx(99,11): error TS17004: Cannot use JSX unless the '--jsx' flag is provided.
src/App.tsx(99,52): error TS17004: Cannot use JSX unless the '--jsx' flag is provided.
src/App.tsx(100,11): error TS17004: Cannot use JSX unless the '--jsx' flag is provided.
src/App.tsx(100,52): error TS17004: Cannot use JSX unless the '--jsx' flag is provided.
src/App.tsx(101,11): error TS17004: Cannot use JSX unless the '--jsx' flag is provided.
src/App.tsx(101,56): error TS17004: Cannot use JSX unless the '--jsx' flag is provided.
src/App.tsx(105,9): error TS17004: Cannot use JSX unless the '--jsx' flag is provided.
src/App.tsx(105,25): error TS17004: Cannot use JSX unless the '--jsx' flag is provided.
src/App.tsx(106,11): error TS17004: Cannot use JSX unless the '--jsx' flag is provided.
src/App.tsx(106,45): error TS17004: Cannot use JSX unless the '--jsx' flag is provided.
src/App.tsx(108,11): error TS17004: Cannot use JSX unless the '--jsx' flag is provided.
src/App.tsx(108,45): error TS17004: Cannot use JSX unless the '--jsx' flag is provided.
src/App.tsx(109,11): error TS17004: Cannot use JSX unless the '--jsx' flag is provided.
src/App.tsx(109,52): error TS17004: Cannot use JSX unless the '--jsx' flag is provided.
src/App.tsx(110,11): error TS17004: Cannot use JSX unless the '--jsx' flag is provided.
src/App.tsx(110,49): error TS17004: Cannot use JSX unless the '--jsx' flag is provided.
src/App.tsx(111,11): error TS17004: Cannot use JSX unless the '--jsx' flag is provided.
src/App.tsx(111,57): error TS17004: Cannot use JSX unless the '--jsx' flag is provided.
src/App.tsx(112,11): error TS17004: Cannot use JSX unless the '--jsx' flag is provided.
src/App.tsx(112,64): error TS17004: Cannot use JSX unless the '--jsx' flag is provided.
src/App.tsx(113,11): error TS17004: Cannot use JSX unless the '--jsx' flag is provided.
src/App.tsx(113,65): error TS17004: Cannot use JSX unless the '--jsx' flag is provided.
src/App.tsx(114,11): error TS17004: Cannot use JSX unless the '--jsx' flag is provided.
src/App.tsx(114,67): error TS17004: Cannot use JSX unless the '--jsx' flag is provided.
src/App.tsx(115,11): error TS17004: Cannot use JSX unless the '--jsx' flag is provided.
src/App.tsx(115,66): error TS17004: Cannot use JSX unless the '--jsx' flag is provided.
src/App.tsx(117,11): error TS17004: Cannot use JSX unless the '--jsx' flag is provided.
src/App.tsx(117,52): error TS17004: Cannot use JSX unless the '--jsx' flag is provided.
src/App.tsx(118,11): error TS17004: Cannot use JSX unless the '--jsx' flag is provided.
src/App.tsx(118,49): error TS17004: Cannot use JSX unless the '--jsx' flag is provided.
src/App.tsx(119,11): error TS17004: Cannot use JSX unless the '--jsx' flag is provided.
src/App.tsx(119,48): error TS17004: Cannot use JSX unless the '--jsx' flag is provided.
src/App.tsx(120,11): error TS17004: Cannot use JSX unless the '--jsx' flag is provided.
src/App.tsx(120,49): error TS17004: Cannot use JSX unless the '--jsx' flag is provided.
src/App.tsx(121,11): error TS17004: Cannot use JSX unless the '--jsx' flag is provided.
src/App.tsx(121,48): error TS17004: Cannot use JSX unless the '--jsx' flag is provided.
src/App.tsx(123,11): error TS17004: Cannot use JSX unless the '--jsx' flag is provided.
src/App.tsx(123,49): error TS17004: Cannot use JSX unless the '--jsx' flag is provided.
src/App.tsx(124,11): error TS17004: Cannot use JSX unless the '--jsx' flag is provided.
src/App.tsx(124,40): error TS17004: Cannot use JSX unless the '--jsx' flag is provided.
src/App.tsx(125,11): error TS17004: Cannot use JSX unless the '--jsx' flag is provided.
src/App.tsx(125,41): error TS17004: Cannot use JSX unless the '--jsx' flag is provided.
src/App.tsx(126,11): error TS17004: Cannot use JSX unless the '--jsx' flag is provided.
src/App.tsx(126,45): error TS17004: Cannot use JSX unless the '--jsx' flag is provided.
src/App.tsx(127,11): error TS17004: Cannot use JSX unless the '--jsx' flag is provided.
src/App.tsx(127,48): error TS17004: Cannot use JSX unless the '--jsx' flag is provided.
src/App.tsx(128,11): error TS17004: Cannot use JSX unless the '--jsx' flag is provided.
src/App.tsx(128,50): error TS17004: Cannot use JSX unless the '--jsx' flag is provided.
src/App.tsx(129,11): error TS17004: Cannot use JSX unless the '--jsx' flag is provided.
src/App.tsx(129,42): error TS17004: Cannot use JSX unless the '--jsx' flag is provided.
src/App.tsx(130,11): error TS17004: Cannot use JSX unless the '--jsx' flag is provided.
src/App.tsx(130,45): error TS17004: Cannot use JSX unless the '--jsx' flag is provided.
src/App.tsx(131,11): error TS17004: Cannot use JSX unless the '--jsx' flag is provided.
src/App.tsx(131,44): error TS17004: Cannot use JSX unless the '--jsx' flag is provided.
src/App.tsx(132,11): error TS17004: Cannot use JSX unless the '--jsx' flag is provided.
src/App.tsx(132,52): error TS17004: Cannot use JSX unless the '--jsx' flag is provided.
src/App.tsx(133,11): error TS17004: Cannot use JSX unless the '--jsx' flag is provided.
src/App.tsx(133,54): error TS17004: Cannot use JSX unless the '--jsx' flag is provided.
src/App.tsx(136,11): error TS17004: Cannot use JSX unless the '--jsx' flag is provided.
src/App.tsx(136,48): error TS17004: Cannot use JSX unless the '--jsx' flag is provided.
src/App.tsx(137,11): error TS17004: Cannot use JSX unless the '--jsx' flag is provided.
src/App.tsx(137,53): error TS17004: Cannot use JSX unless the '--jsx' flag is provided.
src/App.tsx(138,11): error TS17004: Cannot use JSX unless the '--jsx' flag is provided.
src/App.tsx(138,43): error TS17004: Cannot use JSX unless the '--jsx' flag is provided.
src/App.tsx(139,11): error TS17004: Cannot use JSX unless the '--jsx' flag is provided.
src/App.tsx(139,54): error TS17004: Cannot use JSX unless the '--jsx' flag is provided.
src/App.tsx(140,11): error TS17004: Cannot use JSX unless the '--jsx' flag is provided.
src/App.tsx(140,49): error TS17004: Cannot use JSX unless the '--jsx' flag is provided.
src/App.tsx(144,9): error TS17004: Cannot use JSX unless the '--jsx' flag is provided.
src/App.tsx(144,34): error TS17004: Cannot use JSX unless the '--jsx' flag is provided.
src/components/AiDelayPrediction.tsx(2,21): error TS6142: Module './AppIcon' was resolved to 'C:/Users/bheda/Music/Desktop/ExporTrack-AI/src/components/AppIcon.tsx', but '--jsx' is not set.
src/components/AiDelayPrediction.tsx(49,9): error TS17004: Cannot use JSX unless the '--jsx' flag is provided.
src/components/AiDelayPrediction.tsx(50,13): error TS17004: Cannot use JSX unless the '--jsx' flag is provided.
src/components/AiDelayPrediction.tsx(51,13): error TS17004: Cannot use JSX unless the '--jsx' flag is provided.
src/components/AiDelayPrediction.tsx(52,13): error TS17004: Cannot use JSX unless the '--jsx' flag is provided.
src/components/AiDelayPrediction.tsx(53,17): error TS17004: Cannot use JSX unless the '--jsx' flag is provided.
src/components/AiDelayPrediction.tsx(54,21): error TS17004: Cannot use JSX unless the '--jsx' flag is provided.
src/components/AiDelayPrediction.tsx(55,25): error TS17004: Cannot use JSX unless the '--jsx' flag is provided.
src/components/AiDelayPrediction.tsx(56,29): error TS17004: Cannot use JSX unless the '--jsx' flag is provided.
src/components/AiDelayPrediction.tsx(57,29): error TS17004: Cannot use JSX unless the '--jsx' flag is provided.
src/components/AiDelayPrediction.tsx(58,33): error TS17004: Cannot use JSX unless the '--jsx' flag is provided.
src/components/AiDelayPrediction.tsx(61,25): error TS17004: Cannot use JSX unless the '--jsx' flag is provided.
src/components/AiDelayPrediction.tsx(62,29): error TS17004: Cannot use JSX unless the '--jsx' flag is provided.
src/components/AiDelayPrediction.tsx(63,29): error TS17004: Cannot use JSX unless the '--jsx' flag is provided.
src/components/AiDelayPrediction.tsx(66,21): error TS17004: Cannot use JSX unless the '--jsx' flag is provided.
src/components/AiDelayPrediction.tsx(71,17): error TS17004: Cannot use JSX unless the '--jsx' flag is provided.
src/components/AiDelayPrediction.tsx(72,21): error TS17004: Cannot use JSX unless the '--jsx' flag is provided.
src/components/AiDelayPrediction.tsx(73,25): error TS17004: Cannot use JSX unless the '--jsx' flag is provided.
src/components/AiDelayPrediction.tsx(74,25): error TS17004: Cannot use JSX unless the '--jsx' flag is provided.
src/components/AiDelayPrediction.tsx(76,21): error TS17004: Cannot use JSX unless the '--jsx' flag is provided.
src/components/AiDelayPrediction.tsx(77,25): error TS17004: Cannot use JSX unless the '--jsx' flag is provided.
src/components/AiDelayPrediction.tsx(84,17): error TS17004: Cannot use JSX unless the '--jsx' flag is provided.
src/components/AiDelayPrediction.tsx(85,21): error TS17004: Cannot use JSX unless the '--jsx' flag is provided.
src/components/AiDelayPrediction.tsx(86,21): error TS17004: Cannot use JSX unless the '--jsx' flag is provided.
src/components/AiDelayPrediction.tsx(88,29): error TS17004: Cannot use JSX unless the '--jsx' flag is provided.
src/components/AiDelayPrediction.tsx(89,33): error TS17004: Cannot use JSX unless the '--jsx' flag is provided.
src/components/AiDelayPrediction.tsx(90,33): error TS17004: Cannot use JSX unless the '--jsx' flag is provided.
src/components/AiDelayPrediction.tsx(98,17): error TS17004: Cannot use JSX unless the '--jsx' flag is provided.
src/components/AiDelayPrediction.tsx(100,21): error TS17004: Cannot use JSX unless the '--jsx' flag is provided.
src/components/AiDocumentSummary.tsx(1,21): error TS6142: Module './AppIcon' was resolved to 'C:/Users/bheda/Music/Desktop/ExporTrack-AI/src/components/AppIcon.tsx', but '--jsx' is not set.
src/components/AiDocumentSummary.tsx(24,13): error TS17004: Cannot use JSX unless the '--jsx' flag is provided.
src/components/AiDocumentSummary.tsx(25,17): error TS17004: Cannot use JSX unless the '--jsx' flag is provided.
src/components/AiDocumentSummary.tsx(26,17): error TS17004: Cannot use JSX unless the '--jsx' flag is provided.
src/components/AiDocumentSummary.tsx(27,21): error TS17004: Cannot use JSX unless the '--jsx' flag is provided.
src/components/AiDocumentSummary.tsx(28,25): error TS17004: Cannot use JSX unless the '--jsx' flag is provided.
src/components/AiDocumentSummary.tsx(30,21): error TS17004: Cannot use JSX unless the '--jsx' flag is provided.
src/components/AiDocumentSummary.tsx(31,25): error TS17004: Cannot use JSX unless the '--jsx' flag is provided.
src/components/AiDocumentSummary.tsx(32,25): error TS17004: Cannot use JSX unless the '--jsx' flag is provided.
src/components/AiDocumentSummary.tsx(35,17): error TS17004: Cannot use JSX unless the '--jsx' flag is provided.
src/components/AiDocumentSummary.tsx(37,25): error TS17004: Cannot use JSX unless the '--jsx' flag is provided.
src/components/AiDocumentSummary.tsx(38,29): error TS17004: Cannot use JSX unless the '--jsx' flag is provided.
src/components/AiDocumentSummary.tsx(39,29): error TS17004: Cannot use JSX unless the '--jsx' flag is provided.
src/components/AiDocumentSummary.tsx(48,9): error TS17004: Cannot use JSX unless the '--jsx' flag is provided.
src/components/AiDocumentSummary.tsx(49,13): error TS17004: Cannot use JSX unless the '--jsx' flag is provided.
src/components/AiDocumentSummary.tsx(50,13): error TS17004: Cannot use JSX unless the '--jsx' flag is provided.
src/components/AiDocumentSummary.tsx(51,17): error TS17004: Cannot use JSX unless the '--jsx' flag is provided.
src/components/AiDocumentSummary.tsx(52,21): error TS17004: Cannot use JSX unless the '--jsx' flag is provided.
src/components/AiDocumentSummary.tsx(53,25): error TS17004: Cannot use JSX unless the '--jsx' flag is provided.
src/components/AiDocumentSummary.tsx(54,29): error TS17004: Cannot use JSX unless the '--jsx' flag is provided.
src/components/AiDocumentSummary.tsx(56,25): error TS17004: Cannot use JSX unless the '--jsx' flag is provided.
src/components/AiDocumentSummary.tsx(57,29): error TS17004: Cannot use JSX unless the '--jsx' flag is provided.
src/components/AiDocumentSummary.tsx(58,29): error TS17004: Cannot use JSX unless the '--jsx' flag is provided.
src/components/AiDocumentSummary.tsx(61,21): error TS17004: Cannot use JSX unless the '--jsx' flag is provided.
src/components/AiDocumentSummary.tsx(62,25): error TS17004: Cannot use JSX unless the '--jsx' flag is provided.
src/components/AiDocumentSummary.tsx(63,25): error TS17004: Cannot use JSX unless the '--jsx' flag is provided.
src/components/AiDocumentSummary.tsx(69,17): error TS17004: Cannot use JSX unless the '--jsx' flag is provided.
src/components/AiDocumentSummary.tsx(71,21): error TS17004: Cannot use JSX unless the '--jsx' flag is provided.
src/components/AiDocumentSummary.tsx(72,25): error TS17004: Cannot use JSX unless the '--jsx' flag is provided.
src/components/AiDocumentSummary.tsx(75,25): error TS17004: Cannot use JSX unless the '--jsx' flag is provided.
src/components/AiDocumentSummary.tsx(81,21): error TS17004: Cannot use JSX unless the '--jsx' flag is provided.
src/components/AiDocumentSummary.tsx(82,25): error TS17004: Cannot use JSX unless the '--jsx' flag is provided.
src/components/AiDocumentSummary.tsx(85,25): error TS17004: Cannot use JSX unless the '--jsx' flag is provided.
src/components/AiDocumentSummary.tsx(91,21): error TS17004: Cannot use JSX unless the '--jsx' flag is provided.
src/components/AiDocumentSummary.tsx(92,25): error TS17004: Cannot use JSX unless the '--jsx' flag is provided.
src/components/AiDocumentSummary.tsx(95,25): error TS17004: Cannot use JSX unless the '--jsx' flag is provided.
src/components/AiDocumentSummary.tsx(101,21): error TS17004: Cannot use JSX unless the '--jsx' flag is provided.
src/components/AiDocumentSummary.tsx(102,25): error TS17004: Cannot use JSX unless the '--jsx' flag is provided.
src/components/AiDocumentSummary.tsx(105,25): error TS17004: Cannot use JSX unless the '--jsx' flag is provided.
src/components/AiDocumentSummary.tsx(112,17): error TS17004: Cannot use JSX unless the '--jsx' flag is provided.
src/components/AiDocumentSummary.tsx(113,21): error TS17004: Cannot use JSX unless the '--jsx' flag is provided.
src/components/AiDocumentSummary.tsx(116,21): error TS17004: Cannot use JSX unless the '--jsx' flag is provided.
src/components/AiDocumentSummary.tsx(122,17): error TS17004: Cannot use JSX unless the '--jsx' flag is provided.
src/components/AiDocumentSummary.tsx(123,21): error TS17004: Cannot use JSX unless the '--jsx' flag is provided.
src/components/AiDocumentSummary.tsx(126,21): error TS17004: Cannot use JSX unless the '--jsx' flag is provided.
src/components/AiDocumentSummary.tsx(131,17): error TS17004: Cannot use JSX unless the '--jsx' flag is provided.
src/components/AiDocumentSummary.tsx(132,21): error TS17004: Cannot use JSX unless the '--jsx' flag is provided.
src/components/AiDocumentSummary.tsx(133,21): error TS17004: Cannot use JSX unless the '--jsx' flag is provided.
src/components/AiLogisticsAssistant.tsx(2,31): error TS6142: Module '../context/AppContext' was resolved to 'C:/Users/bheda/Music/Desktop/ExporTrack-AI/src/context/AppContext.tsx', but '--jsx' is not set.
src/components/AiLogisticsAssistant.tsx(3,21): error TS6142: Module './AppIcon' was resolved to 'C:/Users/bheda/Music/Desktop/ExporTrack-AI/src/components/AppIcon.tsx', but '--jsx' is not set.
src/components/AiLogisticsAssistant.tsx(93,9): error TS17004: Cannot use JSX unless the '--jsx' flag is provided.
src/components/AiLogisticsAssistant.tsx(94,13): error TS17004: Cannot use JSX unless the '--jsx' flag is provided.
src/components/AiLogisticsAssistant.tsx(97,13): error TS17004: Cannot use JSX unless the '--jsx' flag is provided.
src/components/AiLogisticsAssistant.tsx(98,17): error TS17004: Cannot use JSX unless the '--jsx' flag is provided.
src/components/AiLogisticsAssistant.tsx(99,21): error TS17004: Cannot use JSX unless the '--jsx' flag is provided.
src/components/AiLogisticsAssistant.tsx(100,25): error TS17004: Cannot use JSX unless the '--jsx' flag is provided.
src/components/AiLogisticsAssistant.tsx(101,25): error TS17004: Cannot use JSX unless the '--jsx' flag is provided.
src/components/AiLogisticsAssistant.tsx(102,29): error TS17004: Cannot use JSX unless the '--jsx' flag is provided.
src/components/AiLogisticsAssistant.tsx(103,29): error TS17004: Cannot use JSX unless the '--jsx' flag is provided.
src/components/AiLogisticsAssistant.tsx(106,21): error TS17004: Cannot use JSX unless the '--jsx' flag is provided.
src/components/AiLogisticsAssistant.tsx(107,25): error TS17004: Cannot use JSX unless the '--jsx' flag is provided.
src/components/AiLogisticsAssistant.tsx(108,28): error TS17004: Cannot use JSX unless the '--jsx' flag is provided.
src/components/AiLogisticsAssistant.tsx(109,28): error TS17004: Cannot use JSX unless the '--jsx' flag is provided.
src/components/AiLogisticsAssistant.tsx(111,25): error TS17004: Cannot use JSX unless the '--jsx' flag is provided.
src/components/AiLogisticsAssistant.tsx(112,29): error TS17004: Cannot use JSX unless the '--jsx' flag is provided.
src/components/AiLogisticsAssistant.tsx(113,33): error TS17004: Cannot use JSX unless the '--jsx' flag is provided.
src/components/AiLogisticsAssistant.tsx(114,33): error TS17004: Cannot use JSX unless the '--jsx' flag is provided.
src/components/AiLogisticsAssistant.tsx(116,29): error TS17004: Cannot use JSX unless the '--jsx' flag is provided.
src/components/AiLogisticsAssistant.tsx(120,17): error TS17004: Cannot use JSX unless the '--jsx' flag is provided.
src/components/AiLogisticsAssistant.tsx(121,21): error TS17004: Cannot use JSX unless the '--jsx' flag is provided.
src/components/AiLogisticsAssistant.tsx(122,25): error TS17004: Cannot use JSX unless the '--jsx' flag is provided.
src/components/AiLogisticsAssistant.tsx(123,29): error TS17004: Cannot use JSX unless the '--jsx' flag is provided.
src/components/AiLogisticsAssistant.tsx(124,29): error TS17004: Cannot use JSX unless the '--jsx' flag is provided.
src/components/AiLogisticsAssistant.tsx(125,29): error TS17004: Cannot use JSX unless the '--jsx' flag is provided.
src/components/AiLogisticsAssistant.tsx(129,25): error TS17004: Cannot use JSX unless the '--jsx' flag is provided.
src/components/AiLogisticsAssistant.tsx(134,29): error TS17004: Cannot use JSX unless the '--jsx' flag is provided.
src/components/AiLogisticsAssistant.tsx(141,13): error TS17004: Cannot use JSX unless the '--jsx' flag is provided.
src/components/AiLogisticsAssistant.tsx(146,21): error TS17004: Cannot use JSX unless the '--jsx' flag is provided.
src/components/AiLogisticsAssistant.tsx(150,25): error TS17004: Cannot use JSX unless the '--jsx' flag is provided.
src/components/AiLogisticsAssistant.tsx(151,29): error TS17004: Cannot use JSX unless the '--jsx' flag is provided.
src/components/AiLogisticsAssistant.tsx(160,29): error TS17004: Cannot use JSX unless the '--jsx' flag is provided.
src/components/AiLogisticsAssistant.tsx(167,21): error TS17004: Cannot use JSX unless the '--jsx' flag is provided.
src/components/AiLogisticsAssistant.tsx(168,25): error TS17004: Cannot use JSX unless the '--jsx' flag is provided.
src/components/AiLogisticsAssistant.tsx(169,29): error TS17004: Cannot use JSX unless the '--jsx' flag is provided.
src/components/AiLogisticsAssistant.tsx(170,33): error TS17004: Cannot use JSX unless the '--jsx' flag is provided.
src/components/AiLogisticsAssistant.tsx(171,33): error TS17004: Cannot use JSX unless the '--jsx' flag is provided.
src/components/AiLogisticsAssistant.tsx(172,33): error TS17004: Cannot use JSX unless the '--jsx' flag is provided.
src/components/AiLogisticsAssistant.tsx(180,13): error TS17004: Cannot use JSX unless the '--jsx' flag is provided.
src/components/AiLogisticsAssistant.tsx(181,17): error TS17004: Cannot use JSX unless the '--jsx' flag is provided.
src/components/AiLogisticsAssistant.tsx(182,21): error TS17004: Cannot use JSX unless the '--jsx' flag is provided.
src/components/AiLogisticsAssistant.tsx(189,21): error TS17004: Cannot use JSX unless the '--jsx' flag is provided.
src/components/AiLogisticsAssistant.tsx(198,25): error TS17004: Cannot use JSX unless the '--jsx' flag is provided.
src/components/AiLogisticsAssistant.tsx(201,17): error TS17004: Cannot use JSX unless the '--jsx' flag is provided.
src/components/AiLogisticsAssistant.tsx(202,20): error TS17004: Cannot use JSX unless the '--jsx' flag is provided.
src/components/AiLogisticsAssistant.tsx(203,23): error TS17004: Cannot use JSX unless the '--jsx' flag is provided.
src/components/AppIcon.tsx(143,5): error TS17004: Cannot use JSX unless the '--jsx' flag is provided.
src/components/AppIcon.tsx(153,7): error TS17004: Cannot use JSX unless the '--jsx' flag is provided.
src/components/AppLayout.tsx(3,31): error TS6142: Module '../context/AppContext' was resolved to 'C:/Users/bheda/Music/Desktop/ExporTrack-AI/src/context/AppContext.tsx', but '--jsx' is not set.
src/components/AppLayout.tsx(4,21): error TS6142: Module './AppIcon' was resolved to 'C:/Users/bheda/Music/Desktop/ExporTrack-AI/src/components/AppIcon.tsx', but '--jsx' is not set.
src/components/AppLayout.tsx(5,25): error TS6142: Module './StatusBadge' was resolved to 'C:/Users/bheda/Music/Desktop/ExporTrack-AI/src/components/StatusBadge.tsx', but '--jsx' is not set.
src/components/AppLayout.tsx(6,31): error TS6142: Module './NotificationPanel' was resolved to 'C:/Users/bheda/Music/Desktop/ExporTrack-AI/src/components/NotificationPanel.tsx', but '--jsx' is not set.
src/components/AppLayout.tsx(7,28): error TS6142: Module './CommandPalette' was resolved to 'C:/Users/bheda/Music/Desktop/ExporTrack-AI/src/components/CommandPalette.tsx', but '--jsx' is not set.
src/components/AppLayout.tsx(8,33): error TS6142: Module './UserProfileDropdown' was resolved to 'C:/Users/bheda/Music/Desktop/ExporTrack-AI/src/components/UserProfileDropdown.tsx', but '--jsx' is not set.
src/components/AppLayout.tsx(10,29): error TS6142: Module './MobileBottomNav' was resolved to 'C:/Users/bheda/Music/Desktop/ExporTrack-AI/src/components/MobileBottomNav.tsx', but '--jsx' is not set.
src/components/AppLayout.tsx(11,23): error TS6142: Module './MobileFAB' was resolved to 'C:/Users/bheda/Music/Desktop/ExporTrack-AI/src/components/MobileFAB.tsx', but '--jsx' is not set.
src/components/AppLayout.tsx(12,27): error TS6142: Module './MobileSidebar' was resolved to 'C:/Users/bheda/Music/Desktop/ExporTrack-AI/src/components/MobileSidebar.tsx', but '--jsx' is not set.
src/components/AppLayout.tsx(13,34): error TS6142: Module './AiLogisticsAssistant' was resolved to 'C:/Users/bheda/Music/Desktop/ExporTrack-AI/src/components/AiLogisticsAssistant.tsx', but '--jsx' is not set.
src/components/AppLayout.tsx(189,5): error TS17004: Cannot use JSX unless the '--jsx' flag is provided.
src/components/AppLayout.tsx(191,7): error TS17004: Cannot use JSX unless the '--jsx' flag is provided.
src/components/AppLayout.tsx(194,9): error TS17004: Cannot use JSX unless the '--jsx' flag is provided.
src/components/AppLayout.tsx(196,13): error TS17004: Cannot use JSX unless the '--jsx' flag is provided.
src/components/AppLayout.tsx(197,15): error TS17004: Cannot use JSX unless the '--jsx' flag is provided.
src/components/AppLayout.tsx(198,17): error TS17004: Cannot use JSX unless the '--jsx' flag is provided.
src/components/AppLayout.tsx(200,15): error TS17004: Cannot use JSX unless the '--jsx' flag is provided.
src/components/AppLayout.tsx(201,17): error TS17004: Cannot use JSX unless the '--jsx' flag is provided.
src/components/AppLayout.tsx(202,29): error TS17004: Cannot use JSX unless the '--jsx' flag is provided.
src/components/AppLayout.tsx(204,17): error TS17004: Cannot use JSX unless the '--jsx' flag is provided.
src/components/AppLayout.tsx(208,13): error TS17004: Cannot use JSX unless the '--jsx' flag is provided.
src/components/AppLayout.tsx(209,15): error TS17004: Cannot use JSX unless the '--jsx' flag is provided.
src/components/AppLayout.tsx(215,9): error TS17004: Cannot use JSX unless the '--jsx' flag is provided.
src/components/AppLayout.tsx(216,11): error TS17004: Cannot use JSX unless the '--jsx' flag is provided.
src/components/AppLayout.tsx(222,15): error TS17004: Cannot use JSX unless the '--jsx' flag is provided.
src/components/AppLayout.tsx(234,19): error TS17004: Cannot use JSX unless the '--jsx' flag is provided.
src/components/AppLayout.tsx(238,19): error TS17004: Cannot use JSX unless the '--jsx' flag is provided.
src/components/AppLayout.tsx(240,17): error TS17004: Cannot use JSX unless the '--jsx' flag is provided.
src/components/AppLayout.tsx(241,19): error TS17004: Cannot use JSX unless the '--jsx' flag is provided.
src/components/AppLayout.tsx(246,21): error TS17004: Cannot use JSX unless the '--jsx' flag is provided.
src/components/AppLayout.tsx(247,23): error TS17004: Cannot use JSX unless the '--jsx' flag is provided.
src/components/AppLayout.tsx(249,25): error TS17004: Cannot use JSX unless the '--jsx' flag is provided.
src/components/AppLayout.tsx(258,19): error TS17004: Cannot use JSX unless the '--jsx' flag is provided.
src/components/AppLayout.tsx(259,21): error TS17004: Cannot use JSX unless the '--jsx' flag is provided.
src/components/AppLayout.tsx(260,23): error TS17004: Cannot use JSX unless the '--jsx' flag is provided.
src/components/AppLayout.tsx(270,9): error TS17004: Cannot use JSX unless the '--jsx' flag is provided.
src/components/AppLayout.tsx(271,11): error TS17004: Cannot use JSX unless the '--jsx' flag is provided.
src/components/AppLayout.tsx(276,13): error TS17004: Cannot use JSX unless the '--jsx' flag is provided.
src/components/AppLayout.tsx(277,15): error TS17004: Cannot use JSX unless the '--jsx' flag is provided.
src/components/AppLayout.tsx(282,33): error TS17004: Cannot use JSX unless the '--jsx' flag is provided.
src/components/AppLayout.tsx(287,7): error TS17004: Cannot use JSX unless the '--jsx' flag is provided.
src/components/AppLayout.tsx(289,9): error TS17004: Cannot use JSX unless the '--jsx' flag is provided.
src/components/AppLayout.tsx(294,11): error TS17004: Cannot use JSX unless the '--jsx' flag is provided.
src/components/AppLayout.tsx(296,13): error TS17004: Cannot use JSX unless the '--jsx' flag is provided.
src/components/AppLayout.tsx(297,15): error TS17004: Cannot use JSX unless the '--jsx' flag is provided.
src/components/AppLayout.tsx(302,17): error TS17004: Cannot use JSX unless the '--jsx' flag is provided.
src/components/AppLayout.tsx(306,15): error TS17004: Cannot use JSX unless the '--jsx' flag is provided.
src/components/AppLayout.tsx(307,17): error TS17004: Cannot use JSX unless the '--jsx' flag is provided.
src/components/AppLayout.tsx(308,17): error TS17004: Cannot use JSX unless the '--jsx' flag is provided.
src/components/AppLayout.tsx(309,17): error TS17004: Cannot use JSX unless the '--jsx' flag is provided.
src/components/AppLayout.tsx(313,15): error TS17004: Cannot use JSX unless the '--jsx' flag is provided.
src/components/AppLayout.tsx(314,17): error TS17004: Cannot use JSX unless the '--jsx' flag is provided.
src/components/AppLayout.tsx(315,19): error TS17004: Cannot use JSX unless the '--jsx' flag is provided.
src/components/AppLayout.tsx(317,17): error TS17004: Cannot use JSX unless the '--jsx' flag is provided.
src/components/AppLayout.tsx(331,19): error TS17004: Cannot use JSX unless the '--jsx' flag is provided.
src/components/AppLayout.tsx(332,21): error TS17004: Cannot use JSX unless the '--jsx' flag is provided.
src/components/AppLayout.tsx(335,27): error TS17004: Cannot use JSX unless the '--jsx' flag is provided.
src/components/AppLayout.tsx(340,29): error TS17004: Cannot use JSX unless the '--jsx' flag is provided.
src/components/AppLayout.tsx(341,31): error TS17004: Cannot use JSX unless the '--jsx' flag is provided.
src/components/AppLayout.tsx(344,31): error TS17004: Cannot use JSX unless the '--jsx' flag is provided.
src/components/AppLayout.tsx(348,29): error TS17004: Cannot use JSX unless the '--jsx' flag is provided.
src/components/AppLayout.tsx(349,31): error TS17004: Cannot use JSX unless the '--jsx' flag is provided.
src/components/AppLayout.tsx(356,25): error TS17004: Cannot use JSX unless the '--jsx' flag is provided.
src/components/AppLayout.tsx(357,27): error TS17004: Cannot use JSX unless the '--jsx' flag is provided.
src/components/AppLayout.tsx(358,29): error TS17004: Cannot use JSX unless the '--jsx' flag is provided.
src/components/AppLayout.tsx(360,27): error TS17004: Cannot use JSX unless the '--jsx' flag is provided.
src/components/AppLayout.tsx(363,27): error TS17004: Cannot use JSX unless the '--jsx' flag is provided.
src/components/AppLayout.tsx(373,13): error TS17004: Cannot use JSX unless the '--jsx' flag is provided.
src/components/AppLayout.tsx(374,15): error TS17004: Cannot use JSX unless the '--jsx' flag is provided.
src/components/AppLayout.tsx(380,17): error TS17004: Cannot use JSX unless the '--jsx' flag is provided.
src/components/AppLayout.tsx(383,15): error TS17004: Cannot use JSX unless the '--jsx' flag is provided.
src/components/AppLayout.tsx(384,17): error TS17004: Cannot use JSX unless the '--jsx' flag is provided.
src/components/AppLayout.tsx(390,19): error TS17004: Cannot use JSX unless the '--jsx' flag is provided.
src/components/AppLayout.tsx(392,21): error TS17004: Cannot use JSX unless the '--jsx' flag is provided.
src/components/AppLayout.tsx(397,17): error TS17004: Cannot use JSX unless the '--jsx' flag is provided.
src/components/AppLayout.tsx(404,15): error TS17004: Cannot use JSX unless the '--jsx' flag is provided.
src/components/AppLayout.tsx(406,15): error TS17004: Cannot use JSX unless the '--jsx' flag is provided.
src/components/AppLayout.tsx(411,9): error TS17004: Cannot use JSX unless the '--jsx' flag is provided.
src/components/AppLayout.tsx(417,9): error TS17004: Cannot use JSX unless the '--jsx' flag is provided.
src/components/AppLayout.tsx(418,11): error TS17004: Cannot use JSX unless the '--jsx' flag is provided.
src/components/AppLayout.tsx(419,13): error TS17004: Cannot use JSX unless the '--jsx' flag is provided.
src/components/AppLayout.tsx(425,7): error TS17004: Cannot use JSX unless the '--jsx' flag is provided.
src/components/AppLayout.tsx(427,11): error TS17004: Cannot use JSX unless the '--jsx' flag is provided.
src/components/AppLayout.tsx(428,13): error TS17004: Cannot use JSX unless the '--jsx' flag is provided.
src/components/AppLayout.tsx(435,9): error TS17004: Cannot use JSX unless the '--jsx' flag is provided.
src/components/AppLayout.tsx(443,11): error TS17004: Cannot use JSX unless the '--jsx' flag is provided.
src/components/AppLayout.tsx(444,11): error TS17004: Cannot use JSX unless the '--jsx' flag is provided.
src/components/AppLayout.tsx(448,7): error TS17004: Cannot use JSX unless the '--jsx' flag is provided.
src/components/AppLayout.tsx(449,7): error TS17004: Cannot use JSX unless the '--jsx' flag is provided.
src/components/AppLayout.tsx(452,7): error TS17004: Cannot use JSX unless the '--jsx' flag is provided.
src/components/ClientLayout.tsx(3,31): error TS6142: Module '../context/AppContext' was resolved to 'C:/Users/bheda/Music/Desktop/ExporTrack-AI/src/context/AppContext.tsx', but '--jsx' is not set.
src/components/ClientLayout.tsx(4,21): error TS6142: Module './AppIcon' was resolved to 'C:/Users/bheda/Music/Desktop/ExporTrack-AI/src/components/AppIcon.tsx', but '--jsx' is not set.
src/components/ClientLayout.tsx(18,32): error TS17004: Cannot use JSX unless the '--jsx' flag is provided.
src/components/ClientLayout.tsx(19,39): error TS17004: Cannot use JSX unless the '--jsx' flag is provided.
src/components/ClientLayout.tsx(24,5): error TS17004: Cannot use JSX unless the '--jsx' flag is provided.
src/components/ClientLayout.tsx(27,9): error TS17004: Cannot use JSX unless the '--jsx' flag is provided.
src/components/ClientLayout.tsx(34,7): error TS17004: Cannot use JSX unless the '--jsx' flag is provided.
src/components/ClientLayout.tsx(35,9): error TS17004: Cannot use JSX unless the '--jsx' flag is provided.
src/components/ClientLayout.tsx(36,11): error TS17004: Cannot use JSX unless the '--jsx' flag is provided.
src/components/ClientLayout.tsx(37,13): error TS17004: Cannot use JSX unless the '--jsx' flag is provided.
src/components/ClientLayout.tsx(38,15): error TS17004: Cannot use JSX unless the '--jsx' flag is provided.
src/components/ClientLayout.tsx(40,13): error TS17004: Cannot use JSX unless the '--jsx' flag is provided.
src/components/ClientLayout.tsx(41,15): error TS17004: Cannot use JSX unless the '--jsx' flag is provided.
src/components/ClientLayout.tsx(44,15): error TS17004: Cannot use JSX unless the '--jsx' flag is provided.
src/components/ClientLayout.tsx(47,11): error TS17004: Cannot use JSX unless the '--jsx' flag is provided.
src/components/ClientLayout.tsx(48,13): error TS17004: Cannot use JSX unless the '--jsx' flag is provided.
src/components/ClientLayout.tsx(52,9): error TS17004: Cannot use JSX unless the '--jsx' flag is provided.
src/components/ClientLayout.tsx(53,11): error TS17004: Cannot use JSX unless the '--jsx' flag is provided.
src/components/ClientLayout.tsx(57,15): error TS17004: Cannot use JSX unless the '--jsx' flag is provided.
src/components/ClientLayout.tsx(67,19): error TS17004: Cannot use JSX unless the '--jsx' flag is provided.
src/components/ClientLayout.tsx(69,17): error TS17004: Cannot use JSX unless the '--jsx' flag is provided.
src/components/ClientLayout.tsx(75,19): error TS17004: Cannot use JSX unless the '--jsx' flag is provided.
src/components/ClientLayout.tsx(76,21): error TS17004: Cannot use JSX unless the '--jsx' flag is provided.
src/components/ClientLayout.tsx(77,23): error TS17004: Cannot use JSX unless the '--jsx' flag is provided.
src/components/ClientLayout.tsx(86,9): error TS17004: Cannot use JSX unless the '--jsx' flag is provided.
src/components/ClientLayout.tsx(87,11): error TS17004: Cannot use JSX unless the '--jsx' flag is provided.
src/components/ClientLayout.tsx(88,13): error TS17004: Cannot use JSX unless the '--jsx' flag is provided.
src/components/ClientLayout.tsx(89,15): error TS17004: Cannot use JSX unless the '--jsx' flag is provided.
src/components/ClientLayout.tsx(91,13): error TS17004: Cannot use JSX unless the '--jsx' flag is provided.
src/components/ClientLayout.tsx(97,7): error TS17004: Cannot use JSX unless the '--jsx' flag is provided.
src/components/ClientLayout.tsx(98,9): error TS17004: Cannot use JSX unless the '--jsx' flag is provided.
src/components/ClientLayout.tsx(100,11): error TS17004: Cannot use JSX unless the '--jsx' flag is provided.
src/components/ClientLayout.tsx(105,13): error TS17004: Cannot use JSX unless the '--jsx' flag is provided.
src/components/ClientLayout.tsx(108,11): error TS17004: Cannot use JSX unless the '--jsx' flag is provided.
src/components/ClientLayout.tsx(109,13): error TS17004: Cannot use JSX unless the '--jsx' flag is provided.
src/components/ClientLayout.tsx(110,15): error TS17004: Cannot use JSX unless the '--jsx' flag is provided.
src/components/ClientLayout.tsx(112,13): error TS17004: Cannot use JSX unless the '--jsx' flag is provided.
src/components/ClientLayout.tsx(113,15): error TS17004: Cannot use JSX unless the '--jsx' flag is provided.
src/components/ClientLayout.tsx(114,17): error TS17004: Cannot use JSX unless the '--jsx' flag is provided.
src/components/ClientLayout.tsx(115,17): error TS17004: Cannot use JSX unless the '--jsx' flag is provided.
src/components/ClientLayout.tsx(117,15): error TS17004: Cannot use JSX unless the '--jsx' flag is provided.
src/components/ClientLayout.tsx(124,9): error TS17004: Cannot use JSX unless the '--jsx' flag is provided.
src/components/ClientLayout.tsx(125,11): error TS17004: Cannot use JSX unless the '--jsx' flag is provided.
src/components/ClientLayout.tsx(126,13): error TS17004: Cannot use JSX unless the '--jsx' flag is provided.
src/components/CommandPalette.tsx(3,31): error TS6142: Module '../context/AppContext' was resolved to 'C:/Users/bheda/Music/Desktop/ExporTrack-AI/src/context/AppContext.tsx', but '--jsx' is not set.
src/components/CommandPalette.tsx(5,21): error TS6142: Module './AppIcon' was resolved to 'C:/Users/bheda/Music/Desktop/ExporTrack-AI/src/components/AppIcon.tsx', but '--jsx' is not set.
src/components/CommandPalette.tsx(179,9): error TS17004: Cannot use JSX unless the '--jsx' flag is provided.
src/components/CommandPalette.tsx(183,13): error TS17004: Cannot use JSX unless the '--jsx' flag is provided.
src/components/CommandPalette.tsx(187,17): error TS17004: Cannot use JSX unless the '--jsx' flag is provided.
src/components/CommandPalette.tsx(189,21): error TS17004: Cannot use JSX unless the '--jsx' flag is provided.
src/components/CommandPalette.tsx(190,25): error TS17004: Cannot use JSX unless the '--jsx' flag is provided.
src/components/CommandPalette.tsx(191,25): error TS17004: Cannot use JSX unless the '--jsx' flag is provided.
src/components/CommandPalette.tsx(202,25): error TS17004: Cannot use JSX unless the '--jsx' flag is provided.
src/components/CommandPalette.tsx(211,21): error TS17004: Cannot use JSX unless the '--jsx' flag is provided.
src/components/CommandPalette.tsx(213,29): error TS17004: Cannot use JSX unless the '--jsx' flag is provided.
src/components/CommandPalette.tsx(221,41): error TS17004: Cannot use JSX unless the '--jsx' flag is provided.
src/components/CommandPalette.tsx(222,45): error TS17004: Cannot use JSX unless the '--jsx' flag is provided.
src/components/CommandPalette.tsx(225,45): error TS17004: Cannot use JSX unless the '--jsx' flag is provided.
src/components/CommandPalette.tsx(231,55): error TS17004: Cannot use JSX unless the '--jsx' flag is provided.
src/components/CommandPalette.tsx(240,59): error TS17004: Cannot use JSX unless the '--jsx' flag is provided.
src/components/CommandPalette.tsx(241,63): error TS17004: Cannot use JSX unless the '--jsx' flag is provided.
src/components/CommandPalette.tsx(245,67): error TS17004: Cannot use JSX unless the '--jsx' flag is provided.
src/components/CommandPalette.tsx(247,63): error TS17004: Cannot use JSX unless the '--jsx' flag is provided.
src/components/CommandPalette.tsx(248,67): error TS17004: Cannot use JSX unless the '--jsx' flag is provided.
src/components/CommandPalette.tsx(251,67): error TS17004: Cannot use JSX unless the '--jsx' flag is provided.
src/components/CommandPalette.tsx(257,61): error TS17004: Cannot use JSX unless the '--jsx' flag is provided.
src/components/CommandPalette.tsx(258,65): error TS17004: Cannot use JSX unless the '--jsx' flag is provided.
src/components/CommandPalette.tsx(270,29): error TS17004: Cannot use JSX unless the '--jsx' flag is provided.
src/components/CommandPalette.tsx(271,33): error TS17004: Cannot use JSX unless the '--jsx' flag is provided.
src/components/CommandPalette.tsx(272,36): error TS17004: Cannot use JSX unless the '--jsx' flag is provided.
src/components/CommandPalette.tsx(274,33): error TS17004: Cannot use JSX unless the '--jsx' flag is provided.
src/components/CommandPalette.tsx(277,33): error TS17004: Cannot use JSX unless the '--jsx' flag is provided.
src/components/CommandPalette.tsx(285,21): error TS17004: Cannot use JSX unless the '--jsx' flag is provided.
src/components/CommandPalette.tsx(286,25): error TS17004: Cannot use JSX unless the '--jsx' flag is provided.
src/components/CommandPalette.tsx(287,29): error TS17004: Cannot use JSX unless the '--jsx' flag is provided.
src/components/CommandPalette.tsx(288,33): error TS17004: Cannot use JSX unless the '--jsx' flag is provided.
src/components/CommandPalette.tsx(289,33): error TS17004: Cannot use JSX unless the '--jsx' flag is provided.
src/components/CommandPalette.tsx(291,29): error TS17004: Cannot use JSX unless the '--jsx' flag is provided.
src/components/CommandPalette.tsx(292,33): error TS17004: Cannot use JSX unless the '--jsx' flag is provided.
src/components/CommandPalette.tsx(293,33): error TS17004: Cannot use JSX unless the '--jsx' flag is provided.
src/components/CommandPalette.tsx(296,25): error TS17004: Cannot use JSX unless the '--jsx' flag is provided.
src/components/CommandPalette.tsx(297,27): error TS17004: Cannot use JSX unless the '--jsx' flag is provided.
src/components/DashboardCharts.tsx(17,21): error TS6142: Module './AppIcon' was resolved to 'C:/Users/bheda/Music/Desktop/ExporTrack-AI/src/components/AppIcon.tsx', but '--jsx' is not set.
src/components/DashboardCharts.tsx(39,9): error TS17004: Cannot use JSX unless the '--jsx' flag is provided.
src/components/DashboardCharts.tsx(40,13): error TS17004: Cannot use JSX unless the '--jsx' flag is provided.
src/components/DashboardCharts.tsx(41,17): error TS17004: Cannot use JSX unless the '--jsx' flag is provided.
src/components/DashboardCharts.tsx(43,13): error TS17004: Cannot use JSX unless the '--jsx' flag is provided.
src/components/DashboardCharts.tsx(46,13): error TS17004: Cannot use JSX unless the '--jsx' flag is provided.
src/components/DashboardCharts.tsx(59,13): error TS17004: Cannot use JSX unless the '--jsx' flag is provided.
src/components/DashboardCharts.tsx(60,17): error TS17004: Cannot use JSX unless the '--jsx' flag is provided.
src/components/DashboardCharts.tsx(62,21): error TS17004: Cannot use JSX unless the '--jsx' flag is provided.
src/components/DashboardCharts.tsx(76,35): error TS17004: Cannot use JSX unless the '--jsx' flag is provided.
src/components/DashboardCharts.tsx(79,9): error TS17004: Cannot use JSX unless the '--jsx' flag is provided.
src/components/DashboardCharts.tsx(80,13): error TS17004: Cannot use JSX unless the '--jsx' flag is provided.
src/components/DashboardCharts.tsx(81,17): error TS17004: Cannot use JSX unless the '--jsx' flag is provided.
src/components/DashboardCharts.tsx(92,25): error TS17004: Cannot use JSX unless the '--jsx' flag is provided.
src/components/DashboardCharts.tsx(95,17): error TS17004: Cannot use JSX unless the '--jsx' flag is provided.
src/components/DashboardCharts.tsx(95,35): error TS17004: Cannot use JSX unless the '--jsx' flag is provided.
src/components/DashboardCharts.tsx(96,17): error TS17004: Cannot use JSX unless the '--jsx' flag is provided.
src/components/DashboardCharts.tsx(106,73): error TS17004: Cannot use JSX unless the '--jsx' flag is provided.
src/components/DashboardCharts.tsx(109,9): error TS17004: Cannot use JSX unless the '--jsx' flag is provided.
src/components/DashboardCharts.tsx(110,13): error TS17004: Cannot use JSX unless the '--jsx' flag is provided.
src/components/DashboardCharts.tsx(111,17): error TS17004: Cannot use JSX unless the '--jsx' flag is provided.
src/components/DashboardCharts.tsx(112,17): error TS17004: Cannot use JSX unless the '--jsx' flag is provided.
src/components/DashboardCharts.tsx(117,17): error TS17004: Cannot use JSX unless the '--jsx' flag is provided.
src/components/DashboardCharts.tsx(122,17): error TS17004: Cannot use JSX unless the '--jsx' flag is provided.
src/components/DashboardCharts.tsx(122,35): error TS17004: Cannot use JSX unless the '--jsx' flag is provided.
src/components/DashboardCharts.tsx(123,17): error TS17004: Cannot use JSX unless the '--jsx' flag is provided.
src/components/DashboardCharts.tsx(139,73): error TS17004: Cannot use JSX unless the '--jsx' flag is provided.
src/components/DashboardCharts.tsx(142,9): error TS17004: Cannot use JSX unless the '--jsx' flag is provided.
src/components/DashboardCharts.tsx(143,13): error TS17004: Cannot use JSX unless the '--jsx' flag is provided.
src/components/DashboardCharts.tsx(144,17): error TS17004: Cannot use JSX unless the '--jsx' flag is provided.
src/components/DashboardCharts.tsx(145,17): error TS17004: Cannot use JSX unless the '--jsx' flag is provided.
src/components/DashboardCharts.tsx(150,17): error TS17004: Cannot use JSX unless the '--jsx' flag is provided.
src/components/DashboardCharts.tsx(155,17): error TS17004: Cannot use JSX unless the '--jsx' flag is provided.
src/components/DashboardCharts.tsx(155,35): error TS17004: Cannot use JSX unless the '--jsx' flag is provided.
src/components/DashboardCharts.tsx(156,17): error TS17004: Cannot use JSX unless the '--jsx' flag is provided.
src/components/DashboardCharts.tsx(175,69): error TS17004: Cannot use JSX unless the '--jsx' flag is provided.
src/components/DashboardCharts.tsx(178,9): error TS17004: Cannot use JSX unless the '--jsx' flag is provided.
src/components/DashboardCharts.tsx(179,13): error TS17004: Cannot use JSX unless the '--jsx' flag is provided.
src/components/DashboardCharts.tsx(180,17): error TS17004: Cannot use JSX unless the '--jsx' flag is provided.
src/components/DashboardCharts.tsx(191,25): error TS17004: Cannot use JSX unless the '--jsx' flag is provided.
src/components/DashboardCharts.tsx(194,17): error TS17004: Cannot use JSX unless the '--jsx' flag is provided.
src/components/DashboardCharts.tsx(194,35): error TS17004: Cannot use JSX unless the '--jsx' flag is provided.
src/components/DashboardCharts.tsx(195,17): error TS17004: Cannot use JSX unless the '--jsx' flag is provided.
src/components/DashboardCharts.tsx(225,9): error TS17004: Cannot use JSX unless the '--jsx' flag is provided.
src/components/DashboardCharts.tsx(227,13): error TS17004: Cannot use JSX unless the '--jsx' flag is provided.
src/components/DashboardCharts.tsx(228,17): error TS17004: Cannot use JSX unless the '--jsx' flag is provided.
src/components/DashboardCharts.tsx(229,21): error TS17004: Cannot use JSX unless the '--jsx' flag is provided.
src/components/DashboardCharts.tsx(230,25): error TS17004: Cannot use JSX unless the '--jsx' flag is provided.
src/components/DashboardCharts.tsx(232,21): error TS17004: Cannot use JSX unless the '--jsx' flag is provided.
src/components/DashboardCharts.tsx(233,25): error TS17004: Cannot use JSX unless the '--jsx' flag is provided.
src/components/DashboardCharts.tsx(234,25): error TS17004: Cannot use JSX unless the '--jsx' flag is provided.
src/components/DashboardCharts.tsx(237,17): error TS17004: Cannot use JSX unless the '--jsx' flag is provided.
src/components/DashboardCharts.tsx(241,13): error TS17004: Cannot use JSX unless the '--jsx' flag is provided.
src/components/DashboardCharts.tsx(242,17): error TS17004: Cannot use JSX unless the '--jsx' flag is provided.
src/components/DashboardCharts.tsx(243,21): error TS17004: Cannot use JSX unless the '--jsx' flag is provided.
src/components/DashboardCharts.tsx(244,25): error TS17004: Cannot use JSX unless the '--jsx' flag is provided.
src/components/DashboardCharts.tsx(246,21): error TS17004: Cannot use JSX unless the '--jsx' flag is provided.
src/components/DashboardCharts.tsx(247,25): error TS17004: Cannot use JSX unless the '--jsx' flag is provided.
src/components/DashboardCharts.tsx(248,25): error TS17004: Cannot use JSX unless the '--jsx' flag is provided.
src/components/DashboardCharts.tsx(251,17): error TS17004: Cannot use JSX unless the '--jsx' flag is provided.
src/components/DashboardCharts.tsx(255,13): error TS17004: Cannot use JSX unless the '--jsx' flag is provided.
src/components/DashboardCharts.tsx(256,17): error TS17004: Cannot use JSX unless the '--jsx' flag is provided.
src/components/DashboardCharts.tsx(257,21): error TS17004: Cannot use JSX unless the '--jsx' flag is provided.
src/components/DashboardCharts.tsx(258,25): error TS17004: Cannot use JSX unless the '--jsx' flag is provided.
src/components/DashboardCharts.tsx(260,21): error TS17004: Cannot use JSX unless the '--jsx' flag is provided.
src/components/DashboardCharts.tsx(261,25): error TS17004: Cannot use JSX unless the '--jsx' flag is provided.
src/components/DashboardCharts.tsx(262,25): error TS17004: Cannot use JSX unless the '--jsx' flag is provided.
src/components/DashboardCharts.tsx(265,17): error TS17004: Cannot use JSX unless the '--jsx' flag is provided.
src/components/DashboardCharts.tsx(269,13): error TS17004: Cannot use JSX unless the '--jsx' flag is provided.
src/components/DashboardCharts.tsx(270,17): error TS17004: Cannot use JSX unless the '--jsx' flag is provided.
src/components/DashboardCharts.tsx(271,21): error TS17004: Cannot use JSX unless the '--jsx' flag is provided.
src/components/DashboardCharts.tsx(272,25): error TS17004: Cannot use JSX unless the '--jsx' flag is provided.
src/components/DashboardCharts.tsx(274,21): error TS17004: Cannot use JSX unless the '--jsx' flag is provided.
src/components/DashboardCharts.tsx(275,25): error TS17004: Cannot use JSX unless the '--jsx' flag is provided.
src/components/DashboardCharts.tsx(276,25): error TS17004: Cannot use JSX unless the '--jsx' flag is provided.
src/components/DashboardCharts.tsx(279,17): error TS17004: Cannot use JSX unless the '--jsx' flag is provided.
src/components/DigitalSignature.tsx(7,21): error TS6142: Module './AppIcon' was resolved to 'C:/Users/bheda/Music/Desktop/ExporTrack-AI/src/components/AppIcon.tsx', but '--jsx' is not set.
src/components/DigitalSignature.tsx(117,9): error TS17004: Cannot use JSX unless the '--jsx' flag is provided.
src/components/DigitalSignature.tsx(119,13): error TS17004: Cannot use JSX unless the '--jsx' flag is provided.
src/components/DigitalSignature.tsx(120,17): error TS17004: Cannot use JSX unless the '--jsx' flag is provided.
src/components/DigitalSignature.tsx(121,21): error TS17004: Cannot use JSX unless the '--jsx' flag is provided.
src/components/DigitalSignature.tsx(123,17): error TS17004: Cannot use JSX unless the '--jsx' flag is provided.
src/components/DigitalSignature.tsx(124,21): error TS17004: Cannot use JSX unless the '--jsx' flag is provided.
src/components/DigitalSignature.tsx(126,25): error TS17004: Cannot use JSX unless the '--jsx' flag is provided.
src/components/DigitalSignature.tsx(132,13): error TS17004: Cannot use JSX unless the '--jsx' flag is provided.
src/components/DigitalSignature.tsx(133,17): error TS17004: Cannot use JSX unless the '--jsx' flag is provided.
src/components/DigitalSignature.tsx(134,17): error TS17004: Cannot use JSX unless the '--jsx' flag is provided.
src/components/DigitalSignature.tsx(135,17): error TS17004: Cannot use JSX unless the '--jsx' flag is provided.
src/components/DigitalSignature.tsx(141,13): error TS17004: Cannot use JSX unless the '--jsx' flag is provided.
src/components/DigitalSignature.tsx(142,17): error TS17004: Cannot use JSX unless the '--jsx' flag is provided.
src/components/DigitalSignature.tsx(156,21): error TS17004: Cannot use JSX unless the '--jsx' flag is provided.
src/components/DigitalSignature.tsx(157,25): error TS17004: Cannot use JSX unless the '--jsx' flag is provided.
src/components/DigitalSignature.tsx(161,17): error TS17004: Cannot use JSX unless the '--jsx' flag is provided.
src/components/DigitalSignature.tsx(164,13): error TS17004: Cannot use JSX unless the '--jsx' flag is provided.
src/components/DigitalSignature.tsx(169,13): error TS17004: Cannot use JSX unless the '--jsx' flag is provided.
src/components/DigitalSignature.tsx(170,17): error TS17004: Cannot use JSX unless the '--jsx' flag is provided.
src/components/DigitalSignature.tsx(174,21): error TS17004: Cannot use JSX unless the '--jsx' flag is provided.
src/components/DigitalSignature.tsx(178,21): error TS17004: Cannot use JSX unless the '--jsx' flag is provided.
src/components/DigitalSignature.tsx(185,17): error TS17004: Cannot use JSX unless the '--jsx' flag is provided.
src/components/DigitalSignature.tsx(190,21): error TS17004: Cannot use JSX unless the '--jsx' flag is provided.
src/components/DriverTrackingPanel.tsx(3,21): error TS6142: Module './AppIcon' was resolved to 'C:/Users/bheda/Music/Desktop/ExporTrack-AI/src/components/AppIcon.tsx', but '--jsx' is not set.
src/components/DriverTrackingPanel.tsx(18,5): error TS17004: Cannot use JSX unless the '--jsx' flag is provided.
src/components/DriverTrackingPanel.tsx(19,7): error TS17004: Cannot use JSX unless the '--jsx' flag is provided.
src/components/DriverTrackingPanel.tsx(21,9): error TS17004: Cannot use JSX unless the '--jsx' flag is provided.
src/components/DriverTrackingPanel.tsx(22,11): error TS17004: Cannot use JSX unless the '--jsx' flag is provided.
src/components/DriverTrackingPanel.tsx(23,13): error TS17004: Cannot use JSX unless the '--jsx' flag is provided.
src/components/DriverTrackingPanel.tsx(24,15): error TS17004: Cannot use JSX unless the '--jsx' flag is provided.
src/components/DriverTrackingPanel.tsx(25,17): error TS17004: Cannot use JSX unless the '--jsx' flag is provided.
src/components/DriverTrackingPanel.tsx(27,15): error TS17004: Cannot use JSX unless the '--jsx' flag is provided.
src/components/DriverTrackingPanel.tsx(28,17): error TS17004: Cannot use JSX unless the '--jsx' flag is provided.
src/components/DriverTrackingPanel.tsx(29,17): error TS17004: Cannot use JSX unless the '--jsx' flag is provided.
src/components/DriverTrackingPanel.tsx(32,13): error TS17004: Cannot use JSX unless the '--jsx' flag is provided.
src/components/DriverTrackingPanel.tsx(33,15): error TS17004: Cannot use JSX unless the '--jsx' flag is provided.
src/components/DriverTrackingPanel.tsx(36,15): error TS17004: Cannot use JSX unless the '--jsx' flag is provided.
src/components/DriverTrackingPanel.tsx(41,11): error TS17004: Cannot use JSX unless the '--jsx' flag is provided.
src/components/DriverTrackingPanel.tsx(42,14): error TS17004: Cannot use JSX unless the '--jsx' flag is provided.
src/components/DriverTrackingPanel.tsx(43,14): error TS17004: Cannot use JSX unless the '--jsx' flag is provided.
src/components/DriverTrackingPanel.tsx(50,9): error TS17004: Cannot use JSX unless the '--jsx' flag is provided.
src/components/DriverTrackingPanel.tsx(51,11): error TS17004: Cannot use JSX unless the '--jsx' flag is provided.
src/components/DriverTrackingPanel.tsx(52,13): error TS17004: Cannot use JSX unless the '--jsx' flag is provided.
src/components/DriverTrackingPanel.tsx(53,15): error TS17004: Cannot use JSX unless the '--jsx' flag is provided.
src/components/DriverTrackingPanel.tsx(54,15): error TS17004: Cannot use JSX unless the '--jsx' flag is provided.
src/components/DriverTrackingPanel.tsx(56,13): error TS17004: Cannot use JSX unless the '--jsx' flag is provided.
src/components/DriverTrackingPanel.tsx(57,15): error TS17004: Cannot use JSX unless the '--jsx' flag is provided.
src/components/DriverTrackingPanel.tsx(60,15): error TS17004: Cannot use JSX unless the '--jsx' flag is provided.
src/components/DriverTrackingPanel.tsx(63,11): error TS17004: Cannot use JSX unless the '--jsx' flag is provided.
src/components/DriverTrackingPanel.tsx(64,13): error TS17004: Cannot use JSX unless the '--jsx' flag is provided.
src/components/DriverTrackingPanel.tsx(65,15): error TS17004: Cannot use JSX unless the '--jsx' flag is provided.
src/components/DriverTrackingPanel.tsx(66,15): error TS17004: Cannot use JSX unless the '--jsx' flag is provided.
src/components/DriverTrackingPanel.tsx(68,13): error TS17004: Cannot use JSX unless the '--jsx' flag is provided.
src/components/DriverTrackingPanel.tsx(69,15): error TS17004: Cannot use JSX unless the '--jsx' flag is provided.
src/components/DriverTrackingPanel.tsx(72,15): error TS17004: Cannot use JSX unless the '--jsx' flag is provided.
src/components/DriverTrackingPanel.tsx(78,9): error TS17004: Cannot use JSX unless the '--jsx' flag is provided.
src/components/DriverTrackingPanel.tsx(79,12): error TS17004: Cannot use JSX unless the '--jsx' flag is provided.
src/components/DriverTrackingPanel.tsx(80,15): error TS17004: Cannot use JSX unless the '--jsx' flag is provided.
src/components/DriverTrackingPanel.tsx(81,15): error TS17004: Cannot use JSX unless the '--jsx' flag is provided.
src/components/DriverTrackingPanel.tsx(82,18): error TS17004: Cannot use JSX unless the '--jsx' flag is provided.
src/components/DriverTrackingPanel.tsx(85,12): error TS17004: Cannot use JSX unless the '--jsx' flag is provided.
src/components/DriverTrackingPanel.tsx(86,15): error TS17004: Cannot use JSX unless the '--jsx' flag is provided.
src/components/DriverTrackingPanel.tsx(87,18): error TS17004: Cannot use JSX unless the '--jsx' flag is provided.
src/components/DriverTrackingPanel.tsx(88,18): error TS17004: Cannot use JSX unless the '--jsx' flag is provided.
src/components/DriverTrackingPanel.tsx(92,15): error TS17004: Cannot use JSX unless the '--jsx' flag is provided.
src/components/DriverTrackingPanel.tsx(93,18): error TS17004: Cannot use JSX unless the '--jsx' flag is provided.
src/components/DriverTrackingPanel.tsx(94,18): error TS17004: Cannot use JSX unless the '--jsx' flag is provided.
src/components/DriverTrackingPanel.tsx(103,7): error TS17004: Cannot use JSX unless the '--jsx' flag is provided.
src/components/DriverTrackingPanel.tsx(104,9): error TS17004: Cannot use JSX unless the '--jsx' flag is provided.
src/components/DriverTrackingPanel.tsx(105,11): error TS17004: Cannot use JSX unless the '--jsx' flag is provided.
src/components/DriverTrackingPanel.tsx(108,9): error TS17004: Cannot use JSX unless the '--jsx' flag is provided.
src/components/DriverTrackingPanel.tsx(109,11): error TS17004: Cannot use JSX unless the '--jsx' flag is provided.
src/components/KpiCard.tsx(1,21): error TS6142: Module './AppIcon' was resolved to 'C:/Users/bheda/Music/Desktop/ExporTrack-AI/src/components/AppIcon.tsx', but '--jsx' is not set.
src/components/KpiCard.tsx(60,5): error TS17004: Cannot use JSX unless the '--jsx' flag is provided.
src/components/KpiCard.tsx(61,7): error TS17004: Cannot use JSX unless the '--jsx' flag is provided.
src/components/KpiCard.tsx(62,9): error TS17004: Cannot use JSX unless the '--jsx' flag is provided.
src/components/KpiCard.tsx(63,11): error TS17004: Cannot use JSX unless the '--jsx' flag is provided.
src/components/KpiCard.tsx(64,13): error TS17004: Cannot use JSX unless the '--jsx' flag is provided.
src/components/KpiCard.tsx(66,11): error TS17004: Cannot use JSX unless the '--jsx' flag is provided.
src/components/KpiCard.tsx(67,13): error TS17004: Cannot use JSX unless the '--jsx' flag is provided.
src/components/KpiCard.tsx(68,13): error TS17004: Cannot use JSX unless the '--jsx' flag is provided.
src/components/KpiCard.tsx(69,15): error TS17004: Cannot use JSX unless the '--jsx' flag is provided.
src/components/KpiCard.tsx(70,26): error TS17004: Cannot use JSX unless the '--jsx' flag is provided.
src/components/KpiCard.tsx(74,9): error TS17004: Cannot use JSX unless the '--jsx' flag is provided.
src/components/KpiCard.tsx(75,11): error TS17004: Cannot use JSX unless the '--jsx' flag is provided.
src/components/KpiCard.tsx(76,13): error TS17004: Cannot use JSX unless the '--jsx' flag is provided.
src/components/KpiCard.tsx(78,15): error TS17004: Cannot use JSX unless the '--jsx' flag is provided.
src/components/KpiCard.tsx(79,17): error TS17004: Cannot use JSX unless the '--jsx' flag is provided.
src/components/KpiCard.tsx(80,17): error TS17004: Cannot use JSX unless the '--jsx' flag is provided.
src/components/KpiCard.tsx(84,11): error TS17004: Cannot use JSX unless the '--jsx' flag is provided.
src/components/KpiCard.tsx(85,13): error TS17004: Cannot use JSX unless the '--jsx' flag is provided.
src/components/KpiCard.tsx(86,15): error TS17004: Cannot use JSX unless the '--jsx' flag is provided.
src/components/KpiCard.tsx(87,15): error TS17004: Cannot use JSX unless the '--jsx' flag is provided.
src/components/KpiCard.tsx(89,13): error TS17004: Cannot use JSX unless the '--jsx' flag is provided.
src/components/KpiCard.tsx(90,15): error TS17004: Cannot use JSX unless the '--jsx' flag is provided.
src/components/KpiCard.tsx(91,15): error TS17004: Cannot use JSX unless the '--jsx' flag is provided.
src/components/LanguageSwitcher.tsx(26,13): error TS17004: Cannot use JSX unless the '--jsx' flag is provided.
src/components/LanguageSwitcher.tsx(28,21): error TS17004: Cannot use JSX unless the '--jsx' flag is provided.
src/components/LanguageSwitcher.tsx(45,9): error TS17004: Cannot use JSX unless the '--jsx' flag is provided.
src/components/LanguageSwitcher.tsx(46,13): error TS17004: Cannot use JSX unless the '--jsx' flag is provided.
src/components/LanguageSwitcher.tsx(47,13): error TS17004: Cannot use JSX unless the '--jsx' flag is provided.
src/components/LanguageSwitcher.tsx(49,21): error TS17004: Cannot use JSX unless the '--jsx' flag is provided.
src/components/MobileBottomNav.tsx(2,21): error TS6142: Module './AppIcon' was resolved to 'C:/Users/bheda/Music/Desktop/ExporTrack-AI/src/components/AppIcon.tsx', but '--jsx' is not set.
src/components/MobileBottomNav.tsx(21,5): error TS17004: Cannot use JSX unless the '--jsx' flag is provided.
src/components/MobileBottomNav.tsx(23,9): error TS17004: Cannot use JSX unless the '--jsx' flag is provided.
src/components/MobileBottomNav.tsx(36,11): error TS17004: Cannot use JSX unless the '--jsx' flag is provided.
src/components/MobileBottomNav.tsx(37,13): error TS17004: Cannot use JSX unless the '--jsx' flag is provided.
src/components/MobileBottomNav.tsx(44,13): error TS17004: Cannot use JSX unless the '--jsx' flag is provided.
src/components/MobileFAB.tsx(2,21): error TS6142: Module './AppIcon' was resolved to 'C:/Users/bheda/Music/Desktop/ExporTrack-AI/src/components/AppIcon.tsx', but '--jsx' is not set.
src/components/MobileFAB.tsx(10,5): error TS17004: Cannot use JSX unless the '--jsx' flag is provided.
src/components/MobileFAB.tsx(17,7): error TS17004: Cannot use JSX unless the '--jsx' flag is provided.
src/components/MobileFAB.tsx(18,7): error TS17004: Cannot use JSX unless the '--jsx' flag is provided.
src/components/MobileSidebar.tsx(2,21): error TS6142: Module './AppIcon' was resolved to 'C:/Users/bheda/Music/Desktop/ExporTrack-AI/src/components/AppIcon.tsx', but '--jsx' is not set.
src/components/MobileSidebar.tsx(60,5): error TS17004: Cannot use JSX unless the '--jsx' flag is provided.
src/components/MobileSidebar.tsx(62,7): error TS17004: Cannot use JSX unless the '--jsx' flag is provided.
src/components/MobileSidebar.tsx(69,7): error TS17004: Cannot use JSX unless the '--jsx' flag is provided.
src/components/MobileSidebar.tsx(74,9): error TS17004: Cannot use JSX unless the '--jsx' flag is provided.
src/components/MobileSidebar.tsx(75,11): error TS17004: Cannot use JSX unless the '--jsx' flag is provided.
src/components/MobileSidebar.tsx(76,13): error TS17004: Cannot use JSX unless the '--jsx' flag is provided.
src/components/MobileSidebar.tsx(77,15): error TS17004: Cannot use JSX unless the '--jsx' flag is provided.
src/components/MobileSidebar.tsx(79,13): error TS17004: Cannot use JSX unless the '--jsx' flag is provided.
src/components/MobileSidebar.tsx(80,15): error TS17004: Cannot use JSX unless the '--jsx' flag is provided.
src/components/MobileSidebar.tsx(81,27): error TS17004: Cannot use JSX unless the '--jsx' flag is provided.
src/components/MobileSidebar.tsx(83,15): error TS17004: Cannot use JSX unless the '--jsx' flag is provided.
src/components/MobileSidebar.tsx(86,11): error TS17004: Cannot use JSX unless the '--jsx' flag is provided.
src/components/MobileSidebar.tsx(90,13): error TS17004: Cannot use JSX unless the '--jsx' flag is provided.
src/components/MobileSidebar.tsx(95,9): error TS17004: Cannot use JSX unless the '--jsx' flag is provided.
src/components/MobileSidebar.tsx(99,15): error TS17004: Cannot use JSX unless the '--jsx' flag is provided.
src/components/MobileSidebar.tsx(111,19): error TS17004: Cannot use JSX unless the '--jsx' flag is provided.
src/components/MobileSidebar.tsx(115,19): error TS17004: Cannot use JSX unless the '--jsx' flag is provided.
src/components/MobileSidebar.tsx(117,17): error TS17004: Cannot use JSX unless the '--jsx' flag is provided.
src/components/MobileSidebar.tsx(118,19): error TS17004: Cannot use JSX unless the '--jsx' flag is provided.
src/components/MobileSidebar.tsx(125,19): error TS17004: Cannot use JSX unless the '--jsx' flag is provided.
src/components/MobileSidebar.tsx(129,19): error TS17004: Cannot use JSX unless the '--jsx' flag is provided.
src/components/MobileSidebar.tsx(130,21): error TS17004: Cannot use JSX unless the '--jsx' flag is provided.
src/components/MobileSidebar.tsx(131,23): error TS17004: Cannot use JSX unless the '--jsx' flag is provided.
src/components/MobileSidebar.tsx(141,9): error TS17004: Cannot use JSX unless the '--jsx' flag is provided.
src/components/MobileSidebar.tsx(142,11): error TS17004: Cannot use JSX unless the '--jsx' flag is provided.
src/components/Modal.tsx(2,21): error TS6142: Module './AppIcon' was resolved to 'C:/Users/bheda/Music/Desktop/ExporTrack-AI/src/components/AppIcon.tsx', but '--jsx' is not set.
src/components/Modal.tsx(33,5): error TS17004: Cannot use JSX unless the '--jsx' flag is provided.
src/components/Modal.tsx(34,7): error TS17004: Cannot use JSX unless the '--jsx' flag is provided.
src/components/Modal.tsx(38,7): error TS17004: Cannot use JSX unless the '--jsx' flag is provided.
src/components/Modal.tsx(42,9): error TS17004: Cannot use JSX unless the '--jsx' flag is provided.
src/components/Modal.tsx(43,11): error TS17004: Cannot use JSX unless the '--jsx' flag is provided.
src/components/Modal.tsx(44,11): error TS17004: Cannot use JSX unless the '--jsx' flag is provided.
src/components/Modal.tsx(48,13): error TS17004: Cannot use JSX unless the '--jsx' flag is provided.
src/components/Modal.tsx(51,9): error TS17004: Cannot use JSX unless the '--jsx' flag is provided.
src/components/NotificationPanel.tsx(4,31): error TS6142: Module '../context/AppContext' was resolved to 'C:/Users/bheda/Music/Desktop/ExporTrack-AI/src/context/AppContext.tsx', but '--jsx' is not set.
src/components/NotificationPanel.tsx(5,21): error TS6142: Module './AppIcon' was resolved to 'C:/Users/bheda/Music/Desktop/ExporTrack-AI/src/components/AppIcon.tsx', but '--jsx' is not set.
src/components/NotificationPanel.tsx(52,9): error TS17004: Cannot use JSX unless the '--jsx' flag is provided.
src/components/NotificationPanel.tsx(56,13): error TS17004: Cannot use JSX unless the '--jsx' flag is provided.
src/components/NotificationPanel.tsx(58,17): error TS17004: Cannot use JSX unless the '--jsx' flag is provided.
src/components/NotificationPanel.tsx(59,21): error TS17004: Cannot use JSX unless the '--jsx' flag is provided.
src/components/NotificationPanel.tsx(60,25): error TS17004: Cannot use JSX unless the '--jsx' flag is provided.
src/components/NotificationPanel.tsx(61,29): error TS17004: Cannot use JSX unless the '--jsx' flag is provided.
src/components/NotificationPanel.tsx(65,33): error TS17004: Cannot use JSX unless the '--jsx' flag is provided.
src/components/NotificationPanel.tsx(71,25): error TS17004: Cannot use JSX unless the '--jsx' flag is provided.
src/components/NotificationPanel.tsx(75,29): error TS17004: Cannot use JSX unless the '--jsx' flag is provided.
src/components/NotificationPanel.tsx(82,17): error TS17004: Cannot use JSX unless the '--jsx' flag is provided.
src/components/NotificationPanel.tsx(84,25): error TS17004: Cannot use JSX unless the '--jsx' flag is provided.
src/components/NotificationPanel.tsx(91,37): error TS17004: Cannot use JSX unless the '--jsx' flag is provided.
src/components/NotificationPanel.tsx(98,41): error TS17004: Cannot use JSX unless the '--jsx' flag is provided.
src/components/NotificationPanel.tsx(100,45): error TS17004: Cannot use JSX unless the '--jsx' flag is provided.
src/components/NotificationPanel.tsx(101,49): error TS17004: Cannot use JSX unless the '--jsx' flag is provided.
src/components/NotificationPanel.tsx(123,45): error TS17004: Cannot use JSX unless the '--jsx' flag is provided.
src/components/NotificationPanel.tsx(124,49): error TS17004: Cannot use JSX unless the '--jsx' flag is provided.
src/components/NotificationPanel.tsx(125,53): error TS17004: Cannot use JSX unless the '--jsx' flag is provided.
src/components/NotificationPanel.tsx(129,57): error TS17004: Cannot use JSX unless the '--jsx' flag is provided.
src/components/NotificationPanel.tsx(133,49): error TS17004: Cannot use JSX unless the '--jsx' flag is provided.
src/components/NotificationPanel.tsx(137,49): error TS17004: Cannot use JSX unless the '--jsx' flag is provided.
src/components/NotificationPanel.tsx(138,53): error TS17004: Cannot use JSX unless the '--jsx' flag is provided.
src/components/NotificationPanel.tsx(141,53): error TS17004: Cannot use JSX unless the '--jsx' flag is provided.
src/components/NotificationPanel.tsx(146,49): error TS17004: Cannot use JSX unless the '--jsx' flag is provided.
src/components/NotificationPanel.tsx(147,53): error TS17004: Cannot use JSX unless the '--jsx' flag is provided.
src/components/NotificationPanel.tsx(157,57): error TS17004: Cannot use JSX unless the '--jsx' flag is provided.
src/components/NotificationPanel.tsx(173,25): error TS17004: Cannot use JSX unless the '--jsx' flag is provided.
src/components/NotificationPanel.tsx(174,29): error TS17004: Cannot use JSX unless the '--jsx' flag is provided.
src/components/NotificationPanel.tsx(175,33): error TS17004: Cannot use JSX unless the '--jsx' flag is provided.
src/components/NotificationPanel.tsx(177,29): error TS17004: Cannot use JSX unless the '--jsx' flag is provided.
src/components/NotificationPanel.tsx(180,29): error TS17004: Cannot use JSX unless the '--jsx' flag is provided.
src/components/NotificationPanel.tsx(189,21): error TS17004: Cannot use JSX unless the '--jsx' flag is provided.
src/components/NotificationPanel.tsx(190,25): error TS17004: Cannot use JSX unless the '--jsx' flag is provided.
src/components/NotificationPanel.tsx(196,29): error TS17004: Cannot use JSX unless the '--jsx' flag is provided.
src/components/NotificationPermissionBanner.tsx(38,5): error TS17004: Cannot use JSX unless the '--jsx' flag is provided.
src/components/NotificationPermissionBanner.tsx(39,7): error TS17004: Cannot use JSX unless the '--jsx' flag is provided.
src/components/NotificationPermissionBanner.tsx(40,9): error TS17004: Cannot use JSX unless the '--jsx' flag is provided.
src/components/NotificationPermissionBanner.tsx(42,11): error TS17004: Cannot use JSX unless the '--jsx' flag is provided.
src/components/NotificationPermissionBanner.tsx(43,13): error TS17004: Cannot use JSX unless the '--jsx' flag is provided.
src/components/NotificationPermissionBanner.tsx(44,15): error TS17004: Cannot use JSX unless the '--jsx' flag is provided.
src/components/NotificationPermissionBanner.tsx(48,11): error TS17004: Cannot use JSX unless the '--jsx' flag is provided.
src/components/NotificationPermissionBanner.tsx(49,13): error TS17004: Cannot use JSX unless the '--jsx' flag is provided.
src/components/NotificationPermissionBanner.tsx(50,13): error TS17004: Cannot use JSX unless the '--jsx' flag is provided.
src/components/NotificationPermissionBanner.tsx(54,13): error TS17004: Cannot use JSX unless the '--jsx' flag is provided.
src/components/NotificationPermissionBanner.tsx(55,15): error TS17004: Cannot use JSX unless the '--jsx' flag is provided.
src/components/NotificationPermissionBanner.tsx(61,15): error TS17004: Cannot use JSX unless the '--jsx' flag is provided.
src/components/NotificationPermissionBanner.tsx(71,11): error TS17004: Cannot use JSX unless the '--jsx' flag is provided.
src/components/NotificationPermissionBanner.tsx(72,13): error TS17004: Cannot use JSX unless the '--jsx' flag is provided.
src/components/NotificationPermissionBanner.tsx(73,15): error TS17004: Cannot use JSX unless the '--jsx' flag is provided.
src/components/OfflineFallback.tsx(28,5): error TS17004: Cannot use JSX unless the '--jsx' flag is provided.
src/components/OfflineFallback.tsx(30,7): error TS17004: Cannot use JSX unless the '--jsx' flag is provided.
src/components/OfflineFallback.tsx(31,9): error TS17004: Cannot use JSX unless the '--jsx' flag is provided.
src/components/OfflineFallback.tsx(32,11): error TS17004: Cannot use JSX unless the '--jsx' flag is provided.
src/components/OfflineFallback.tsx(36,7): error TS17004: Cannot use JSX unless the '--jsx' flag is provided.
src/components/OfflineFallback.tsx(39,7): error TS17004: Cannot use JSX unless the '--jsx' flag is provided.
src/components/OfflineFallback.tsx(43,7): error TS17004: Cannot use JSX unless the '--jsx' flag is provided.
src/components/OfflineFallback.tsx(49,11): error TS17004: Cannot use JSX unless the '--jsx' flag is provided.
src/components/OfflineFallback.tsx(50,13): error TS17004: Cannot use JSX unless the '--jsx' flag is provided.
src/components/OfflineFallback.tsx(51,15): error TS17004: Cannot use JSX unless the '--jsx' flag is provided.
src/components/OfflineFallback.tsx(52,15): error TS17004: Cannot use JSX unless the '--jsx' flag is provided.
src/components/OfflineFallback.tsx(57,11): error TS17004: Cannot use JSX unless the '--jsx' flag is provided.
src/components/OfflineFallback.tsx(58,13): error TS17004: Cannot use JSX unless the '--jsx' flag is provided.
src/components/OfflineFallback.tsx(59,15): error TS17004: Cannot use JSX unless the '--jsx' flag is provided.
src/components/OfflineFallback.tsx(66,7): error TS17004: Cannot use JSX unless the '--jsx' flag is provided.
src/components/PageHeader.tsx(11,5): error TS17004: Cannot use JSX unless the '--jsx' flag is provided.
src/components/PageHeader.tsx(12,7): error TS17004: Cannot use JSX unless the '--jsx' flag is provided.
src/components/PageHeader.tsx(13,9): error TS17004: Cannot use JSX unless the '--jsx' flag is provided.
src/components/PageHeader.tsx(14,9): error TS17004: Cannot use JSX unless the '--jsx' flag is provided.
src/components/PageHeader.tsx(16,17): error TS17004: Cannot use JSX unless the '--jsx' flag is provided.
src/components/PWAUpdateBanner.tsx(27,5): error TS17004: Cannot use JSX unless the '--jsx' flag is provided.
src/components/PWAUpdateBanner.tsx(31,7): error TS17004: Cannot use JSX unless the '--jsx' flag is provided.
src/components/PWAUpdateBanner.tsx(33,9): error TS17004: Cannot use JSX unless the '--jsx' flag is provided.
src/components/PWAUpdateBanner.tsx(34,11): error TS17004: Cannot use JSX unless the '--jsx' flag is provided.
src/components/PWAUpdateBanner.tsx(35,11): error TS17004: Cannot use JSX unless the '--jsx' flag is provided.
src/components/PWAUpdateBanner.tsx(38,9): error TS17004: Cannot use JSX unless the '--jsx' flag is provided.
src/components/PWAUpdateBanner.tsx(42,9): error TS17004: Cannot use JSX unless the '--jsx' flag is provided.
src/components/PWAUpdateBanner.tsx(43,11): error TS17004: Cannot use JSX unless the '--jsx' flag is provided.
src/components/PWAUpdateBanner.tsx(49,11): error TS17004: Cannot use JSX unless the '--jsx' flag is provided.
src/components/RoleBadge.tsx(1,21): error TS6142: Module './AppIcon' was resolved to 'C:/Users/bheda/Music/Desktop/ExporTrack-AI/src/components/AppIcon.tsx', but '--jsx' is not set.
src/components/RoleBadge.tsx(51,9): error TS17004: Cannot use JSX unless the '--jsx' flag is provided.
src/components/RoleBadge.tsx(59,17): error TS17004: Cannot use JSX unless the '--jsx' flag is provided.
src/components/ShipmentAnalytics.tsx(2,21): error TS6142: Module './AppIcon' was resolved to 'C:/Users/bheda/Music/Desktop/ExporTrack-AI/src/components/AppIcon.tsx', but '--jsx' is not set.
src/components/ShipmentAnalytics.tsx(41,9): error TS17004: Cannot use JSX unless the '--jsx' flag is provided.
src/components/ShipmentAnalytics.tsx(43,13): error TS17004: Cannot use JSX unless the '--jsx' flag is provided.
src/components/ShipmentAnalytics.tsx(50,21): error TS17004: Cannot use JSX unless the '--jsx' flag is provided.
src/components/ShipmentAnalytics.tsx(55,25): error TS17004: Cannot use JSX unless the '--jsx' flag is provided.
src/components/ShipmentAnalytics.tsx(56,29): error TS17004: Cannot use JSX unless the '--jsx' flag is provided.
src/components/ShipmentAnalytics.tsx(58,25): error TS17004: Cannot use JSX unless the '--jsx' flag is provided.
src/components/ShipmentAnalytics.tsx(59,29): error TS17004: Cannot use JSX unless the '--jsx' flag is provided.
src/components/ShipmentAnalytics.tsx(60,29): error TS17004: Cannot use JSX unless the '--jsx' flag is provided.
src/components/ShipmentAnalytics.tsx(66,13): error TS17004: Cannot use JSX unless the '--jsx' flag is provided.
src/components/ShipmentAnalytics.tsx(68,17): error TS17004: Cannot use JSX unless the '--jsx' flag is provided.
src/components/ShipmentAnalytics.tsx(69,21): error TS17004: Cannot use JSX unless the '--jsx' flag is provided.
src/components/ShipmentAnalytics.tsx(70,21): error TS17004: Cannot use JSX unless the '--jsx' flag is provided.
src/components/ShipmentAnalytics.tsx(71,25): error TS17004: Cannot use JSX unless the '--jsx' flag is provided.
src/components/ShipmentAnalytics.tsx(72,29): error TS17004: Cannot use JSX unless the '--jsx' flag is provided.
src/components/ShipmentAnalytics.tsx(73,29): error TS17004: Cannot use JSX unless the '--jsx' flag is provided.
src/components/ShipmentAnalytics.tsx(75,25): error TS17004: Cannot use JSX unless the '--jsx' flag is provided.
src/components/ShipmentAnalytics.tsx(76,29): error TS17004: Cannot use JSX unless the '--jsx' flag is provided.
src/components/ShipmentAnalytics.tsx(77,33): error TS17004: Cannot use JSX unless the '--jsx' flag is provided.
src/components/ShipmentAnalytics.tsx(82,21): error TS17004: Cannot use JSX unless the '--jsx' flag is provided.
src/components/ShipmentAnalytics.tsx(84,25): error TS17004: Cannot use JSX unless the '--jsx' flag is provided.
src/components/ShipmentAnalytics.tsx(85,29): error TS17004: Cannot use JSX unless the '--jsx' flag is provided.
src/components/ShipmentAnalytics.tsx(86,33): error TS17004: Cannot use JSX unless the '--jsx' flag is provided.
src/components/ShipmentAnalytics.tsx(87,37): error TS17004: Cannot use JSX unless the '--jsx' flag is provided.
src/components/ShipmentAnalytics.tsx(88,37): error TS17004: Cannot use JSX unless the '--jsx' flag is provided.
src/components/ShipmentAnalytics.tsx(91,29): error TS17004: Cannot use JSX unless the '--jsx' flag is provided.
src/components/ShipmentAnalytics.tsx(96,29): error TS17004: Cannot use JSX unless the '--jsx' flag is provided.
src/components/ShipmentAnalytics.tsx(109,29): error TS17004: Cannot use JSX unless the '--jsx' flag is provided.
src/components/ShipmentAnalytics.tsx(110,33): error TS17004: Cannot use JSX unless the '--jsx' flag is provided.
src/components/ShipmentAnalytics.tsx(111,33): error TS17004: Cannot use JSX unless the '--jsx' flag is provided.
src/components/ShipmentAnalytics.tsx(115,33): error TS17004: Cannot use JSX unless the '--jsx' flag is provided.
src/components/ShipmentAnalytics.tsx(122,17): error TS17004: Cannot use JSX unless the '--jsx' flag is provided.
src/components/ShipmentAnalytics.tsx(123,21): error TS17004: Cannot use JSX unless the '--jsx' flag is provided.
src/components/ShipmentAnalytics.tsx(124,21): error TS17004: Cannot use JSX unless the '--jsx' flag is provided.
src/components/ShipmentAnalytics.tsx(125,21): error TS17004: Cannot use JSX unless the '--jsx' flag is provided.
src/components/ShipmentAnalytics.tsx(127,29): error TS17004: Cannot use JSX unless the '--jsx' flag is provided.
src/components/ShipmentAnalytics.tsx(128,33): error TS17004: Cannot use JSX unless the '--jsx' flag is provided.
src/components/ShipmentAnalytics.tsx(129,37): error TS17004: Cannot use JSX unless the '--jsx' flag is provided.
src/components/ShipmentAnalytics.tsx(130,37): error TS17004: Cannot use JSX unless the '--jsx' flag is provided.
src/components/ShipmentAnalytics.tsx(132,33): error TS17004: Cannot use JSX unless the '--jsx' flag is provided.
src/components/ShipmentAnalytics.tsx(133,37): error TS17004: Cannot use JSX unless the '--jsx' flag is provided.
src/components/ShipmentAnalytics.tsx(144,17): error TS17004: Cannot use JSX unless the '--jsx' flag is provided.
src/components/ShipmentAnalytics.tsx(145,21): error TS17004: Cannot use JSX unless the '--jsx' flag is provided.
src/components/ShipmentAnalytics.tsx(146,25): error TS17004: Cannot use JSX unless the '--jsx' flag is provided.
src/components/ShipmentAnalytics.tsx(147,29): error TS17004: Cannot use JSX unless the '--jsx' flag is provided.
src/components/ShipmentAnalytics.tsx(148,29): error TS17004: Cannot use JSX unless the '--jsx' flag is provided.
src/components/ShipmentAnalytics.tsx(150,25): error TS17004: Cannot use JSX unless the '--jsx' flag is provided.
src/components/ShipmentAnalytics.tsx(151,29): error TS17004: Cannot use JSX unless the '--jsx' flag is provided.
src/components/ShipmentAnalytics.tsx(154,21): error TS17004: Cannot use JSX unless the '--jsx' flag is provided.
src/components/ShipmentAnalytics.tsx(156,29): error TS17004: Cannot use JSX unless the '--jsx' flag is provided.
src/components/ShipmentAnalytics.tsx(161,33): error TS17004: Cannot use JSX unless the '--jsx' flag is provided.
src/components/ShipmentAnalytics.tsx(162,37): error TS17004: Cannot use JSX unless the '--jsx' flag is provided.
src/components/ShipmentAnalytics.tsx(163,37): error TS17004: Cannot use JSX unless the '--jsx' flag is provided.
src/components/ShipmentAnalytics.tsx(164,41): error TS17004: Cannot use JSX unless the '--jsx' flag is provided.
src/components/ShipmentAnalytics.tsx(165,41): error TS17004: Cannot use JSX unless the '--jsx' flag is provided.
src/components/ShipmentAnalytics.tsx(168,33): error TS17004: Cannot use JSX unless the '--jsx' flag is provided.
src/components/ShipmentAnalytics.tsx(169,37): error TS17004: Cannot use JSX unless the '--jsx' flag is provided.
src/components/ShipmentAnalytics.tsx(170,41): error TS17004: Cannot use JSX unless the '--jsx' flag is provided.
src/components/ShipmentAnalytics.tsx(171,41): error TS17004: Cannot use JSX unless the '--jsx' flag is provided.
src/components/ShipmentAnalytics.tsx(173,37): error TS17004: Cannot use JSX unless the '--jsx' flag is provided.
src/components/ShipmentAnalytics.tsx(174,41): error TS17004: Cannot use JSX unless the '--jsx' flag is provided.
src/components/ShipmentProgressBar.tsx(1,21): error TS6142: Module './AppIcon' was resolved to 'C:/Users/bheda/Music/Desktop/ExporTrack-AI/src/components/AppIcon.tsx', but '--jsx' is not set.
src/components/ShipmentProgressBar.tsx(39,9): error TS17004: Cannot use JSX unless the '--jsx' flag is provided.
src/components/ShipmentProgressBar.tsx(41,13): error TS17004: Cannot use JSX unless the '--jsx' flag is provided.
src/components/ShipmentProgressBar.tsx(43,17): error TS17004: Cannot use JSX unless the '--jsx' flag is provided.
src/components/ShipmentProgressBar.tsx(46,17): error TS17004: Cannot use JSX unless the '--jsx' flag is provided.
src/components/ShipmentProgressBar.tsx(52,17): error TS17004: Cannot use JSX unless the '--jsx' flag is provided.
src/components/ShipmentProgressBar.tsx(64,29): error TS17004: Cannot use JSX unless the '--jsx' flag is provided.
src/components/ShipmentProgressBar.tsx(66,33): error TS17004: Cannot use JSX unless the '--jsx' flag is provided.
src/components/ShipmentProgressBar.tsx(73,37): error TS17004: Cannot use JSX unless the '--jsx' flag is provided.
src/components/ShipmentProgressBar.tsx(82,37): error TS17004: Cannot use JSX unless the '--jsx' flag is provided.
src/components/ShipmentProgressBar.tsx(83,41): error TS17004: Cannot use JSX unless the '--jsx' flag is provided.
src/components/ShipmentProgressBar.tsx(99,17): error TS17004: Cannot use JSX unless the '--jsx' flag is provided.
src/components/ShipmentProgressBar.tsx(100,21): error TS17004: Cannot use JSX unless the '--jsx' flag is provided.
src/components/ShipmentRiskAlert.tsx(2,21): error TS6142: Module './AppIcon' was resolved to 'C:/Users/bheda/Music/Desktop/ExporTrack-AI/src/components/AppIcon.tsx', but '--jsx' is not set.
src/components/ShipmentRiskAlert.tsx(27,5): error TS17004: Cannot use JSX unless the '--jsx' flag is provided.
src/components/ShipmentRiskAlert.tsx(28,7): error TS17004: Cannot use JSX unless the '--jsx' flag is provided.
src/components/ShipmentRiskAlert.tsx(29,9): error TS17004: Cannot use JSX unless the '--jsx' flag is provided.
src/components/ShipmentRiskAlert.tsx(30,11): error TS17004: Cannot use JSX unless the '--jsx' flag is provided.
src/components/ShipmentRiskAlert.tsx(32,9): error TS17004: Cannot use JSX unless the '--jsx' flag is provided.
src/components/ShipmentRiskAlert.tsx(33,11): error TS17004: Cannot use JSX unless the '--jsx' flag is provided.
src/components/ShipmentRiskAlert.tsx(34,13): error TS17004: Cannot use JSX unless the '--jsx' flag is provided.
src/components/ShipmentRiskAlert.tsx(35,13): error TS17004: Cannot use JSX unless the '--jsx' flag is provided.
src/components/ShipmentRiskAlert.tsx(37,11): error TS17004: Cannot use JSX unless the '--jsx' flag is provided.
src/components/ShipmentRiskAlert.tsx(40,11): error TS17004: Cannot use JSX unless the '--jsx' flag is provided.
src/components/ShipmentRiskAlert.tsx(41,14): error TS17004: Cannot use JSX unless the '--jsx' flag is provided.
src/components/ShipmentRiskAlert.tsx(42,17): error TS17004: Cannot use JSX unless the '--jsx' flag is provided.
src/components/ShipmentRiskAlert.tsx(43,17): error TS17004: Cannot use JSX unless the '--jsx' flag is provided.
src/components/ShipmentRiskAlert.tsx(45,14): error TS17004: Cannot use JSX unless the '--jsx' flag is provided.
src/components/ShipmentRiskAlert.tsx(46,14): error TS17004: Cannot use JSX unless the '--jsx' flag is provided.
src/components/ShipmentTimeline.tsx(1,21): error TS6142: Module './AppIcon' was resolved to 'C:/Users/bheda/Music/Desktop/ExporTrack-AI/src/components/AppIcon.tsx', but '--jsx' is not set.
src/components/ShipmentTimeline.tsx(45,9): error TS17004: Cannot use JSX unless the '--jsx' flag is provided.
src/components/ShipmentTimeline.tsx(46,13): error TS17004: Cannot use JSX unless the '--jsx' flag is provided.
src/components/ShipmentTimeline.tsx(48,13): error TS17004: Cannot use JSX unless the '--jsx' flag is provided.
src/components/ShipmentTimeline.tsx(49,17): error TS17004: Cannot use JSX unless the '--jsx' flag is provided.
src/components/ShipmentTimeline.tsx(50,21): error TS17004: Cannot use JSX unless the '--jsx' flag is provided.
src/components/ShipmentTimeline.tsx(51,25): error TS17004: Cannot use JSX unless the '--jsx' flag is provided.
src/components/ShipmentTimeline.tsx(53,21): error TS17004: Cannot use JSX unless the '--jsx' flag is provided.
src/components/ShipmentTimeline.tsx(54,25): error TS17004: Cannot use JSX unless the '--jsx' flag is provided.
src/components/ShipmentTimeline.tsx(55,25): error TS17004: Cannot use JSX unless the '--jsx' flag is provided.
src/components/ShipmentTimeline.tsx(59,17): error TS17004: Cannot use JSX unless the '--jsx' flag is provided.
src/components/ShipmentTimeline.tsx(73,33): error TS17004: Cannot use JSX unless the '--jsx' flag is provided.
src/components/ShipmentTimeline.tsx(75,37): error TS17004: Cannot use JSX unless the '--jsx' flag is provided.
src/components/ShipmentTimeline.tsx(76,41): error TS17004: Cannot use JSX unless the '--jsx' flag is provided.
src/components/ShipmentTimeline.tsx(77,45): error TS17004: Cannot use JSX unless the '--jsx' flag is provided.
src/components/ShipmentTimeline.tsx(80,45): error TS17004: Cannot use JSX unless the '--jsx' flag is provided.
src/components/ShipmentTimeline.tsx(85,37): error TS17004: Cannot use JSX unless the '--jsx' flag is provided.
src/components/ShipmentTimeline.tsx(86,41): error TS17004: Cannot use JSX unless the '--jsx' flag is provided.
src/components/ShipmentTimeline.tsx(87,45): error TS17004: Cannot use JSX unless the '--jsx' flag is provided.
src/components/ShipmentTimeline.tsx(88,49): error TS17004: Cannot use JSX unless the '--jsx' flag is provided.
src/components/ShipmentTimeline.tsx(91,49): error TS17004: Cannot use JSX unless the '--jsx' flag is provided.
src/components/ShipmentTimeline.tsx(96,49): error TS17004: Cannot use JSX unless the '--jsx' flag is provided.
src/components/ShipmentTimeline.tsx(106,25): error TS17004: Cannot use JSX unless the '--jsx' flag is provided.
src/components/ShipmentTimeline.tsx(107,29): error TS17004: Cannot use JSX unless the '--jsx' flag is provided.
src/components/ShipmentTimeline.tsx(108,33): error TS17004: Cannot use JSX unless the '--jsx' flag is provided.
src/components/ShipmentTimeline.tsx(110,29): error TS17004: Cannot use JSX unless the '--jsx' flag is provided.
src/components/ShipmentTimeline.tsx(111,29): error TS17004: Cannot use JSX unless the '--jsx' flag is provided.
src/components/ShowForPermission.tsx(33,32): error TS17004: Cannot use JSX unless the '--jsx' flag is provided.
src/components/ShowForPermission.tsx(33,50): error TS17004: Cannot use JSX unless the '--jsx' flag is provided.
src/components/ShowForPermission.tsx(40,36): error TS17004: Cannot use JSX unless the '--jsx' flag is provided.
src/components/ShowForPermission.tsx(40,54): error TS17004: Cannot use JSX unless the '--jsx' flag is provided.
src/components/ShowForPermission.tsx(44,35): error TS17004: Cannot use JSX unless the '--jsx' flag is provided.
src/components/ShowForPermission.tsx(44,53): error TS17004: Cannot use JSX unless the '--jsx' flag is provided.
src/components/ShowForPermission.tsx(57,12): error TS17004: Cannot use JSX unless the '--jsx' flag is provided.
src/components/ShowForPermission.tsx(68,12): error TS17004: Cannot use JSX unless the '--jsx' flag is provided.
src/components/SkeletonLoader.tsx(20,5): error TS17004: Cannot use JSX unless the '--jsx' flag is provided.
src/components/SkeletonLoader.tsx(25,13): error TS17004: Cannot use JSX unless the '--jsx' flag is provided.
src/components/SkeletonLoader.tsx(37,5): error TS17004: Cannot use JSX unless the '--jsx' flag is provided.
src/components/SkeletonLoader.tsx(41,5): error TS17004: Cannot use JSX unless the '--jsx' flag is provided.
src/components/SkeletonLoader.tsx(43,13): error TS17004: Cannot use JSX unless the '--jsx' flag is provided.
src/components/SkeletonLoader.tsx(53,5): error TS17004: Cannot use JSX unless the '--jsx' flag is provided.
src/components/SkeletonLoader.tsx(67,9): error TS17004: Cannot use JSX unless the '--jsx' flag is provided.
src/components/SkeletonLoader.tsx(69,17): error TS17004: Cannot use JSX unless the '--jsx' flag is provided.
src/components/SkeletonLoader.tsx(70,21): error TS17004: Cannot use JSX unless the '--jsx' flag is provided.
src/components/SkeletonLoader.tsx(71,21): error TS17004: Cannot use JSX unless the '--jsx' flag is provided.
src/components/SkeletonLoader.tsx(72,25): error TS17004: Cannot use JSX unless the '--jsx' flag is provided.
src/components/SkeletonLoader.tsx(73,25): error TS17004: Cannot use JSX unless the '--jsx' flag is provided.
src/components/SkeletonLoader.tsx(83,9): error TS17004: Cannot use JSX unless the '--jsx' flag is provided.
src/components/SkeletonLoader.tsx(84,13): error TS17004: Cannot use JSX unless the '--jsx' flag is provided.
src/components/SkeletonLoader.tsx(85,13): error TS17004: Cannot use JSX unless the '--jsx' flag is provided.
src/components/SkeletonLoader.tsx(86,17): error TS17004: Cannot use JSX unless the '--jsx' flag is provided.
src/components/SkeletonLoader.tsx(87,21): error TS17004: Cannot use JSX unless the '--jsx' flag is provided.
src/components/SkeletonLoader.tsx(88,21): error TS17004: Cannot use JSX unless the '--jsx' flag is provided.
src/components/SkeletonLoader.tsx(90,17): error TS17004: Cannot use JSX unless the '--jsx' flag is provided.
src/components/SkeletonLoader.tsx(91,17): error TS17004: Cannot use JSX unless the '--jsx' flag is provided.
src/components/SkeletonLoader.tsx(99,9): error TS17004: Cannot use JSX unless the '--jsx' flag is provided.
src/components/SkeletonLoader.tsx(100,14): error TS17004: Cannot use JSX unless the '--jsx' flag is provided.
src/components/SkeletonLoader.tsx(102,21): error TS17004: Cannot use JSX unless the '--jsx' flag is provided.
src/components/SkeletonLoader.tsx(106,25): error TS17004: Cannot use JSX unless the '--jsx' flag is provided.
src/components/SkeletonLoader.tsx(107,25): error TS17004: Cannot use JSX unless the '--jsx' flag is provided.
src/components/SkeletonLoader.tsx(108,29): error TS17004: Cannot use JSX unless the '--jsx' flag is provided.
src/components/SkeletonLoader.tsx(109,29): error TS17004: Cannot use JSX unless the '--jsx' flag is provided.
src/components/SkeletonLoader.tsx(111,25): error TS17004: Cannot use JSX unless the '--jsx' flag is provided.
src/components/SkeletonLoader.tsx(120,12): error TS17004: Cannot use JSX unless the '--jsx' flag is provided.
src/components/SkeletonLoader.tsx(125,9): error TS17004: Cannot use JSX unless the '--jsx' flag is provided.
src/components/SkeletonLoader.tsx(126,13): error TS17004: Cannot use JSX unless the '--jsx' flag is provided.
src/components/SkeletonLoader.tsx(127,13): error TS17004: Cannot use JSX unless the '--jsx' flag is provided.
src/components/SkeletonLoader.tsx(129,21): error TS17004: Cannot use JSX unless the '--jsx' flag is provided.
src/components/SkeletonLoader.tsx(136,13): error TS17004: Cannot use JSX unless the '--jsx' flag is provided.
src/components/SkeletonLoader.tsx(138,21): error TS17004: Cannot use JSX unless the '--jsx' flag is provided.
src/components/SkeletonLoader.tsx(147,9): error TS17004: Cannot use JSX unless the '--jsx' flag is provided.
src/components/SkeletonLoader.tsx(148,13): error TS17004: Cannot use JSX unless the '--jsx' flag is provided.
src/components/SkeletonLoader.tsx(149,13): error TS17004: Cannot use JSX unless the '--jsx' flag is provided.
src/components/SkeletonLoader.tsx(150,17): error TS17004: Cannot use JSX unless the '--jsx' flag is provided.
src/components/SkeletonLoader.tsx(151,17): error TS17004: Cannot use JSX unless the '--jsx' flag is provided.
src/components/SkeletonLoader.tsx(152,21): error TS17004: Cannot use JSX unless the '--jsx' flag is provided.
src/components/SkeletonLoader.tsx(153,21): error TS17004: Cannot use JSX unless the '--jsx' flag is provided.
src/components/SkeletonLoader.tsx(156,13): error TS17004: Cannot use JSX unless the '--jsx' flag is provided.
src/components/SkeletonLoader.tsx(158,21): error TS17004: Cannot use JSX unless the '--jsx' flag is provided.
src/components/SkeletonLoader.tsx(159,25): error TS17004: Cannot use JSX unless the '--jsx' flag is provided.
src/components/SkeletonLoader.tsx(160,25): error TS17004: Cannot use JSX unless the '--jsx' flag is provided.
src/components/StatusBadge.tsx(1,21): error TS6142: Module './AppIcon' was resolved to 'C:/Users/bheda/Music/Desktop/ExporTrack-AI/src/components/AppIcon.tsx', but '--jsx' is not set.
src/components/StatusBadge.tsx(126,5): error TS17004: Cannot use JSX unless the '--jsx' flag is provided.
src/components/StatusBadge.tsx(128,9): error TS17004: Cannot use JSX unless the '--jsx' flag is provided.
src/components/StatusBadge.tsx(129,11): error TS17004: Cannot use JSX unless the '--jsx' flag is provided.
src/components/StatusBadge.tsx(132,9): error TS17004: Cannot use JSX unless the '--jsx' flag is provided.
src/components/StatusBadge.tsx(134,7): error TS17004: Cannot use JSX unless the '--jsx' flag is provided.
src/components/TrackingMap.tsx(132,5): error TS17004: Cannot use JSX unless the '--jsx' flag is provided.
src/components/TrackingMap.tsx(133,7): error TS17004: Cannot use JSX unless the '--jsx' flag is provided.
src/components/TrackingMap.tsx(139,9): error TS17004: Cannot use JSX unless the '--jsx' flag is provided.
src/components/TrackingMap.tsx(144,9): error TS17004: Cannot use JSX unless the '--jsx' flag is provided.
src/components/TrackingMap.tsx(148,11): error TS17004: Cannot use JSX unless the '--jsx' flag is provided.
src/components/TrackingMap.tsx(159,11): error TS17004: Cannot use JSX unless the '--jsx' flag is provided.
src/components/TrackingMap.tsx(170,11): error TS17004: Cannot use JSX unless the '--jsx' flag is provided.
src/components/TrackingMap.tsx(179,9): error TS17004: Cannot use JSX unless the '--jsx' flag is provided.
src/components/TrackingMap.tsx(180,11): error TS17004: Cannot use JSX unless the '--jsx' flag is provided.
src/components/TrackingMap.tsx(181,13): error TS17004: Cannot use JSX unless the '--jsx' flag is provided.
src/components/TrackingMap.tsx(182,15): error TS17004: Cannot use JSX unless the '--jsx' flag is provided.
src/components/TrackingMap.tsx(183,15): error TS17004: Cannot use JSX unless the '--jsx' flag is provided.
src/components/TrackingMap.tsx(189,9): error TS17004: Cannot use JSX unless the '--jsx' flag is provided.
src/components/TrackingMap.tsx(190,11): error TS17004: Cannot use JSX unless the '--jsx' flag is provided.
src/components/TrackingMap.tsx(191,13): error TS17004: Cannot use JSX unless the '--jsx' flag is provided.
src/components/TrackingMap.tsx(192,15): error TS17004: Cannot use JSX unless the '--jsx' flag is provided.
src/components/TrackingMap.tsx(193,15): error TS17004: Cannot use JSX unless the '--jsx' flag is provided.
src/components/TrackingMap.tsx(200,11): error TS17004: Cannot use JSX unless the '--jsx' flag is provided.
src/components/TrackingMap.tsx(205,14): error TS17004: Cannot use JSX unless the '--jsx' flag is provided.
src/components/TrackingMap.tsx(206,17): error TS17004: Cannot use JSX unless the '--jsx' flag is provided.
src/components/TrackingMap.tsx(207,19): error TS17004: Cannot use JSX unless the '--jsx' flag is provided.
src/components/TrackingMap.tsx(208,19): error TS17004: Cannot use JSX unless the '--jsx' flag is provided.
src/components/TrackingMap.tsx(209,19): error TS17004: Cannot use JSX unless the '--jsx' flag is provided.
src/components/TrackingMap.tsx(217,11): error TS17004: Cannot use JSX unless the '--jsx' flag is provided.
src/components/TrackingMap.tsx(218,13): error TS17004: Cannot use JSX unless the '--jsx' flag is provided.
src/components/TrackingMap.tsx(219,15): error TS17004: Cannot use JSX unless the '--jsx' flag is provided.
src/components/TrackingMap.tsx(220,17): error TS17004: Cannot use JSX unless the '--jsx' flag is provided.
src/components/TrackingMap.tsx(221,17): error TS17004: Cannot use JSX unless the '--jsx' flag is provided.
src/components/TrackingMap.tsx(222,17): error TS17004: Cannot use JSX unless the '--jsx' flag is provided.
src/components/TrackingMap.tsx(223,20): error TS17004: Cannot use JSX unless the '--jsx' flag is provided.
src/components/TrackingMap.tsx(224,23): error TS17004: Cannot use JSX unless the '--jsx' flag is provided.
src/components/TrackingMap.tsx(225,23): error TS17004: Cannot use JSX unless the '--jsx' flag is provided.
src/components/TrackingMap.tsx(227,20): error TS17004: Cannot use JSX unless the '--jsx' flag is provided.
src/components/TrackingMap.tsx(236,11): error TS17004: Cannot use JSX unless the '--jsx' flag is provided.
src/components/TrackingMap.tsx(240,13): error TS17004: Cannot use JSX unless the '--jsx' flag is provided.
src/components/TrackingMap.tsx(241,15): error TS17004: Cannot use JSX unless the '--jsx' flag is provided.
src/components/TrackingMap.tsx(242,17): error TS17004: Cannot use JSX unless the '--jsx' flag is provided.
src/components/TrackingMap.tsx(243,17): error TS17004: Cannot use JSX unless the '--jsx' flag is provided.
src/components/TrackingMap.tsx(244,17): error TS17004: Cannot use JSX unless the '--jsx' flag is provided.
src/components/TrackingMap.tsx(245,20): error TS17004: Cannot use JSX unless the '--jsx' flag is provided.
src/components/TrackingMap.tsx(246,23): error TS17004: Cannot use JSX unless the '--jsx' flag is provided.
src/components/TrackingMap.tsx(247,23): error TS17004: Cannot use JSX unless the '--jsx' flag is provided.
src/components/TrackingMap.tsx(249,20): error TS17004: Cannot use JSX unless the '--jsx' flag is provided.
src/components/TrackingTimeline.tsx(5,21): error TS6142: Module './AppIcon' was resolved to 'C:/Users/bheda/Music/Desktop/ExporTrack-AI/src/components/AppIcon.tsx', but '--jsx' is not set.
src/components/TrackingTimeline.tsx(22,5): error TS17004: Cannot use JSX unless the '--jsx' flag is provided.
src/components/TrackingTimeline.tsx(24,7): error TS17004: Cannot use JSX unless the '--jsx' flag is provided.
src/components/TrackingTimeline.tsx(25,9): error TS17004: Cannot use JSX unless the '--jsx' flag is provided.
src/components/TrackingTimeline.tsx(26,11): error TS17004: Cannot use JSX unless the '--jsx' flag is provided.
src/components/TrackingTimeline.tsx(27,13): error TS17004: Cannot use JSX unless the '--jsx' flag is provided.
src/components/TrackingTimeline.tsx(28,13): error TS17004: Cannot use JSX unless the '--jsx' flag is provided.
src/components/TrackingTimeline.tsx(29,15): error TS17004: Cannot use JSX unless the '--jsx' flag is provided.
src/components/TrackingTimeline.tsx(30,35): error TS17004: Cannot use JSX unless the '--jsx' flag is provided.
src/components/TrackingTimeline.tsx(33,11): error TS17004: Cannot use JSX unless the '--jsx' flag is provided.
src/components/TrackingTimeline.tsx(35,15): error TS17004: Cannot use JSX unless the '--jsx' flag is provided.
src/components/TrackingTimeline.tsx(37,13): error TS17004: Cannot use JSX unless the '--jsx' flag is provided.
src/components/TrackingTimeline.tsx(39,15): error TS17004: Cannot use JSX unless the '--jsx' flag is provided.
src/components/TrackingTimeline.tsx(40,17): error TS17004: Cannot use JSX unless the '--jsx' flag is provided.
src/components/TrackingTimeline.tsx(48,7): error TS17004: Cannot use JSX unless the '--jsx' flag is provided.
src/components/TrackingTimeline.tsx(50,9): error TS17004: Cannot use JSX unless the '--jsx' flag is provided.
src/components/TrackingTimeline.tsx(57,13): error TS17004: Cannot use JSX unless the '--jsx' flag is provided.
src/components/TrackingTimeline.tsx(58,15): error TS17004: Cannot use JSX unless the '--jsx' flag is provided.
src/components/TrackingTimeline.tsx(59,15): error TS17004: Cannot use JSX unless the '--jsx' flag is provided.
src/components/TrackingTimeline.tsx(60,17): error TS17004: Cannot use JSX unless the '--jsx' flag is provided.
src/components/TrackingTimeline.tsx(61,19): error TS17004: Cannot use JSX unless the '--jsx' flag is provided.
src/components/TrackingTimeline.tsx(62,21): error TS17004: Cannot use JSX unless the '--jsx' flag is provided.
src/components/TrackingTimeline.tsx(66,23): error TS17004: Cannot use JSX unless the '--jsx' flag is provided.
src/components/TrackingTimeline.tsx(67,25): error TS17004: Cannot use JSX unless the '--jsx' flag is provided.
src/components/TrackingTimeline.tsx(71,19): error TS17004: Cannot use JSX unless the '--jsx' flag is provided.
src/components/TrackingTimeline.tsx(81,11): error TS17004: Cannot use JSX unless the '--jsx' flag is provided.
src/components/TrackingTimeline.tsx(82,13): error TS17004: Cannot use JSX unless the '--jsx' flag is provided.
src/components/TrackingWidget.tsx(5,21): error TS6142: Module './AppIcon' was resolved to 'C:/Users/bheda/Music/Desktop/ExporTrack-AI/src/components/AppIcon.tsx', but '--jsx' is not set.
src/components/TrackingWidget.tsx(19,5): error TS17004: Cannot use JSX unless the '--jsx' flag is provided.
src/components/TrackingWidget.tsx(20,7): error TS17004: Cannot use JSX unless the '--jsx' flag is provided.
src/components/TrackingWidget.tsx(21,9): error TS17004: Cannot use JSX unless the '--jsx' flag is provided.
src/components/TrackingWidget.tsx(22,11): error TS17004: Cannot use JSX unless the '--jsx' flag is provided.
src/components/TrackingWidget.tsx(25,9): error TS17004: Cannot use JSX unless the '--jsx' flag is provided.
src/components/TrackingWidget.tsx(26,20): error TS17004: Cannot use JSX unless the '--jsx' flag is provided.
src/components/TrackingWidget.tsx(31,9): error TS17004: Cannot use JSX unless the '--jsx' flag is provided.
src/components/TrackingWidget.tsx(33,9): error TS17004: Cannot use JSX unless the '--jsx' flag is provided.
src/components/TrackingWidget.tsx(37,15): error TS17004: Cannot use JSX unless the '--jsx' flag is provided.
src/components/TrackingWidget.tsx(38,17): error TS17004: Cannot use JSX unless the '--jsx' flag is provided.
src/components/TrackingWidget.tsx(39,17): error TS17004: Cannot use JSX unless the '--jsx' flag is provided.
src/components/TrackingWidget.tsx(40,19): error TS17004: Cannot use JSX unless the '--jsx' flag is provided.
src/components/TrackingWidget.tsx(41,19): error TS17004: Cannot use JSX unless the '--jsx' flag is provided.
src/components/TrackingWidget.tsx(43,17): error TS17004: Cannot use JSX unless the '--jsx' flag is provided.
src/components/UserAvatar.tsx(46,5): error TS17004: Cannot use JSX unless the '--jsx' flag is provided.
src/components/UserAvatar.tsx(47,7): error TS17004: Cannot use JSX unless the '--jsx' flag is provided.
src/components/UserAvatar.tsx(51,11): error TS17004: Cannot use JSX unless the '--jsx' flag is provided.
src/components/UserAvatar.tsx(53,11): error TS17004: Cannot use JSX unless the '--jsx' flag is provided.
src/components/UserAvatar.tsx(58,9): error TS17004: Cannot use JSX unless the '--jsx' flag is provided.
src/components/UserProfileDropdown.tsx(2,31): error TS6142: Module '../context/AppContext' was resolved to 'C:/Users/bheda/Music/Desktop/ExporTrack-AI/src/context/AppContext.tsx', but '--jsx' is not set.
src/components/UserProfileDropdown.tsx(4,21): error TS6142: Module './AppIcon' was resolved to 'C:/Users/bheda/Music/Desktop/ExporTrack-AI/src/components/AppIcon.tsx', but '--jsx' is not set.
src/components/UserProfileDropdown.tsx(5,24): error TS6142: Module './UserAvatar' was resolved to 'C:/Users/bheda/Music/Desktop/ExporTrack-AI/src/components/UserAvatar.tsx', but '--jsx' is not set.
src/components/UserProfileDropdown.tsx(6,30): error TS6142: Module './LanguageSwitcher' was resolved to 'C:/Users/bheda/Music/Desktop/ExporTrack-AI/src/components/LanguageSwitcher.tsx', but '--jsx' is not set.
src/components/UserProfileDropdown.tsx(35,9): error TS17004: Cannot use JSX unless the '--jsx' flag is provided.
src/components/UserProfileDropdown.tsx(37,13): error TS17004: Cannot use JSX unless the '--jsx' flag is provided.
src/components/UserProfileDropdown.tsx(44,17): error TS17004: Cannot use JSX unless the '--jsx' flag is provided.
src/components/UserProfileDropdown.tsx(53,17): error TS17004: Cannot use JSX unless the '--jsx' flag is provided.
src/components/UserProfileDropdown.tsx(54,21): error TS17004: Cannot use JSX unless the '--jsx' flag is provided.
src/components/UserProfileDropdown.tsx(57,21): error TS17004: Cannot use JSX unless the '--jsx' flag is provided.
src/components/UserProfileDropdown.tsx(63,17): error TS17004: Cannot use JSX unless the '--jsx' flag is provided.
src/components/UserProfileDropdown.tsx(64,21): error TS17004: Cannot use JSX unless the '--jsx' flag is provided.
src/components/UserProfileDropdown.tsx(74,17): error TS17004: Cannot use JSX unless the '--jsx' flag is provided.
src/components/UserProfileDropdown.tsx(79,21): error TS17004: Cannot use JSX unless the '--jsx' flag is provided.
src/components/UserProfileDropdown.tsx(81,25): error TS17004: Cannot use JSX unless the '--jsx' flag is provided.
src/components/UserProfileDropdown.tsx(89,25): error TS17004: Cannot use JSX unless the '--jsx' flag is provided.
src/components/UserProfileDropdown.tsx(90,29): error TS17004: Cannot use JSX unless the '--jsx' flag is provided.
src/components/UserProfileDropdown.tsx(93,29): error TS17004: Cannot use JSX unless the '--jsx' flag is provided.
src/components/UserProfileDropdown.tsx(96,29): error TS17004: Cannot use JSX unless the '--jsx' flag is provided.
src/components/UserProfileDropdown.tsx(109,21): error TS17004: Cannot use JSX unless the '--jsx' flag is provided.
src/components/UserProfileDropdown.tsx(110,25): error TS17004: Cannot use JSX unless the '--jsx' flag is provided.
src/components/UserProfileDropdown.tsx(111,29): error TS17004: Cannot use JSX unless the '--jsx' flag is provided.
src/components/UserProfileDropdown.tsx(118,33): error TS17004: Cannot use JSX unless the '--jsx' flag is provided.
src/components/UserProfileDropdown.tsx(119,37): error TS17004: Cannot use JSX unless the '--jsx' flag is provided.
src/components/UserProfileDropdown.tsx(121,33): error TS17004: Cannot use JSX unless the '--jsx' flag is provided.
src/components/UserProfileDropdown.tsx(125,25): error TS17004: Cannot use JSX unless the '--jsx' flag is provided.
src/components/UserProfileDropdown.tsx(128,25): error TS17004: Cannot use JSX unless the '--jsx' flag is provided.
src/components/UserProfileDropdown.tsx(129,29): error TS17004: Cannot use JSX unless the '--jsx' flag is provided.
src/components/UserProfileDropdown.tsx(130,33): error TS17004: Cannot use JSX unless the '--jsx' flag is provided.
src/components/UserProfileDropdown.tsx(133,29): error TS17004: Cannot use JSX unless the '--jsx' flag is provided.
src/components/UserProfileDropdown.tsx(136,25): error TS17004: Cannot use JSX unless the '--jsx' flag is provided.
src/components/UserProfileDropdown.tsx(139,25): error TS17004: Cannot use JSX unless the '--jsx' flag is provided.
src/components/UserProfileDropdown.tsx(140,29): error TS17004: Cannot use JSX unless the '--jsx' flag is provided.
src/components/UserProfileDropdown.tsx(141,33): error TS17004: Cannot use JSX unless the '--jsx' flag is provided.
src/components/UserProfileDropdown.tsx(144,29): error TS17004: Cannot use JSX unless the '--jsx' flag is provided.
src/components/UserProfileDropdown.tsx(150,37): error TS17004: Cannot use JSX unless the '--jsx' flag is provided.
src/components/UserProfileDropdown.tsx(158,41): error TS17004: Cannot use JSX unless the '--jsx' flag is provided.
src/components/UserProfileDropdown.tsx(159,41): error TS17004: Cannot use JSX unless the '--jsx' flag is provided.
src/components/UserProfileDropdown.tsx(165,25): error TS17004: Cannot use JSX unless the '--jsx' flag is provided.
src/components/UserProfileDropdown.tsx(167,25): error TS17004: Cannot use JSX unless the '--jsx' flag is provided.
src/components/UserProfileDropdown.tsx(168,29): error TS17004: Cannot use JSX unless the '--jsx' flag is provided.
src/components/UserProfileDropdown.tsx(175,33): error TS17004: Cannot use JSX unless the '--jsx' flag is provided.
src/components/UserProfileDropdown.tsx(176,37): error TS17004: Cannot use JSX unless the '--jsx' flag is provided.
src/components/UserProfileDropdown.tsx(178,33): error TS17004: Cannot use JSX unless the '--jsx' flag is provided.
src/context/AppContext.tsx(1250,10): error TS17004: Cannot use JSX unless the '--jsx' flag is provided.
src/hooks/useHasPermission.ts(1,31): error TS6142: Module '../context/AppContext' was resolved to 'C:/Users/bheda/Music/Desktop/ExporTrack-AI/src/context/AppContext.tsx', but '--jsx' is not set.
src/main.tsx(4,17): error TS6142: Module './App' was resolved to 'C:/Users/bheda/Music/Desktop/ExporTrack-AI/src/App.tsx', but '--jsx' is not set.
src/main.tsx(5,29): error TS6142: Module './context/AppContext' was resolved to 'C:/Users/bheda/Music/Desktop/ExporTrack-AI/src/context/AppContext.tsx', but '--jsx' is not set.
src/main.tsx(9,3): error TS17004: Cannot use JSX unless the '--jsx' flag is provided.
src/main.tsx(10,5): error TS17004: Cannot use JSX unless the '--jsx' flag is provided.
src/main.tsx(11,7): error TS17004: Cannot use JSX unless the '--jsx' flag is provided.
src/main.tsx(12,9): error TS17004: Cannot use JSX unless the '--jsx' flag is provided.
src/pages/AcceptInvitePage.tsx(3,31): error TS6142: Module '../context/AppContext' was resolved to 'C:/Users/bheda/Music/Desktop/ExporTrack-AI/src/context/AppContext.tsx', but '--jsx' is not set.
src/pages/AcceptInvitePage.tsx(4,21): error TS6142: Module '../components/AppIcon' was resolved to 'C:/Users/bheda/Music/Desktop/ExporTrack-AI/src/components/AppIcon.tsx', but '--jsx' is not set.
src/pages/AcceptInvitePage.tsx(158,13): error TS17004: Cannot use JSX unless the '--jsx' flag is provided.
src/pages/AcceptInvitePage.tsx(159,17): error TS17004: Cannot use JSX unless the '--jsx' flag is provided.
src/pages/AcceptInvitePage.tsx(160,21): error TS17004: Cannot use JSX unless the '--jsx' flag is provided.
src/pages/AcceptInvitePage.tsx(161,21): error TS17004: Cannot use JSX unless the '--jsx' flag is provided.
src/pages/AcceptInvitePage.tsx(170,13): error TS17004: Cannot use JSX unless the '--jsx' flag is provided.
src/pages/AcceptInvitePage.tsx(171,17): error TS17004: Cannot use JSX unless the '--jsx' flag is provided.
src/pages/AcceptInvitePage.tsx(172,21): error TS17004: Cannot use JSX unless the '--jsx' flag is provided.
src/pages/AcceptInvitePage.tsx(173,25): error TS17004: Cannot use JSX unless the '--jsx' flag is provided.
src/pages/AcceptInvitePage.tsx(176,21): error TS17004: Cannot use JSX unless the '--jsx' flag is provided.
src/pages/AcceptInvitePage.tsx(180,21): error TS17004: Cannot use JSX unless the '--jsx' flag is provided.
src/pages/AcceptInvitePage.tsx(181,54): error TS17004: Cannot use JSX unless the '--jsx' flag is provided.
src/pages/AcceptInvitePage.tsx(181,104): error TS17004: Cannot use JSX unless the '--jsx' flag is provided.
src/pages/AcceptInvitePage.tsx(184,21): error TS17004: Cannot use JSX unless the '--jsx' flag is provided.
src/pages/AcceptInvitePage.tsx(198,13): error TS17004: Cannot use JSX unless the '--jsx' flag is provided.
src/pages/AcceptInvitePage.tsx(199,17): error TS17004: Cannot use JSX unless the '--jsx' flag is provided.
src/pages/AcceptInvitePage.tsx(200,21): error TS17004: Cannot use JSX unless the '--jsx' flag is provided.
src/pages/AcceptInvitePage.tsx(201,25): error TS17004: Cannot use JSX unless the '--jsx' flag is provided.
src/pages/AcceptInvitePage.tsx(204,21): error TS17004: Cannot use JSX unless the '--jsx' flag is provided.
src/pages/AcceptInvitePage.tsx(208,21): error TS17004: Cannot use JSX unless the '--jsx' flag is provided.
src/pages/AcceptInvitePage.tsx(212,21): error TS17004: Cannot use JSX unless the '--jsx' flag is provided.
src/pages/AcceptInvitePage.tsx(214,29): error TS17004: Cannot use JSX unless the '--jsx' flag is provided.
src/pages/AcceptInvitePage.tsx(220,37): error TS17004: Cannot use JSX unless the '--jsx' flag is provided.
src/pages/AcceptInvitePage.tsx(221,41): error TS17004: Cannot use JSX unless the '--jsx' flag is provided.
src/pages/AcceptInvitePage.tsx(225,37): error TS17004: Cannot use JSX unless the '--jsx' flag is provided.
src/pages/AcceptInvitePage.tsx(226,41): error TS17004: Cannot use JSX unless the '--jsx' flag is provided.
src/pages/AcceptInvitePage.tsx(233,25): error TS17004: Cannot use JSX unless the '--jsx' flag is provided.
src/pages/AcceptInvitePage.tsx(247,9): error TS17004: Cannot use JSX unless the '--jsx' flag is provided.
src/pages/AcceptInvitePage.tsx(248,13): error TS17004: Cannot use JSX unless the '--jsx' flag is provided.
src/pages/AcceptInvitePage.tsx(250,17): error TS17004: Cannot use JSX unless the '--jsx' flag is provided.
src/pages/AcceptInvitePage.tsx(251,21): error TS17004: Cannot use JSX unless the '--jsx' flag is provided.
src/pages/AcceptInvitePage.tsx(252,25): error TS17004: Cannot use JSX unless the '--jsx' flag is provided.
src/pages/AcceptInvitePage.tsx(254,21): error TS17004: Cannot use JSX unless the '--jsx' flag is provided.
src/pages/AcceptInvitePage.tsx(258,17): error TS17004: Cannot use JSX unless the '--jsx' flag is provided.
src/pages/AcceptInvitePage.tsx(260,21): error TS17004: Cannot use JSX unless the '--jsx' flag is provided.
src/pages/AcceptInvitePage.tsx(261,25): error TS17004: Cannot use JSX unless the '--jsx' flag is provided.
src/pages/AcceptInvitePage.tsx(262,29): error TS17004: Cannot use JSX unless the '--jsx' flag is provided.
src/pages/AcceptInvitePage.tsx(264,25): error TS17004: Cannot use JSX unless the '--jsx' flag is provided.
src/pages/AcceptInvitePage.tsx(270,21): error TS17004: Cannot use JSX unless the '--jsx' flag is provided.
src/pages/AcceptInvitePage.tsx(271,25): error TS17004: Cannot use JSX unless the '--jsx' flag is provided.
src/pages/AcceptInvitePage.tsx(272,29): error TS17004: Cannot use JSX unless the '--jsx' flag is provided.
src/pages/AcceptInvitePage.tsx(273,33): error TS17004: Cannot use JSX unless the '--jsx' flag is provided.
src/pages/AcceptInvitePage.tsx(274,33): error TS17004: Cannot use JSX unless the '--jsx' flag is provided.
src/pages/AcceptInvitePage.tsx(276,29): error TS17004: Cannot use JSX unless the '--jsx' flag is provided.
src/pages/AcceptInvitePage.tsx(277,33): error TS17004: Cannot use JSX unless the '--jsx' flag is provided.
src/pages/AcceptInvitePage.tsx(278,33): error TS17004: Cannot use JSX unless the '--jsx' flag is provided.
src/pages/AcceptInvitePage.tsx(280,29): error TS17004: Cannot use JSX unless the '--jsx' flag is provided.
src/pages/AcceptInvitePage.tsx(281,33): error TS17004: Cannot use JSX unless the '--jsx' flag is provided.
src/pages/AcceptInvitePage.tsx(282,33): error TS17004: Cannot use JSX unless the '--jsx' flag is provided.
src/pages/AcceptInvitePage.tsx(286,29): error TS17004: Cannot use JSX unless the '--jsx' flag is provided.
src/pages/AcceptInvitePage.tsx(287,33): error TS17004: Cannot use JSX unless the '--jsx' flag is provided.
src/pages/AcceptInvitePage.tsx(288,33): error TS17004: Cannot use JSX unless the '--jsx' flag is provided.
src/pages/AcceptInvitePage.tsx(296,21): error TS17004: Cannot use JSX unless the '--jsx' flag is provided.
src/pages/AcceptInvitePage.tsx(302,29): error TS17004: Cannot use JSX unless the '--jsx' flag is provided.
src/pages/AcceptInvitePage.tsx(303,33): error TS17004: Cannot use JSX unless the '--jsx' flag is provided.
src/pages/AcceptInvitePage.tsx(307,29): error TS17004: Cannot use JSX unless the '--jsx' flag is provided.
src/pages/AcceptInvitePage.tsx(308,33): error TS17004: Cannot use JSX unless the '--jsx' flag is provided.
src/pages/AcceptInvitePage.tsx(315,21): error TS17004: Cannot use JSX unless the '--jsx' flag is provided.
src/pages/AdminPage.tsx(3,24): error TS6142: Module '../components/PageHeader' was resolved to 'C:/Users/bheda/Music/Desktop/ExporTrack-AI/src/components/PageHeader.tsx', but '--jsx' is not set.
src/pages/AdminPage.tsx(4,25): error TS6142: Module '../components/StatusBadge' was resolved to 'C:/Users/bheda/Music/Desktop/ExporTrack-AI/src/components/StatusBadge.tsx', but '--jsx' is not set.
src/pages/AdminPage.tsx(5,31): error TS6142: Module '../context/AppContext' was resolved to 'C:/Users/bheda/Music/Desktop/ExporTrack-AI/src/context/AppContext.tsx', but '--jsx' is not set.
src/pages/AdminPage.tsx(16,7): error TS17004: Cannot use JSX unless the '--jsx' flag is provided.
src/pages/AdminPage.tsx(17,9): error TS17004: Cannot use JSX unless the '--jsx' flag is provided.
src/pages/AdminPage.tsx(18,9): error TS17004: Cannot use JSX unless the '--jsx' flag is provided.
src/pages/AdminPage.tsx(19,32): error TS17004: Cannot use JSX unless the '--jsx' flag is provided.
src/pages/AdminPage.tsx(22,9): error TS17004: Cannot use JSX unless the '--jsx' flag is provided.
src/pages/AdminPage.tsx(63,5): error TS17004: Cannot use JSX unless the '--jsx' flag is provided.
src/pages/AdminPage.tsx(64,7): error TS17004: Cannot use JSX unless the '--jsx' flag is provided.
src/pages/AdminPage.tsx(66,7): error TS17004: Cannot use JSX unless the '--jsx' flag is provided.
src/pages/AdminPage.tsx(67,9): error TS17004: Cannot use JSX unless the '--jsx' flag is provided.
src/pages/AdminPage.tsx(68,11): error TS17004: Cannot use JSX unless the '--jsx' flag is provided.
src/pages/AdminPage.tsx(69,11): error TS17004: Cannot use JSX unless the '--jsx' flag is provided.
src/pages/AdminPage.tsx(71,9): error TS17004: Cannot use JSX unless the '--jsx' flag is provided.
src/pages/AdminPage.tsx(72,11): error TS17004: Cannot use JSX unless the '--jsx' flag is provided.
src/pages/AdminPage.tsx(73,11): error TS17004: Cannot use JSX unless the '--jsx' flag is provided.
src/pages/AdminPage.tsx(75,9): error TS17004: Cannot use JSX unless the '--jsx' flag is provided.
src/pages/AdminPage.tsx(76,11): error TS17004: Cannot use JSX unless the '--jsx' flag is provided.
src/pages/AdminPage.tsx(77,11): error TS17004: Cannot use JSX unless the '--jsx' flag is provided.
src/pages/AdminPage.tsx(81,7): error TS17004: Cannot use JSX unless the '--jsx' flag is provided.
src/pages/AdminPage.tsx(82,9): error TS17004: Cannot use JSX unless the '--jsx' flag is provided.
src/pages/AdminPage.tsx(83,11): error TS17004: Cannot use JSX unless the '--jsx' flag is provided.
src/pages/AdminPage.tsx(84,11): error TS17004: Cannot use JSX unless the '--jsx' flag is provided.
src/pages/AdminPage.tsx(93,9): error TS17004: Cannot use JSX unless the '--jsx' flag is provided.
src/pages/AdminPage.tsx(95,13): error TS17004: Cannot use JSX unless the '--jsx' flag is provided.
src/pages/AdminPage.tsx(96,15): error TS17004: Cannot use JSX unless the '--jsx' flag is provided.
src/pages/AdminPage.tsx(97,17): error TS17004: Cannot use JSX unless the '--jsx' flag is provided.
src/pages/AdminPage.tsx(98,19): error TS17004: Cannot use JSX unless the '--jsx' flag is provided.
src/pages/AdminPage.tsx(99,19): error TS17004: Cannot use JSX unless the '--jsx' flag is provided.
src/pages/AdminPage.tsx(102,19): error TS17004: Cannot use JSX unless the '--jsx' flag is provided.
src/pages/AdminPage.tsx(104,17): error TS17004: Cannot use JSX unless the '--jsx' flag is provided.
src/pages/AdminPage.tsx(105,19): error TS17004: Cannot use JSX unless the '--jsx' flag is provided.
src/pages/AdminPage.tsx(106,19): error TS17004: Cannot use JSX unless the '--jsx' flag is provided.
src/pages/AdminPage.tsx(116,7): error TS17004: Cannot use JSX unless the '--jsx' flag is provided.
src/pages/AdminPage.tsx(117,9): error TS17004: Cannot use JSX unless the '--jsx' flag is provided.
src/pages/AdminPage.tsx(118,9): error TS17004: Cannot use JSX unless the '--jsx' flag is provided.
src/pages/AdminPage.tsx(122,15): error TS17004: Cannot use JSX unless the '--jsx' flag is provided.
src/pages/AdminPage.tsx(123,17): error TS17004: Cannot use JSX unless the '--jsx' flag is provided.
src/pages/AdminPage.tsx(124,19): error TS17004: Cannot use JSX unless the '--jsx' flag is provided.
src/pages/AdminPage.tsx(125,19): error TS17004: Cannot use JSX unless the '--jsx' flag is provided.
src/pages/AdminPage.tsx(127,17): error TS17004: Cannot use JSX unless the '--jsx' flag is provided.
src/pages/AdminPage.tsx(128,17): error TS17004: Cannot use JSX unless the '--jsx' flag is provided.
src/pages/AiComplianceCopilotPage.tsx(2,31): error TS6142: Module '../context/AppContext' was resolved to 'C:/Users/bheda/Music/Desktop/ExporTrack-AI/src/context/AppContext.tsx', but '--jsx' is not set.
src/pages/AiComplianceCopilotPage.tsx(3,21): error TS6142: Module '../components/AppIcon' was resolved to 'C:/Users/bheda/Music/Desktop/ExporTrack-AI/src/components/AppIcon.tsx', but '--jsx' is not set.
src/pages/AiComplianceCopilotPage.tsx(4,25): error TS6142: Module '../components/StatusBadge' was resolved to 'C:/Users/bheda/Music/Desktop/ExporTrack-AI/src/components/StatusBadge.tsx', but '--jsx' is not set.
src/pages/AiComplianceCopilotPage.tsx(66,5): error TS17004: Cannot use JSX unless the '--jsx' flag is provided.
src/pages/AiComplianceCopilotPage.tsx(67,7): error TS17004: Cannot use JSX unless the '--jsx' flag is provided.
src/pages/AiComplianceCopilotPage.tsx(68,9): error TS17004: Cannot use JSX unless the '--jsx' flag is provided.
src/pages/AiComplianceCopilotPage.tsx(69,11): error TS17004: Cannot use JSX unless the '--jsx' flag is provided.
src/pages/AiComplianceCopilotPage.tsx(70,11): error TS17004: Cannot use JSX unless the '--jsx' flag is provided.
src/pages/AiComplianceCopilotPage.tsx(72,9): error TS17004: Cannot use JSX unless the '--jsx' flag is provided.
src/pages/AiComplianceCopilotPage.tsx(73,12): error TS17004: Cannot use JSX unless the '--jsx' flag is provided.
src/pages/AiComplianceCopilotPage.tsx(74,12): error TS17004: Cannot use JSX unless the '--jsx' flag is provided.
src/pages/AiComplianceCopilotPage.tsx(78,7): error TS17004: Cannot use JSX unless the '--jsx' flag is provided.
src/pages/AiComplianceCopilotPage.tsx(80,11): error TS17004: Cannot use JSX unless the '--jsx' flag is provided.
src/pages/AiComplianceCopilotPage.tsx(85,13): error TS17004: Cannot use JSX unless the '--jsx' flag is provided.
src/pages/AiComplianceCopilotPage.tsx(86,15): error TS17004: Cannot use JSX unless the '--jsx' flag is provided.
src/pages/AiComplianceCopilotPage.tsx(87,17): error TS17004: Cannot use JSX unless the '--jsx' flag is provided.
src/pages/AiComplianceCopilotPage.tsx(92,19): error TS17004: Cannot use JSX unless the '--jsx' flag is provided.
src/pages/AiComplianceCopilotPage.tsx(94,17): error TS17004: Cannot use JSX unless the '--jsx' flag is provided.
src/pages/AiComplianceCopilotPage.tsx(95,19): error TS17004: Cannot use JSX unless the '--jsx' flag is provided.
src/pages/AiComplianceCopilotPage.tsx(96,19): error TS17004: Cannot use JSX unless the '--jsx' flag is provided.
src/pages/AiComplianceCopilotPage.tsx(99,15): error TS17004: Cannot use JSX unless the '--jsx' flag is provided.
src/pages/AiComplianceCopilotPage.tsx(100,17): error TS17004: Cannot use JSX unless the '--jsx' flag is provided.
src/pages/AiComplianceCopilotPage.tsx(110,13): error TS17004: Cannot use JSX unless the '--jsx' flag is provided.
src/pages/AiComplianceCopilotPage.tsx(111,15): error TS17004: Cannot use JSX unless the '--jsx' flag is provided.
src/pages/AiComplianceCopilotPage.tsx(112,17): error TS17004: Cannot use JSX unless the '--jsx' flag is provided.
src/pages/AiComplianceCopilotPage.tsx(113,17): error TS17004: Cannot use JSX unless the '--jsx' flag is provided.
src/pages/AiComplianceCopilotPage.tsx(115,21): error TS17004: Cannot use JSX unless the '--jsx' flag is provided.
src/pages/AiComplianceCopilotPage.tsx(116,23): error TS17004: Cannot use JSX unless the '--jsx' flag is provided.
src/pages/AiComplianceCopilotPage.tsx(121,21): error TS17004: Cannot use JSX unless the '--jsx' flag is provided.
src/pages/AiComplianceCopilotPage.tsx(122,23): error TS17004: Cannot use JSX unless the '--jsx' flag is provided.
src/pages/AiComplianceCopilotPage.tsx(129,15): error TS17004: Cannot use JSX unless the '--jsx' flag is provided.
src/pages/AiComplianceCopilotPage.tsx(130,17): error TS17004: Cannot use JSX unless the '--jsx' flag is provided.
src/pages/AiComplianceCopilotPage.tsx(131,17): error TS17004: Cannot use JSX unless the '--jsx' flag is provided.
src/pages/AiComplianceCopilotPage.tsx(132,19): error TS17004: Cannot use JSX unless the '--jsx' flag is provided.
src/pages/AiComplianceCopilotPage.tsx(134,23): error TS17004: Cannot use JSX unless the '--jsx' flag is provided.
src/pages/AiComplianceCopilotPage.tsx(135,25): error TS17004: Cannot use JSX unless the '--jsx' flag is provided.
src/pages/AiComplianceCopilotPage.tsx(136,27): error TS17004: Cannot use JSX unless the '--jsx' flag is provided.
src/pages/AiComplianceCopilotPage.tsx(138,25): error TS17004: Cannot use JSX unless the '--jsx' flag is provided.
src/pages/AiComplianceCopilotPage.tsx(146,13): error TS17004: Cannot use JSX unless the '--jsx' flag is provided.
src/pages/AiComplianceCopilotPage.tsx(147,15): error TS17004: Cannot use JSX unless the '--jsx' flag is provided.
src/pages/AiComplianceCopilotPage.tsx(158,7): error TS17004: Cannot use JSX unless the '--jsx' flag is provided.
src/pages/AiComplianceCopilotPage.tsx(159,9): error TS17004: Cannot use JSX unless the '--jsx' flag is provided.
src/pages/AiComplianceCopilotPage.tsx(160,11): error TS17004: Cannot use JSX unless the '--jsx' flag is provided.
src/pages/AiComplianceCopilotPage.tsx(162,9): error TS17004: Cannot use JSX unless the '--jsx' flag is provided.
src/pages/AiComplianceCopilotPage.tsx(163,11): error TS17004: Cannot use JSX unless the '--jsx' flag is provided.
src/pages/AiComplianceCopilotPage.tsx(164,11): error TS17004: Cannot use JSX unless the '--jsx' flag is provided.
src/pages/AiComplianceCopilotPage.tsx(167,11): error TS17004: Cannot use JSX unless the '--jsx' flag is provided.
src/pages/AiComplianceCopilotPage.tsx(168,13): error TS17004: Cannot use JSX unless the '--jsx' flag is provided.
src/pages/AiComplianceCopilotPage.tsx(169,15): error TS17004: Cannot use JSX unless the '--jsx' flag is provided.
src/pages/AiComplianceCopilotPage.tsx(170,15): error TS17004: Cannot use JSX unless the '--jsx' flag is provided.
src/pages/AiComplianceCopilotPage.tsx(172,13): error TS17004: Cannot use JSX unless the '--jsx' flag is provided.
src/pages/AiComplianceCopilotPage.tsx(173,15): error TS17004: Cannot use JSX unless the '--jsx' flag is provided.
src/pages/AiComplianceCopilotPage.tsx(174,15): error TS17004: Cannot use JSX unless the '--jsx' flag is provided.
src/pages/AiDocumentExtractionPage.tsx(3,24): error TS6142: Module '../components/PageHeader' was resolved to 'C:/Users/bheda/Music/Desktop/ExporTrack-AI/src/components/PageHeader.tsx', but '--jsx' is not set.
src/pages/AiDocumentExtractionPage.tsx(4,21): error TS6142: Module '../components/AppIcon' was resolved to 'C:/Users/bheda/Music/Desktop/ExporTrack-AI/src/components/AppIcon.tsx', but '--jsx' is not set.
src/pages/AiDocumentExtractionPage.tsx(5,31): error TS6142: Module '../context/AppContext' was resolved to 'C:/Users/bheda/Music/Desktop/ExporTrack-AI/src/context/AppContext.tsx', but '--jsx' is not set.
src/pages/AiDocumentExtractionPage.tsx(85,5): error TS17004: Cannot use JSX unless the '--jsx' flag is provided.
src/pages/AiDocumentExtractionPage.tsx(86,7): error TS17004: Cannot use JSX unless the '--jsx' flag is provided.
src/pages/AiDocumentExtractionPage.tsx(87,9): error TS17004: Cannot use JSX unless the '--jsx' flag is provided.
src/pages/AiDocumentExtractionPage.tsx(92,7): error TS17004: Cannot use JSX unless the '--jsx' flag is provided.
src/pages/AiDocumentExtractionPage.tsx(101,3): error TS17004: Cannot use JSX unless the '--jsx' flag is provided.
src/pages/AiDocumentExtractionPage.tsx(102,5): error TS17004: Cannot use JSX unless the '--jsx' flag is provided.
src/pages/AiDocumentExtractionPage.tsx(105,5): error TS17004: Cannot use JSX unless the '--jsx' flag is provided.
src/pages/AiDocumentExtractionPage.tsx(120,5): error TS17004: Cannot use JSX unless the '--jsx' flag is provided.
src/pages/AiDocumentExtractionPage.tsx(121,7): error TS17004: Cannot use JSX unless the '--jsx' flag is provided.
src/pages/AiDocumentExtractionPage.tsx(191,5): error TS17004: Cannot use JSX unless the '--jsx' flag is provided.
src/pages/AiDocumentExtractionPage.tsx(192,7): error TS17004: Cannot use JSX unless the '--jsx' flag is provided.
src/pages/AiDocumentExtractionPage.tsx(197,7): error TS17004: Cannot use JSX unless the '--jsx' flag is provided.
src/pages/AiDocumentExtractionPage.tsx(199,9): error TS17004: Cannot use JSX unless the '--jsx' flag is provided.
src/pages/AiDocumentExtractionPage.tsx(200,11): error TS17004: Cannot use JSX unless the '--jsx' flag is provided.
src/pages/AiDocumentExtractionPage.tsx(201,13): error TS17004: Cannot use JSX unless the '--jsx' flag is provided.
src/pages/AiDocumentExtractionPage.tsx(203,13): error TS17004: Cannot use JSX unless the '--jsx' flag is provided.
src/pages/AiDocumentExtractionPage.tsx(204,15): error TS17004: Cannot use JSX unless the '--jsx' flag is provided.
src/pages/AiDocumentExtractionPage.tsx(205,17): error TS17004: Cannot use JSX unless the '--jsx' flag is provided.
src/pages/AiDocumentExtractionPage.tsx(207,15): error TS17004: Cannot use JSX unless the '--jsx' flag is provided.
src/pages/AiDocumentExtractionPage.tsx(208,17): error TS17004: Cannot use JSX unless the '--jsx' flag is provided.
src/pages/AiDocumentExtractionPage.tsx(209,17): error TS17004: Cannot use JSX unless the '--jsx' flag is provided.
src/pages/AiDocumentExtractionPage.tsx(213,13): error TS17004: Cannot use JSX unless the '--jsx' flag is provided.
src/pages/AiDocumentExtractionPage.tsx(214,15): error TS17004: Cannot use JSX unless the '--jsx' flag is provided.
src/pages/AiDocumentExtractionPage.tsx(215,17): error TS17004: Cannot use JSX unless the '--jsx' flag is provided.
src/pages/AiDocumentExtractionPage.tsx(216,17): error TS17004: Cannot use JSX unless the '--jsx' flag is provided.
src/pages/AiDocumentExtractionPage.tsx(218,21): error TS17004: Cannot use JSX unless the '--jsx' flag is provided.
src/pages/AiDocumentExtractionPage.tsx(228,65): error TS17004: Cannot use JSX unless the '--jsx' flag is provided.
src/pages/AiDocumentExtractionPage.tsx(234,15): error TS17004: Cannot use JSX unless the '--jsx' flag is provided.
src/pages/AiDocumentExtractionPage.tsx(246,19): error TS17004: Cannot use JSX unless the '--jsx' flag is provided.
src/pages/AiDocumentExtractionPage.tsx(249,17): error TS17004: Cannot use JSX unless the '--jsx' flag is provided.
src/pages/AiDocumentExtractionPage.tsx(250,19): error TS17004: Cannot use JSX unless the '--jsx' flag is provided.
src/pages/AiDocumentExtractionPage.tsx(251,21): error TS17004: Cannot use JSX unless the '--jsx' flag is provided.
src/pages/AiDocumentExtractionPage.tsx(253,19): error TS17004: Cannot use JSX unless the '--jsx' flag is provided.
src/pages/AiDocumentExtractionPage.tsx(254,21): error TS17004: Cannot use JSX unless the '--jsx' flag is provided.
src/pages/AiDocumentExtractionPage.tsx(257,21): error TS17004: Cannot use JSX unless the '--jsx' flag is provided.
src/pages/AiDocumentExtractionPage.tsx(258,26): error TS17004: Cannot use JSX unless the '--jsx' flag is provided.
src/pages/AiDocumentExtractionPage.tsx(262,17): error TS17004: Cannot use JSX unless the '--jsx' flag is provided.
src/pages/AiDocumentExtractionPage.tsx(266,17): error TS17004: Cannot use JSX unless the '--jsx' flag is provided.
src/pages/AiDocumentExtractionPage.tsx(269,19): error TS17004: Cannot use JSX unless the '--jsx' flag is provided.
src/pages/AiDocumentExtractionPage.tsx(271,23): error TS17004: Cannot use JSX unless the '--jsx' flag is provided.
src/pages/AiDocumentExtractionPage.tsx(272,25): error TS17004: Cannot use JSX unless the '--jsx' flag is provided.
src/pages/AiDocumentExtractionPage.tsx(275,23): error TS17004: Cannot use JSX unless the '--jsx' flag is provided.
src/pages/AiDocumentExtractionPage.tsx(278,19): error TS17004: Cannot use JSX unless the '--jsx' flag is provided.
src/pages/AiDocumentExtractionPage.tsx(279,21): error TS17004: Cannot use JSX unless the '--jsx' flag is provided.
src/pages/AiDocumentExtractionPage.tsx(284,21): error TS17004: Cannot use JSX unless the '--jsx' flag is provided.
src/pages/AiDocumentExtractionPage.tsx(287,21): error TS17004: Cannot use JSX unless the '--jsx' flag is provided.
src/pages/AiDocumentExtractionPage.tsx(295,11): error TS17004: Cannot use JSX unless the '--jsx' flag is provided.
src/pages/AiDocumentExtractionPage.tsx(296,13): error TS17004: Cannot use JSX unless the '--jsx' flag is provided.
src/pages/AiDocumentExtractionPage.tsx(297,13): error TS17004: Cannot use JSX unless the '--jsx' flag is provided.
src/pages/AiDocumentExtractionPage.tsx(304,17): error TS17004: Cannot use JSX unless the '--jsx' flag is provided.
src/pages/AiDocumentExtractionPage.tsx(305,19): error TS17004: Cannot use JSX unless the '--jsx' flag is provided.
src/pages/AiDocumentExtractionPage.tsx(306,21): error TS17004: Cannot use JSX unless the '--jsx' flag is provided.
src/pages/AiDocumentExtractionPage.tsx(307,21): error TS17004: Cannot use JSX unless the '--jsx' flag is provided.
src/pages/AiDocumentExtractionPage.tsx(309,19): error TS17004: Cannot use JSX unless the '--jsx' flag is provided.
src/pages/AiDocumentExtractionPage.tsx(317,9): error TS17004: Cannot use JSX unless the '--jsx' flag is provided.
src/pages/AiDocumentExtractionPage.tsx(319,13): error TS17004: Cannot use JSX unless the '--jsx' flag is provided.
src/pages/AiDocumentExtractionPage.tsx(320,16): error TS17004: Cannot use JSX unless the '--jsx' flag is provided.
src/pages/AiDocumentExtractionPage.tsx(321,18): error TS17004: Cannot use JSX unless the '--jsx' flag is provided.
src/pages/AiDocumentExtractionPage.tsx(323,16): error TS17004: Cannot use JSX unless the '--jsx' flag is provided.
src/pages/AiDocumentExtractionPage.tsx(330,13): error TS17004: Cannot use JSX unless the '--jsx' flag is provided.
src/pages/AiDocumentExtractionPage.tsx(331,16): error TS17004: Cannot use JSX unless the '--jsx' flag is provided.
src/pages/AiDocumentExtractionPage.tsx(332,19): error TS17004: Cannot use JSX unless the '--jsx' flag is provided.
src/pages/AiDocumentExtractionPage.tsx(333,19): error TS17004: Cannot use JSX unless the '--jsx' flag is provided.
src/pages/AiDocumentExtractionPage.tsx(335,16): error TS17004: Cannot use JSX unless the '--jsx' flag is provided.
src/pages/AiDocumentExtractionPage.tsx(337,21): error TS17004: Cannot use JSX unless the '--jsx' flag is provided.
src/pages/AiDocumentExtractionPage.tsx(338,23): error TS17004: Cannot use JSX unless the '--jsx' flag is provided.
src/pages/AiDocumentExtractionPage.tsx(339,23): error TS17004: Cannot use JSX unless the '--jsx' flag is provided.
src/pages/AiDocumentExtractionPage.tsx(347,13): error TS17004: Cannot use JSX unless the '--jsx' flag is provided.
src/pages/AiDocumentExtractionPage.tsx(348,15): error TS17004: Cannot use JSX unless the '--jsx' flag is provided.
src/pages/AiDocumentExtractionPage.tsx(349,17): error TS17004: Cannot use JSX unless the '--jsx' flag is provided.
src/pages/AiDocumentExtractionPage.tsx(350,17): error TS17004: Cannot use JSX unless the '--jsx' flag is provided.
src/pages/AiDocumentExtractionPage.tsx(351,20): error TS17004: Cannot use JSX unless the '--jsx' flag is provided.
src/pages/AiDocumentExtractionPage.tsx(352,23): error TS17004: Cannot use JSX unless the '--jsx' flag is provided.
src/pages/AiDocumentExtractionPage.tsx(353,23): error TS17004: Cannot use JSX unless the '--jsx' flag is provided.
src/pages/AiDocumentExtractionPage.tsx(357,17): error TS17004: Cannot use JSX unless the '--jsx' flag is provided.
src/pages/AiDocumentExtractionPage.tsx(358,19): error TS17004: Cannot use JSX unless the '--jsx' flag is provided.
src/pages/AiDocumentExtractionPage.tsx(359,21): error TS17004: Cannot use JSX unless the '--jsx' flag is provided.
src/pages/AiDocumentExtractionPage.tsx(360,23): error TS17004: Cannot use JSX unless the '--jsx' flag is provided.
src/pages/AiDocumentExtractionPage.tsx(362,21): error TS17004: Cannot use JSX unless the '--jsx' flag is provided.
src/pages/AiDocumentExtractionPage.tsx(363,23): error TS17004: Cannot use JSX unless the '--jsx' flag is provided.
src/pages/AiDocumentExtractionPage.tsx(364,23): error TS17004: Cannot use JSX unless the '--jsx' flag is provided.
src/pages/AiDocumentExtractionPage.tsx(367,19): error TS17004: Cannot use JSX unless the '--jsx' flag is provided.
src/pages/AiDocumentExtractionPage.tsx(371,15): error TS17004: Cannot use JSX unless the '--jsx' flag is provided.
src/pages/AiDocumentExtractionPage.tsx(372,17): error TS17004: Cannot use JSX unless the '--jsx' flag is provided.
src/pages/AiDocumentExtractionPage.tsx(373,19): error TS17004: Cannot use JSX unless the '--jsx' flag is provided.
src/pages/AiDocumentExtractionPage.tsx(374,21): error TS17004: Cannot use JSX unless the '--jsx' flag is provided.
src/pages/AiDocumentExtractionPage.tsx(375,21): error TS17004: Cannot use JSX unless the '--jsx' flag is provided.
src/pages/AiDocumentExtractionPage.tsx(377,19): error TS17004: Cannot use JSX unless the '--jsx' flag is provided.
src/pages/AiDocumentExtractionPage.tsx(380,17): error TS17004: Cannot use JSX unless the '--jsx' flag is provided.
src/pages/AiDocumentExtractionPage.tsx(381,19): error TS17004: Cannot use JSX unless the '--jsx' flag is provided.
src/pages/AiDocumentExtractionPage.tsx(382,19): error TS17004: Cannot use JSX unless the '--jsx' flag is provided.
src/pages/AiDocumentExtractionPage.tsx(383,19): error TS17004: Cannot use JSX unless the '--jsx' flag is provided.
src/pages/AiDocumentExtractionPage.tsx(384,19): error TS17004: Cannot use JSX unless the '--jsx' flag is provided.
src/pages/AiDocumentExtractionPage.tsx(385,19): error TS17004: Cannot use JSX unless the '--jsx' flag is provided.
src/pages/AiDocumentExtractionPage.tsx(386,19): error TS17004: Cannot use JSX unless the '--jsx' flag is provided.
src/pages/AiDocumentExtractionPage.tsx(389,17): error TS17004: Cannot use JSX unless the '--jsx' flag is provided.
src/pages/AiDocumentExtractionPage.tsx(390,19): error TS17004: Cannot use JSX unless the '--jsx' flag is provided.
src/pages/AiDocumentExtractionPage.tsx(393,19): error TS17004: Cannot use JSX unless the '--jsx' flag is provided.
src/pages/AiDocumentValidatorPage.tsx(2,24): error TS6142: Module '../components/PageHeader' was resolved to 'C:/Users/bheda/Music/Desktop/ExporTrack-AI/src/components/PageHeader.tsx', but '--jsx' is not set.
src/pages/AiDocumentValidatorPage.tsx(3,21): error TS6142: Module '../components/AppIcon' was resolved to 'C:/Users/bheda/Music/Desktop/ExporTrack-AI/src/components/AppIcon.tsx', but '--jsx' is not set.
src/pages/AiDocumentValidatorPage.tsx(113,5): error TS17004: Cannot use JSX unless the '--jsx' flag is provided.
src/pages/AiDocumentValidatorPage.tsx(114,7): error TS17004: Cannot use JSX unless the '--jsx' flag is provided.
src/pages/AiDocumentValidatorPage.tsx(129,7): error TS17004: Cannot use JSX unless the '--jsx' flag is provided.
src/pages/AiDocumentValidatorPage.tsx(135,9): error TS17004: Cannot use JSX unless the '--jsx' flag is provided.
src/pages/AiDocumentValidatorPage.tsx(145,11): error TS17004: Cannot use JSX unless the '--jsx' flag is provided.
src/pages/AiDocumentValidatorPage.tsx(146,13): error TS17004: Cannot use JSX unless the '--jsx' flag is provided.
src/pages/AiDocumentValidatorPage.tsx(148,11): error TS17004: Cannot use JSX unless the '--jsx' flag is provided.
src/pages/AiDocumentValidatorPage.tsx(149,11): error TS17004: Cannot use JSX unless the '--jsx' flag is provided.
src/pages/AiDocumentValidatorPage.tsx(150,67): error TS17004: Cannot use JSX unless the '--jsx' flag is provided.
src/pages/AiDocumentValidatorPage.tsx(152,11): error TS17004: Cannot use JSX unless the '--jsx' flag is provided.
src/pages/AiDocumentValidatorPage.tsx(153,13): error TS17004: Cannot use JSX unless the '--jsx' flag is provided.
src/pages/AiDocumentValidatorPage.tsx(154,13): error TS17004: Cannot use JSX unless the '--jsx' flag is provided.
src/pages/AiDocumentValidatorPage.tsx(155,13): error TS17004: Cannot use JSX unless the '--jsx' flag is provided.
src/pages/AiDocumentValidatorPage.tsx(157,11): error TS17004: Cannot use JSX unless the '--jsx' flag is provided.
src/pages/AiDocumentValidatorPage.tsx(162,9): error TS17004: Cannot use JSX unless the '--jsx' flag is provided.
src/pages/AiDocumentValidatorPage.tsx(163,11): error TS17004: Cannot use JSX unless the '--jsx' flag is provided.
src/pages/AiDocumentValidatorPage.tsx(164,13): error TS17004: Cannot use JSX unless the '--jsx' flag is provided.
src/pages/AiDocumentValidatorPage.tsx(165,13): error TS17004: Cannot use JSX unless the '--jsx' flag is provided.
src/pages/AiDocumentValidatorPage.tsx(166,15): error TS17004: Cannot use JSX unless the '--jsx' flag is provided.
src/pages/AiDocumentValidatorPage.tsx(169,11): error TS17004: Cannot use JSX unless the '--jsx' flag is provided.
src/pages/AiDocumentValidatorPage.tsx(172,11): error TS17004: Cannot use JSX unless the '--jsx' flag is provided.
src/pages/AiDocumentValidatorPage.tsx(175,11): error TS17004: Cannot use JSX unless the '--jsx' flag is provided.
src/pages/AiDocumentValidatorPage.tsx(176,13): error TS17004: Cannot use JSX unless the '--jsx' flag is provided.
src/pages/AiDocumentValidatorPage.tsx(182,9): error TS17004: Cannot use JSX unless the '--jsx' flag is provided.
src/pages/AiDocumentValidatorPage.tsx(184,11): error TS17004: Cannot use JSX unless the '--jsx' flag is provided.
src/pages/AiDocumentValidatorPage.tsx(185,13): error TS17004: Cannot use JSX unless the '--jsx' flag is provided.
src/pages/AiDocumentValidatorPage.tsx(186,15): error TS17004: Cannot use JSX unless the '--jsx' flag is provided.
src/pages/AiDocumentValidatorPage.tsx(188,17): error TS17004: Cannot use JSX unless the '--jsx' flag is provided.
src/pages/AiDocumentValidatorPage.tsx(189,20): error TS17004: Cannot use JSX unless the '--jsx' flag is provided.
src/pages/AiDocumentValidatorPage.tsx(190,22): error TS17004: Cannot use JSX unless the '--jsx' flag is provided.
src/pages/AiDocumentValidatorPage.tsx(191,24): error TS17004: Cannot use JSX unless the '--jsx' flag is provided.
src/pages/AiDocumentValidatorPage.tsx(192,24): error TS17004: Cannot use JSX unless the '--jsx' flag is provided.
src/pages/AiDocumentValidatorPage.tsx(201,22): error TS17004: Cannot use JSX unless the '--jsx' flag is provided.
src/pages/AiDocumentValidatorPage.tsx(202,24): error TS17004: Cannot use JSX unless the '--jsx' flag is provided.
src/pages/AiDocumentValidatorPage.tsx(203,24): error TS17004: Cannot use JSX unless the '--jsx' flag is provided.
src/pages/AiDocumentValidatorPage.tsx(206,20): error TS17004: Cannot use JSX unless the '--jsx' flag is provided.
src/pages/AiDocumentValidatorPage.tsx(207,22): error TS17004: Cannot use JSX unless the '--jsx' flag is provided.
src/pages/AiDocumentValidatorPage.tsx(217,17): error TS17004: Cannot use JSX unless the '--jsx' flag is provided.
src/pages/AiDocumentValidatorPage.tsx(218,19): error TS17004: Cannot use JSX unless the '--jsx' flag is provided.
src/pages/AiDocumentValidatorPage.tsx(219,21): error TS17004: Cannot use JSX unless the '--jsx' flag is provided.
src/pages/AiDocumentValidatorPage.tsx(220,23): error TS17004: Cannot use JSX unless the '--jsx' flag is provided.
src/pages/AiDocumentValidatorPage.tsx(221,23): error TS17004: Cannot use JSX unless the '--jsx' flag is provided.
src/pages/AiDocumentValidatorPage.tsx(222,23): error TS17004: Cannot use JSX unless the '--jsx' flag is provided.
src/pages/AiDocumentValidatorPage.tsx(223,25): error TS17004: Cannot use JSX unless the '--jsx' flag is provided.
src/pages/AiDocumentValidatorPage.tsx(224,28): error TS17004: Cannot use JSX unless the '--jsx' flag is provided.
src/pages/AiDocumentValidatorPage.tsx(227,25): error TS17004: Cannot use JSX unless the '--jsx' flag is provided.
src/pages/AiDocumentValidatorPage.tsx(228,28): error TS17004: Cannot use JSX unless the '--jsx' flag is provided.
src/pages/AiDocumentValidatorPage.tsx(233,21): error TS17004: Cannot use JSX unless the '--jsx' flag is provided.
src/pages/AiDocumentValidatorPage.tsx(234,23): error TS17004: Cannot use JSX unless the '--jsx' flag is provided.
src/pages/AiDocumentValidatorPage.tsx(238,19): error TS17004: Cannot use JSX unless the '--jsx' flag is provided.
src/pages/AiDocumentValidatorPage.tsx(239,21): error TS17004: Cannot use JSX unless the '--jsx' flag is provided.
src/pages/AiDocumentValidatorPage.tsx(240,23): error TS17004: Cannot use JSX unless the '--jsx' flag is provided.
src/pages/AiDocumentValidatorPage.tsx(241,23): error TS17004: Cannot use JSX unless the '--jsx' flag is provided.
src/pages/AiDocumentValidatorPage.tsx(243,21): error TS17004: Cannot use JSX unless the '--jsx' flag is provided.
src/pages/AiDocumentValidatorPage.tsx(244,23): error TS17004: Cannot use JSX unless the '--jsx' flag is provided.
src/pages/AiDocumentValidatorPage.tsx(245,23): error TS17004: Cannot use JSX unless the '--jsx' flag is provided.
src/pages/AiDocumentValidatorPage.tsx(247,21): error TS17004: Cannot use JSX unless the '--jsx' flag is provided.
src/pages/AiDocumentValidatorPage.tsx(248,23): error TS17004: Cannot use JSX unless the '--jsx' flag is provided.
src/pages/AiDocumentValidatorPage.tsx(249,23): error TS17004: Cannot use JSX unless the '--jsx' flag is provided.
src/pages/AiDocumentValidatorPage.tsx(256,13): error TS17004: Cannot use JSX unless the '--jsx' flag is provided.
src/pages/AiDocumentValidatorPage.tsx(257,15): error TS17004: Cannot use JSX unless the '--jsx' flag is provided.
src/pages/AiDocumentValidatorPage.tsx(258,15): error TS17004: Cannot use JSX unless the '--jsx' flag is provided.
src/pages/AiDocumentValidatorPage.tsx(260,19): error TS17004: Cannot use JSX unless the '--jsx' flag is provided.
src/pages/AiDocumentValidatorPage.tsx(261,21): error TS17004: Cannot use JSX unless the '--jsx' flag is provided.
src/pages/AiDocumentValidatorPage.tsx(266,23): error TS17004: Cannot use JSX unless the '--jsx' flag is provided.
src/pages/AiDocumentValidatorPage.tsx(268,21): error TS17004: Cannot use JSX unless the '--jsx' flag is provided.
src/pages/AiDocumentValidatorPage.tsx(269,23): error TS17004: Cannot use JSX unless the '--jsx' flag is provided.
src/pages/AiDocumentValidatorPage.tsx(270,25): error TS17004: Cannot use JSX unless the '--jsx' flag is provided.
src/pages/AiDocumentValidatorPage.tsx(271,25): error TS17004: Cannot use JSX unless the '--jsx' flag is provided.
src/pages/AiDocumentValidatorPage.tsx(273,23): error TS17004: Cannot use JSX unless the '--jsx' flag is provided.
src/pages/AiDocumentValidatorPage.tsx(282,11): error TS17004: Cannot use JSX unless the '--jsx' flag is provided.
src/pages/AiDocumentValidatorPage.tsx(283,13): error TS17004: Cannot use JSX unless the '--jsx' flag is provided.
src/pages/AiDocumentValidatorPage.tsx(284,16): error TS17004: Cannot use JSX unless the '--jsx' flag is provided.
src/pages/AiDocumentValidatorPage.tsx(285,18): error TS17004: Cannot use JSX unless the '--jsx' flag is provided.
src/pages/AiDocumentValidatorPage.tsx(286,18): error TS17004: Cannot use JSX unless the '--jsx' flag is provided.
src/pages/AiDocumentValidatorPage.tsx(288,16): error TS17004: Cannot use JSX unless the '--jsx' flag is provided.
src/pages/AiDocumentValidatorPage.tsx(290,20): error TS17004: Cannot use JSX unless the '--jsx' flag is provided.
src/pages/AiDocumentValidatorPage.tsx(291,22): error TS17004: Cannot use JSX unless the '--jsx' flag is provided.
src/pages/AiDocumentValidatorPage.tsx(292,22): error TS17004: Cannot use JSX unless the '--jsx' flag is provided.
src/pages/AiDocumentValidatorPage.tsx(296,16): error TS17004: Cannot use JSX unless the '--jsx' flag is provided.
src/pages/AiDocumentValidatorPage.tsx(299,16): error TS17004: Cannot use JSX unless the '--jsx' flag is provided.
src/pages/AiDocumentValidatorPage.tsx(303,18): error TS17004: Cannot use JSX unless the '--jsx' flag is provided.
src/pages/AiDocumentValidatorPage.tsx(308,13): error TS17004: Cannot use JSX unless the '--jsx' flag is provided.
src/pages/AiDocumentValidatorPage.tsx(309,16): error TS17004: Cannot use JSX unless the '--jsx' flag is provided.
src/pages/AiDocumentValidatorPage.tsx(310,16): error TS17004: Cannot use JSX unless the '--jsx' flag is provided.
src/pages/AiDocumentValidatorPage.tsx(311,71): error TS17004: Cannot use JSX unless the '--jsx' flag is provided.
src/pages/AiDocumentValidatorPage.tsx(313,16): error TS17004: Cannot use JSX unless the '--jsx' flag is provided.
src/pages/AiScanResultsPage.tsx(3,24): error TS6142: Module '../components/PageHeader' was resolved to 'C:/Users/bheda/Music/Desktop/ExporTrack-AI/src/components/PageHeader.tsx', but '--jsx' is not set.
src/pages/AiScanResultsPage.tsx(4,25): error TS6142: Module '../components/StatusBadge' was resolved to 'C:/Users/bheda/Music/Desktop/ExporTrack-AI/src/components/StatusBadge.tsx', but '--jsx' is not set.
src/pages/AiScanResultsPage.tsx(5,31): error TS6142: Module '../context/AppContext' was resolved to 'C:/Users/bheda/Music/Desktop/ExporTrack-AI/src/context/AppContext.tsx', but '--jsx' is not set.
src/pages/AiScanResultsPage.tsx(18,7): error TS17004: Cannot use JSX unless the '--jsx' flag is provided.
src/pages/AiScanResultsPage.tsx(19,9): error TS17004: Cannot use JSX unless the '--jsx' flag is provided.
src/pages/AiScanResultsPage.tsx(20,9): error TS17004: Cannot use JSX unless the '--jsx' flag is provided.
src/pages/AiScanResultsPage.tsx(28,5): error TS17004: Cannot use JSX unless the '--jsx' flag is provided.
src/pages/AiScanResultsPage.tsx(29,7): error TS17004: Cannot use JSX unless the '--jsx' flag is provided.
src/pages/AiScanResultsPage.tsx(33,11): error TS17004: Cannot use JSX unless the '--jsx' flag is provided.
src/pages/AiScanResultsPage.tsx(46,15): error TS17004: Cannot use JSX unless the '--jsx' flag is provided.
src/pages/AiScanResultsPage.tsx(47,17): error TS17004: Cannot use JSX unless the '--jsx' flag is provided.
src/pages/AiScanResultsPage.tsx(51,15): error TS17004: Cannot use JSX unless the '--jsx' flag is provided.
src/pages/AiScanResultsPage.tsx(57,7): error TS17004: Cannot use JSX unless the '--jsx' flag is provided.
src/pages/AiScanResultsPage.tsx(59,11): error TS17004: Cannot use JSX unless the '--jsx' flag is provided.
src/pages/AiScanResultsPage.tsx(60,13): error TS17004: Cannot use JSX unless the '--jsx' flag is provided.
src/pages/AiScanResultsPage.tsx(61,15): error TS17004: Cannot use JSX unless the '--jsx' flag is provided.
src/pages/AiScanResultsPage.tsx(62,15): error TS17004: Cannot use JSX unless the '--jsx' flag is provided.
src/pages/AiScanResultsPage.tsx(64,13): error TS17004: Cannot use JSX unless the '--jsx' flag is provided.
src/pages/AiScanResultsPage.tsx(65,15): error TS17004: Cannot use JSX unless the '--jsx' flag is provided.
src/pages/AiScanResultsPage.tsx(66,17): error TS17004: Cannot use JSX unless the '--jsx' flag is provided.
src/pages/AiScanResultsPage.tsx(67,17): error TS17004: Cannot use JSX unless the '--jsx' flag is provided.
src/pages/AiScanResultsPage.tsx(69,15): error TS17004: Cannot use JSX unless the '--jsx' flag is provided.
src/pages/AiScanResultsPage.tsx(70,17): error TS17004: Cannot use JSX unless the '--jsx' flag is provided.
src/pages/AiScanResultsPage.tsx(71,17): error TS17004: Cannot use JSX unless the '--jsx' flag is provided.
src/pages/AiScanResultsPage.tsx(73,15): error TS17004: Cannot use JSX unless the '--jsx' flag is provided.
src/pages/AiScanResultsPage.tsx(74,17): error TS17004: Cannot use JSX unless the '--jsx' flag is provided.
src/pages/AiScanResultsPage.tsx(75,17): error TS17004: Cannot use JSX unless the '--jsx' flag is provided.
src/pages/AiScanResultsPage.tsx(77,15): error TS17004: Cannot use JSX unless the '--jsx' flag is provided.
src/pages/AiScanResultsPage.tsx(78,17): error TS17004: Cannot use JSX unless the '--jsx' flag is provided.
src/pages/AiScanResultsPage.tsx(79,17): error TS17004: Cannot use JSX unless the '--jsx' flag is provided.
src/pages/AiScanResultsPage.tsx(81,15): error TS17004: Cannot use JSX unless the '--jsx' flag is provided.
src/pages/AiScanResultsPage.tsx(82,17): error TS17004: Cannot use JSX unless the '--jsx' flag is provided.
src/pages/AiScanResultsPage.tsx(83,17): error TS17004: Cannot use JSX unless the '--jsx' flag is provided.
src/pages/AiScanResultsPage.tsx(85,15): error TS17004: Cannot use JSX unless the '--jsx' flag is provided.
src/pages/AiScanResultsPage.tsx(86,17): error TS17004: Cannot use JSX unless the '--jsx' flag is provided.
src/pages/AiScanResultsPage.tsx(87,17): error TS17004: Cannot use JSX unless the '--jsx' flag is provided.
src/pages/AiScanResultsPage.tsx(94,7): error TS17004: Cannot use JSX unless the '--jsx' flag is provided.
src/pages/AiScanResultsPage.tsx(95,9): error TS17004: Cannot use JSX unless the '--jsx' flag is provided.
src/pages/AiScanResultsPage.tsx(98,9): error TS17004: Cannot use JSX unless the '--jsx' flag is provided.
src/pages/AnalyticsDashboardPage.tsx(2,31): error TS6142: Module '../context/AppContext' was resolved to 'C:/Users/bheda/Music/Desktop/ExporTrack-AI/src/context/AppContext.tsx', but '--jsx' is not set.
src/pages/AnalyticsDashboardPage.tsx(3,21): error TS6142: Module '../components/AppIcon' was resolved to 'C:/Users/bheda/Music/Desktop/ExporTrack-AI/src/components/AppIcon.tsx', but '--jsx' is not set.
src/pages/AnalyticsDashboardPage.tsx(11,62): error TS6142: Module '../components/SkeletonLoader' was resolved to 'C:/Users/bheda/Music/Desktop/ExporTrack-AI/src/components/SkeletonLoader.tsx', but '--jsx' is not set.
src/pages/AnalyticsDashboardPage.tsx(28,3): error TS17004: Cannot use JSX unless the '--jsx' flag is provided.
src/pages/AnalyticsDashboardPage.tsx(29,5): error TS17004: Cannot use JSX unless the '--jsx' flag is provided.
src/pages/AnalyticsDashboardPage.tsx(30,5): error TS17004: Cannot use JSX unless the '--jsx' flag is provided.
src/pages/AnalyticsDashboardPage.tsx(31,7): error TS17004: Cannot use JSX unless the '--jsx' flag is provided.
src/pages/AnalyticsDashboardPage.tsx(32,9): error TS17004: Cannot use JSX unless the '--jsx' flag is provided.
src/pages/AnalyticsDashboardPage.tsx(34,7): error TS17004: Cannot use JSX unless the '--jsx' flag is provided.
src/pages/AnalyticsDashboardPage.tsx(35,7): error TS17004: Cannot use JSX unless the '--jsx' flag is provided.
src/pages/AnalyticsDashboardPage.tsx(76,7): error TS17004: Cannot use JSX unless the '--jsx' flag is provided.
src/pages/AnalyticsDashboardPage.tsx(77,9): error TS17004: Cannot use JSX unless the '--jsx' flag is provided.
src/pages/AnalyticsDashboardPage.tsx(78,11): error TS17004: Cannot use JSX unless the '--jsx' flag is provided.
src/pages/AnalyticsDashboardPage.tsx(79,13): error TS17004: Cannot use JSX unless the '--jsx' flag is provided.
src/pages/AnalyticsDashboardPage.tsx(80,13): error TS17004: Cannot use JSX unless the '--jsx' flag is provided.
src/pages/AnalyticsDashboardPage.tsx(83,9): error TS17004: Cannot use JSX unless the '--jsx' flag is provided.
src/pages/AnalyticsDashboardPage.tsx(84,40): error TS17004: Cannot use JSX unless the '--jsx' flag is provided.
src/pages/AnalyticsDashboardPage.tsx(86,9): error TS17004: Cannot use JSX unless the '--jsx' flag is provided.
src/pages/AnalyticsDashboardPage.tsx(87,11): error TS17004: Cannot use JSX unless the '--jsx' flag is provided.
src/pages/AnalyticsDashboardPage.tsx(88,11): error TS17004: Cannot use JSX unless the '--jsx' flag is provided.
src/pages/AnalyticsDashboardPage.tsx(89,11): error TS17004: Cannot use JSX unless the '--jsx' flag is provided.
src/pages/AnalyticsDashboardPage.tsx(96,5): error TS17004: Cannot use JSX unless the '--jsx' flag is provided.
src/pages/AnalyticsDashboardPage.tsx(98,7): error TS17004: Cannot use JSX unless the '--jsx' flag is provided.
src/pages/AnalyticsDashboardPage.tsx(99,9): error TS17004: Cannot use JSX unless the '--jsx' flag is provided.
src/pages/AnalyticsDashboardPage.tsx(100,11): error TS17004: Cannot use JSX unless the '--jsx' flag is provided.
src/pages/AnalyticsDashboardPage.tsx(103,11): error TS17004: Cannot use JSX unless the '--jsx' flag is provided.
src/pages/AnalyticsDashboardPage.tsx(107,9): error TS17004: Cannot use JSX unless the '--jsx' flag is provided.
src/pages/AnalyticsDashboardPage.tsx(108,11): error TS17004: Cannot use JSX unless the '--jsx' flag is provided.
src/pages/AnalyticsDashboardPage.tsx(109,13): error TS17004: Cannot use JSX unless the '--jsx' flag is provided.
src/pages/AnalyticsDashboardPage.tsx(110,13): error TS17004: Cannot use JSX unless the '--jsx' flag is provided.
src/pages/AnalyticsDashboardPage.tsx(116,7): error TS17004: Cannot use JSX unless the '--jsx' flag is provided.
src/pages/AnalyticsDashboardPage.tsx(118,11): error TS17004: Cannot use JSX unless the '--jsx' flag is provided.
src/pages/AnalyticsDashboardPage.tsx(123,7): error TS17004: Cannot use JSX unless the '--jsx' flag is provided.
src/pages/AnalyticsDashboardPage.tsx(126,9): error TS17004: Cannot use JSX unless the '--jsx' flag is provided.
src/pages/AnalyticsDashboardPage.tsx(127,11): error TS17004: Cannot use JSX unless the '--jsx' flag is provided.
src/pages/AnalyticsDashboardPage.tsx(128,11): error TS17004: Cannot use JSX unless the '--jsx' flag is provided.
src/pages/AnalyticsDashboardPage.tsx(129,13): error TS17004: Cannot use JSX unless the '--jsx' flag is provided.
src/pages/AnalyticsDashboardPage.tsx(130,15): error TS17004: Cannot use JSX unless the '--jsx' flag is provided.
src/pages/AnalyticsDashboardPage.tsx(131,17): error TS17004: Cannot use JSX unless the '--jsx' flag is provided.
src/pages/AnalyticsDashboardPage.tsx(132,17): error TS17004: Cannot use JSX unless the '--jsx' flag is provided.
src/pages/AnalyticsDashboardPage.tsx(134,15): error TS17004: Cannot use JSX unless the '--jsx' flag is provided.
src/pages/AnalyticsDashboardPage.tsx(135,17): error TS17004: Cannot use JSX unless the '--jsx' flag is provided.
src/pages/AnalyticsDashboardPage.tsx(139,13): error TS17004: Cannot use JSX unless the '--jsx' flag is provided.
src/pages/AnalyticsDashboardPage.tsx(143,19): error TS17004: Cannot use JSX unless the '--jsx' flag is provided.
src/pages/AnalyticsDashboardPage.tsx(144,21): error TS17004: Cannot use JSX unless the '--jsx' flag is provided.
src/pages/AnalyticsDashboardPage.tsx(147,21): error TS17004: Cannot use JSX unless the '--jsx' flag is provided.
src/pages/AnalyticsDashboardPage.tsx(148,23): error TS17004: Cannot use JSX unless the '--jsx' flag is provided.
src/pages/AnalyticsDashboardPage.tsx(153,21): error TS17004: Cannot use JSX unless the '--jsx' flag is provided.
src/pages/AnalyticsDashboardPage.tsx(162,9): error TS17004: Cannot use JSX unless the '--jsx' flag is provided.
src/pages/AnalyticsDashboardPage.tsx(163,11): error TS17004: Cannot use JSX unless the '--jsx' flag is provided.
src/pages/AnalyticsDashboardPage.tsx(164,11): error TS17004: Cannot use JSX unless the '--jsx' flag is provided.
src/pages/AnalyticsDashboardPage.tsx(165,13): error TS17004: Cannot use JSX unless the '--jsx' flag is provided.
src/pages/AnalyticsDashboardPage.tsx(166,15): error TS17004: Cannot use JSX unless the '--jsx' flag is provided.
src/pages/AnalyticsDashboardPage.tsx(167,17): error TS17004: Cannot use JSX unless the '--jsx' flag is provided.
src/pages/AnalyticsDashboardPage.tsx(168,17): error TS17004: Cannot use JSX unless the '--jsx' flag is provided.
src/pages/AnalyticsDashboardPage.tsx(170,15): error TS17004: Cannot use JSX unless the '--jsx' flag is provided.
src/pages/AnalyticsDashboardPage.tsx(171,17): error TS17004: Cannot use JSX unless the '--jsx' flag is provided.
src/pages/AnalyticsDashboardPage.tsx(176,13): error TS17004: Cannot use JSX unless the '--jsx' flag is provided.
src/pages/AnalyticsDashboardPage.tsx(177,15): error TS17004: Cannot use JSX unless the '--jsx' flag is provided.
src/pages/AnalyticsDashboardPage.tsx(180,19): error TS17004: Cannot use JSX unless the '--jsx' flag is provided.
src/pages/AnalyticsDashboardPage.tsx(184,17): error TS17004: Cannot use JSX unless the '--jsx' flag is provided.
src/pages/AnalyticsDashboardPage.tsx(185,19): error TS17004: Cannot use JSX unless the '--jsx' flag is provided.
src/pages/AnalyticsDashboardPage.tsx(186,21): error TS17004: Cannot use JSX unless the '--jsx' flag is provided.
src/pages/AnalyticsDashboardPage.tsx(187,21): error TS17004: Cannot use JSX unless the '--jsx' flag is provided.
src/pages/AnalyticsDashboardPage.tsx(192,17): error TS17004: Cannot use JSX unless the '--jsx' flag is provided.
src/pages/AnalyticsDashboardPage.tsx(202,17): error TS17004: Cannot use JSX unless the '--jsx' flag is provided.
src/pages/AnalyticsDashboardPage.tsx(216,17): error TS17004: Cannot use JSX unless the '--jsx' flag is provided.
src/pages/AnalyticsDashboardPage.tsx(236,21): error TS17004: Cannot use JSX unless the '--jsx' flag is provided.
src/pages/AnalyticsDashboardPage.tsx(237,23): error TS17004: Cannot use JSX unless the '--jsx' flag is provided.
src/pages/AnalyticsDashboardPage.tsx(244,15): error TS17004: Cannot use JSX unless the '--jsx' flag is provided.
src/pages/AnalyticsDashboardPage.tsx(246,19): error TS17004: Cannot use JSX unless the '--jsx' flag is provided.
src/pages/AnalyticsDashboardPage.tsx(252,13): error TS17004: Cannot use JSX unless the '--jsx' flag is provided.
src/pages/AnalyticsDashboardPage.tsx(253,15): error TS17004: Cannot use JSX unless the '--jsx' flag is provided.
src/pages/AnalyticsDashboardPage.tsx(254,17): error TS17004: Cannot use JSX unless the '--jsx' flag is provided.
src/pages/AnalyticsDashboardPage.tsx(255,17): error TS17004: Cannot use JSX unless the '--jsx' flag is provided.
src/pages/AnalyticsDashboardPage.tsx(257,15): error TS17004: Cannot use JSX unless the '--jsx' flag is provided.
src/pages/AnalyticsDashboardPage.tsx(258,17): error TS17004: Cannot use JSX unless the '--jsx' flag is provided.
src/pages/AnalyticsDashboardPage.tsx(259,17): error TS17004: Cannot use JSX unless the '--jsx' flag is provided.
src/pages/AnalyticsDashboardPage.tsx(266,9): error TS17004: Cannot use JSX unless the '--jsx' flag is provided.
src/pages/AnalyticsDashboardPage.tsx(267,11): error TS17004: Cannot use JSX unless the '--jsx' flag is provided.
src/pages/AnalyticsDashboardPage.tsx(268,11): error TS17004: Cannot use JSX unless the '--jsx' flag is provided.
src/pages/AnalyticsDashboardPage.tsx(269,13): error TS17004: Cannot use JSX unless the '--jsx' flag is provided.
src/pages/AnalyticsDashboardPage.tsx(270,15): error TS17004: Cannot use JSX unless the '--jsx' flag is provided.
src/pages/AnalyticsDashboardPage.tsx(271,17): error TS17004: Cannot use JSX unless the '--jsx' flag is provided.
src/pages/AnalyticsDashboardPage.tsx(272,17): error TS17004: Cannot use JSX unless the '--jsx' flag is provided.
src/pages/AnalyticsDashboardPage.tsx(274,15): error TS17004: Cannot use JSX unless the '--jsx' flag is provided.
src/pages/AnalyticsDashboardPage.tsx(275,17): error TS17004: Cannot use JSX unless the '--jsx' flag is provided.
src/pages/AnalyticsDashboardPage.tsx(280,13): error TS17004: Cannot use JSX unless the '--jsx' flag is provided.
src/pages/AnalyticsDashboardPage.tsx(285,19): error TS17004: Cannot use JSX unless the '--jsx' flag is provided.
src/pages/AnalyticsDashboardPage.tsx(286,21): error TS17004: Cannot use JSX unless the '--jsx' flag is provided.
src/pages/AnalyticsDashboardPage.tsx(287,23): error TS17004: Cannot use JSX unless the '--jsx' flag is provided.
src/pages/AnalyticsDashboardPage.tsx(288,25): error TS17004: Cannot use JSX unless the '--jsx' flag is provided.
src/pages/AnalyticsDashboardPage.tsx(289,25): error TS17004: Cannot use JSX unless the '--jsx' flag is provided.
src/pages/AnalyticsDashboardPage.tsx(291,23): error TS17004: Cannot use JSX unless the '--jsx' flag is provided.
src/pages/AnalyticsDashboardPage.tsx(292,25): error TS17004: Cannot use JSX unless the '--jsx' flag is provided.
src/pages/AnalyticsDashboardPage.tsx(293,25): error TS17004: Cannot use JSX unless the '--jsx' flag is provided.
src/pages/AnalyticsDashboardPage.tsx(296,21): error TS17004: Cannot use JSX unless the '--jsx' flag is provided.
src/pages/AnalyticsDashboardPage.tsx(297,23): error TS17004: Cannot use JSX unless the '--jsx' flag is provided.
src/pages/AnalyticsDashboardPage.tsx(311,13): error TS17004: Cannot use JSX unless the '--jsx' flag is provided.
src/pages/AnalyticsDashboardPage.tsx(312,15): error TS17004: Cannot use JSX unless the '--jsx' flag is provided.
src/pages/AnalyticsDashboardPage.tsx(313,17): error TS17004: Cannot use JSX unless the '--jsx' flag is provided.
src/pages/AnalyticsDashboardPage.tsx(314,17): error TS17004: Cannot use JSX unless the '--jsx' flag is provided.
src/pages/AnalyticsDashboardPage.tsx(316,15): error TS17004: Cannot use JSX unless the '--jsx' flag is provided.
src/pages/AnalyticsDashboardPage.tsx(317,17): error TS17004: Cannot use JSX unless the '--jsx' flag is provided.
src/pages/AnalyticsDashboardPage.tsx(318,17): error TS17004: Cannot use JSX unless the '--jsx' flag is provided.
src/pages/AnalyticsDashboardPage.tsx(325,15): error TS17004: Cannot use JSX unless the '--jsx' flag is provided.
src/pages/AnalyticsDashboardPage.tsx(326,17): error TS17004: Cannot use JSX unless the '--jsx' flag is provided.
src/pages/AnalyticsDashboardPage.tsx(327,17): error TS17004: Cannot use JSX unless the '--jsx' flag is provided.
src/pages/AnalyticsDashboardPage.tsx(337,7): error TS17004: Cannot use JSX unless the '--jsx' flag is provided.
src/pages/AnalyticsDashboardPage.tsx(338,9): error TS17004: Cannot use JSX unless the '--jsx' flag is provided.
src/pages/AnalyticsDashboardPage.tsx(339,9): error TS17004: Cannot use JSX unless the '--jsx' flag is provided.
src/pages/AnalyticsDashboardPage.tsx(340,11): error TS17004: Cannot use JSX unless the '--jsx' flag is provided.
src/pages/AnalyticsDashboardPage.tsx(341,13): error TS17004: Cannot use JSX unless the '--jsx' flag is provided.
src/pages/AnalyticsDashboardPage.tsx(342,15): error TS17004: Cannot use JSX unless the '--jsx' flag is provided.
src/pages/AnalyticsDashboardPage.tsx(343,15): error TS17004: Cannot use JSX unless the '--jsx' flag is provided.
src/pages/AnalyticsDashboardPage.tsx(345,13): error TS17004: Cannot use JSX unless the '--jsx' flag is provided.
src/pages/AnalyticsDashboardPage.tsx(346,15): error TS17004: Cannot use JSX unless the '--jsx' flag is provided.
src/pages/AnalyticsDashboardPage.tsx(351,11): error TS17004: Cannot use JSX unless the '--jsx' flag is provided.
src/pages/AnalyticsDashboardPage.tsx(355,17): error TS17004: Cannot use JSX unless the '--jsx' flag is provided.
src/pages/AnalyticsDashboardPage.tsx(357,19): error TS17004: Cannot use JSX unless the '--jsx' flag is provided.
src/pages/AnalyticsDashboardPage.tsx(360,19): error TS17004: Cannot use JSX unless the '--jsx' flag is provided.
src/pages/AnalyticsDashboardPage.tsx(361,21): error TS17004: Cannot use JSX unless the '--jsx' flag is provided.
src/pages/AnalyticsDashboardPage.tsx(369,19): error TS17004: Cannot use JSX unless the '--jsx' flag is provided.
src/pages/AnalyticsDashboardPage.tsx(370,21): error TS17004: Cannot use JSX unless the '--jsx' flag is provided.
src/pages/AnalyticsDashboardPage.tsx(380,11): error TS17004: Cannot use JSX unless the '--jsx' flag is provided.
src/pages/AnalyticsDashboardPage.tsx(381,13): error TS17004: Cannot use JSX unless the '--jsx' flag is provided.
src/pages/AnalyticsDashboardPage.tsx(382,15): error TS17004: Cannot use JSX unless the '--jsx' flag is provided.
src/pages/AnalyticsDashboardPage.tsx(383,15): error TS17004: Cannot use JSX unless the '--jsx' flag is provided.
src/pages/AnalyticsDashboardPage.tsx(387,13): error TS17004: Cannot use JSX unless the '--jsx' flag is provided.
src/pages/AnalyticsDashboardPage.tsx(388,15): error TS17004: Cannot use JSX unless the '--jsx' flag is provided.
src/pages/AnalyticsDashboardPage.tsx(389,15): error TS17004: Cannot use JSX unless the '--jsx' flag is provided.
src/pages/AnalyticsDashboardPage.tsx(390,15): error TS17004: Cannot use JSX unless the '--jsx' flag is provided.
src/pages/AnalyticsDashboardPage.tsx(393,15): error TS17004: Cannot use JSX unless the '--jsx' flag is provided.
src/pages/AnalyticsDashboardPage.tsx(395,13): error TS17004: Cannot use JSX unless the '--jsx' flag is provided.
src/pages/AnalyticsDashboardPage.tsx(396,15): error TS17004: Cannot use JSX unless the '--jsx' flag is provided.
src/pages/AnalyticsDashboardPage.tsx(397,15): error TS17004: Cannot use JSX unless the '--jsx' flag is provided.
src/pages/AnalyticsDashboardPage.tsx(398,17): error TS17004: Cannot use JSX unless the '--jsx' flag is provided.
src/pages/AnalyticsDashboardPage.tsx(407,7): error TS17004: Cannot use JSX unless the '--jsx' flag is provided.
src/pages/AnalyticsDashboardPage.tsx(408,9): error TS17004: Cannot use JSX unless the '--jsx' flag is provided.
src/pages/AnalyticsDashboardPage.tsx(409,12): error TS17004: Cannot use JSX unless the '--jsx' flag is provided.
src/pages/AnalyticsDashboardPage.tsx(410,12): error TS17004: Cannot use JSX unless the '--jsx' flag is provided.
src/pages/AnalyticsDashboardPage.tsx(411,12): error TS17004: Cannot use JSX unless the '--jsx' flag is provided.
src/pages/AnalyticsDashboardPage.tsx(412,15): error TS17004: Cannot use JSX unless the '--jsx' flag is provided.
src/pages/AnalyticsDashboardPage.tsx(413,17): error TS17004: Cannot use JSX unless the '--jsx' flag is provided.
src/pages/AnalyticsDashboardPage.tsx(414,17): error TS17004: Cannot use JSX unless the '--jsx' flag is provided.
src/pages/AnalyticsDashboardPage.tsx(421,15): error TS17004: Cannot use JSX unless the '--jsx' flag is provided.
src/pages/AnalyticsDashboardPage.tsx(422,17): error TS17004: Cannot use JSX unless the '--jsx' flag is provided.
src/pages/AnalyticsDashboardPage.tsx(423,17): error TS17004: Cannot use JSX unless the '--jsx' flag is provided.
src/pages/AnalyticsDashboardPage.tsx(426,12): error TS17004: Cannot use JSX unless the '--jsx' flag is provided.
src/pages/AnalyticsDashboardPage.tsx(427,15): error TS17004: Cannot use JSX unless the '--jsx' flag is provided.
src/pages/AnalyticsDashboardPage.tsx(428,17): error TS17004: Cannot use JSX unless the '--jsx' flag is provided.
src/pages/AnalyticsDashboardPage.tsx(429,17): error TS17004: Cannot use JSX unless the '--jsx' flag is provided.
src/pages/AnalyticsDashboardPage.tsx(431,15): error TS17004: Cannot use JSX unless the '--jsx' flag is provided.
src/pages/AnalyticsDashboardPage.tsx(432,17): error TS17004: Cannot use JSX unless the '--jsx' flag is provided.
src/pages/AnalyticsDashboardPage.tsx(433,17): error TS17004: Cannot use JSX unless the '--jsx' flag is provided.
src/pages/AnalyticsDashboardPage.tsx(440,9): error TS17004: Cannot use JSX unless the '--jsx' flag is provided.
src/pages/AnalyticsDashboardPage.tsx(441,12): error TS17004: Cannot use JSX unless the '--jsx' flag is provided.
src/pages/AnalyticsDashboardPage.tsx(442,12): error TS17004: Cannot use JSX unless the '--jsx' flag is provided.
src/pages/AnalyticsDashboardPage.tsx(443,12): error TS17004: Cannot use JSX unless the '--jsx' flag is provided.
src/pages/AnalyticsDashboardPage.tsx(444,15): error TS17004: Cannot use JSX unless the '--jsx' flag is provided.
src/pages/AnalyticsDashboardPage.tsx(445,17): error TS17004: Cannot use JSX unless the '--jsx' flag is provided.
src/pages/AnalyticsDashboardPage.tsx(446,19): error TS17004: Cannot use JSX unless the '--jsx' flag is provided.
src/pages/AnalyticsDashboardPage.tsx(447,19): error TS17004: Cannot use JSX unless the '--jsx' flag is provided.
src/pages/AnalyticsDashboardPage.tsx(449,17): error TS17004: Cannot use JSX unless the '--jsx' flag is provided.
src/pages/AnalyticsDashboardPage.tsx(450,20): error TS17004: Cannot use JSX unless the '--jsx' flag is provided.
src/pages/AnalyticsDashboardPage.tsx(456,15): error TS17004: Cannot use JSX unless the '--jsx' flag is provided.
src/pages/AnalyticsDashboardPage.tsx(457,18): error TS17004: Cannot use JSX unless the '--jsx' flag is provided.
src/pages/AnalyticsDashboardPage.tsx(458,21): error TS17004: Cannot use JSX unless the '--jsx' flag is provided.
src/pages/AnalyticsDashboardPage.tsx(459,21): error TS17004: Cannot use JSX unless the '--jsx' flag is provided.
src/pages/AnalyticsDashboardPage.tsx(461,18): error TS17004: Cannot use JSX unless the '--jsx' flag is provided.
src/pages/AnalyticsDashboardPage.tsx(462,21): error TS17004: Cannot use JSX unless the '--jsx' flag is provided.
src/pages/AnalyticsDashboardPage.tsx(463,21): error TS17004: Cannot use JSX unless the '--jsx' flag is provided.
src/pages/AnalyticsDashboardPage.tsx(471,7): error TS17004: Cannot use JSX unless the '--jsx' flag is provided.
src/pages/AnalyticsDashboardPage.tsx(478,11): error TS17004: Cannot use JSX unless the '--jsx' flag is provided.
src/pages/AnalyticsDashboardPage.tsx(479,13): error TS17004: Cannot use JSX unless the '--jsx' flag is provided.
src/pages/AnalyticsDashboardPage.tsx(480,13): error TS17004: Cannot use JSX unless the '--jsx' flag is provided.
src/pages/AnalyticsDashboardPage.tsx(481,15): error TS17004: Cannot use JSX unless the '--jsx' flag is provided.
src/pages/AnalyticsDashboardPage.tsx(483,13): error TS17004: Cannot use JSX unless the '--jsx' flag is provided.
src/pages/AnalyticsDashboardPage.tsx(484,15): error TS17004: Cannot use JSX unless the '--jsx' flag is provided.
src/pages/AnalyticsDashboardPage.tsx(485,15): error TS17004: Cannot use JSX unless the '--jsx' flag is provided.
src/pages/AuditLogPage.tsx(6,24): error TS6142: Module '../components/PageHeader' was resolved to 'C:/Users/bheda/Music/Desktop/ExporTrack-AI/src/components/PageHeader.tsx', but '--jsx' is not set.
src/pages/AuditLogPage.tsx(7,21): error TS6142: Module '../components/AppIcon' was resolved to 'C:/Users/bheda/Music/Desktop/ExporTrack-AI/src/components/AppIcon.tsx', but '--jsx' is not set.
src/pages/AuditLogPage.tsx(17,31): error TS6142: Module '../context/AppContext' was resolved to 'C:/Users/bheda/Music/Desktop/ExporTrack-AI/src/context/AppContext.tsx', but '--jsx' is not set.
src/pages/AuditLogPage.tsx(31,34): error TS6142: Module '../components/AppIcon' was resolved to 'C:/Users/bheda/Music/Desktop/ExporTrack-AI/src/components/AppIcon.tsx', but '--jsx' is not set.
src/pages/AuditLogPage.tsx(84,9): error TS17004: Cannot use JSX unless the '--jsx' flag is provided.
src/pages/AuditLogPage.tsx(85,13): error TS17004: Cannot use JSX unless the '--jsx' flag is provided.
src/pages/AuditLogPage.tsx(91,13): error TS17004: Cannot use JSX unless the '--jsx' flag is provided.
src/pages/AuditLogPage.tsx(99,21): error TS17004: Cannot use JSX unless the '--jsx' flag is provided.
src/pages/AuditLogPage.tsx(100,25): error TS17004: Cannot use JSX unless the '--jsx' flag is provided.
src/pages/AuditLogPage.tsx(101,25): error TS17004: Cannot use JSX unless the '--jsx' flag is provided.
src/pages/AuditLogPage.tsx(107,13): error TS17004: Cannot use JSX unless the '--jsx' flag is provided.
src/pages/AuditLogPage.tsx(108,17): error TS17004: Cannot use JSX unless the '--jsx' flag is provided.
src/pages/AuditLogPage.tsx(110,21): error TS17004: Cannot use JSX unless the '--jsx' flag is provided.
src/pages/AuditLogPage.tsx(111,25): error TS17004: Cannot use JSX unless the '--jsx' flag is provided.
src/pages/AuditLogPage.tsx(112,25): error TS17004: Cannot use JSX unless the '--jsx' flag is provided.
src/pages/AuditLogPage.tsx(122,21): error TS17004: Cannot use JSX unless the '--jsx' flag is provided.
src/pages/AuditLogPage.tsx(127,25): error TS17004: Cannot use JSX unless the '--jsx' flag is provided.
src/pages/AuditLogPage.tsx(128,25): error TS17004: Cannot use JSX unless the '--jsx' flag is provided.
src/pages/AuditLogPage.tsx(129,25): error TS17004: Cannot use JSX unless the '--jsx' flag is provided.
src/pages/AuditLogPage.tsx(130,25): error TS17004: Cannot use JSX unless the '--jsx' flag is provided.
src/pages/AuditLogPage.tsx(134,21): error TS17004: Cannot use JSX unless the '--jsx' flag is provided.
src/pages/AuditLogPage.tsx(139,25): error TS17004: Cannot use JSX unless the '--jsx' flag is provided.
src/pages/AuditLogPage.tsx(140,25): error TS17004: Cannot use JSX unless the '--jsx' flag is provided.
src/pages/AuditLogPage.tsx(141,25): error TS17004: Cannot use JSX unless the '--jsx' flag is provided.
src/pages/AuditLogPage.tsx(142,25): error TS17004: Cannot use JSX unless the '--jsx' flag is provided.
src/pages/AuditLogPage.tsx(143,25): error TS17004: Cannot use JSX unless the '--jsx' flag is provided.
src/pages/AuditLogPage.tsx(144,25): error TS17004: Cannot use JSX unless the '--jsx' flag is provided.
src/pages/AuditLogPage.tsx(148,21): error TS17004: Cannot use JSX unless the '--jsx' flag is provided.
src/pages/AuditLogPage.tsx(157,25): error TS17004: Cannot use JSX unless the '--jsx' flag is provided.
src/pages/AuditLogPage.tsx(167,25): error TS17004: Cannot use JSX unless the '--jsx' flag is provided.
src/pages/AuditLogPage.tsx(171,29): error TS17004: Cannot use JSX unless the '--jsx' flag is provided.
src/pages/AuditLogPage.tsx(179,13): error TS17004: Cannot use JSX unless the '--jsx' flag is provided.
src/pages/AuditLogPage.tsx(180,17): error TS17004: Cannot use JSX unless the '--jsx' flag is provided.
src/pages/AuditLogPage.tsx(181,21): error TS17004: Cannot use JSX unless the '--jsx' flag is provided.
src/pages/AuditLogPage.tsx(183,25): error TS17004: Cannot use JSX unless the '--jsx' flag is provided.
src/pages/AuditLogPage.tsx(190,21): error TS17004: Cannot use JSX unless the '--jsx' flag is provided.
src/pages/AuditLogPage.tsx(191,25): error TS17004: Cannot use JSX unless the '--jsx' flag is provided.
src/pages/AuditLogPage.tsx(192,25): error TS17004: Cannot use JSX unless the '--jsx' flag is provided.
src/pages/AuditLogPage.tsx(193,25): error TS17004: Cannot use JSX unless the '--jsx' flag is provided.
src/pages/AuditLogPage.tsx(198,21): error TS17004: Cannot use JSX unless the '--jsx' flag is provided.
src/pages/AuditLogPage.tsx(200,29): error TS17004: Cannot use JSX unless the '--jsx' flag is provided.
src/pages/AuditLogPage.tsx(208,17): error TS17004: Cannot use JSX unless the '--jsx' flag is provided.
src/pages/AuditLogPage.tsx(209,21): error TS17004: Cannot use JSX unless the '--jsx' flag is provided.
src/pages/AuditLogPage.tsx(210,25): error TS17004: Cannot use JSX unless the '--jsx' flag is provided.
src/pages/AuditLogPage.tsx(211,29): error TS17004: Cannot use JSX unless the '--jsx' flag is provided.
src/pages/AuditLogPage.tsx(212,33): error TS17004: Cannot use JSX unless the '--jsx' flag is provided.
src/pages/AuditLogPage.tsx(214,29): error TS17004: Cannot use JSX unless the '--jsx' flag is provided.
src/pages/AuditLogPage.tsx(215,33): error TS17004: Cannot use JSX unless the '--jsx' flag is provided.
src/pages/AuditLogPage.tsx(216,33): error TS17004: Cannot use JSX unless the '--jsx' flag is provided.
src/pages/AuditLogPage.tsx(219,25): error TS17004: Cannot use JSX unless the '--jsx' flag is provided.
src/pages/AuditLogPage.tsx(220,29): error TS17004: Cannot use JSX unless the '--jsx' flag is provided.
src/pages/AuditLogPage.tsx(226,29): error TS17004: Cannot use JSX unless the '--jsx' flag is provided.
src/pages/AuditLogPage.tsx(244,9): error TS17004: Cannot use JSX unless the '--jsx' flag is provided.
src/pages/AuditLogPage.tsx(248,13): error TS17004: Cannot use JSX unless the '--jsx' flag is provided.
src/pages/AuditLogPage.tsx(250,17): error TS17004: Cannot use JSX unless the '--jsx' flag is provided.
src/pages/AuditLogPage.tsx(253,17): error TS17004: Cannot use JSX unless the '--jsx' flag is provided.
src/pages/AuditLogPage.tsx(254,21): error TS17004: Cannot use JSX unless the '--jsx' flag is provided.
src/pages/AuditLogPage.tsx(258,17): error TS17004: Cannot use JSX unless the '--jsx' flag is provided.
src/pages/AuditLogPage.tsx(259,21): error TS17004: Cannot use JSX unless the '--jsx' flag is provided.
src/pages/AuditLogPage.tsx(260,25): error TS17004: Cannot use JSX unless the '--jsx' flag is provided.
src/pages/AuditLogPage.tsx(263,25): error TS17004: Cannot use JSX unless the '--jsx' flag is provided.
src/pages/AuditLogPage.tsx(267,21): error TS17004: Cannot use JSX unless the '--jsx' flag is provided.
src/pages/AuditLogPage.tsx(268,25): error TS17004: Cannot use JSX unless the '--jsx' flag is provided.
src/pages/AuditLogPage.tsx(269,29): error TS17004: Cannot use JSX unless the '--jsx' flag is provided.
src/pages/AuditLogPage.tsx(273,29): error TS17004: Cannot use JSX unless the '--jsx' flag is provided.
src/pages/AuditLogPage.tsx(274,33): error TS17004: Cannot use JSX unless the '--jsx' flag is provided.
src/pages/AuditLogPage.tsx(278,25): error TS17004: Cannot use JSX unless the '--jsx' flag is provided.
src/pages/AuditLogPage.tsx(279,29): error TS17004: Cannot use JSX unless the '--jsx' flag is provided.
src/pages/AuditLogPage.tsx(286,25): error TS17004: Cannot use JSX unless the '--jsx' flag is provided.
src/pages/AuditLogPage.tsx(288,33): error TS17004: Cannot use JSX unless the '--jsx' flag is provided.
src/pages/AuditLogPage.tsx(289,37): error TS17004: Cannot use JSX unless the '--jsx' flag is provided.
src/pages/AuditLogPage.tsx(290,37): error TS17004: Cannot use JSX unless the '--jsx' flag is provided.
src/pages/AuditLogPage.tsx(294,33): error TS17004: Cannot use JSX unless the '--jsx' flag is provided.
src/pages/AuditLogPage.tsx(295,37): error TS17004: Cannot use JSX unless the '--jsx' flag is provided.
src/pages/AuditLogPage.tsx(296,37): error TS17004: Cannot use JSX unless the '--jsx' flag is provided.
src/pages/AuditLogPage.tsx(300,33): error TS17004: Cannot use JSX unless the '--jsx' flag is provided.
src/pages/AuditLogPage.tsx(301,37): error TS17004: Cannot use JSX unless the '--jsx' flag is provided.
src/pages/AuditLogPage.tsx(302,37): error TS17004: Cannot use JSX unless the '--jsx' flag is provided.
src/pages/AuditLogPage.tsx(310,17): error TS17004: Cannot use JSX unless the '--jsx' flag is provided.
src/pages/AuthPage.tsx(4,31): error TS6142: Module '../context/AppContext' was resolved to 'C:/Users/bheda/Music/Desktop/ExporTrack-AI/src/context/AppContext.tsx', but '--jsx' is not set.
src/pages/AuthPage.tsx(5,21): error TS6142: Module '../components/AppIcon' was resolved to 'C:/Users/bheda/Music/Desktop/ExporTrack-AI/src/components/AppIcon.tsx', but '--jsx' is not set.
src/pages/AuthPage.tsx(736,7): error TS17004: Cannot use JSX unless the '--jsx' flag is provided.
src/pages/AuthPage.tsx(737,9): error TS17004: Cannot use JSX unless the '--jsx' flag is provided.
src/pages/AuthPage.tsx(738,11): error TS17004: Cannot use JSX unless the '--jsx' flag is provided.
src/pages/AuthPage.tsx(741,11): error TS17004: Cannot use JSX unless the '--jsx' flag is provided.
src/pages/AuthPage.tsx(742,11): error TS17004: Cannot use JSX unless the '--jsx' flag is provided.
src/pages/AuthPage.tsx(745,11): error TS17004: Cannot use JSX unless the '--jsx' flag is provided.
src/pages/AuthPage.tsx(746,13): error TS17004: Cannot use JSX unless the '--jsx' flag is provided.
src/pages/AuthPage.tsx(755,13): error TS17004: Cannot use JSX unless the '--jsx' flag is provided.
src/pages/AuthPage.tsx(799,5): error TS17004: Cannot use JSX unless the '--jsx' flag is provided.
src/pages/AuthPage.tsx(800,7): error TS17004: Cannot use JSX unless the '--jsx' flag is provided.
src/pages/AuthPage.tsx(801,9): error TS17004: Cannot use JSX unless the '--jsx' flag is provided.
src/pages/AuthPage.tsx(803,11): error TS17004: Cannot use JSX unless the '--jsx' flag is provided.
src/pages/AuthPage.tsx(805,13): error TS17004: Cannot use JSX unless the '--jsx' flag is provided.
src/pages/AuthPage.tsx(806,13): error TS17004: Cannot use JSX unless the '--jsx' flag is provided.
src/pages/AuthPage.tsx(808,13): error TS17004: Cannot use JSX unless the '--jsx' flag is provided.
src/pages/AuthPage.tsx(810,15): error TS17004: Cannot use JSX unless the '--jsx' flag is provided.
src/pages/AuthPage.tsx(811,17): error TS17004: Cannot use JSX unless the '--jsx' flag is provided.
src/pages/AuthPage.tsx(812,19): error TS17004: Cannot use JSX unless the '--jsx' flag is provided.
src/pages/AuthPage.tsx(814,17): error TS17004: Cannot use JSX unless the '--jsx' flag is provided.
src/pages/AuthPage.tsx(815,29): error TS17004: Cannot use JSX unless the '--jsx' flag is provided.
src/pages/AuthPage.tsx(820,15): error TS17004: Cannot use JSX unless the '--jsx' flag is provided.
src/pages/AuthPage.tsx(821,17): error TS17004: Cannot use JSX unless the '--jsx' flag is provided.
src/pages/AuthPage.tsx(824,17): error TS17004: Cannot use JSX unless the '--jsx' flag is provided.
src/pages/AuthPage.tsx(830,15): error TS17004: Cannot use JSX unless the '--jsx' flag is provided.
src/pages/AuthPage.tsx(831,17): error TS17004: Cannot use JSX unless the '--jsx' flag is provided.
src/pages/AuthPage.tsx(832,19): error TS17004: Cannot use JSX unless the '--jsx' flag is provided.
src/pages/AuthPage.tsx(833,21): error TS17004: Cannot use JSX unless the '--jsx' flag is provided.
src/pages/AuthPage.tsx(835,19): error TS17004: Cannot use JSX unless the '--jsx' flag is provided.
src/pages/AuthPage.tsx(837,17): error TS17004: Cannot use JSX unless the '--jsx' flag is provided.
src/pages/AuthPage.tsx(838,19): error TS17004: Cannot use JSX unless the '--jsx' flag is provided.
src/pages/AuthPage.tsx(839,21): error TS17004: Cannot use JSX unless the '--jsx' flag is provided.
src/pages/AuthPage.tsx(841,19): error TS17004: Cannot use JSX unless the '--jsx' flag is provided.
src/pages/AuthPage.tsx(843,17): error TS17004: Cannot use JSX unless the '--jsx' flag is provided.
src/pages/AuthPage.tsx(844,19): error TS17004: Cannot use JSX unless the '--jsx' flag is provided.
src/pages/AuthPage.tsx(845,21): error TS17004: Cannot use JSX unless the '--jsx' flag is provided.
src/pages/AuthPage.tsx(847,19): error TS17004: Cannot use JSX unless the '--jsx' flag is provided.
src/pages/AuthPage.tsx(853,13): error TS17004: Cannot use JSX unless the '--jsx' flag is provided.
src/pages/AuthPage.tsx(854,15): error TS17004: Cannot use JSX unless the '--jsx' flag is provided.
src/pages/AuthPage.tsx(855,17): error TS17004: Cannot use JSX unless the '--jsx' flag is provided.
src/pages/AuthPage.tsx(863,11): error TS17004: Cannot use JSX unless the '--jsx' flag is provided.
src/pages/AuthPage.tsx(864,13): error TS17004: Cannot use JSX unless the '--jsx' flag is provided.
src/pages/AuthPage.tsx(866,15): error TS17004: Cannot use JSX unless the '--jsx' flag is provided.
src/pages/AuthPage.tsx(867,17): error TS17004: Cannot use JSX unless the '--jsx' flag is provided.
src/pages/AuthPage.tsx(875,17): error TS17004: Cannot use JSX unless the '--jsx' flag is provided.
src/pages/AuthPage.tsx(891,17): error TS17004: Cannot use JSX unless the '--jsx' flag is provided.
src/pages/AuthPage.tsx(892,19): error TS17004: Cannot use JSX unless the '--jsx' flag is provided.
src/pages/AuthPage.tsx(893,21): error TS17004: Cannot use JSX unless the '--jsx' flag is provided.
src/pages/AuthPage.tsx(894,21): error TS17004: Cannot use JSX unless the '--jsx' flag is provided.
src/pages/AuthPage.tsx(895,23): error TS17004: Cannot use JSX unless the '--jsx' flag is provided.
src/pages/AuthPage.tsx(896,23): error TS17004: Cannot use JSX unless the '--jsx' flag is provided.
src/pages/AuthPage.tsx(906,17): error TS17004: Cannot use JSX unless the '--jsx' flag is provided.
src/pages/AuthPage.tsx(907,19): error TS17004: Cannot use JSX unless the '--jsx' flag is provided.
src/pages/AuthPage.tsx(908,21): error TS17004: Cannot use JSX unless the '--jsx' flag is provided.
src/pages/AuthPage.tsx(909,21): error TS17004: Cannot use JSX unless the '--jsx' flag is provided.
src/pages/AuthPage.tsx(910,23): error TS17004: Cannot use JSX unless the '--jsx' flag is provided.
src/pages/AuthPage.tsx(911,23): error TS17004: Cannot use JSX unless the '--jsx' flag is provided.
src/pages/AuthPage.tsx(918,15): error TS17004: Cannot use JSX unless the '--jsx' flag is provided.
src/pages/AuthPage.tsx(921,19): error TS17004: Cannot use JSX unless the '--jsx' flag is provided.
src/pages/AuthPage.tsx(923,21): error TS17004: Cannot use JSX unless the '--jsx' flag is provided.
src/pages/AuthPage.tsx(924,23): error TS17004: Cannot use JSX unless the '--jsx' flag is provided.
src/pages/AuthPage.tsx(927,23): error TS17004: Cannot use JSX unless the '--jsx' flag is provided.
src/pages/AuthPage.tsx(928,25): error TS17004: Cannot use JSX unless the '--jsx' flag is provided.
src/pages/AuthPage.tsx(941,27): error TS17004: Cannot use JSX unless the '--jsx' flag is provided.
src/pages/AuthPage.tsx(942,29): error TS17004: Cannot use JSX unless the '--jsx' flag is provided.
src/pages/AuthPage.tsx(946,27): error TS17004: Cannot use JSX unless the '--jsx' flag is provided.
src/pages/AuthPage.tsx(947,29): error TS17004: Cannot use JSX unless the '--jsx' flag is provided.
src/pages/AuthPage.tsx(952,25): error TS17004: Cannot use JSX unless the '--jsx' flag is provided.
src/pages/AuthPage.tsx(953,27): error TS17004: Cannot use JSX unless the '--jsx' flag is provided.
src/pages/AuthPage.tsx(960,21): error TS17004: Cannot use JSX unless the '--jsx' flag is provided.
src/pages/AuthPage.tsx(967,25): error TS17004: Cannot use JSX unless the '--jsx' flag is provided.
src/pages/AuthPage.tsx(968,27): error TS17004: Cannot use JSX unless the '--jsx' flag is provided.
src/pages/AuthPage.tsx(980,19): error TS17004: Cannot use JSX unless the '--jsx' flag is provided.
src/pages/AuthPage.tsx(982,21): error TS17004: Cannot use JSX unless the '--jsx' flag is provided.
src/pages/AuthPage.tsx(983,23): error TS17004: Cannot use JSX unless the '--jsx' flag is provided.
src/pages/AuthPage.tsx(986,23): error TS17004: Cannot use JSX unless the '--jsx' flag is provided.
src/pages/AuthPage.tsx(988,27): error TS17004: Cannot use JSX unless the '--jsx' flag is provided.
src/pages/AuthPage.tsx(1008,25): error TS17004: Cannot use JSX unless the '--jsx' flag is provided.
src/pages/AuthPage.tsx(1009,27): error TS17004: Cannot use JSX unless the '--jsx' flag is provided.
src/pages/AuthPage.tsx(1014,25): error TS17004: Cannot use JSX unless the '--jsx' flag is provided.
src/pages/AuthPage.tsx(1015,27): error TS17004: Cannot use JSX unless the '--jsx' flag is provided.
src/pages/AuthPage.tsx(1022,21): error TS17004: Cannot use JSX unless the '--jsx' flag is provided.
src/pages/AuthPage.tsx(1029,25): error TS17004: Cannot use JSX unless the '--jsx' flag is provided.
src/pages/AuthPage.tsx(1030,27): error TS17004: Cannot use JSX unless the '--jsx' flag is provided.
src/pages/AuthPage.tsx(1039,21): error TS17004: Cannot use JSX unless the '--jsx' flag is provided.
src/pages/AuthPage.tsx(1041,25): error TS17004: Cannot use JSX unless the '--jsx' flag is provided.
src/pages/AuthPage.tsx(1042,42): error TS17004: Cannot use JSX unless the '--jsx' flag is provided.
src/pages/AuthPage.tsx(1045,25): error TS17004: Cannot use JSX unless the '--jsx' flag is provided.
src/pages/AuthPage.tsx(1057,21): error TS17004: Cannot use JSX unless the '--jsx' flag is provided.
src/pages/AuthPage.tsx(1058,23): error TS17004: Cannot use JSX unless the '--jsx' flag is provided.
src/pages/AuthPage.tsx(1072,19): error TS17004: Cannot use JSX unless the '--jsx' flag is provided.
src/pages/AuthPage.tsx(1075,23): error TS17004: Cannot use JSX unless the '--jsx' flag is provided.
src/pages/AuthPage.tsx(1076,25): error TS17004: Cannot use JSX unless the '--jsx' flag is provided.
src/pages/AuthPage.tsx(1077,27): error TS17004: Cannot use JSX unless the '--jsx' flag is provided.
src/pages/AuthPage.tsx(1080,27): error TS17004: Cannot use JSX unless the '--jsx' flag is provided.
src/pages/AuthPage.tsx(1092,29): error TS17004: Cannot use JSX unless the '--jsx' flag is provided.
src/pages/AuthPage.tsx(1093,31): error TS17004: Cannot use JSX unless the '--jsx' flag is provided.
src/pages/AuthPage.tsx(1098,25): error TS17004: Cannot use JSX unless the '--jsx' flag is provided.
src/pages/AuthPage.tsx(1099,27): error TS17004: Cannot use JSX unless the '--jsx' flag is provided.
src/pages/AuthPage.tsx(1102,27): error TS17004: Cannot use JSX unless the '--jsx' flag is provided.
src/pages/AuthPage.tsx(1114,29): error TS17004: Cannot use JSX unless the '--jsx' flag is provided.
src/pages/AuthPage.tsx(1115,31): error TS17004: Cannot use JSX unless the '--jsx' flag is provided.
src/pages/AuthPage.tsx(1124,21): error TS17004: Cannot use JSX unless the '--jsx' flag is provided.
src/pages/AuthPage.tsx(1125,23): error TS17004: Cannot use JSX unless the '--jsx' flag is provided.
src/pages/AuthPage.tsx(1126,25): error TS17004: Cannot use JSX unless the '--jsx' flag is provided.
src/pages/AuthPage.tsx(1128,23): error TS17004: Cannot use JSX unless the '--jsx' flag is provided.
src/pages/AuthPage.tsx(1129,25): error TS17004: Cannot use JSX unless the '--jsx' flag is provided.
src/pages/AuthPage.tsx(1130,25): error TS17004: Cannot use JSX unless the '--jsx' flag is provided.
src/pages/AuthPage.tsx(1132,23): error TS17004: Cannot use JSX unless the '--jsx' flag is provided.
src/pages/AuthPage.tsx(1142,21): error TS17004: Cannot use JSX unless the '--jsx' flag is provided.
src/pages/AuthPage.tsx(1143,23): error TS17004: Cannot use JSX unless the '--jsx' flag is provided.
src/pages/AuthPage.tsx(1146,27): error TS17004: Cannot use JSX unless the '--jsx' flag is provided.
src/pages/AuthPage.tsx(1151,23): error TS17004: Cannot use JSX unless the '--jsx' flag is provided.
src/pages/AuthPage.tsx(1152,25): error TS17004: Cannot use JSX unless the '--jsx' flag is provided.
src/pages/AuthPage.tsx(1165,25): error TS17004: Cannot use JSX unless the '--jsx' flag is provided.
src/pages/AuthPage.tsx(1173,29): error TS17004: Cannot use JSX unless the '--jsx' flag is provided.
src/pages/AuthPage.tsx(1174,31): error TS17004: Cannot use JSX unless the '--jsx' flag is provided.
src/pages/AuthPage.tsx(1177,29): error TS17004: Cannot use JSX unless the '--jsx' flag is provided.
src/pages/AuthPage.tsx(1178,31): error TS17004: Cannot use JSX unless the '--jsx' flag is provided.
src/pages/AuthPage.tsx(1179,31): error TS17004: Cannot use JSX unless the '--jsx' flag is provided.
src/pages/AuthPage.tsx(1185,25): error TS17004: Cannot use JSX unless the '--jsx' flag is provided.
src/pages/AuthPage.tsx(1186,27): error TS17004: Cannot use JSX unless the '--jsx' flag is provided.
src/pages/AuthPage.tsx(1193,25): error TS17004: Cannot use JSX unless the '--jsx' flag is provided.
src/pages/AuthPage.tsx(1194,27): error TS17004: Cannot use JSX unless the '--jsx' flag is provided.
src/pages/AuthPage.tsx(1195,29): error TS17004: Cannot use JSX unless the '--jsx' flag is provided.
src/pages/AuthPage.tsx(1196,31): error TS17004: Cannot use JSX unless the '--jsx' flag is provided.
src/pages/AuthPage.tsx(1205,29): error TS17004: Cannot use JSX unless the '--jsx' flag is provided.
src/pages/AuthPage.tsx(1213,27): error TS17004: Cannot use JSX unless the '--jsx' flag is provided.
src/pages/AuthPage.tsx(1221,31): error TS17004: Cannot use JSX unless the '--jsx' flag is provided.
src/pages/AuthPage.tsx(1238,23): error TS17004: Cannot use JSX unless the '--jsx' flag is provided.
src/pages/AuthPage.tsx(1239,25): error TS17004: Cannot use JSX unless the '--jsx' flag is provided.
src/pages/AuthPage.tsx(1245,25): error TS17004: Cannot use JSX unless the '--jsx' flag is provided.
src/pages/AuthPage.tsx(1249,27): error TS17004: Cannot use JSX unless the '--jsx' flag is provided.
src/pages/AuthPage.tsx(1250,29): error TS17004: Cannot use JSX unless the '--jsx' flag is provided.
src/pages/AuthPage.tsx(1251,31): error TS17004: Cannot use JSX unless the '--jsx' flag is provided.
src/pages/AuthPage.tsx(1253,29): error TS17004: Cannot use JSX unless the '--jsx' flag is provided.
src/pages/AuthPage.tsx(1259,27): error TS17004: Cannot use JSX unless the '--jsx' flag is provided.
src/pages/AuthPage.tsx(1260,29): error TS17004: Cannot use JSX unless the '--jsx' flag is provided.
src/pages/AuthPage.tsx(1261,29): error TS17004: Cannot use JSX unless the '--jsx' flag is provided.
src/pages/AuthPage.tsx(1267,21): error TS17004: Cannot use JSX unless the '--jsx' flag is provided.
src/pages/AuthPage.tsx(1273,25): error TS17004: Cannot use JSX unless the '--jsx' flag is provided.
src/pages/AuthPage.tsx(1274,27): error TS17004: Cannot use JSX unless the '--jsx' flag is provided.
src/pages/AuthPage.tsx(1278,25): error TS17004: Cannot use JSX unless the '--jsx' flag is provided.
src/pages/AuthPage.tsx(1281,29): error TS17004: Cannot use JSX unless the '--jsx' flag is provided.
src/pages/AuthPage.tsx(1282,31): error TS17004: Cannot use JSX unless the '--jsx' flag is provided.
src/pages/AuthPage.tsx(1294,17): error TS17004: Cannot use JSX unless the '--jsx' flag is provided.
src/pages/AuthPage.tsx(1295,19): error TS17004: Cannot use JSX unless the '--jsx' flag is provided.
src/pages/AuthPage.tsx(1296,21): error TS17004: Cannot use JSX unless the '--jsx' flag is provided.
src/pages/AuthPage.tsx(1297,21): error TS17004: Cannot use JSX unless the '--jsx' flag is provided.
src/pages/AuthPage.tsx(1298,21): error TS17004: Cannot use JSX unless the '--jsx' flag is provided.
src/pages/AuthPage.tsx(1302,19): error TS17004: Cannot use JSX unless the '--jsx' flag is provided.
src/pages/AuthPage.tsx(1304,23): error TS17004: Cannot use JSX unless the '--jsx' flag is provided.
src/pages/AuthPage.tsx(1305,25): error TS17004: Cannot use JSX unless the '--jsx' flag is provided.
src/pages/AuthPage.tsx(1306,25): error TS17004: Cannot use JSX unless the '--jsx' flag is provided.
src/pages/AuthPage.tsx(1307,27): error TS17004: Cannot use JSX unless the '--jsx' flag is provided.
src/pages/AuthPage.tsx(1310,27): error TS17004: Cannot use JSX unless the '--jsx' flag is provided.
src/pages/AuthPage.tsx(1316,23): error TS17004: Cannot use JSX unless the '--jsx' flag is provided.
src/pages/AuthPage.tsx(1317,25): error TS17004: Cannot use JSX unless the '--jsx' flag is provided.
src/pages/AuthPage.tsx(1318,25): error TS17004: Cannot use JSX unless the '--jsx' flag is provided.
src/pages/AuthPage.tsx(1322,21): error TS17004: Cannot use JSX unless the '--jsx' flag is provided.
src/pages/AuthPage.tsx(1332,17): error TS17004: Cannot use JSX unless the '--jsx' flag is provided.
src/pages/AuthPage.tsx(1333,19): error TS17004: Cannot use JSX unless the '--jsx' flag is provided.
src/pages/AuthPage.tsx(1335,21): error TS17004: Cannot use JSX unless the '--jsx' flag is provided.
src/pages/AuthPage.tsx(1348,15): error TS17004: Cannot use JSX unless the '--jsx' flag is provided.
src/pages/AuthPage.tsx(1349,17): error TS17004: Cannot use JSX unless the '--jsx' flag is provided.
src/pages/AuthPage.tsx(1351,21): error TS17004: Cannot use JSX unless the '--jsx' flag is provided.
src/pages/AuthPage.tsx(1352,23): error TS17004: Cannot use JSX unless the '--jsx' flag is provided.
src/pages/AuthPage.tsx(1353,23): error TS17004: Cannot use JSX unless the '--jsx' flag is provided.
src/pages/AuthPage.tsx(1356,19): error TS17004: Cannot use JSX unless the '--jsx' flag is provided.
src/pages/AuthPage.tsx(1357,21): error TS17004: Cannot use JSX unless the '--jsx' flag is provided.
src/pages/AuthPage.tsx(1358,21): error TS17004: Cannot use JSX unless the '--jsx' flag is provided.
src/pages/AuthPage.tsx(1360,19): error TS17004: Cannot use JSX unless the '--jsx' flag is provided.
src/pages/AuthPage.tsx(1361,21): error TS17004: Cannot use JSX unless the '--jsx' flag is provided.
src/pages/AuthPage.tsx(1362,21): error TS17004: Cannot use JSX unless the '--jsx' flag is provided.
src/pages/AuthPage.tsx(1365,21): error TS17004: Cannot use JSX unless the '--jsx' flag is provided.
src/pages/AuthPage.tsx(1366,23): error TS17004: Cannot use JSX unless the '--jsx' flag is provided.
src/pages/AuthPage.tsx(1367,23): error TS17004: Cannot use JSX unless the '--jsx' flag is provided.
src/pages/AuthPage.tsx(1377,9): error TS17004: Cannot use JSX unless the '--jsx' flag is provided.
src/pages/CertificateOfOriginGenerator.tsx(5,21): error TS6142: Module '../components/AppIcon' was resolved to 'C:/Users/bheda/Music/Desktop/ExporTrack-AI/src/components/AppIcon.tsx', but '--jsx' is not set.
src/pages/CertificateOfOriginGenerator.tsx(9,31): error TS6142: Module '../components/ShowForPermission' was resolved to 'C:/Users/bheda/Music/Desktop/ExporTrack-AI/src/components/ShowForPermission.tsx', but '--jsx' is not set.
src/pages/CertificateOfOriginGenerator.tsx(10,31): error TS6142: Module '../context/AppContext' was resolved to 'C:/Users/bheda/Music/Desktop/ExporTrack-AI/src/context/AppContext.tsx', but '--jsx' is not set.
src/pages/CertificateOfOriginGenerator.tsx(86,7): error TS17004: Cannot use JSX unless the '--jsx' flag is provided.
src/pages/CertificateOfOriginGenerator.tsx(87,9): error TS17004: Cannot use JSX unless the '--jsx' flag is provided.
src/pages/CertificateOfOriginGenerator.tsx(88,11): error TS17004: Cannot use JSX unless the '--jsx' flag is provided.
src/pages/CertificateOfOriginGenerator.tsx(89,13): error TS17004: Cannot use JSX unless the '--jsx' flag is provided.
src/pages/CertificateOfOriginGenerator.tsx(90,13): error TS17004: Cannot use JSX unless the '--jsx' flag is provided.
src/pages/CertificateOfOriginGenerator.tsx(92,11): error TS17004: Cannot use JSX unless the '--jsx' flag is provided.
src/pages/CertificateOfOriginGenerator.tsx(93,13): error TS17004: Cannot use JSX unless the '--jsx' flag is provided.
src/pages/CertificateOfOriginGenerator.tsx(93,96): error TS17004: Cannot use JSX unless the '--jsx' flag is provided.
src/pages/CertificateOfOriginGenerator.tsx(97,11): error TS17004: Cannot use JSX unless the '--jsx' flag is provided.
src/pages/CertificateOfOriginGenerator.tsx(98,13): error TS17004: Cannot use JSX unless the '--jsx' flag is provided.
src/pages/CertificateOfOriginGenerator.tsx(98,199): error TS17004: Cannot use JSX unless the '--jsx' flag is provided.
src/pages/CertificateOfOriginGenerator.tsx(99,13): error TS17004: Cannot use JSX unless the '--jsx' flag is provided.
src/pages/CertificateOfOriginGenerator.tsx(100,13): error TS17004: Cannot use JSX unless the '--jsx' flag is provided.
src/pages/CertificateOfOriginGenerator.tsx(101,13): error TS17004: Cannot use JSX unless the '--jsx' flag is provided.
src/pages/CertificateOfOriginGenerator.tsx(101,62): error TS17004: Cannot use JSX unless the '--jsx' flag is provided.
src/pages/CertificateOfOriginGenerator.tsx(101,145): error TS17004: Cannot use JSX unless the '--jsx' flag is provided.
src/pages/CertificateOfOriginGenerator.tsx(104,11): error TS17004: Cannot use JSX unless the '--jsx' flag is provided.
src/pages/CertificateOfOriginGenerator.tsx(108,17): error TS17004: Cannot use JSX unless the '--jsx' flag is provided.
src/pages/CertificateOfOriginGenerator.tsx(109,19): error TS17004: Cannot use JSX unless the '--jsx' flag is provided.
src/pages/CertificateOfOriginGenerator.tsx(110,21): error TS17004: Cannot use JSX unless the '--jsx' flag is provided.
src/pages/CertificateOfOriginGenerator.tsx(111,23): error TS17004: Cannot use JSX unless the '--jsx' flag is provided.
src/pages/CertificateOfOriginGenerator.tsx(112,23): error TS17004: Cannot use JSX unless the '--jsx' flag is provided.
src/pages/CertificateOfOriginGenerator.tsx(113,23): error TS17004: Cannot use JSX unless the '--jsx' flag is provided.
src/pages/CertificateOfOriginGenerator.tsx(115,21): error TS17004: Cannot use JSX unless the '--jsx' flag is provided.
src/pages/CertificateOfOriginGenerator.tsx(117,19): error TS17004: Cannot use JSX unless the '--jsx' flag is provided.
src/pages/CertificateOfOriginGenerator.tsx(118,21): error TS17004: Cannot use JSX unless the '--jsx' flag is provided.
src/pages/CertificateOfOriginGenerator.tsx(118,98): error TS17004: Cannot use JSX unless the '--jsx' flag is provided.
src/pages/CertificateOfOriginGenerator.tsx(119,21): error TS17004: Cannot use JSX unless the '--jsx' flag is provided.
src/pages/CertificateOfOriginGenerator.tsx(119,99): error TS17004: Cannot use JSX unless the '--jsx' flag is provided.
src/pages/CertificateOfOriginGenerator.tsx(120,49): error TS17004: Cannot use JSX unless the '--jsx' flag is provided.
src/pages/CertificateOfOriginGenerator.tsx(121,23): error TS17004: Cannot use JSX unless the '--jsx' flag is provided.
src/pages/CertificateOfOriginGenerator.tsx(121,96): error TS17004: Cannot use JSX unless the '--jsx' flag is provided.
src/pages/CertificateOfOriginGenerator.tsx(122,23): error TS17004: Cannot use JSX unless the '--jsx' flag is provided.
src/pages/CertificateOfOriginGenerator.tsx(122,73): error TS17004: Cannot use JSX unless the '--jsx' flag is provided.
src/pages/CertificateOfOriginGenerator.tsx(123,23): error TS17004: Cannot use JSX unless the '--jsx' flag is provided.
src/pages/CertificateOfOriginGenerator.tsx(123,72): error TS17004: Cannot use JSX unless the '--jsx' flag is provided.
src/pages/CertificateOfOriginGenerator.tsx(131,19): error TS17004: Cannot use JSX unless the '--jsx' flag is provided.
src/pages/CertificateOfOriginGenerator.tsx(137,5): error TS17004: Cannot use JSX unless the '--jsx' flag is provided.
src/pages/CertificateOfOriginGenerator.tsx(138,7): error TS17004: Cannot use JSX unless the '--jsx' flag is provided.
src/pages/CertificateOfOriginGenerator.tsx(139,9): error TS17004: Cannot use JSX unless the '--jsx' flag is provided.
src/pages/CertificateOfOriginGenerator.tsx(140,11): error TS17004: Cannot use JSX unless the '--jsx' flag is provided.
src/pages/CertificateOfOriginGenerator.tsx(140,86): error TS17004: Cannot use JSX unless the '--jsx' flag is provided.
src/pages/CertificateOfOriginGenerator.tsx(141,11): error TS17004: Cannot use JSX unless the '--jsx' flag is provided.
src/pages/CertificateOfOriginGenerator.tsx(143,9): error TS17004: Cannot use JSX unless the '--jsx' flag is provided.
src/pages/CertificateOfOriginGenerator.tsx(147,7): error TS17004: Cannot use JSX unless the '--jsx' flag is provided.
src/pages/CertificateOfOriginGenerator.tsx(148,9): error TS17004: Cannot use JSX unless the '--jsx' flag is provided.
src/pages/CertificateOfOriginGenerator.tsx(149,9): error TS17004: Cannot use JSX unless the '--jsx' flag is provided.
src/pages/CertificateOfOriginGenerator.tsx(151,13): error TS17004: Cannot use JSX unless the '--jsx' flag is provided.
src/pages/CertificateOfOriginGenerator.tsx(160,7): error TS17004: Cannot use JSX unless the '--jsx' flag is provided.
src/pages/CertificateOfOriginGenerator.tsx(161,9): error TS17004: Cannot use JSX unless the '--jsx' flag is provided.
src/pages/CertificateOfOriginGenerator.tsx(162,9): error TS17004: Cannot use JSX unless the '--jsx' flag is provided.
src/pages/CertificateOfOriginGenerator.tsx(163,11): error TS17004: Cannot use JSX unless the '--jsx' flag is provided.
src/pages/CertificateOfOriginGenerator.tsx(163,16): error TS17004: Cannot use JSX unless the '--jsx' flag is provided.
src/pages/CertificateOfOriginGenerator.tsx(163,65): error TS17004: Cannot use JSX unless the '--jsx' flag is provided.
src/pages/CertificateOfOriginGenerator.tsx(164,11): error TS17004: Cannot use JSX unless the '--jsx' flag is provided.
src/pages/CertificateOfOriginGenerator.tsx(164,16): error TS17004: Cannot use JSX unless the '--jsx' flag is provided.
src/pages/CertificateOfOriginGenerator.tsx(164,60): error TS17004: Cannot use JSX unless the '--jsx' flag is provided.
src/pages/CertificateOfOriginGenerator.tsx(165,11): error TS17004: Cannot use JSX unless the '--jsx' flag is provided.
src/pages/CertificateOfOriginGenerator.tsx(165,42): error TS17004: Cannot use JSX unless the '--jsx' flag is provided.
src/pages/CertificateOfOriginGenerator.tsx(165,94): error TS17004: Cannot use JSX unless the '--jsx' flag is provided.
src/pages/CertificateOfOriginGenerator.tsx(166,11): error TS17004: Cannot use JSX unless the '--jsx' flag is provided.
src/pages/CertificateOfOriginGenerator.tsx(166,16): error TS17004: Cannot use JSX unless the '--jsx' flag is provided.
src/pages/CertificateOfOriginGenerator.tsx(166,66): error TS17004: Cannot use JSX unless the '--jsx' flag is provided.
src/pages/CertificateOfOriginGenerator.tsx(167,11): error TS17004: Cannot use JSX unless the '--jsx' flag is provided.
src/pages/CertificateOfOriginGenerator.tsx(167,16): error TS17004: Cannot use JSX unless the '--jsx' flag is provided.
src/pages/CertificateOfOriginGenerator.tsx(167,69): error TS17004: Cannot use JSX unless the '--jsx' flag is provided.
src/pages/CertificateOfOriginGenerator.tsx(168,11): error TS17004: Cannot use JSX unless the '--jsx' flag is provided.
src/pages/CertificateOfOriginGenerator.tsx(168,42): error TS17004: Cannot use JSX unless the '--jsx' flag is provided.
src/pages/CertificateOfOriginGenerator.tsx(168,95): error TS17004: Cannot use JSX unless the '--jsx' flag is provided.
src/pages/CertificateOfOriginGenerator.tsx(173,7): error TS17004: Cannot use JSX unless the '--jsx' flag is provided.
src/pages/CertificateOfOriginGenerator.tsx(174,9): error TS17004: Cannot use JSX unless the '--jsx' flag is provided.
src/pages/CertificateOfOriginGenerator.tsx(175,9): error TS17004: Cannot use JSX unless the '--jsx' flag is provided.
src/pages/CertificateOfOriginGenerator.tsx(176,11): error TS17004: Cannot use JSX unless the '--jsx' flag is provided.
src/pages/CertificateOfOriginGenerator.tsx(176,16): error TS17004: Cannot use JSX unless the '--jsx' flag is provided.
src/pages/CertificateOfOriginGenerator.tsx(176,70): error TS17004: Cannot use JSX unless the '--jsx' flag is provided.
src/pages/CertificateOfOriginGenerator.tsx(177,11): error TS17004: Cannot use JSX unless the '--jsx' flag is provided.
src/pages/CertificateOfOriginGenerator.tsx(177,16): error TS17004: Cannot use JSX unless the '--jsx' flag is provided.
src/pages/CertificateOfOriginGenerator.tsx(177,67): error TS17004: Cannot use JSX unless the '--jsx' flag is provided.
src/pages/CertificateOfOriginGenerator.tsx(178,11): error TS17004: Cannot use JSX unless the '--jsx' flag is provided.
src/pages/CertificateOfOriginGenerator.tsx(178,16): error TS17004: Cannot use JSX unless the '--jsx' flag is provided.
src/pages/CertificateOfOriginGenerator.tsx(178,66): error TS17004: Cannot use JSX unless the '--jsx' flag is provided.
src/pages/CertificateOfOriginGenerator.tsx(179,11): error TS17004: Cannot use JSX unless the '--jsx' flag is provided.
src/pages/CertificateOfOriginGenerator.tsx(179,16): error TS17004: Cannot use JSX unless the '--jsx' flag is provided.
src/pages/CertificateOfOriginGenerator.tsx(179,67): error TS17004: Cannot use JSX unless the '--jsx' flag is provided.
src/pages/CertificateOfOriginGenerator.tsx(180,11): error TS17004: Cannot use JSX unless the '--jsx' flag is provided.
src/pages/CertificateOfOriginGenerator.tsx(180,16): error TS17004: Cannot use JSX unless the '--jsx' flag is provided.
src/pages/CertificateOfOriginGenerator.tsx(180,69): error TS17004: Cannot use JSX unless the '--jsx' flag is provided.
src/pages/CertificateOfOriginGenerator.tsx(185,7): error TS17004: Cannot use JSX unless the '--jsx' flag is provided.
src/pages/CertificateOfOriginGenerator.tsx(186,9): error TS17004: Cannot use JSX unless the '--jsx' flag is provided.
src/pages/CertificateOfOriginGenerator.tsx(187,11): error TS17004: Cannot use JSX unless the '--jsx' flag is provided.
src/pages/CertificateOfOriginGenerator.tsx(188,11): error TS17004: Cannot use JSX unless the '--jsx' flag is provided.
src/pages/CertificateOfOriginGenerator.tsx(188,101): error TS17004: Cannot use JSX unless the '--jsx' flag is provided.
src/pages/CertificateOfOriginGenerator.tsx(190,9): error TS17004: Cannot use JSX unless the '--jsx' flag is provided.
src/pages/CertificateOfOriginGenerator.tsx(191,11): error TS17004: Cannot use JSX unless the '--jsx' flag is provided.
src/pages/CertificateOfOriginGenerator.tsx(192,13): error TS17004: Cannot use JSX unless the '--jsx' flag is provided.
src/pages/CertificateOfOriginGenerator.tsx(192,20): error TS17004: Cannot use JSX unless the '--jsx' flag is provided.
src/pages/CertificateOfOriginGenerator.tsx(193,101): error TS17004: Cannot use JSX unless the '--jsx' flag is provided.
src/pages/CertificateOfOriginGenerator.tsx(195,13): error TS17004: Cannot use JSX unless the '--jsx' flag is provided.
src/pages/CertificateOfOriginGenerator.tsx(197,17): error TS17004: Cannot use JSX unless the '--jsx' flag is provided.
src/pages/CertificateOfOriginGenerator.tsx(198,19): error TS17004: Cannot use JSX unless the '--jsx' flag is provided.
src/pages/CertificateOfOriginGenerator.tsx(198,45): error TS17004: Cannot use JSX unless the '--jsx' flag is provided.
src/pages/CertificateOfOriginGenerator.tsx(199,19): error TS17004: Cannot use JSX unless the '--jsx' flag is provided.
src/pages/CertificateOfOriginGenerator.tsx(199,45): error TS17004: Cannot use JSX unless the '--jsx' flag is provided.
src/pages/CertificateOfOriginGenerator.tsx(200,19): error TS17004: Cannot use JSX unless the '--jsx' flag is provided.
src/pages/CertificateOfOriginGenerator.tsx(200,45): error TS17004: Cannot use JSX unless the '--jsx' flag is provided.
src/pages/CertificateOfOriginGenerator.tsx(201,19): error TS17004: Cannot use JSX unless the '--jsx' flag is provided.
src/pages/CertificateOfOriginGenerator.tsx(201,45): error TS17004: Cannot use JSX unless the '--jsx' flag is provided.
src/pages/CertificateOfOriginGenerator.tsx(202,19): error TS17004: Cannot use JSX unless the '--jsx' flag is provided.
src/pages/CertificateOfOriginGenerator.tsx(202,45): error TS17004: Cannot use JSX unless the '--jsx' flag is provided.
src/pages/CertificateOfOriginGenerator.tsx(203,19): error TS17004: Cannot use JSX unless the '--jsx' flag is provided.
src/pages/CertificateOfOriginGenerator.tsx(204,21): error TS17004: Cannot use JSX unless the '--jsx' flag is provided.
src/pages/CertificateOfOriginGenerator.tsx(205,49): error TS17004: Cannot use JSX unless the '--jsx' flag is provided.
src/pages/CertificateOfOriginGenerator.tsx(208,19): error TS17004: Cannot use JSX unless the '--jsx' flag is provided.
src/pages/CertificateOfOriginGenerator.tsx(208,71): error TS17004: Cannot use JSX unless the '--jsx' flag is provided.
src/pages/CertificateOfOriginGenerator.tsx(208,159): error TS17004: Cannot use JSX unless the '--jsx' flag is provided.
src/pages/CertificateOfOriginGenerator.tsx(214,9): error TS17004: Cannot use JSX unless the '--jsx' flag is provided.
src/pages/CertificateOfOriginGenerator.tsx(215,11): error TS17004: Cannot use JSX unless the '--jsx' flag is provided.
src/pages/CertificateOfOriginGenerator.tsx(220,7): error TS17004: Cannot use JSX unless the '--jsx' flag is provided.
src/pages/CertificateOfOriginGenerator.tsx(221,9): error TS17004: Cannot use JSX unless the '--jsx' flag is provided.
src/pages/CertificateOfOriginGenerator.tsx(222,9): error TS17004: Cannot use JSX unless the '--jsx' flag is provided.
src/pages/CertificateOfOriginGenerator.tsx(223,11): error TS17004: Cannot use JSX unless the '--jsx' flag is provided.
src/pages/CertificateOfOriginGenerator.tsx(223,16): error TS17004: Cannot use JSX unless the '--jsx' flag is provided.
src/pages/CertificateOfOriginGenerator.tsx(223,68): error TS17004: Cannot use JSX unless the '--jsx' flag is provided.
src/pages/CertificateOfOriginGenerator.tsx(224,11): error TS17004: Cannot use JSX unless the '--jsx' flag is provided.
src/pages/CertificateOfOriginGenerator.tsx(224,16): error TS17004: Cannot use JSX unless the '--jsx' flag is provided.
src/pages/CertificateOfOriginGenerator.tsx(224,69): error TS17004: Cannot use JSX unless the '--jsx' flag is provided.
src/pages/CertificateOfOriginGenerator.tsx(225,43): error TS17004: Cannot use JSX unless the '--jsx' flag is provided.
src/pages/CertificateOfOriginGenerator.tsx(230,17): error TS17004: Cannot use JSX unless the '--jsx' flag is provided.
src/pages/client/ClientDashboardPage.tsx(2,31): error TS6142: Module '../../context/AppContext' was resolved to 'C:/Users/bheda/Music/Desktop/ExporTrack-AI/src/context/AppContext.tsx', but '--jsx' is not set.
src/pages/client/ClientDashboardPage.tsx(3,21): error TS6142: Module '../../components/AppIcon' was resolved to 'C:/Users/bheda/Music/Desktop/ExporTrack-AI/src/components/AppIcon.tsx', but '--jsx' is not set.
src/pages/client/ClientDashboardPage.tsx(4,25): error TS6142: Module '../../components/StatusBadge' was resolved to 'C:/Users/bheda/Music/Desktop/ExporTrack-AI/src/components/StatusBadge.tsx', but '--jsx' is not set.
src/pages/client/ClientDashboardPage.tsx(15,5): error TS17004: Cannot use JSX unless the '--jsx' flag is provided.
src/pages/client/ClientDashboardPage.tsx(16,7): error TS17004: Cannot use JSX unless the '--jsx' flag is provided.
src/pages/client/ClientDashboardPage.tsx(17,9): error TS17004: Cannot use JSX unless the '--jsx' flag is provided.
src/pages/client/ClientDashboardPage.tsx(20,9): error TS17004: Cannot use JSX unless the '--jsx' flag is provided.
src/pages/client/ClientDashboardPage.tsx(26,7): error TS17004: Cannot use JSX unless the '--jsx' flag is provided.
src/pages/client/ClientDashboardPage.tsx(27,9): error TS17004: Cannot use JSX unless the '--jsx' flag is provided.
src/pages/client/ClientDashboardPage.tsx(28,11): error TS17004: Cannot use JSX unless the '--jsx' flag is provided.
src/pages/client/ClientDashboardPage.tsx(29,11): error TS17004: Cannot use JSX unless the '--jsx' flag is provided.
src/pages/client/ClientDashboardPage.tsx(30,14): error TS17004: Cannot use JSX unless the '--jsx' flag is provided.
src/pages/client/ClientDashboardPage.tsx(31,15): error TS17004: Cannot use JSX unless the '--jsx' flag is provided.
src/pages/client/ClientDashboardPage.tsx(33,14): error TS17004: Cannot use JSX unless the '--jsx' flag is provided.
src/pages/client/ClientDashboardPage.tsx(34,14): error TS17004: Cannot use JSX unless the '--jsx' flag is provided.
src/pages/client/ClientDashboardPage.tsx(40,9): error TS17004: Cannot use JSX unless the '--jsx' flag is provided.
src/pages/client/ClientDashboardPage.tsx(41,11): error TS17004: Cannot use JSX unless the '--jsx' flag is provided.
src/pages/client/ClientDashboardPage.tsx(42,11): error TS17004: Cannot use JSX unless the '--jsx' flag is provided.
src/pages/client/ClientDashboardPage.tsx(43,14): error TS17004: Cannot use JSX unless the '--jsx' flag is provided.
src/pages/client/ClientDashboardPage.tsx(44,15): error TS17004: Cannot use JSX unless the '--jsx' flag is provided.
src/pages/client/ClientDashboardPage.tsx(46,14): error TS17004: Cannot use JSX unless the '--jsx' flag is provided.
src/pages/client/ClientDashboardPage.tsx(47,14): error TS17004: Cannot use JSX unless the '--jsx' flag is provided.
src/pages/client/ClientDashboardPage.tsx(53,9): error TS17004: Cannot use JSX unless the '--jsx' flag is provided.
src/pages/client/ClientDashboardPage.tsx(54,11): error TS17004: Cannot use JSX unless the '--jsx' flag is provided.
src/pages/client/ClientDashboardPage.tsx(55,11): error TS17004: Cannot use JSX unless the '--jsx' flag is provided.
src/pages/client/ClientDashboardPage.tsx(56,14): error TS17004: Cannot use JSX unless the '--jsx' flag is provided.
src/pages/client/ClientDashboardPage.tsx(57,16): error TS17004: Cannot use JSX unless the '--jsx' flag is provided.
src/pages/client/ClientDashboardPage.tsx(58,17): error TS17004: Cannot use JSX unless the '--jsx' flag is provided.
src/pages/client/ClientDashboardPage.tsx(60,16): error TS17004: Cannot use JSX unless the '--jsx' flag is provided.
src/pages/client/ClientDashboardPage.tsx(61,27): error TS17004: Cannot use JSX unless the '--jsx' flag is provided.
src/pages/client/ClientDashboardPage.tsx(64,14): error TS17004: Cannot use JSX unless the '--jsx' flag is provided.
src/pages/client/ClientDashboardPage.tsx(65,14): error TS17004: Cannot use JSX unless the '--jsx' flag is provided.
src/pages/client/ClientDashboardPage.tsx(73,7): error TS17004: Cannot use JSX unless the '--jsx' flag is provided.
src/pages/client/ClientDashboardPage.tsx(74,9): error TS17004: Cannot use JSX unless the '--jsx' flag is provided.
src/pages/client/ClientDashboardPage.tsx(75,11): error TS17004: Cannot use JSX unless the '--jsx' flag is provided.
src/pages/client/ClientDashboardPage.tsx(79,11): error TS17004: Cannot use JSX unless the '--jsx' flag is provided.
src/pages/client/ClientDashboardPage.tsx(80,13): error TS17004: Cannot use JSX unless the '--jsx' flag is provided.
src/pages/client/ClientDashboardPage.tsx(81,13): error TS17004: Cannot use JSX unless the '--jsx' flag is provided.
src/pages/client/ClientDashboardPage.tsx(82,13): error TS17004: Cannot use JSX unless the '--jsx' flag is provided.
src/pages/client/ClientDashboardPage.tsx(85,11): error TS17004: Cannot use JSX unless the '--jsx' flag is provided.
src/pages/client/ClientDashboardPage.tsx(86,13): error TS17004: Cannot use JSX unless the '--jsx' flag is provided.
src/pages/client/ClientDashboardPage.tsx(87,15): error TS17004: Cannot use JSX unless the '--jsx' flag is provided.
src/pages/client/ClientDashboardPage.tsx(88,17): error TS17004: Cannot use JSX unless the '--jsx' flag is provided.
src/pages/client/ClientDashboardPage.tsx(89,19): error TS17004: Cannot use JSX unless the '--jsx' flag is provided.
src/pages/client/ClientDashboardPage.tsx(90,19): error TS17004: Cannot use JSX unless the '--jsx' flag is provided.
src/pages/client/ClientDashboardPage.tsx(91,19): error TS17004: Cannot use JSX unless the '--jsx' flag is provided.
src/pages/client/ClientDashboardPage.tsx(92,19): error TS17004: Cannot use JSX unless the '--jsx' flag is provided.
src/pages/client/ClientDashboardPage.tsx(93,19): error TS17004: Cannot use JSX unless the '--jsx' flag is provided.
src/pages/client/ClientDashboardPage.tsx(96,15): error TS17004: Cannot use JSX unless the '--jsx' flag is provided.
src/pages/client/ClientDashboardPage.tsx(98,19): error TS17004: Cannot use JSX unless the '--jsx' flag is provided.
src/pages/client/ClientDashboardPage.tsx(99,21): error TS17004: Cannot use JSX unless the '--jsx' flag is provided.
src/pages/client/ClientDashboardPage.tsx(101,23): error TS17004: Cannot use JSX unless the '--jsx' flag is provided.
src/pages/client/ClientDashboardPage.tsx(105,21): error TS17004: Cannot use JSX unless the '--jsx' flag is provided.
src/pages/client/ClientDashboardPage.tsx(108,21): error TS17004: Cannot use JSX unless the '--jsx' flag is provided.
src/pages/client/ClientDashboardPage.tsx(111,21): error TS17004: Cannot use JSX unless the '--jsx' flag is provided.
src/pages/client/ClientDashboardPage.tsx(112,23): error TS17004: Cannot use JSX unless the '--jsx' flag is provided.
src/pages/client/ClientDashboardPage.tsx(114,21): error TS17004: Cannot use JSX unless the '--jsx' flag is provided.
src/pages/client/ClientDashboardPage.tsx(115,23): error TS17004: Cannot use JSX unless the '--jsx' flag is provided.
src/pages/client/ClientLoginPage.tsx(3,31): error TS6142: Module '../../context/AppContext' was resolved to 'C:/Users/bheda/Music/Desktop/ExporTrack-AI/src/context/AppContext.tsx', but '--jsx' is not set.
src/pages/client/ClientLoginPage.tsx(4,21): error TS6142: Module '../../components/AppIcon' was resolved to 'C:/Users/bheda/Music/Desktop/ExporTrack-AI/src/components/AppIcon.tsx', but '--jsx' is not set.
src/pages/client/ClientLoginPage.tsx(177,5): error TS17004: Cannot use JSX unless the '--jsx' flag is provided.
src/pages/client/ClientLoginPage.tsx(178,7): error TS17004: Cannot use JSX unless the '--jsx' flag is provided.
src/pages/client/ClientLoginPage.tsx(181,9): error TS17004: Cannot use JSX unless the '--jsx' flag is provided.
src/pages/client/ClientLoginPage.tsx(182,11): error TS17004: Cannot use JSX unless the '--jsx' flag is provided.
src/pages/client/ClientLoginPage.tsx(183,13): error TS17004: Cannot use JSX unless the '--jsx' flag is provided.
src/pages/client/ClientLoginPage.tsx(185,11): error TS17004: Cannot use JSX unless the '--jsx' flag is provided.
src/pages/client/ClientLoginPage.tsx(188,11): error TS17004: Cannot use JSX unless the '--jsx' flag is provided.
src/pages/client/ClientLoginPage.tsx(194,9): error TS17004: Cannot use JSX unless the '--jsx' flag is provided.
src/pages/client/ClientLoginPage.tsx(195,11): error TS17004: Cannot use JSX unless the '--jsx' flag is provided.
src/pages/client/ClientLoginPage.tsx(196,11): error TS17004: Cannot use JSX unless the '--jsx' flag is provided.
src/pages/client/ClientLoginPage.tsx(198,11): error TS17004: Cannot use JSX unless the '--jsx' flag is provided.
src/pages/client/ClientLoginPage.tsx(201,15): error TS17004: Cannot use JSX unless the '--jsx' flag is provided.
src/pages/client/ClientLoginPage.tsx(202,17): error TS17004: Cannot use JSX unless the '--jsx' flag is provided.
src/pages/client/ClientLoginPage.tsx(203,17): error TS17004: Cannot use JSX unless the '--jsx' flag is provided.
src/pages/client/ClientLoginPage.tsx(209,15): error TS17004: Cannot use JSX unless the '--jsx' flag is provided.
src/pages/client/ClientLoginPage.tsx(210,17): error TS17004: Cannot use JSX unless the '--jsx' flag is provided.
src/pages/client/ClientLoginPage.tsx(211,17): error TS17004: Cannot use JSX unless the '--jsx' flag is provided.
src/pages/client/ClientLoginPage.tsx(212,19): error TS17004: Cannot use JSX unless the '--jsx' flag is provided.
src/pages/client/ClientLoginPage.tsx(213,19): error TS17004: Cannot use JSX unless the '--jsx' flag is provided.
src/pages/client/ClientLoginPage.tsx(220,15): error TS17004: Cannot use JSX unless the '--jsx' flag is provided.
src/pages/client/ClientLoginPage.tsx(221,17): error TS17004: Cannot use JSX unless the '--jsx' flag is provided.
src/pages/client/ClientLoginPage.tsx(222,17): error TS17004: Cannot use JSX unless the '--jsx' flag is provided.
src/pages/client/ClientLoginPage.tsx(226,13): error TS17004: Cannot use JSX unless the '--jsx' flag is provided.
src/pages/client/ClientLoginPage.tsx(227,15): error TS17004: Cannot use JSX unless the '--jsx' flag is provided.
src/pages/client/ClientLoginPage.tsx(228,17): error TS17004: Cannot use JSX unless the '--jsx' flag is provided.
src/pages/client/ClientLoginPage.tsx(231,17): error TS17004: Cannot use JSX unless the '--jsx' flag is provided.
src/pages/client/ClientLoginPage.tsx(232,19): error TS17004: Cannot use JSX unless the '--jsx' flag is provided.
src/pages/client/ClientLoginPage.tsx(233,21): error TS17004: Cannot use JSX unless the '--jsx' flag is provided.
src/pages/client/ClientLoginPage.tsx(235,19): error TS17004: Cannot use JSX unless the '--jsx' flag is provided.
src/pages/client/ClientLoginPage.tsx(249,21): error TS17004: Cannot use JSX unless the '--jsx' flag is provided.
src/pages/client/ClientLoginPage.tsx(250,23): error TS17004: Cannot use JSX unless the '--jsx' flag is provided.
src/pages/client/ClientLoginPage.tsx(255,19): error TS17004: Cannot use JSX unless the '--jsx' flag is provided.
src/pages/client/ClientLoginPage.tsx(256,21): error TS17004: Cannot use JSX unless the '--jsx' flag is provided.
src/pages/client/ClientLoginPage.tsx(262,15): error TS17004: Cannot use JSX unless the '--jsx' flag is provided.
src/pages/client/ClientLoginPage.tsx(263,17): error TS17004: Cannot use JSX unless the '--jsx' flag is provided.
src/pages/client/ClientLoginPage.tsx(266,17): error TS17004: Cannot use JSX unless the '--jsx' flag is provided.
src/pages/client/ClientLoginPage.tsx(267,19): error TS17004: Cannot use JSX unless the '--jsx' flag is provided.
src/pages/client/ClientLoginPage.tsx(268,21): error TS17004: Cannot use JSX unless the '--jsx' flag is provided.
src/pages/client/ClientLoginPage.tsx(270,19): error TS17004: Cannot use JSX unless the '--jsx' flag is provided.
src/pages/client/ClientLoginPage.tsx(285,19): error TS17004: Cannot use JSX unless the '--jsx' flag is provided.
src/pages/client/ClientLoginPage.tsx(286,21): error TS17004: Cannot use JSX unless the '--jsx' flag is provided.
src/pages/client/ClientLoginPage.tsx(293,13): error TS17004: Cannot use JSX unless the '--jsx' flag is provided.
src/pages/client/ClientLoginPage.tsx(294,15): error TS17004: Cannot use JSX unless the '--jsx' flag is provided.
src/pages/client/ClientLoginPage.tsx(295,17): error TS17004: Cannot use JSX unless the '--jsx' flag is provided.
src/pages/client/ClientLoginPage.tsx(299,17): error TS17004: Cannot use JSX unless the '--jsx' flag is provided.
src/pages/client/ClientLoginPage.tsx(305,13): error TS17004: Cannot use JSX unless the '--jsx' flag is provided.
src/pages/client/ClientLoginPage.tsx(311,17): error TS17004: Cannot use JSX unless the '--jsx' flag is provided.
src/pages/client/ClientLoginPage.tsx(312,19): error TS17004: Cannot use JSX unless the '--jsx' flag is provided.
src/pages/client/ClientLoginPage.tsx(316,17): error TS17004: Cannot use JSX unless the '--jsx' flag is provided.
src/pages/client/ClientLoginPage.tsx(319,21): error TS17004: Cannot use JSX unless the '--jsx' flag is provided.
src/pages/client/ClientLoginPage.tsx(320,23): error TS17004: Cannot use JSX unless the '--jsx' flag is provided.
src/pages/client/ClientLoginPage.tsx(328,13): error TS17004: Cannot use JSX unless the '--jsx' flag is provided.
src/pages/client/ClientLoginPage.tsx(329,15): error TS17004: Cannot use JSX unless the '--jsx' flag is provided.
src/pages/client/ClientLoginPage.tsx(331,19): error TS17004: Cannot use JSX unless the '--jsx' flag is provided.
src/pages/client/ClientLoginPage.tsx(332,21): error TS17004: Cannot use JSX unless the '--jsx' flag is provided.
src/pages/client/ClientLoginPage.tsx(333,21): error TS17004: Cannot use JSX unless the '--jsx' flag is provided.
src/pages/client/ClientLoginPage.tsx(336,17): error TS17004: Cannot use JSX unless the '--jsx' flag is provided.
src/pages/client/ClientLoginPage.tsx(337,19): error TS17004: Cannot use JSX unless the '--jsx' flag is provided.
src/pages/client/ClientLoginPage.tsx(338,19): error TS17004: Cannot use JSX unless the '--jsx' flag is provided.
src/pages/client/ClientLoginPage.tsx(345,11): error TS17004: Cannot use JSX unless the '--jsx' flag is provided.
src/pages/client/ClientLoginPage.tsx(346,13): error TS17004: Cannot use JSX unless the '--jsx' flag is provided.
src/pages/client/ClientShipmentDetailsPage.tsx(2,31): error TS6142: Module '../../context/AppContext' was resolved to 'C:/Users/bheda/Music/Desktop/ExporTrack-AI/src/context/AppContext.tsx', but '--jsx' is not set.
src/pages/client/ClientShipmentDetailsPage.tsx(3,21): error TS6142: Module '../../components/AppIcon' was resolved to 'C:/Users/bheda/Music/Desktop/ExporTrack-AI/src/components/AppIcon.tsx', but '--jsx' is not set.
src/pages/client/ClientShipmentDetailsPage.tsx(4,25): error TS6142: Module '../../components/StatusBadge' was resolved to 'C:/Users/bheda/Music/Desktop/ExporTrack-AI/src/components/StatusBadge.tsx', but '--jsx' is not set.
src/pages/client/ClientShipmentDetailsPage.tsx(18,7): error TS17004: Cannot use JSX unless the '--jsx' flag is provided.
src/pages/client/ClientShipmentDetailsPage.tsx(19,9): error TS17004: Cannot use JSX unless the '--jsx' flag is provided.
src/pages/client/ClientShipmentDetailsPage.tsx(20,9): error TS17004: Cannot use JSX unless the '--jsx' flag is provided.
src/pages/client/ClientShipmentDetailsPage.tsx(21,9): error TS17004: Cannot use JSX unless the '--jsx' flag is provided.
src/pages/client/ClientShipmentDetailsPage.tsx(22,9): error TS17004: Cannot use JSX unless the '--jsx' flag is provided.
src/pages/client/ClientShipmentDetailsPage.tsx(30,5): error TS17004: Cannot use JSX unless the '--jsx' flag is provided.
src/pages/client/ClientShipmentDetailsPage.tsx(31,7): error TS17004: Cannot use JSX unless the '--jsx' flag is provided.
src/pages/client/ClientShipmentDetailsPage.tsx(32,9): error TS17004: Cannot use JSX unless the '--jsx' flag is provided.
src/pages/client/ClientShipmentDetailsPage.tsx(33,11): error TS17004: Cannot use JSX unless the '--jsx' flag is provided.
src/pages/client/ClientShipmentDetailsPage.tsx(34,13): error TS17004: Cannot use JSX unless the '--jsx' flag is provided.
src/pages/client/ClientShipmentDetailsPage.tsx(35,15): error TS17004: Cannot use JSX unless the '--jsx' flag is provided.
src/pages/client/ClientShipmentDetailsPage.tsx(39,11): error TS17004: Cannot use JSX unless the '--jsx' flag is provided.
src/pages/client/ClientShipmentDetailsPage.tsx(42,11): error TS17004: Cannot use JSX unless the '--jsx' flag is provided.
src/pages/client/ClientShipmentDetailsPage.tsx(46,9): error TS17004: Cannot use JSX unless the '--jsx' flag is provided.
src/pages/client/ClientShipmentDetailsPage.tsx(47,11): error TS17004: Cannot use JSX unless the '--jsx' flag is provided.
src/pages/client/ClientShipmentDetailsPage.tsx(48,13): error TS17004: Cannot use JSX unless the '--jsx' flag is provided.
src/pages/client/ClientShipmentDetailsPage.tsx(54,7): error TS17004: Cannot use JSX unless the '--jsx' flag is provided.
src/pages/client/ClientShipmentDetailsPage.tsx(56,9): error TS17004: Cannot use JSX unless the '--jsx' flag is provided.
src/pages/client/ClientShipmentDetailsPage.tsx(58,11): error TS17004: Cannot use JSX unless the '--jsx' flag is provided.
src/pages/client/ClientShipmentDetailsPage.tsx(59,13): error TS17004: Cannot use JSX unless the '--jsx' flag is provided.
src/pages/client/ClientShipmentDetailsPage.tsx(60,13): error TS17004: Cannot use JSX unless the '--jsx' flag is provided.
src/pages/client/ClientShipmentDetailsPage.tsx(61,15): error TS17004: Cannot use JSX unless the '--jsx' flag is provided.
src/pages/client/ClientShipmentDetailsPage.tsx(62,17): error TS17004: Cannot use JSX unless the '--jsx' flag is provided.
src/pages/client/ClientShipmentDetailsPage.tsx(63,19): error TS17004: Cannot use JSX unless the '--jsx' flag is provided.
src/pages/client/ClientShipmentDetailsPage.tsx(64,19): error TS17004: Cannot use JSX unless the '--jsx' flag is provided.
src/pages/client/ClientShipmentDetailsPage.tsx(66,17): error TS17004: Cannot use JSX unless the '--jsx' flag is provided.
src/pages/client/ClientShipmentDetailsPage.tsx(67,19): error TS17004: Cannot use JSX unless the '--jsx' flag is provided.
src/pages/client/ClientShipmentDetailsPage.tsx(68,19): error TS17004: Cannot use JSX unless the '--jsx' flag is provided.
src/pages/client/ClientShipmentDetailsPage.tsx(72,17): error TS17004: Cannot use JSX unless the '--jsx' flag is provided.
src/pages/client/ClientShipmentDetailsPage.tsx(73,19): error TS17004: Cannot use JSX unless the '--jsx' flag is provided.
src/pages/client/ClientShipmentDetailsPage.tsx(74,19): error TS17004: Cannot use JSX unless the '--jsx' flag is provided.
src/pages/client/ClientShipmentDetailsPage.tsx(77,15): error TS17004: Cannot use JSX unless the '--jsx' flag is provided.
src/pages/client/ClientShipmentDetailsPage.tsx(78,17): error TS17004: Cannot use JSX unless the '--jsx' flag is provided.
src/pages/client/ClientShipmentDetailsPage.tsx(79,19): error TS17004: Cannot use JSX unless the '--jsx' flag is provided.
src/pages/client/ClientShipmentDetailsPage.tsx(80,19): error TS17004: Cannot use JSX unless the '--jsx' flag is provided.
src/pages/client/ClientShipmentDetailsPage.tsx(82,17): error TS17004: Cannot use JSX unless the '--jsx' flag is provided.
src/pages/client/ClientShipmentDetailsPage.tsx(83,19): error TS17004: Cannot use JSX unless the '--jsx' flag is provided.
src/pages/client/ClientShipmentDetailsPage.tsx(84,19): error TS17004: Cannot use JSX unless the '--jsx' flag is provided.
src/pages/client/ClientShipmentDetailsPage.tsx(88,17): error TS17004: Cannot use JSX unless the '--jsx' flag is provided.
src/pages/client/ClientShipmentDetailsPage.tsx(89,19): error TS17004: Cannot use JSX unless the '--jsx' flag is provided.
src/pages/client/ClientShipmentDetailsPage.tsx(90,19): error TS17004: Cannot use JSX unless the '--jsx' flag is provided.
src/pages/client/ClientShipmentDetailsPage.tsx(100,11): error TS17004: Cannot use JSX unless the '--jsx' flag is provided.
src/pages/client/ClientShipmentDetailsPage.tsx(101,13): error TS17004: Cannot use JSX unless the '--jsx' flag is provided.
src/pages/client/ClientShipmentDetailsPage.tsx(102,15): error TS17004: Cannot use JSX unless the '--jsx' flag is provided.
src/pages/client/ClientShipmentDetailsPage.tsx(103,15): error TS17004: Cannot use JSX unless the '--jsx' flag is provided.
src/pages/client/ClientShipmentDetailsPage.tsx(109,15): error TS17004: Cannot use JSX unless the '--jsx' flag is provided.
src/pages/client/ClientShipmentDetailsPage.tsx(110,17): error TS17004: Cannot use JSX unless the '--jsx' flag is provided.
src/pages/client/ClientShipmentDetailsPage.tsx(113,15): error TS17004: Cannot use JSX unless the '--jsx' flag is provided.
src/pages/client/ClientShipmentDetailsPage.tsx(115,19): error TS17004: Cannot use JSX unless the '--jsx' flag is provided.
src/pages/client/ClientShipmentDetailsPage.tsx(116,21): error TS17004: Cannot use JSX unless the '--jsx' flag is provided.
src/pages/client/ClientShipmentDetailsPage.tsx(117,23): error TS17004: Cannot use JSX unless the '--jsx' flag is provided.
src/pages/client/ClientShipmentDetailsPage.tsx(118,25): error TS17004: Cannot use JSX unless the '--jsx' flag is provided.
src/pages/client/ClientShipmentDetailsPage.tsx(120,23): error TS17004: Cannot use JSX unless the '--jsx' flag is provided.
src/pages/client/ClientShipmentDetailsPage.tsx(121,25): error TS17004: Cannot use JSX unless the '--jsx' flag is provided.
src/pages/client/ClientShipmentDetailsPage.tsx(122,25): error TS17004: Cannot use JSX unless the '--jsx' flag is provided.
src/pages/client/ClientShipmentDetailsPage.tsx(125,21): error TS17004: Cannot use JSX unless the '--jsx' flag is provided.
src/pages/client/ClientShipmentDetailsPage.tsx(126,23): error TS17004: Cannot use JSX unless the '--jsx' flag is provided.
src/pages/client/ClientShipmentDetailsPage.tsx(127,23): error TS17004: Cannot use JSX unless the '--jsx' flag is provided.
src/pages/client/ClientShipmentDetailsPage.tsx(132,25): error TS17004: Cannot use JSX unless the '--jsx' flag is provided.
src/pages/client/ClientShipmentDetailsPage.tsx(132,203): error TS17004: Cannot use JSX unless the '--jsx' flag is provided.
src/pages/client/ClientShipmentDetailsPage.tsx(132,262): error TS17004: Cannot use JSX unless the '--jsx' flag is provided.
src/pages/client/ClientShipmentDetailsPage.tsx(132,309): error TS17004: Cannot use JSX unless the '--jsx' flag is provided.
src/pages/client/ClientShipmentDetailsPage.tsx(143,13): error TS17004: Cannot use JSX unless the '--jsx' flag is provided.
src/pages/client/ClientShipmentDetailsPage.tsx(144,15): error TS17004: Cannot use JSX unless the '--jsx' flag is provided.
src/pages/client/ClientShipmentDetailsPage.tsx(145,17): error TS17004: Cannot use JSX unless the '--jsx' flag is provided.
src/pages/client/ClientShipmentDetailsPage.tsx(146,19): error TS17004: Cannot use JSX unless the '--jsx' flag is provided.
src/pages/client/ClientShipmentDetailsPage.tsx(148,17): error TS17004: Cannot use JSX unless the '--jsx' flag is provided.
src/pages/client/ClientShipmentDetailsPage.tsx(151,15): error TS17004: Cannot use JSX unless the '--jsx' flag is provided.
src/pages/client/ClientShipmentDetailsPage.tsx(153,19): error TS17004: Cannot use JSX unless the '--jsx' flag is provided.
src/pages/client/ClientShipmentDetailsPage.tsx(154,21): error TS17004: Cannot use JSX unless the '--jsx' flag is provided.
src/pages/client/ClientShipmentDetailsPage.tsx(155,23): error TS17004: Cannot use JSX unless the '--jsx' flag is provided.
src/pages/client/ClientShipmentDetailsPage.tsx(156,23): error TS17004: Cannot use JSX unless the '--jsx' flag is provided.
src/pages/client/ClientShipmentDetailsPage.tsx(160,21): error TS17004: Cannot use JSX unless the '--jsx' flag is provided.
src/pages/client/ClientShipmentDetailsPage.tsx(161,23): error TS17004: Cannot use JSX unless the '--jsx' flag is provided.
src/pages/client/ClientShipmentDetailsPage.tsx(162,25): error TS17004: Cannot use JSX unless the '--jsx' flag is provided.
src/pages/client/ClientShipmentDetailsPage.tsx(163,25): error TS17004: Cannot use JSX unless the '--jsx' flag is provided.
src/pages/client/ClientShipmentDetailsPage.tsx(165,23): error TS17004: Cannot use JSX unless the '--jsx' flag is provided.
src/pages/client/ClientShipmentDetailsPage.tsx(166,25): error TS17004: Cannot use JSX unless the '--jsx' flag is provided.
src/pages/client/ClientShipmentDetailsPage.tsx(167,25): error TS17004: Cannot use JSX unless the '--jsx' flag is provided.
src/pages/client/ClientShipmentDetailsPage.tsx(169,23): error TS17004: Cannot use JSX unless the '--jsx' flag is provided.
src/pages/client/ClientShipmentDetailsPage.tsx(170,25): error TS17004: Cannot use JSX unless the '--jsx' flag is provided.
src/pages/client/ClientShipmentDetailsPage.tsx(171,25): error TS17004: Cannot use JSX unless the '--jsx' flag is provided.
src/pages/client/ClientShipmentDetailsPage.tsx(182,9): error TS17004: Cannot use JSX unless the '--jsx' flag is provided.
src/pages/client/ClientShipmentDetailsPage.tsx(184,11): error TS17004: Cannot use JSX unless the '--jsx' flag is provided.
src/pages/client/ClientShipmentDetailsPage.tsx(185,13): error TS17004: Cannot use JSX unless the '--jsx' flag is provided.
src/pages/client/ClientShipmentDetailsPage.tsx(186,15): error TS17004: Cannot use JSX unless the '--jsx' flag is provided.
src/pages/client/ClientShipmentDetailsPage.tsx(187,17): error TS17004: Cannot use JSX unless the '--jsx' flag is provided.
src/pages/client/ClientShipmentDetailsPage.tsx(189,15): error TS17004: Cannot use JSX unless the '--jsx' flag is provided.
src/pages/client/ClientShipmentDetailsPage.tsx(190,17): error TS17004: Cannot use JSX unless the '--jsx' flag is provided.
src/pages/client/ClientShipmentDetailsPage.tsx(191,17): error TS17004: Cannot use JSX unless the '--jsx' flag is provided.
src/pages/client/ClientShipmentDetailsPage.tsx(195,13): error TS17004: Cannot use JSX unless the '--jsx' flag is provided.
src/pages/client/ClientShipmentDetailsPage.tsx(196,15): error TS17004: Cannot use JSX unless the '--jsx' flag is provided.
src/pages/client/ClientShipmentDetailsPage.tsx(197,17): error TS17004: Cannot use JSX unless the '--jsx' flag is provided.
src/pages/client/ClientShipmentDetailsPage.tsx(198,19): error TS17004: Cannot use JSX unless the '--jsx' flag is provided.
src/pages/client/ClientShipmentDetailsPage.tsx(199,19): error TS17004: Cannot use JSX unless the '--jsx' flag is provided.
src/pages/client/ClientShipmentDetailsPage.tsx(201,17): error TS17004: Cannot use JSX unless the '--jsx' flag is provided.
src/pages/client/ClientShipmentDetailsPage.tsx(202,19): error TS17004: Cannot use JSX unless the '--jsx' flag is provided.
src/pages/client/ClientShipmentDetailsPage.tsx(206,15): error TS17004: Cannot use JSX unless the '--jsx' flag is provided.
src/pages/client/ClientShipmentDetailsPage.tsx(207,17): error TS17004: Cannot use JSX unless the '--jsx' flag is provided.
src/pages/client/ClientShipmentDetailsPage.tsx(208,19): error TS17004: Cannot use JSX unless the '--jsx' flag is provided.
src/pages/client/ClientShipmentDetailsPage.tsx(209,21): error TS17004: Cannot use JSX unless the '--jsx' flag is provided.
src/pages/client/ClientShipmentDetailsPage.tsx(211,19): error TS17004: Cannot use JSX unless the '--jsx' flag is provided.
src/pages/client/ClientShipmentDetailsPage.tsx(212,21): error TS17004: Cannot use JSX unless the '--jsx' flag is provided.
src/pages/client/ClientShipmentDetailsPage.tsx(213,21): error TS17004: Cannot use JSX unless the '--jsx' flag is provided.
src/pages/client/ClientShipmentDetailsPage.tsx(219,11): error TS17004: Cannot use JSX unless the '--jsx' flag is provided.
src/pages/client/ClientShipmentDetailsPage.tsx(221,13): error TS17004: Cannot use JSX unless the '--jsx' flag is provided.
src/pages/client/ClientShipmentDetailsPage.tsx(222,15): error TS17004: Cannot use JSX unless the '--jsx' flag is provided.
src/pages/client/ClientShipmentDetailsPage.tsx(223,15): error TS17004: Cannot use JSX unless the '--jsx' flag is provided.
src/pages/client/ClientShipmentDetailsPage.tsx(226,15): error TS17004: Cannot use JSX unless the '--jsx' flag is provided.
src/pages/client/ClientShipmentDetailsPage.tsx(227,15): error TS17004: Cannot use JSX unless the '--jsx' flag is provided.
src/pages/client/ClientShipmentDetailsPage.tsx(230,11): error TS17004: Cannot use JSX unless the '--jsx' flag is provided.
src/pages/client/ClientShipmentDetailsPage.tsx(231,13): error TS17004: Cannot use JSX unless the '--jsx' flag is provided.
src/pages/client/ClientShipmentDetailsPage.tsx(232,13): error TS17004: Cannot use JSX unless the '--jsx' flag is provided.
src/pages/client/ClientShipmentDetailsPage.tsx(235,13): error TS17004: Cannot use JSX unless the '--jsx' flag is provided.
src/pages/client/ClientShipmentDetailsPage.tsx(236,13): error TS17004: Cannot use JSX unless the '--jsx' flag is provided.
src/pages/client/ClientShipmentsPage.tsx(3,31): error TS6142: Module '../../context/AppContext' was resolved to 'C:/Users/bheda/Music/Desktop/ExporTrack-AI/src/context/AppContext.tsx', but '--jsx' is not set.
src/pages/client/ClientShipmentsPage.tsx(4,21): error TS6142: Module '../../components/AppIcon' was resolved to 'C:/Users/bheda/Music/Desktop/ExporTrack-AI/src/components/AppIcon.tsx', but '--jsx' is not set.
src/pages/client/ClientShipmentsPage.tsx(5,25): error TS6142: Module '../../components/StatusBadge' was resolved to 'C:/Users/bheda/Music/Desktop/ExporTrack-AI/src/components/StatusBadge.tsx', but '--jsx' is not set.
src/pages/client/ClientShipmentsPage.tsx(27,5): error TS17004: Cannot use JSX unless the '--jsx' flag is provided.
src/pages/client/ClientShipmentsPage.tsx(28,7): error TS17004: Cannot use JSX unless the '--jsx' flag is provided.
src/pages/client/ClientShipmentsPage.tsx(29,9): error TS17004: Cannot use JSX unless the '--jsx' flag is provided.
src/pages/client/ClientShipmentsPage.tsx(30,11): error TS17004: Cannot use JSX unless the '--jsx' flag is provided.
src/pages/client/ClientShipmentsPage.tsx(33,11): error TS17004: Cannot use JSX unless the '--jsx' flag is provided.
src/pages/client/ClientShipmentsPage.tsx(40,7): error TS17004: Cannot use JSX unless the '--jsx' flag is provided.
src/pages/client/ClientShipmentsPage.tsx(41,9): error TS17004: Cannot use JSX unless the '--jsx' flag is provided.
src/pages/client/ClientShipmentsPage.tsx(42,12): error TS17004: Cannot use JSX unless the '--jsx' flag is provided.
src/pages/client/ClientShipmentsPage.tsx(43,14): error TS17004: Cannot use JSX unless the '--jsx' flag is provided.
src/pages/client/ClientShipmentsPage.tsx(45,12): error TS17004: Cannot use JSX unless the '--jsx' flag is provided.
src/pages/client/ClientShipmentsPage.tsx(54,9): error TS17004: Cannot use JSX unless the '--jsx' flag is provided.
src/pages/client/ClientShipmentsPage.tsx(56,14): error TS17004: Cannot use JSX unless the '--jsx' flag is provided.
src/pages/client/ClientShipmentsPage.tsx(71,7): error TS17004: Cannot use JSX unless the '--jsx' flag is provided.
src/pages/client/ClientShipmentsPage.tsx(73,12): error TS17004: Cannot use JSX unless the '--jsx' flag is provided.
src/pages/client/ClientShipmentsPage.tsx(74,14): error TS17004: Cannot use JSX unless the '--jsx' flag is provided.
src/pages/client/ClientShipmentsPage.tsx(75,14): error TS17004: Cannot use JSX unless the '--jsx' flag is provided.
src/pages/client/ClientShipmentsPage.tsx(76,14): error TS17004: Cannot use JSX unless the '--jsx' flag is provided.
src/pages/client/ClientShipmentsPage.tsx(79,11): error TS17004: Cannot use JSX unless the '--jsx' flag is provided.
src/pages/client/ClientShipmentsPage.tsx(80,14): error TS17004: Cannot use JSX unless the '--jsx' flag is provided.
src/pages/client/ClientShipmentsPage.tsx(81,16): error TS17004: Cannot use JSX unless the '--jsx' flag is provided.
src/pages/client/ClientShipmentsPage.tsx(82,18): error TS17004: Cannot use JSX unless the '--jsx' flag is provided.
src/pages/client/ClientShipmentsPage.tsx(83,20): error TS17004: Cannot use JSX unless the '--jsx' flag is provided.
src/pages/client/ClientShipmentsPage.tsx(84,20): error TS17004: Cannot use JSX unless the '--jsx' flag is provided.
src/pages/client/ClientShipmentsPage.tsx(85,20): error TS17004: Cannot use JSX unless the '--jsx' flag is provided.
src/pages/client/ClientShipmentsPage.tsx(86,20): error TS17004: Cannot use JSX unless the '--jsx' flag is provided.
src/pages/client/ClientShipmentsPage.tsx(87,20): error TS17004: Cannot use JSX unless the '--jsx' flag is provided.
src/pages/client/ClientShipmentsPage.tsx(88,20): error TS17004: Cannot use JSX unless the '--jsx' flag is provided.
src/pages/client/ClientShipmentsPage.tsx(91,16): error TS17004: Cannot use JSX unless the '--jsx' flag is provided.
src/pages/client/ClientShipmentsPage.tsx(93,20): error TS17004: Cannot use JSX unless the '--jsx' flag is provided.
src/pages/client/ClientShipmentsPage.tsx(94,22): error TS17004: Cannot use JSX unless the '--jsx' flag is provided.
src/pages/client/ClientShipmentsPage.tsx(95,24): error TS17004: Cannot use JSX unless the '--jsx' flag is provided.
src/pages/client/ClientShipmentsPage.tsx(95,93): error TS17004: Cannot use JSX unless the '--jsx' flag is provided.
src/pages/client/ClientShipmentsPage.tsx(96,24): error TS17004: Cannot use JSX unless the '--jsx' flag is provided.
src/pages/client/ClientShipmentsPage.tsx(97,26): error TS17004: Cannot use JSX unless the '--jsx' flag is provided.
src/pages/client/ClientShipmentsPage.tsx(101,22): error TS17004: Cannot use JSX unless the '--jsx' flag is provided.
src/pages/client/ClientShipmentsPage.tsx(104,22): error TS17004: Cannot use JSX unless the '--jsx' flag is provided.
src/pages/client/ClientShipmentsPage.tsx(107,22): error TS17004: Cannot use JSX unless the '--jsx' flag is provided.
src/pages/client/ClientShipmentsPage.tsx(110,22): error TS17004: Cannot use JSX unless the '--jsx' flag is provided.
src/pages/client/ClientShipmentsPage.tsx(111,24): error TS17004: Cannot use JSX unless the '--jsx' flag is provided.
src/pages/client/ClientShipmentsPage.tsx(113,22): error TS17004: Cannot use JSX unless the '--jsx' flag is provided.
src/pages/client/ClientShipmentsPage.tsx(114,24): error TS17004: Cannot use JSX unless the '--jsx' flag is provided.
src/pages/CreateShipmentPage.tsx(3,24): error TS6142: Module '../components/PageHeader' was resolved to 'C:/Users/bheda/Music/Desktop/ExporTrack-AI/src/components/PageHeader.tsx', but '--jsx' is not set.
src/pages/CreateShipmentPage.tsx(4,21): error TS6142: Module '../components/AppIcon' was resolved to 'C:/Users/bheda/Music/Desktop/ExporTrack-AI/src/components/AppIcon.tsx', but '--jsx' is not set.
src/pages/CreateShipmentPage.tsx(5,31): error TS6142: Module '../context/AppContext' was resolved to 'C:/Users/bheda/Music/Desktop/ExporTrack-AI/src/context/AppContext.tsx', but '--jsx' is not set.
src/pages/CreateShipmentPage.tsx(87,5): error TS17004: Cannot use JSX unless the '--jsx' flag is provided.
src/pages/CreateShipmentPage.tsx(88,7): error TS17004: Cannot use JSX unless the '--jsx' flag is provided.
src/pages/CreateShipmentPage.tsx(91,9): error TS17004: Cannot use JSX unless the '--jsx' flag is provided.
src/pages/CreateShipmentPage.tsx(92,12): error TS17004: Cannot use JSX unless the '--jsx' flag is provided.
src/pages/CreateShipmentPage.tsx(93,14): error TS17004: Cannot use JSX unless the '--jsx' flag is provided.
src/pages/CreateShipmentPage.tsx(95,12): error TS17004: Cannot use JSX unless the '--jsx' flag is provided.
src/pages/CreateShipmentPage.tsx(99,7): error TS17004: Cannot use JSX unless the '--jsx' flag is provided.
src/pages/CreateShipmentPage.tsx(100,9): error TS17004: Cannot use JSX unless the '--jsx' flag is provided.
src/pages/CreateShipmentPage.tsx(101,11): error TS17004: Cannot use JSX unless the '--jsx' flag is provided.
src/pages/CreateShipmentPage.tsx(102,13): error TS17004: Cannot use JSX unless the '--jsx' flag is provided.
src/pages/CreateShipmentPage.tsx(105,13): error TS17004: Cannot use JSX unless the '--jsx' flag is provided.
src/pages/CreateShipmentPage.tsx(107,11): error TS17004: Cannot use JSX unless the '--jsx' flag is provided.
src/pages/CreateShipmentPage.tsx(108,13): error TS17004: Cannot use JSX unless the '--jsx' flag is provided.
src/pages/CreateShipmentPage.tsx(111,13): error TS17004: Cannot use JSX unless the '--jsx' flag is provided.
src/pages/CreateShipmentPage.tsx(113,11): error TS17004: Cannot use JSX unless the '--jsx' flag is provided.
src/pages/CreateShipmentPage.tsx(114,13): error TS17004: Cannot use JSX unless the '--jsx' flag is provided.
src/pages/CreateShipmentPage.tsx(117,13): error TS17004: Cannot use JSX unless the '--jsx' flag is provided.
src/pages/CreateShipmentPage.tsx(119,11): error TS17004: Cannot use JSX unless the '--jsx' flag is provided.
src/pages/CreateShipmentPage.tsx(120,13): error TS17004: Cannot use JSX unless the '--jsx' flag is provided.
src/pages/CreateShipmentPage.tsx(123,13): error TS17004: Cannot use JSX unless the '--jsx' flag is provided.
src/pages/CreateShipmentPage.tsx(125,11): error TS17004: Cannot use JSX unless the '--jsx' flag is provided.
src/pages/CreateShipmentPage.tsx(126,13): error TS17004: Cannot use JSX unless the '--jsx' flag is provided.
src/pages/CreateShipmentPage.tsx(129,13): error TS17004: Cannot use JSX unless the '--jsx' flag is provided.
src/pages/CreateShipmentPage.tsx(131,11): error TS17004: Cannot use JSX unless the '--jsx' flag is provided.
src/pages/CreateShipmentPage.tsx(132,13): error TS17004: Cannot use JSX unless the '--jsx' flag is provided.
src/pages/CreateShipmentPage.tsx(135,13): error TS17004: Cannot use JSX unless the '--jsx' flag is provided.
src/pages/CreateShipmentPage.tsx(137,17): error TS17004: Cannot use JSX unless the '--jsx' flag is provided.
src/pages/CreateShipmentPage.tsx(143,11): error TS17004: Cannot use JSX unless the '--jsx' flag is provided.
src/pages/CreateShipmentPage.tsx(144,13): error TS17004: Cannot use JSX unless the '--jsx' flag is provided.
src/pages/CreateShipmentPage.tsx(147,13): error TS17004: Cannot use JSX unless the '--jsx' flag is provided.
src/pages/CreateShipmentPage.tsx(149,17): error TS17004: Cannot use JSX unless the '--jsx' flag is provided.
src/pages/CreateShipmentPage.tsx(155,11): error TS17004: Cannot use JSX unless the '--jsx' flag is provided.
src/pages/CreateShipmentPage.tsx(156,13): error TS17004: Cannot use JSX unless the '--jsx' flag is provided.
src/pages/CreateShipmentPage.tsx(157,13): error TS17004: Cannot use JSX unless the '--jsx' flag is provided.
src/pages/CreateShipmentPage.tsx(159,11): error TS17004: Cannot use JSX unless the '--jsx' flag is provided.
src/pages/CreateShipmentPage.tsx(160,13): error TS17004: Cannot use JSX unless the '--jsx' flag is provided.
src/pages/CreateShipmentPage.tsx(163,13): error TS17004: Cannot use JSX unless the '--jsx' flag is provided.
src/pages/CreateShipmentPage.tsx(168,15): error TS17004: Cannot use JSX unless the '--jsx' flag is provided.
src/pages/DashboardPage.tsx(3,21): error TS6142: Module '../components/KpiCard' was resolved to 'C:/Users/bheda/Music/Desktop/ExporTrack-AI/src/components/KpiCard.tsx', but '--jsx' is not set.
src/pages/DashboardPage.tsx(4,29): error TS6142: Module '../components/DashboardCharts' was resolved to 'C:/Users/bheda/Music/Desktop/ExporTrack-AI/src/components/DashboardCharts.tsx', but '--jsx' is not set.
src/pages/DashboardPage.tsx(5,25): error TS6142: Module '../components/StatusBadge' was resolved to 'C:/Users/bheda/Music/Desktop/ExporTrack-AI/src/components/StatusBadge.tsx', but '--jsx' is not set.
src/pages/DashboardPage.tsx(6,21): error TS6142: Module '../components/AppIcon' was resolved to 'C:/Users/bheda/Music/Desktop/ExporTrack-AI/src/components/AppIcon.tsx', but '--jsx' is not set.
src/pages/DashboardPage.tsx(7,31): error TS6142: Module '../context/AppContext' was resolved to 'C:/Users/bheda/Music/Desktop/ExporTrack-AI/src/context/AppContext.tsx', but '--jsx' is not set.
src/pages/DashboardPage.tsx(8,31): error TS6142: Module '../components/AiDelayPrediction' was resolved to 'C:/Users/bheda/Music/Desktop/ExporTrack-AI/src/components/AiDelayPrediction.tsx', but '--jsx' is not set.
src/pages/DashboardPage.tsx(9,31): error TS6142: Module '../components/ShipmentAnalytics' was resolved to 'C:/Users/bheda/Music/Desktop/ExporTrack-AI/src/components/ShipmentAnalytics.tsx', but '--jsx' is not set.
src/pages/DashboardPage.tsx(10,25): error TS6142: Module '../components/TrackingMap' was resolved to 'C:/Users/bheda/Music/Desktop/ExporTrack-AI/src/components/TrackingMap.tsx', but '--jsx' is not set.
src/pages/DashboardPage.tsx(11,28): error TS6142: Module '../components/TrackingWidget' was resolved to 'C:/Users/bheda/Music/Desktop/ExporTrack-AI/src/components/TrackingWidget.tsx', but '--jsx' is not set.
src/pages/DashboardPage.tsx(12,91): error TS6142: Module '../components/SkeletonLoader' was resolved to 'C:/Users/bheda/Music/Desktop/ExporTrack-AI/src/components/SkeletonLoader.tsx', but '--jsx' is not set.
src/pages/DashboardPage.tsx(28,3): error TS17004: Cannot use JSX unless the '--jsx' flag is provided.
src/pages/DashboardPage.tsx(126,7): error TS17004: Cannot use JSX unless the '--jsx' flag is provided.
src/pages/DashboardPage.tsx(127,9): error TS17004: Cannot use JSX unless the '--jsx' flag is provided.
src/pages/DashboardPage.tsx(128,11): error TS17004: Cannot use JSX unless the '--jsx' flag is provided.
src/pages/DashboardPage.tsx(129,13): error TS17004: Cannot use JSX unless the '--jsx' flag is provided.
src/pages/DashboardPage.tsx(130,13): error TS17004: Cannot use JSX unless the '--jsx' flag is provided.
src/pages/DashboardPage.tsx(133,9): error TS17004: Cannot use JSX unless the '--jsx' flag is provided.
src/pages/DashboardPage.tsx(134,40): error TS17004: Cannot use JSX unless the '--jsx' flag is provided.
src/pages/DashboardPage.tsx(136,9): error TS17004: Cannot use JSX unless the '--jsx' flag is provided.
src/pages/DashboardPage.tsx(137,11): error TS17004: Cannot use JSX unless the '--jsx' flag is provided.
src/pages/DashboardPage.tsx(139,9): error TS17004: Cannot use JSX unless the '--jsx' flag is provided.
src/pages/DashboardPage.tsx(140,11): error TS17004: Cannot use JSX unless the '--jsx' flag is provided.
src/pages/DashboardPage.tsx(142,9): error TS17004: Cannot use JSX unless the '--jsx' flag is provided.
src/pages/DashboardPage.tsx(143,11): error TS17004: Cannot use JSX unless the '--jsx' flag is provided.
src/pages/DashboardPage.tsx(171,5): error TS17004: Cannot use JSX unless the '--jsx' flag is provided.
src/pages/DashboardPage.tsx(174,9): error TS17004: Cannot use JSX unless the '--jsx' flag is provided.
src/pages/DashboardPage.tsx(175,11): error TS17004: Cannot use JSX unless the '--jsx' flag is provided.
src/pages/DashboardPage.tsx(176,13): error TS17004: Cannot use JSX unless the '--jsx' flag is provided.
src/pages/DashboardPage.tsx(178,11): error TS17004: Cannot use JSX unless the '--jsx' flag is provided.
src/pages/DashboardPage.tsx(179,13): error TS17004: Cannot use JSX unless the '--jsx' flag is provided.
src/pages/DashboardPage.tsx(180,13): error TS17004: Cannot use JSX unless the '--jsx' flag is provided.
src/pages/DashboardPage.tsx(180,133): error TS17004: Cannot use JSX unless the '--jsx' flag is provided.
src/pages/DashboardPage.tsx(186,7): error TS17004: Cannot use JSX unless the '--jsx' flag is provided.
src/pages/DashboardPage.tsx(187,9): error TS17004: Cannot use JSX unless the '--jsx' flag is provided.
src/pages/DashboardPage.tsx(188,11): error TS17004: Cannot use JSX unless the '--jsx' flag is provided.
src/pages/DashboardPage.tsx(191,11): error TS17004: Cannot use JSX unless the '--jsx' flag is provided.
src/pages/DashboardPage.tsx(195,9): error TS17004: Cannot use JSX unless the '--jsx' flag is provided.
src/pages/DashboardPage.tsx(196,11): error TS17004: Cannot use JSX unless the '--jsx' flag is provided.
src/pages/DashboardPage.tsx(197,13): error TS17004: Cannot use JSX unless the '--jsx' flag is provided.
src/pages/DashboardPage.tsx(198,13): error TS17004: Cannot use JSX unless the '--jsx' flag is provided.
src/pages/DashboardPage.tsx(201,13): error TS17004: Cannot use JSX unless the '--jsx' flag is provided.
src/pages/DashboardPage.tsx(202,15): error TS17004: Cannot use JSX unless the '--jsx' flag is provided.
src/pages/DashboardPage.tsx(211,9): error TS17004: Cannot use JSX unless the '--jsx' flag is provided.
src/pages/DashboardPage.tsx(212,11): error TS17004: Cannot use JSX unless the '--jsx' flag is provided.
src/pages/DashboardPage.tsx(213,13): error TS17004: Cannot use JSX unless the '--jsx' flag is provided.
src/pages/DashboardPage.tsx(215,11): error TS17004: Cannot use JSX unless the '--jsx' flag is provided.
src/pages/DashboardPage.tsx(216,11): error TS17004: Cannot use JSX unless the '--jsx' flag is provided.
src/pages/DashboardPage.tsx(219,11): error TS17004: Cannot use JSX unless the '--jsx' flag is provided.
src/pages/DashboardPage.tsx(220,13): error TS17004: Cannot use JSX unless the '--jsx' flag is provided.
src/pages/DashboardPage.tsx(223,11): error TS17004: Cannot use JSX unless the '--jsx' flag is provided.
src/pages/DashboardPage.tsx(230,49): error TS17004: Cannot use JSX unless the '--jsx' flag is provided.
src/pages/DashboardPage.tsx(232,9): error TS17004: Cannot use JSX unless the '--jsx' flag is provided.
src/pages/DashboardPage.tsx(233,11): error TS17004: Cannot use JSX unless the '--jsx' flag is provided.
src/pages/DashboardPage.tsx(241,11): error TS17004: Cannot use JSX unless the '--jsx' flag is provided.
src/pages/DashboardPage.tsx(242,11): error TS17004: Cannot use JSX unless the '--jsx' flag is provided.
src/pages/DashboardPage.tsx(243,11): error TS17004: Cannot use JSX unless the '--jsx' flag is provided.
src/pages/DashboardPage.tsx(244,11): error TS17004: Cannot use JSX unless the '--jsx' flag is provided.
src/pages/DashboardPage.tsx(248,9): error TS17004: Cannot use JSX unless the '--jsx' flag is provided.
src/pages/DashboardPage.tsx(249,11): error TS17004: Cannot use JSX unless the '--jsx' flag is provided.
src/pages/DashboardPage.tsx(250,13): error TS17004: Cannot use JSX unless the '--jsx' flag is provided.
src/pages/DashboardPage.tsx(251,13): error TS17004: Cannot use JSX unless the '--jsx' flag is provided.
src/pages/DashboardPage.tsx(252,15): error TS17004: Cannot use JSX unless the '--jsx' flag is provided.
src/pages/DashboardPage.tsx(253,17): error TS17004: Cannot use JSX unless the '--jsx' flag is provided.
src/pages/DashboardPage.tsx(253,160): error TS17004: Cannot use JSX unless the '--jsx' flag is provided.
src/pages/DashboardPage.tsx(254,17): error TS17004: Cannot use JSX unless the '--jsx' flag is provided.
src/pages/DashboardPage.tsx(256,15): error TS17004: Cannot use JSX unless the '--jsx' flag is provided.
src/pages/DashboardPage.tsx(257,17): error TS17004: Cannot use JSX unless the '--jsx' flag is provided.
src/pages/DashboardPage.tsx(257,160): error TS17004: Cannot use JSX unless the '--jsx' flag is provided.
src/pages/DashboardPage.tsx(258,17): error TS17004: Cannot use JSX unless the '--jsx' flag is provided.
src/pages/DashboardPage.tsx(260,15): error TS17004: Cannot use JSX unless the '--jsx' flag is provided.
src/pages/DashboardPage.tsx(261,17): error TS17004: Cannot use JSX unless the '--jsx' flag is provided.
src/pages/DashboardPage.tsx(261,168): error TS17004: Cannot use JSX unless the '--jsx' flag is provided.
src/pages/DashboardPage.tsx(262,17): error TS17004: Cannot use JSX unless the '--jsx' flag is provided.
src/pages/DashboardPage.tsx(264,15): error TS17004: Cannot use JSX unless the '--jsx' flag is provided.
src/pages/DashboardPage.tsx(265,17): error TS17004: Cannot use JSX unless the '--jsx' flag is provided.
src/pages/DashboardPage.tsx(265,164): error TS17004: Cannot use JSX unless the '--jsx' flag is provided.
src/pages/DashboardPage.tsx(266,17): error TS17004: Cannot use JSX unless the '--jsx' flag is provided.
src/pages/DashboardPage.tsx(270,11): error TS17004: Cannot use JSX unless the '--jsx' flag is provided.
src/pages/DashboardPage.tsx(271,13): error TS17004: Cannot use JSX unless the '--jsx' flag is provided.
src/pages/DashboardPage.tsx(272,13): error TS17004: Cannot use JSX unless the '--jsx' flag is provided.
src/pages/DashboardPage.tsx(277,9): error TS17004: Cannot use JSX unless the '--jsx' flag is provided.
src/pages/DashboardPage.tsx(280,9): error TS17004: Cannot use JSX unless the '--jsx' flag is provided.
src/pages/DashboardPage.tsx(282,9): error TS17004: Cannot use JSX unless the '--jsx' flag is provided.
src/pages/DashboardPage.tsx(284,11): error TS17004: Cannot use JSX unless the '--jsx' flag is provided.
src/pages/DashboardPage.tsx(285,13): error TS17004: Cannot use JSX unless the '--jsx' flag is provided.
src/pages/DashboardPage.tsx(286,15): error TS17004: Cannot use JSX unless the '--jsx' flag is provided.
src/pages/DashboardPage.tsx(287,17): error TS17004: Cannot use JSX unless the '--jsx' flag is provided.
src/pages/DashboardPage.tsx(288,17): error TS17004: Cannot use JSX unless the '--jsx' flag is provided.
src/pages/DashboardPage.tsx(290,15): error TS17004: Cannot use JSX unless the '--jsx' flag is provided.
src/pages/DashboardPage.tsx(292,17): error TS17004: Cannot use JSX unless the '--jsx' flag is provided.
src/pages/DashboardPage.tsx(295,13): error TS17004: Cannot use JSX unless the '--jsx' flag is provided.
src/pages/DashboardPage.tsx(297,17): error TS17004: Cannot use JSX unless the '--jsx' flag is provided.
src/pages/DashboardPage.tsx(299,21): error TS17004: Cannot use JSX unless the '--jsx' flag is provided.
src/pages/DashboardPage.tsx(301,19): error TS17004: Cannot use JSX unless the '--jsx' flag is provided.
src/pages/DashboardPage.tsx(303,21): error TS17004: Cannot use JSX unless the '--jsx' flag is provided.
src/pages/DashboardPage.tsx(305,19): error TS17004: Cannot use JSX unless the '--jsx' flag is provided.
src/pages/DashboardPage.tsx(306,21): error TS17004: Cannot use JSX unless the '--jsx' flag is provided.
src/pages/DashboardPage.tsx(307,23): error TS17004: Cannot use JSX unless the '--jsx' flag is provided.
src/pages/DashboardPage.tsx(308,23): error TS17004: Cannot use JSX unless the '--jsx' flag is provided.
src/pages/DashboardPage.tsx(310,21): error TS17004: Cannot use JSX unless the '--jsx' flag is provided.
src/pages/DashboardPage.tsx(318,9): error TS17004: Cannot use JSX unless the '--jsx' flag is provided.
src/pages/DashboardPage.tsx(320,11): error TS17004: Cannot use JSX unless the '--jsx' flag is provided.
src/pages/DashboardPage.tsx(321,13): error TS17004: Cannot use JSX unless the '--jsx' flag is provided.
src/pages/DashboardPage.tsx(322,15): error TS17004: Cannot use JSX unless the '--jsx' flag is provided.
src/pages/DashboardPage.tsx(323,17): error TS17004: Cannot use JSX unless the '--jsx' flag is provided.
src/pages/DashboardPage.tsx(326,15): error TS17004: Cannot use JSX unless the '--jsx' flag is provided.
src/pages/DashboardPage.tsx(327,27): error TS17004: Cannot use JSX unless the '--jsx' flag is provided.
src/pages/DashboardPage.tsx(330,13): error TS17004: Cannot use JSX unless the '--jsx' flag is provided.
src/pages/DashboardPage.tsx(331,15): error TS17004: Cannot use JSX unless the '--jsx' flag is provided.
src/pages/DashboardPage.tsx(339,11): error TS17004: Cannot use JSX unless the '--jsx' flag is provided.
src/pages/DashboardPage.tsx(340,13): error TS17004: Cannot use JSX unless the '--jsx' flag is provided.
src/pages/DashboardPage.tsx(341,13): error TS17004: Cannot use JSX unless the '--jsx' flag is provided.
src/pages/DashboardPage.tsx(342,15): error TS17004: Cannot use JSX unless the '--jsx' flag is provided.
src/pages/DashboardPage.tsx(344,19): error TS17004: Cannot use JSX unless the '--jsx' flag is provided.
src/pages/DashboardPage.tsx(351,9): error TS17004: Cannot use JSX unless the '--jsx' flag is provided.
src/pages/DashboardPage.tsx(352,11): error TS17004: Cannot use JSX unless the '--jsx' flag is provided.
src/pages/DashboardPage.tsx(353,13): error TS17004: Cannot use JSX unless the '--jsx' flag is provided.
src/pages/DashboardPage.tsx(354,13): error TS17004: Cannot use JSX unless the '--jsx' flag is provided.
src/pages/DashboardPage.tsx(358,11): error TS17004: Cannot use JSX unless the '--jsx' flag is provided.
src/pages/DashboardPage.tsx(359,13): error TS17004: Cannot use JSX unless the '--jsx' flag is provided.
src/pages/DashboardPage.tsx(360,15): error TS17004: Cannot use JSX unless the '--jsx' flag is provided.
src/pages/DashboardPage.tsx(361,17): error TS17004: Cannot use JSX unless the '--jsx' flag is provided.
src/pages/DashboardPage.tsx(362,19): error TS17004: Cannot use JSX unless the '--jsx' flag is provided.
src/pages/DashboardPage.tsx(363,19): error TS17004: Cannot use JSX unless the '--jsx' flag is provided.
src/pages/DashboardPage.tsx(364,19): error TS17004: Cannot use JSX unless the '--jsx' flag is provided.
src/pages/DashboardPage.tsx(365,19): error TS17004: Cannot use JSX unless the '--jsx' flag is provided.
src/pages/DashboardPage.tsx(368,15): error TS17004: Cannot use JSX unless the '--jsx' flag is provided.
src/pages/DashboardPage.tsx(370,19): error TS17004: Cannot use JSX unless the '--jsx' flag is provided.
src/pages/DashboardPage.tsx(371,21): error TS17004: Cannot use JSX unless the '--jsx' flag is provided.
src/pages/DashboardPage.tsx(372,23): error TS17004: Cannot use JSX unless the '--jsx' flag is provided.
src/pages/DashboardPage.tsx(374,21): error TS17004: Cannot use JSX unless the '--jsx' flag is provided.
src/pages/DashboardPage.tsx(375,23): error TS17004: Cannot use JSX unless the '--jsx' flag is provided.
src/pages/DashboardPage.tsx(377,21): error TS17004: Cannot use JSX unless the '--jsx' flag is provided.
src/pages/DashboardPage.tsx(378,23): error TS17004: Cannot use JSX unless the '--jsx' flag is provided.
src/pages/DashboardPage.tsx(380,21): error TS17004: Cannot use JSX unless the '--jsx' flag is provided.
src/pages/DashboardPage.tsx(381,23): error TS17004: Cannot use JSX unless the '--jsx' flag is provided.
src/pages/DashboardPage.tsx(382,25): error TS17004: Cannot use JSX unless the '--jsx' flag is provided.
src/pages/DashboardPage.tsx(383,27): error TS17004: Cannot use JSX unless the '--jsx' flag is provided.
src/pages/DashboardPage.tsx(384,29): error TS17004: Cannot use JSX unless the '--jsx' flag is provided.
src/pages/DashboardPage.tsx(385,29): error TS17004: Cannot use JSX unless the '--jsx' flag is provided.
src/pages/DashboardPage.tsx(388,25): error TS17004: Cannot use JSX unless the '--jsx' flag is provided.
src/pages/DashboardPage.tsx(389,27): error TS17004: Cannot use JSX unless the '--jsx' flag is provided.
src/pages/DocumentOcrPage.tsx(2,21): error TS6142: Module '../components/AppIcon' was resolved to 'C:/Users/bheda/Music/Desktop/ExporTrack-AI/src/components/AppIcon.tsx', but '--jsx' is not set.
src/pages/DocumentOcrPage.tsx(83,5): error TS17004: Cannot use JSX unless the '--jsx' flag is provided.
src/pages/DocumentOcrPage.tsx(84,7): error TS17004: Cannot use JSX unless the '--jsx' flag is provided.
src/pages/DocumentOcrPage.tsx(152,5): error TS17004: Cannot use JSX unless the '--jsx' flag is provided.
src/pages/DocumentOcrPage.tsx(153,7): error TS17004: Cannot use JSX unless the '--jsx' flag is provided.
src/pages/DocumentOcrPage.tsx(154,9): error TS17004: Cannot use JSX unless the '--jsx' flag is provided.
src/pages/DocumentOcrPage.tsx(155,11): error TS17004: Cannot use JSX unless the '--jsx' flag is provided.
src/pages/DocumentOcrPage.tsx(156,25): error TS17004: Cannot use JSX unless the '--jsx' flag is provided.
src/pages/DocumentOcrPage.tsx(158,11): error TS17004: Cannot use JSX unless the '--jsx' flag is provided.
src/pages/DocumentOcrPage.tsx(162,9): error TS17004: Cannot use JSX unless the '--jsx' flag is provided.
src/pages/DocumentOcrPage.tsx(163,12): error TS17004: Cannot use JSX unless the '--jsx' flag is provided.
src/pages/DocumentOcrPage.tsx(164,15): error TS17004: Cannot use JSX unless the '--jsx' flag is provided.
src/pages/DocumentOcrPage.tsx(165,15): error TS17004: Cannot use JSX unless the '--jsx' flag is provided.
src/pages/DocumentOcrPage.tsx(170,7): error TS17004: Cannot use JSX unless the '--jsx' flag is provided.
src/pages/DocumentOcrPage.tsx(172,9): error TS17004: Cannot use JSX unless the '--jsx' flag is provided.
src/pages/DocumentOcrPage.tsx(173,11): error TS17004: Cannot use JSX unless the '--jsx' flag is provided.
src/pages/DocumentOcrPage.tsx(174,13): error TS17004: Cannot use JSX unless the '--jsx' flag is provided.
src/pages/DocumentOcrPage.tsx(176,13): error TS17004: Cannot use JSX unless the '--jsx' flag is provided.
src/pages/DocumentOcrPage.tsx(177,15): error TS17004: Cannot use JSX unless the '--jsx' flag is provided.
src/pages/DocumentOcrPage.tsx(178,17): error TS17004: Cannot use JSX unless the '--jsx' flag is provided.
src/pages/DocumentOcrPage.tsx(180,15): error TS17004: Cannot use JSX unless the '--jsx' flag is provided.
src/pages/DocumentOcrPage.tsx(181,17): error TS17004: Cannot use JSX unless the '--jsx' flag is provided.
src/pages/DocumentOcrPage.tsx(182,17): error TS17004: Cannot use JSX unless the '--jsx' flag is provided.
src/pages/DocumentOcrPage.tsx(186,13): error TS17004: Cannot use JSX unless the '--jsx' flag is provided.
src/pages/DocumentOcrPage.tsx(187,15): error TS17004: Cannot use JSX unless the '--jsx' flag is provided.
src/pages/DocumentOcrPage.tsx(188,17): error TS17004: Cannot use JSX unless the '--jsx' flag is provided.
src/pages/DocumentOcrPage.tsx(189,17): error TS17004: Cannot use JSX unless the '--jsx' flag is provided.
src/pages/DocumentOcrPage.tsx(195,21): error TS17004: Cannot use JSX unless the '--jsx' flag is provided.
src/pages/DocumentOcrPage.tsx(211,15): error TS17004: Cannot use JSX unless the '--jsx' flag is provided.
src/pages/DocumentOcrPage.tsx(223,19): error TS17004: Cannot use JSX unless the '--jsx' flag is provided.
src/pages/DocumentOcrPage.tsx(226,17): error TS17004: Cannot use JSX unless the '--jsx' flag is provided.
src/pages/DocumentOcrPage.tsx(227,19): error TS17004: Cannot use JSX unless the '--jsx' flag is provided.
src/pages/DocumentOcrPage.tsx(228,21): error TS17004: Cannot use JSX unless the '--jsx' flag is provided.
src/pages/DocumentOcrPage.tsx(230,19): error TS17004: Cannot use JSX unless the '--jsx' flag is provided.
src/pages/DocumentOcrPage.tsx(231,21): error TS17004: Cannot use JSX unless the '--jsx' flag is provided.
src/pages/DocumentOcrPage.tsx(234,21): error TS17004: Cannot use JSX unless the '--jsx' flag is provided.
src/pages/DocumentOcrPage.tsx(239,17): error TS17004: Cannot use JSX unless the '--jsx' flag is provided.
src/pages/DocumentOcrPage.tsx(243,17): error TS17004: Cannot use JSX unless the '--jsx' flag is provided.
src/pages/DocumentOcrPage.tsx(246,19): error TS17004: Cannot use JSX unless the '--jsx' flag is provided.
src/pages/DocumentOcrPage.tsx(248,23): error TS17004: Cannot use JSX unless the '--jsx' flag is provided.
src/pages/DocumentOcrPage.tsx(249,25): error TS17004: Cannot use JSX unless the '--jsx' flag is provided.
src/pages/DocumentOcrPage.tsx(252,23): error TS17004: Cannot use JSX unless the '--jsx' flag is provided.
src/pages/DocumentOcrPage.tsx(255,19): error TS17004: Cannot use JSX unless the '--jsx' flag is provided.
src/pages/DocumentOcrPage.tsx(256,21): error TS17004: Cannot use JSX unless the '--jsx' flag is provided.
src/pages/DocumentOcrPage.tsx(261,21): error TS17004: Cannot use JSX unless the '--jsx' flag is provided.
src/pages/DocumentOcrPage.tsx(264,21): error TS17004: Cannot use JSX unless the '--jsx' flag is provided.
src/pages/DocumentOcrPage.tsx(265,24): error TS17004: Cannot use JSX unless the '--jsx' flag is provided.
src/pages/DocumentOcrPage.tsx(273,11): error TS17004: Cannot use JSX unless the '--jsx' flag is provided.
src/pages/DocumentOcrPage.tsx(274,14): error TS17004: Cannot use JSX unless the '--jsx' flag is provided.
src/pages/DocumentOcrPage.tsx(275,17): error TS17004: Cannot use JSX unless the '--jsx' flag is provided.
src/pages/DocumentOcrPage.tsx(276,19): error TS17004: Cannot use JSX unless the '--jsx' flag is provided.
src/pages/DocumentOcrPage.tsx(278,17): error TS17004: Cannot use JSX unless the '--jsx' flag is provided.
src/pages/DocumentOcrPage.tsx(280,14): error TS17004: Cannot use JSX unless the '--jsx' flag is provided.
src/pages/DocumentOcrPage.tsx(282,19): error TS17004: Cannot use JSX unless the '--jsx' flag is provided.
src/pages/DocumentOcrPage.tsx(283,22): error TS17004: Cannot use JSX unless the '--jsx' flag is provided.
src/pages/DocumentOcrPage.tsx(284,22): error TS17004: Cannot use JSX unless the '--jsx' flag is provided.
src/pages/DocumentOcrPage.tsx(287,19): error TS17004: Cannot use JSX unless the '--jsx' flag is provided.
src/pages/DocumentOcrPage.tsx(288,22): error TS17004: Cannot use JSX unless the '--jsx' flag is provided.
src/pages/DocumentOcrPage.tsx(289,25): error TS17004: Cannot use JSX unless the '--jsx' flag is provided.
src/pages/DocumentOcrPage.tsx(290,25): error TS17004: Cannot use JSX unless the '--jsx' flag is provided.
src/pages/DocumentOcrPage.tsx(292,22): error TS17004: Cannot use JSX unless the '--jsx' flag is provided.
src/pages/DocumentOcrPage.tsx(293,25): error TS17004: Cannot use JSX unless the '--jsx' flag is provided.
src/pages/DocumentOcrPage.tsx(294,25): error TS17004: Cannot use JSX unless the '--jsx' flag is provided.
src/pages/DocumentOcrPage.tsx(305,9): error TS17004: Cannot use JSX unless the '--jsx' flag is provided.
src/pages/DocumentOcrPage.tsx(307,13): error TS17004: Cannot use JSX unless the '--jsx' flag is provided.
src/pages/DocumentOcrPage.tsx(308,16): error TS17004: Cannot use JSX unless the '--jsx' flag is provided.
src/pages/DocumentOcrPage.tsx(309,18): error TS17004: Cannot use JSX unless the '--jsx' flag is provided.
src/pages/DocumentOcrPage.tsx(311,16): error TS17004: Cannot use JSX unless the '--jsx' flag is provided.
src/pages/DocumentOcrPage.tsx(318,13): error TS17004: Cannot use JSX unless the '--jsx' flag is provided.
src/pages/DocumentOcrPage.tsx(319,16): error TS17004: Cannot use JSX unless the '--jsx' flag is provided.
src/pages/DocumentOcrPage.tsx(320,19): error TS17004: Cannot use JSX unless the '--jsx' flag is provided.
src/pages/DocumentOcrPage.tsx(321,19): error TS17004: Cannot use JSX unless the '--jsx' flag is provided.
src/pages/DocumentOcrPage.tsx(323,16): error TS17004: Cannot use JSX unless the '--jsx' flag is provided.
src/pages/DocumentOcrPage.tsx(325,21): error TS17004: Cannot use JSX unless the '--jsx' flag is provided.
src/pages/DocumentOcrPage.tsx(326,23): error TS17004: Cannot use JSX unless the '--jsx' flag is provided.
src/pages/DocumentOcrPage.tsx(327,23): error TS17004: Cannot use JSX unless the '--jsx' flag is provided.
src/pages/DocumentOcrPage.tsx(335,13): error TS17004: Cannot use JSX unless the '--jsx' flag is provided.
src/pages/DocumentOcrPage.tsx(337,16): error TS17004: Cannot use JSX unless the '--jsx' flag is provided.
src/pages/DocumentOcrPage.tsx(339,16): error TS17004: Cannot use JSX unless the '--jsx' flag is provided.
src/pages/DocumentOcrPage.tsx(340,19): error TS17004: Cannot use JSX unless the '--jsx' flag is provided.
src/pages/DocumentOcrPage.tsx(341,22): error TS17004: Cannot use JSX unless the '--jsx' flag is provided.
src/pages/DocumentOcrPage.tsx(342,25): error TS17004: Cannot use JSX unless the '--jsx' flag is provided.
src/pages/DocumentOcrPage.tsx(344,22): error TS17004: Cannot use JSX unless the '--jsx' flag is provided.
src/pages/DocumentOcrPage.tsx(345,25): error TS17004: Cannot use JSX unless the '--jsx' flag is provided.
src/pages/DocumentOcrPage.tsx(346,25): error TS17004: Cannot use JSX unless the '--jsx' flag is provided.
src/pages/DocumentOcrPage.tsx(349,19): error TS17004: Cannot use JSX unless the '--jsx' flag is provided.
src/pages/DocumentOcrPage.tsx(350,22): error TS17004: Cannot use JSX unless the '--jsx' flag is provided.
src/pages/DocumentOcrPage.tsx(351,22): error TS17004: Cannot use JSX unless the '--jsx' flag is provided.
src/pages/DocumentOcrPage.tsx(357,16): error TS17004: Cannot use JSX unless the '--jsx' flag is provided.
src/pages/DocumentOcrPage.tsx(358,19): error TS17004: Cannot use JSX unless the '--jsx' flag is provided.
src/pages/DocumentOcrPage.tsx(360,24): error TS17004: Cannot use JSX unless the '--jsx' flag is provided.
src/pages/DocumentOcrPage.tsx(365,27): error TS17004: Cannot use JSX unless the '--jsx' flag is provided.
src/pages/DocumentOcrPage.tsx(366,30): error TS17004: Cannot use JSX unless the '--jsx' flag is provided.
src/pages/DocumentOcrPage.tsx(367,33): error TS17004: Cannot use JSX unless the '--jsx' flag is provided.
src/pages/DocumentOcrPage.tsx(368,33): error TS17004: Cannot use JSX unless the '--jsx' flag is provided.
src/pages/DocumentOcrPage.tsx(370,30): error TS17004: Cannot use JSX unless the '--jsx' flag is provided.
src/pages/DocumentOcrPage.tsx(375,34): error TS17004: Cannot use JSX unless the '--jsx' flag is provided.
src/pages/DocumentOcrPage.tsx(377,34): error TS17004: Cannot use JSX unless the '--jsx' flag is provided.
src/pages/DocumentOcrPage.tsx(381,27): error TS17004: Cannot use JSX unless the '--jsx' flag is provided.
src/pages/DocumentOcrPage.tsx(389,16): error TS17004: Cannot use JSX unless the '--jsx' flag is provided.
src/pages/DocumentOcrPage.tsx(390,19): error TS17004: Cannot use JSX unless the '--jsx' flag is provided.
src/pages/DocumentOcrPage.tsx(391,22): error TS17004: Cannot use JSX unless the '--jsx' flag is provided.
src/pages/DocumentOcrPage.tsx(394,19): error TS17004: Cannot use JSX unless the '--jsx' flag is provided.
src/pages/DocumentOcrPage.tsx(395,22): error TS17004: Cannot use JSX unless the '--jsx' flag is provided.
src/pages/DocumentOcrPage.tsx(398,19): error TS17004: Cannot use JSX unless the '--jsx' flag is provided.
src/pages/DocumentOcrPage.tsx(399,24): error TS17004: Cannot use JSX unless the '--jsx' flag is provided.
src/pages/DocumentOcrPage.tsx(407,7): error TS17004: Cannot use JSX unless the '--jsx' flag is provided.
src/pages/DocumentOcrPage.tsx(408,10): error TS17004: Cannot use JSX unless the '--jsx' flag is provided.
src/pages/DocumentOcrPage.tsx(409,10): error TS17004: Cannot use JSX unless the '--jsx' flag is provided.
src/pages/DocumentOcrPage.tsx(416,15): error TS17004: Cannot use JSX unless the '--jsx' flag is provided.
src/pages/DocumentOcrPage.tsx(417,18): error TS17004: Cannot use JSX unless the '--jsx' flag is provided.
src/pages/DocumentOcrPage.tsx(418,21): error TS17004: Cannot use JSX unless the '--jsx' flag is provided.
src/pages/DocumentOcrPage.tsx(419,21): error TS17004: Cannot use JSX unless the '--jsx' flag is provided.
src/pages/DocumentOcrPage.tsx(421,18): error TS17004: Cannot use JSX unless the '--jsx' flag is provided.
src/pages/DocumentOcrPage.tsx(422,21): error TS17004: Cannot use JSX unless the '--jsx' flag is provided.
src/pages/DocumentOcrPage.tsx(423,21): error TS17004: Cannot use JSX unless the '--jsx' flag is provided.
src/pages/FreightCalculatorPage.tsx(7,24): error TS6142: Module '../components/PageHeader' was resolved to 'C:/Users/bheda/Music/Desktop/ExporTrack-AI/src/components/PageHeader.tsx', but '--jsx' is not set.
src/pages/FreightCalculatorPage.tsx(8,21): error TS6142: Module '../components/AppIcon' was resolved to 'C:/Users/bheda/Music/Desktop/ExporTrack-AI/src/components/AppIcon.tsx', but '--jsx' is not set.
src/pages/FreightCalculatorPage.tsx(156,13): error TS17004: Cannot use JSX unless the '--jsx' flag is provided.
src/pages/FreightCalculatorPage.tsx(165,9): error TS17004: Cannot use JSX unless the '--jsx' flag is provided.
src/pages/FreightCalculatorPage.tsx(166,13): error TS17004: Cannot use JSX unless the '--jsx' flag is provided.
src/pages/FreightCalculatorPage.tsx(172,13): error TS17004: Cannot use JSX unless the '--jsx' flag is provided.
src/pages/FreightCalculatorPage.tsx(174,21): error TS17004: Cannot use JSX unless the '--jsx' flag is provided.
src/pages/FreightCalculatorPage.tsx(182,25): error TS17004: Cannot use JSX unless the '--jsx' flag is provided.
src/pages/FreightCalculatorPage.tsx(189,13): error TS17004: Cannot use JSX unless the '--jsx' flag is provided.
src/pages/FreightCalculatorPage.tsx(190,17): error TS17004: Cannot use JSX unless the '--jsx' flag is provided.
src/pages/FreightCalculatorPage.tsx(191,17): error TS17004: Cannot use JSX unless the '--jsx' flag is provided.
src/pages/FreightCalculatorPage.tsx(193,21): error TS17004: Cannot use JSX unless the '--jsx' flag is provided.
src/pages/FreightCalculatorPage.tsx(194,25): error TS17004: Cannot use JSX unless the '--jsx' flag is provided.
src/pages/FreightCalculatorPage.tsx(195,25): error TS17004: Cannot use JSX unless the '--jsx' flag is provided.
src/pages/FreightCalculatorPage.tsx(200,29): error TS17004: Cannot use JSX unless the '--jsx' flag is provided.
src/pages/FreightCalculatorPage.tsx(201,58): error TS17004: Cannot use JSX unless the '--jsx' flag is provided.
src/pages/FreightCalculatorPage.tsx(206,21): error TS17004: Cannot use JSX unless the '--jsx' flag is provided.
src/pages/FreightCalculatorPage.tsx(207,25): error TS17004: Cannot use JSX unless the '--jsx' flag is provided.
src/pages/FreightCalculatorPage.tsx(208,25): error TS17004: Cannot use JSX unless the '--jsx' flag is provided.
src/pages/FreightCalculatorPage.tsx(213,29): error TS17004: Cannot use JSX unless the '--jsx' flag is provided.
src/pages/FreightCalculatorPage.tsx(214,63): error TS17004: Cannot use JSX unless the '--jsx' flag is provided.
src/pages/FreightCalculatorPage.tsx(220,25): error TS17004: Cannot use JSX unless the '--jsx' flag is provided.
src/pages/FreightCalculatorPage.tsx(221,29): error TS17004: Cannot use JSX unless the '--jsx' flag is provided.
src/pages/FreightCalculatorPage.tsx(222,29): error TS17004: Cannot use JSX unless the '--jsx' flag is provided.
src/pages/FreightCalculatorPage.tsx(227,33): error TS17004: Cannot use JSX unless the '--jsx' flag is provided.
src/pages/FreightCalculatorPage.tsx(228,33): error TS17004: Cannot use JSX unless the '--jsx' flag is provided.
src/pages/FreightCalculatorPage.tsx(229,33): error TS17004: Cannot use JSX unless the '--jsx' flag is provided.
src/pages/FreightCalculatorPage.tsx(230,33): error TS17004: Cannot use JSX unless the '--jsx' flag is provided.
src/pages/FreightCalculatorPage.tsx(236,21): error TS17004: Cannot use JSX unless the '--jsx' flag is provided.
src/pages/FreightCalculatorPage.tsx(237,25): error TS17004: Cannot use JSX unless the '--jsx' flag is provided.
src/pages/FreightCalculatorPage.tsx(240,25): error TS17004: Cannot use JSX unless the '--jsx' flag is provided.
src/pages/FreightCalculatorPage.tsx(251,25): error TS17004: Cannot use JSX unless the '--jsx' flag is provided.
src/pages/FreightCalculatorPage.tsx(252,29): error TS17004: Cannot use JSX unless the '--jsx' flag is provided.
src/pages/FreightCalculatorPage.tsx(253,29): error TS17004: Cannot use JSX unless the '--jsx' flag is provided.
src/pages/FreightCalculatorPage.tsx(264,21): error TS17004: Cannot use JSX unless the '--jsx' flag is provided.
src/pages/FreightCalculatorPage.tsx(265,25): error TS17004: Cannot use JSX unless the '--jsx' flag is provided.
src/pages/FreightCalculatorPage.tsx(266,25): error TS17004: Cannot use JSX unless the '--jsx' flag is provided.
src/pages/FreightCalculatorPage.tsx(276,17): error TS17004: Cannot use JSX unless the '--jsx' flag is provided.
src/pages/FreightCalculatorPage.tsx(281,21): error TS17004: Cannot use JSX unless the '--jsx' flag is provided.
src/pages/FreightCalculatorPage.tsx(288,17): error TS17004: Cannot use JSX unless the '--jsx' flag is provided.
src/pages/FreightCalculatorPage.tsx(289,21): error TS17004: Cannot use JSX unless the '--jsx' flag is provided.
src/pages/FreightCalculatorPage.tsx(291,25): error TS17004: Cannot use JSX unless the '--jsx' flag is provided.
src/pages/FreightCalculatorPage.tsx(297,25): error TS17004: Cannot use JSX unless the '--jsx' flag is provided.
src/pages/FreightCalculatorPage.tsx(305,33): error TS17004: Cannot use JSX unless the '--jsx' flag is provided.
src/pages/FreightCalculatorPage.tsx(306,37): error TS17004: Cannot use JSX unless the '--jsx' flag is provided.
src/pages/FreightCalculatorPage.tsx(307,37): error TS17004: Cannot use JSX unless the '--jsx' flag is provided.
src/pages/FreightCalculatorPage.tsx(311,29): error TS17004: Cannot use JSX unless the '--jsx' flag is provided.
src/pages/FreightCalculatorPage.tsx(312,33): error TS17004: Cannot use JSX unless the '--jsx' flag is provided.
src/pages/FreightCalculatorPage.tsx(313,37): error TS17004: Cannot use JSX unless the '--jsx' flag is provided.
src/pages/FreightCalculatorPage.tsx(314,37): error TS17004: Cannot use JSX unless the '--jsx' flag is provided.
src/pages/FreightCalculatorPage.tsx(316,41): error TS17004: Cannot use JSX unless the '--jsx' flag is provided.
src/pages/FreightCalculatorPage.tsx(318,37): error TS17004: Cannot use JSX unless the '--jsx' flag is provided.
src/pages/FreightCalculatorPage.tsx(319,41): error TS17004: Cannot use JSX unless the '--jsx' flag is provided.
src/pages/FreightCalculatorPage.tsx(323,33): error TS17004: Cannot use JSX unless the '--jsx' flag is provided.
src/pages/FreightCalculatorPage.tsx(324,37): error TS17004: Cannot use JSX unless the '--jsx' flag is provided.
src/pages/FreightCalculatorPage.tsx(327,37): error TS17004: Cannot use JSX unless the '--jsx' flag is provided.
src/pages/FreightCalculatorPage.tsx(328,37): error TS17004: Cannot use JSX unless the '--jsx' flag is provided.
src/pages/FreightCalculatorPage.tsx(335,29): error TS17004: Cannot use JSX unless the '--jsx' flag is provided.
src/pages/FreightCalculatorPage.tsx(336,33): error TS17004: Cannot use JSX unless the '--jsx' flag is provided.
src/pages/FreightCalculatorPage.tsx(337,33): error TS17004: Cannot use JSX unless the '--jsx' flag is provided.
src/pages/FreightCalculatorPage.tsx(345,41): error TS17004: Cannot use JSX unless the '--jsx' flag is provided.
src/pages/FreightCalculatorPage.tsx(346,45): error TS17004: Cannot use JSX unless the '--jsx' flag is provided.
src/pages/FreightCalculatorPage.tsx(347,45): error TS17004: Cannot use JSX unless the '--jsx' flag is provided.
src/pages/FreightCalculatorPage.tsx(355,21): error TS17004: Cannot use JSX unless the '--jsx' flag is provided.
src/pages/FreightCalculatorPage.tsx(362,17): error TS17004: Cannot use JSX unless the '--jsx' flag is provided.
src/pages/FreightCalculatorPage.tsx(363,21): error TS17004: Cannot use JSX unless the '--jsx' flag is provided.
src/pages/FreightCalculatorPage.tsx(364,21): error TS17004: Cannot use JSX unless the '--jsx' flag is provided.
src/pages/FreightCalculatorPage.tsx(365,21): error TS17004: Cannot use JSX unless the '--jsx' flag is provided.
src/pages/HsCodeLookupPage.tsx(7,24): error TS6142: Module '../components/PageHeader' was resolved to 'C:/Users/bheda/Music/Desktop/ExporTrack-AI/src/components/PageHeader.tsx', but '--jsx' is not set.
src/pages/HsCodeLookupPage.tsx(8,21): error TS6142: Module '../components/AppIcon' was resolved to 'C:/Users/bheda/Music/Desktop/ExporTrack-AI/src/components/AppIcon.tsx', but '--jsx' is not set.
src/pages/HsCodeLookupPage.tsx(120,9): error TS17004: Cannot use JSX unless the '--jsx' flag is provided.
src/pages/HsCodeLookupPage.tsx(121,13): error TS17004: Cannot use JSX unless the '--jsx' flag is provided.
src/pages/HsCodeLookupPage.tsx(127,13): error TS17004: Cannot use JSX unless the '--jsx' flag is provided.
src/pages/HsCodeLookupPage.tsx(128,17): error TS17004: Cannot use JSX unless the '--jsx' flag is provided.
src/pages/HsCodeLookupPage.tsx(129,17): error TS17004: Cannot use JSX unless the '--jsx' flag is provided.
src/pages/HsCodeLookupPage.tsx(130,21): error TS17004: Cannot use JSX unless the '--jsx' flag is provided.
src/pages/HsCodeLookupPage.tsx(131,21): error TS17004: Cannot use JSX unless the '--jsx' flag is provided.
src/pages/HsCodeLookupPage.tsx(139,13): error TS17004: Cannot use JSX unless the '--jsx' flag is provided.
src/pages/HsCodeLookupPage.tsx(140,17): error TS17004: Cannot use JSX unless the '--jsx' flag is provided.
src/pages/HsCodeLookupPage.tsx(141,21): error TS17004: Cannot use JSX unless the '--jsx' flag is provided.
src/pages/HsCodeLookupPage.tsx(142,21): error TS17004: Cannot use JSX unless the '--jsx' flag is provided.
src/pages/HsCodeLookupPage.tsx(150,17): error TS17004: Cannot use JSX unless the '--jsx' flag is provided.
src/pages/HsCodeLookupPage.tsx(156,25): error TS17004: Cannot use JSX unless the '--jsx' flag is provided.
src/pages/HsCodeLookupPage.tsx(162,13): error TS17004: Cannot use JSX unless the '--jsx' flag is provided.
src/pages/HsCodeLookupPage.tsx(163,25): error TS17004: Cannot use JSX unless the '--jsx' flag is provided.
src/pages/HsCodeLookupPage.tsx(167,13): error TS17004: Cannot use JSX unless the '--jsx' flag is provided.
src/pages/HsCodeLookupPage.tsx(169,21): error TS17004: Cannot use JSX unless the '--jsx' flag is provided.
src/pages/HsCodeLookupPage.tsx(174,25): error TS17004: Cannot use JSX unless the '--jsx' flag is provided.
src/pages/HsCodeLookupPage.tsx(175,29): error TS17004: Cannot use JSX unless the '--jsx' flag is provided.
src/pages/HsCodeLookupPage.tsx(176,33): error TS17004: Cannot use JSX unless the '--jsx' flag is provided.
src/pages/HsCodeLookupPage.tsx(177,37): error TS17004: Cannot use JSX unless the '--jsx' flag is provided.
src/pages/HsCodeLookupPage.tsx(180,37): error TS17004: Cannot use JSX unless the '--jsx' flag is provided.
src/pages/HsCodeLookupPage.tsx(183,37): error TS17004: Cannot use JSX unless the '--jsx' flag is provided.
src/pages/HsCodeLookupPage.tsx(187,33): error TS17004: Cannot use JSX unless the '--jsx' flag is provided.
src/pages/HsCodeLookupPage.tsx(189,29): error TS17004: Cannot use JSX unless the '--jsx' flag is provided.
src/pages/HsCodeLookupPage.tsx(194,33): error TS17004: Cannot use JSX unless the '--jsx' flag is provided.
src/pages/HsCodeLookupPage.tsx(200,29): error TS17004: Cannot use JSX unless the '--jsx' flag is provided.
src/pages/HsCodeLookupPage.tsx(201,33): error TS17004: Cannot use JSX unless the '--jsx' flag is provided.
src/pages/HsCodeLookupPage.tsx(202,37): error TS17004: Cannot use JSX unless the '--jsx' flag is provided.
src/pages/HsCodeLookupPage.tsx(203,37): error TS17004: Cannot use JSX unless the '--jsx' flag is provided.
src/pages/HsCodeLookupPage.tsx(205,33): error TS17004: Cannot use JSX unless the '--jsx' flag is provided.
src/pages/HsCodeLookupPage.tsx(206,37): error TS17004: Cannot use JSX unless the '--jsx' flag is provided.
src/pages/HsCodeLookupPage.tsx(207,37): error TS17004: Cannot use JSX unless the '--jsx' flag is provided.
src/pages/HsCodeLookupPage.tsx(209,33): error TS17004: Cannot use JSX unless the '--jsx' flag is provided.
src/pages/HsCodeLookupPage.tsx(210,37): error TS17004: Cannot use JSX unless the '--jsx' flag is provided.
src/pages/HsCodeLookupPage.tsx(211,37): error TS17004: Cannot use JSX unless the '--jsx' flag is provided.
src/pages/HsCodeLookupPage.tsx(216,37): error TS17004: Cannot use JSX unless the '--jsx' flag is provided.
src/pages/HsCodeLookupPage.tsx(217,41): error TS17004: Cannot use JSX unless the '--jsx' flag is provided.
src/pages/HsCodeLookupPage.tsx(218,41): error TS17004: Cannot use JSX unless the '--jsx' flag is provided.
src/pages/HsCodeLookupPage.tsx(219,45): error TS17004: Cannot use JSX unless the '--jsx' flag is provided.
src/pages/HsCodeLookupPage.tsx(230,21): error TS17004: Cannot use JSX unless the '--jsx' flag is provided.
src/pages/HsCodeLookupPage.tsx(231,25): error TS17004: Cannot use JSX unless the '--jsx' flag is provided.
src/pages/HsCodeLookupPage.tsx(232,25): error TS17004: Cannot use JSX unless the '--jsx' flag is provided.
src/pages/HsCodeLookupPage.tsx(233,25): error TS17004: Cannot use JSX unless the '--jsx' flag is provided.
src/pages/HsCodeLookupPage.tsx(239,13): error TS17004: Cannot use JSX unless the '--jsx' flag is provided.
src/pages/HsCodeLookupPage.tsx(240,17): error TS17004: Cannot use JSX unless the '--jsx' flag is provided.
src/pages/HsCodeLookupPage.tsx(241,17): error TS17004: Cannot use JSX unless the '--jsx' flag is provided.
src/pages/HsCodeLookupPage.tsx(243,25): error TS17004: Cannot use JSX unless the '--jsx' flag is provided.
src/pages/InvoiceGenerator.tsx(7,21): error TS6142: Module '../components/AppIcon' was resolved to 'C:/Users/bheda/Music/Desktop/ExporTrack-AI/src/components/AppIcon.tsx', but '--jsx' is not set.
src/pages/InvoiceGenerator.tsx(8,31): error TS6142: Module '../context/AppContext' was resolved to 'C:/Users/bheda/Music/Desktop/ExporTrack-AI/src/context/AppContext.tsx', but '--jsx' is not set.
src/pages/InvoiceGenerator.tsx(19,31): error TS6142: Module '../components/ShowForPermission' was resolved to 'C:/Users/bheda/Music/Desktop/ExporTrack-AI/src/components/ShowForPermission.tsx', but '--jsx' is not set.
src/pages/InvoiceGenerator.tsx(184,7): error TS17004: Cannot use JSX unless the '--jsx' flag is provided.
src/pages/InvoiceGenerator.tsx(185,9): error TS17004: Cannot use JSX unless the '--jsx' flag is provided.
src/pages/InvoiceGenerator.tsx(186,11): error TS17004: Cannot use JSX unless the '--jsx' flag is provided.
src/pages/InvoiceGenerator.tsx(187,13): error TS17004: Cannot use JSX unless the '--jsx' flag is provided.
src/pages/InvoiceGenerator.tsx(188,13): error TS17004: Cannot use JSX unless the '--jsx' flag is provided.
src/pages/InvoiceGenerator.tsx(190,11): error TS17004: Cannot use JSX unless the '--jsx' flag is provided.
src/pages/InvoiceGenerator.tsx(191,13): error TS17004: Cannot use JSX unless the '--jsx' flag is provided.
src/pages/InvoiceGenerator.tsx(192,15): error TS17004: Cannot use JSX unless the '--jsx' flag is provided.
src/pages/InvoiceGenerator.tsx(198,11): error TS17004: Cannot use JSX unless the '--jsx' flag is provided.
src/pages/InvoiceGenerator.tsx(199,13): error TS17004: Cannot use JSX unless the '--jsx' flag is provided.
src/pages/InvoiceGenerator.tsx(200,15): error TS17004: Cannot use JSX unless the '--jsx' flag is provided.
src/pages/InvoiceGenerator.tsx(202,13): error TS17004: Cannot use JSX unless the '--jsx' flag is provided.
src/pages/InvoiceGenerator.tsx(203,13): error TS17004: Cannot use JSX unless the '--jsx' flag is provided.
src/pages/InvoiceGenerator.tsx(204,13): error TS17004: Cannot use JSX unless the '--jsx' flag is provided.
src/pages/InvoiceGenerator.tsx(205,15): error TS17004: Cannot use JSX unless the '--jsx' flag is provided.
src/pages/InvoiceGenerator.tsx(206,17): error TS17004: Cannot use JSX unless the '--jsx' flag is provided.
src/pages/InvoiceGenerator.tsx(211,11): error TS17004: Cannot use JSX unless the '--jsx' flag is provided.
src/pages/InvoiceGenerator.tsx(215,17): error TS17004: Cannot use JSX unless the '--jsx' flag is provided.
src/pages/InvoiceGenerator.tsx(216,19): error TS17004: Cannot use JSX unless the '--jsx' flag is provided.
src/pages/InvoiceGenerator.tsx(217,21): error TS17004: Cannot use JSX unless the '--jsx' flag is provided.
src/pages/InvoiceGenerator.tsx(218,23): error TS17004: Cannot use JSX unless the '--jsx' flag is provided.
src/pages/InvoiceGenerator.tsx(219,23): error TS17004: Cannot use JSX unless the '--jsx' flag is provided.
src/pages/InvoiceGenerator.tsx(221,21): error TS17004: Cannot use JSX unless the '--jsx' flag is provided.
src/pages/InvoiceGenerator.tsx(225,19): error TS17004: Cannot use JSX unless the '--jsx' flag is provided.
src/pages/InvoiceGenerator.tsx(226,21): error TS17004: Cannot use JSX unless the '--jsx' flag is provided.
src/pages/InvoiceGenerator.tsx(227,23): error TS17004: Cannot use JSX unless the '--jsx' flag is provided.
src/pages/InvoiceGenerator.tsx(229,21): error TS17004: Cannot use JSX unless the '--jsx' flag is provided.
src/pages/InvoiceGenerator.tsx(230,23): error TS17004: Cannot use JSX unless the '--jsx' flag is provided.
src/pages/InvoiceGenerator.tsx(233,23): error TS17004: Cannot use JSX unless the '--jsx' flag is provided.
src/pages/InvoiceGenerator.tsx(234,25): error TS17004: Cannot use JSX unless the '--jsx' flag is provided.
src/pages/InvoiceGenerator.tsx(235,27): error TS17004: Cannot use JSX unless the '--jsx' flag is provided.
src/pages/InvoiceGenerator.tsx(237,25): error TS17004: Cannot use JSX unless the '--jsx' flag is provided.
src/pages/InvoiceGenerator.tsx(238,27): error TS17004: Cannot use JSX unless the '--jsx' flag is provided.
src/pages/InvoiceGenerator.tsx(240,25): error TS17004: Cannot use JSX unless the '--jsx' flag is provided.
src/pages/InvoiceGenerator.tsx(241,27): error TS17004: Cannot use JSX unless the '--jsx' flag is provided.
src/pages/InvoiceGenerator.tsx(246,23): error TS17004: Cannot use JSX unless the '--jsx' flag is provided.
src/pages/InvoiceGenerator.tsx(247,25): error TS17004: Cannot use JSX unless the '--jsx' flag is provided.
src/pages/InvoiceGenerator.tsx(258,11): error TS17004: Cannot use JSX unless the '--jsx' flag is provided.
src/pages/InvoiceGenerator.tsx(268,5): error TS17004: Cannot use JSX unless the '--jsx' flag is provided.
src/pages/InvoiceGenerator.tsx(269,7): error TS17004: Cannot use JSX unless the '--jsx' flag is provided.
src/pages/InvoiceGenerator.tsx(270,9): error TS17004: Cannot use JSX unless the '--jsx' flag is provided.
src/pages/InvoiceGenerator.tsx(271,11): error TS17004: Cannot use JSX unless the '--jsx' flag is provided.
src/pages/InvoiceGenerator.tsx(272,13): error TS17004: Cannot use JSX unless the '--jsx' flag is provided.
src/pages/InvoiceGenerator.tsx(274,11): error TS17004: Cannot use JSX unless the '--jsx' flag is provided.
src/pages/InvoiceGenerator.tsx(275,13): error TS17004: Cannot use JSX unless the '--jsx' flag is provided.
src/pages/InvoiceGenerator.tsx(278,13): error TS17004: Cannot use JSX unless the '--jsx' flag is provided.
src/pages/InvoiceGenerator.tsx(281,9): error TS17004: Cannot use JSX unless the '--jsx' flag is provided.
src/pages/InvoiceGenerator.tsx(282,11): error TS17004: Cannot use JSX unless the '--jsx' flag is provided.
src/pages/InvoiceGenerator.tsx(289,7): error TS17004: Cannot use JSX unless the '--jsx' flag is provided.
src/pages/InvoiceGenerator.tsx(291,11): error TS17004: Cannot use JSX unless the '--jsx' flag is provided.
src/pages/InvoiceGenerator.tsx(301,13): error TS17004: Cannot use JSX unless the '--jsx' flag is provided.
src/pages/InvoiceGenerator.tsx(302,13): error TS17004: Cannot use JSX unless the '--jsx' flag is provided.
src/pages/InvoiceGenerator.tsx(309,9): error TS17004: Cannot use JSX unless the '--jsx' flag is provided.
src/pages/InvoiceGenerator.tsx(310,11): error TS17004: Cannot use JSX unless the '--jsx' flag is provided.
src/pages/InvoiceGenerator.tsx(311,11): error TS17004: Cannot use JSX unless the '--jsx' flag is provided.
src/pages/InvoiceGenerator.tsx(312,13): error TS17004: Cannot use JSX unless the '--jsx' flag is provided.
src/pages/InvoiceGenerator.tsx(312,18): error TS17004: Cannot use JSX unless the '--jsx' flag is provided.
src/pages/InvoiceGenerator.tsx(312,68): error TS17004: Cannot use JSX unless the '--jsx' flag is provided.
src/pages/InvoiceGenerator.tsx(313,13): error TS17004: Cannot use JSX unless the '--jsx' flag is provided.
src/pages/InvoiceGenerator.tsx(313,18): error TS17004: Cannot use JSX unless the '--jsx' flag is provided.
src/pages/InvoiceGenerator.tsx(313,59): error TS17004: Cannot use JSX unless the '--jsx' flag is provided.
src/pages/InvoiceGenerator.tsx(314,13): error TS17004: Cannot use JSX unless the '--jsx' flag is provided.
src/pages/InvoiceGenerator.tsx(314,44): error TS17004: Cannot use JSX unless the '--jsx' flag is provided.
src/pages/InvoiceGenerator.tsx(314,89): error TS17004: Cannot use JSX unless the '--jsx' flag is provided.
src/pages/InvoiceGenerator.tsx(315,13): error TS17004: Cannot use JSX unless the '--jsx' flag is provided.
src/pages/InvoiceGenerator.tsx(315,18): error TS17004: Cannot use JSX unless the '--jsx' flag is provided.
src/pages/InvoiceGenerator.tsx(315,62): error TS17004: Cannot use JSX unless the '--jsx' flag is provided.
src/pages/InvoiceGenerator.tsx(316,13): error TS17004: Cannot use JSX unless the '--jsx' flag is provided.
src/pages/InvoiceGenerator.tsx(316,18): error TS17004: Cannot use JSX unless the '--jsx' flag is provided.
src/pages/InvoiceGenerator.tsx(316,57): error TS17004: Cannot use JSX unless the '--jsx' flag is provided.
src/pages/InvoiceGenerator.tsx(317,13): error TS17004: Cannot use JSX unless the '--jsx' flag is provided.
src/pages/InvoiceGenerator.tsx(317,18): error TS17004: Cannot use JSX unless the '--jsx' flag is provided.
src/pages/InvoiceGenerator.tsx(317,59): error TS17004: Cannot use JSX unless the '--jsx' flag is provided.
src/pages/InvoiceGenerator.tsx(318,13): error TS17004: Cannot use JSX unless the '--jsx' flag is provided.
src/pages/InvoiceGenerator.tsx(318,18): error TS17004: Cannot use JSX unless the '--jsx' flag is provided.
src/pages/InvoiceGenerator.tsx(318,64): error TS17004: Cannot use JSX unless the '--jsx' flag is provided.
src/pages/InvoiceGenerator.tsx(325,9): error TS17004: Cannot use JSX unless the '--jsx' flag is provided.
src/pages/InvoiceGenerator.tsx(326,11): error TS17004: Cannot use JSX unless the '--jsx' flag is provided.
src/pages/InvoiceGenerator.tsx(327,11): error TS17004: Cannot use JSX unless the '--jsx' flag is provided.
src/pages/InvoiceGenerator.tsx(328,13): error TS17004: Cannot use JSX unless the '--jsx' flag is provided.
src/pages/InvoiceGenerator.tsx(328,18): error TS17004: Cannot use JSX unless the '--jsx' flag is provided.
src/pages/InvoiceGenerator.tsx(328,66): error TS17004: Cannot use JSX unless the '--jsx' flag is provided.
src/pages/InvoiceGenerator.tsx(329,13): error TS17004: Cannot use JSX unless the '--jsx' flag is provided.
src/pages/InvoiceGenerator.tsx(329,18): error TS17004: Cannot use JSX unless the '--jsx' flag is provided.
src/pages/InvoiceGenerator.tsx(329,63): error TS17004: Cannot use JSX unless the '--jsx' flag is provided.
src/pages/InvoiceGenerator.tsx(330,13): error TS17004: Cannot use JSX unless the '--jsx' flag is provided.
src/pages/InvoiceGenerator.tsx(330,44): error TS17004: Cannot use JSX unless the '--jsx' flag is provided.
src/pages/InvoiceGenerator.tsx(330,89): error TS17004: Cannot use JSX unless the '--jsx' flag is provided.
src/pages/InvoiceGenerator.tsx(331,13): error TS17004: Cannot use JSX unless the '--jsx' flag is provided.
src/pages/InvoiceGenerator.tsx(331,18): error TS17004: Cannot use JSX unless the '--jsx' flag is provided.
src/pages/InvoiceGenerator.tsx(331,68): error TS17004: Cannot use JSX unless the '--jsx' flag is provided.
src/pages/InvoiceGenerator.tsx(332,13): error TS17004: Cannot use JSX unless the '--jsx' flag is provided.
src/pages/InvoiceGenerator.tsx(332,18): error TS17004: Cannot use JSX unless the '--jsx' flag is provided.
src/pages/InvoiceGenerator.tsx(332,70): error TS17004: Cannot use JSX unless the '--jsx' flag is provided.
src/pages/InvoiceGenerator.tsx(339,9): error TS17004: Cannot use JSX unless the '--jsx' flag is provided.
src/pages/InvoiceGenerator.tsx(340,11): error TS17004: Cannot use JSX unless the '--jsx' flag is provided.
src/pages/InvoiceGenerator.tsx(341,11): error TS17004: Cannot use JSX unless the '--jsx' flag is provided.
src/pages/InvoiceGenerator.tsx(342,13): error TS17004: Cannot use JSX unless the '--jsx' flag is provided.
src/pages/InvoiceGenerator.tsx(342,18): error TS17004: Cannot use JSX unless the '--jsx' flag is provided.
src/pages/InvoiceGenerator.tsx(342,71): error TS17004: Cannot use JSX unless the '--jsx' flag is provided.
src/pages/InvoiceGenerator.tsx(343,13): error TS17004: Cannot use JSX unless the '--jsx' flag is provided.
src/pages/InvoiceGenerator.tsx(343,18): error TS17004: Cannot use JSX unless the '--jsx' flag is provided.
src/pages/InvoiceGenerator.tsx(343,73): error TS17004: Cannot use JSX unless the '--jsx' flag is provided.
src/pages/InvoiceGenerator.tsx(344,13): error TS17004: Cannot use JSX unless the '--jsx' flag is provided.
src/pages/InvoiceGenerator.tsx(344,18): error TS17004: Cannot use JSX unless the '--jsx' flag is provided.
src/pages/InvoiceGenerator.tsx(344,71): error TS17004: Cannot use JSX unless the '--jsx' flag is provided.
src/pages/InvoiceGenerator.tsx(345,13): error TS17004: Cannot use JSX unless the '--jsx' flag is provided.
src/pages/InvoiceGenerator.tsx(345,18): error TS17004: Cannot use JSX unless the '--jsx' flag is provided.
src/pages/InvoiceGenerator.tsx(345,72): error TS17004: Cannot use JSX unless the '--jsx' flag is provided.
src/pages/InvoiceGenerator.tsx(346,13): error TS17004: Cannot use JSX unless the '--jsx' flag is provided.
src/pages/InvoiceGenerator.tsx(346,18): error TS17004: Cannot use JSX unless the '--jsx' flag is provided.
src/pages/InvoiceGenerator.tsx(346,65): error TS17004: Cannot use JSX unless the '--jsx' flag is provided.
src/pages/InvoiceGenerator.tsx(346,277): error TS17004: Cannot use JSX unless the '--jsx' flag is provided.
src/pages/InvoiceGenerator.tsx(347,13): error TS17004: Cannot use JSX unless the '--jsx' flag is provided.
src/pages/InvoiceGenerator.tsx(347,18): error TS17004: Cannot use JSX unless the '--jsx' flag is provided.
src/pages/InvoiceGenerator.tsx(347,64): error TS17004: Cannot use JSX unless the '--jsx' flag is provided.
src/pages/InvoiceGenerator.tsx(347,263): error TS17004: Cannot use JSX unless the '--jsx' flag is provided.
src/pages/InvoiceGenerator.tsx(348,13): error TS17004: Cannot use JSX unless the '--jsx' flag is provided.
src/pages/InvoiceGenerator.tsx(348,18): error TS17004: Cannot use JSX unless the '--jsx' flag is provided.
src/pages/InvoiceGenerator.tsx(348,71): error TS17004: Cannot use JSX unless the '--jsx' flag is provided.
src/pages/InvoiceGenerator.tsx(349,13): error TS17004: Cannot use JSX unless the '--jsx' flag is provided.
src/pages/InvoiceGenerator.tsx(349,18): error TS17004: Cannot use JSX unless the '--jsx' flag is provided.
src/pages/InvoiceGenerator.tsx(349,67): error TS17004: Cannot use JSX unless the '--jsx' flag is provided.
src/pages/InvoiceGenerator.tsx(356,9): error TS17004: Cannot use JSX unless the '--jsx' flag is provided.
src/pages/InvoiceGenerator.tsx(357,11): error TS17004: Cannot use JSX unless the '--jsx' flag is provided.
src/pages/InvoiceGenerator.tsx(358,13): error TS17004: Cannot use JSX unless the '--jsx' flag is provided.
src/pages/InvoiceGenerator.tsx(359,13): error TS17004: Cannot use JSX unless the '--jsx' flag is provided.
src/pages/InvoiceGenerator.tsx(360,15): error TS17004: Cannot use JSX unless the '--jsx' flag is provided.
src/pages/InvoiceGenerator.tsx(363,11): error TS17004: Cannot use JSX unless the '--jsx' flag is provided.
src/pages/InvoiceGenerator.tsx(364,13): error TS17004: Cannot use JSX unless the '--jsx' flag is provided.
src/pages/InvoiceGenerator.tsx(365,15): error TS17004: Cannot use JSX unless the '--jsx' flag is provided.
src/pages/InvoiceGenerator.tsx(366,17): error TS17004: Cannot use JSX unless the '--jsx' flag is provided.
src/pages/InvoiceGenerator.tsx(368,21): error TS17004: Cannot use JSX unless the '--jsx' flag is provided.
src/pages/InvoiceGenerator.tsx(372,15): error TS17004: Cannot use JSX unless the '--jsx' flag is provided.
src/pages/InvoiceGenerator.tsx(374,19): error TS17004: Cannot use JSX unless the '--jsx' flag is provided.
src/pages/InvoiceGenerator.tsx(375,21): error TS17004: Cannot use JSX unless the '--jsx' flag is provided.
src/pages/InvoiceGenerator.tsx(376,21): error TS17004: Cannot use JSX unless the '--jsx' flag is provided.
src/pages/InvoiceGenerator.tsx(376,47): error TS17004: Cannot use JSX unless the '--jsx' flag is provided.
src/pages/InvoiceGenerator.tsx(377,21): error TS17004: Cannot use JSX unless the '--jsx' flag is provided.
src/pages/InvoiceGenerator.tsx(377,47): error TS17004: Cannot use JSX unless the '--jsx' flag is provided.
src/pages/InvoiceGenerator.tsx(378,21): error TS17004: Cannot use JSX unless the '--jsx' flag is provided.
src/pages/InvoiceGenerator.tsx(378,47): error TS17004: Cannot use JSX unless the '--jsx' flag is provided.
src/pages/InvoiceGenerator.tsx(379,21): error TS17004: Cannot use JSX unless the '--jsx' flag is provided.
src/pages/InvoiceGenerator.tsx(379,47): error TS17004: Cannot use JSX unless the '--jsx' flag is provided.
src/pages/InvoiceGenerator.tsx(379,198): error TS17004: Cannot use JSX unless the '--jsx' flag is provided.
src/pages/InvoiceGenerator.tsx(380,21): error TS17004: Cannot use JSX unless the '--jsx' flag is provided.
src/pages/InvoiceGenerator.tsx(380,47): error TS17004: Cannot use JSX unless the '--jsx' flag is provided.
src/pages/InvoiceGenerator.tsx(381,21): error TS17004: Cannot use JSX unless the '--jsx' flag is provided.
src/pages/InvoiceGenerator.tsx(382,21): error TS17004: Cannot use JSX unless the '--jsx' flag is provided.
src/pages/InvoiceGenerator.tsx(382,47): error TS17004: Cannot use JSX unless the '--jsx' flag is provided.
src/pages/InvoiceGenerator.tsx(383,21): error TS17004: Cannot use JSX unless the '--jsx' flag is provided.
src/pages/InvoiceGenerator.tsx(383,47): error TS17004: Cannot use JSX unless the '--jsx' flag is provided.
src/pages/InvoiceGenerator.tsx(384,21): error TS17004: Cannot use JSX unless the '--jsx' flag is provided.
src/pages/InvoiceGenerator.tsx(386,25): error TS17004: Cannot use JSX unless the '--jsx' flag is provided.
src/pages/InvoiceGenerator.tsx(387,27): error TS17004: Cannot use JSX unless the '--jsx' flag is provided.
src/pages/InvoiceGenerator.tsx(394,15): error TS17004: Cannot use JSX unless the '--jsx' flag is provided.
src/pages/InvoiceGenerator.tsx(395,17): error TS17004: Cannot use JSX unless the '--jsx' flag is provided.
src/pages/InvoiceGenerator.tsx(396,19): error TS17004: Cannot use JSX unless the '--jsx' flag is provided.
src/pages/InvoiceGenerator.tsx(397,19): error TS17004: Cannot use JSX unless the '--jsx' flag is provided.
src/pages/InvoiceGenerator.tsx(398,19): error TS17004: Cannot use JSX unless the '--jsx' flag is provided.
src/pages/InvoiceGenerator.tsx(399,19): error TS17004: Cannot use JSX unless the '--jsx' flag is provided.
src/pages/InvoiceGenerator.tsx(400,19): error TS17004: Cannot use JSX unless the '--jsx' flag is provided.
src/pages/InvoiceGenerator.tsx(400,28): error TS17004: Cannot use JSX unless the '--jsx' flag is provided.
src/pages/InvoiceGenerator.tsx(401,19): error TS17004: Cannot use JSX unless the '--jsx' flag is provided.
src/pages/InvoiceGenerator.tsx(402,19): error TS17004: Cannot use JSX unless the '--jsx' flag is provided.
src/pages/InvoiceGenerator.tsx(403,19): error TS17004: Cannot use JSX unless the '--jsx' flag is provided.
src/pages/InvoiceGenerator.tsx(404,19): error TS17004: Cannot use JSX unless the '--jsx' flag is provided.
src/pages/InvoiceGenerator.tsx(409,11): error TS17004: Cannot use JSX unless the '--jsx' flag is provided.
src/pages/InvoiceGenerator.tsx(410,30): error TS17004: Cannot use JSX unless the '--jsx' flag is provided.
src/pages/InvoiceGenerator.tsx(417,9): error TS17004: Cannot use JSX unless the '--jsx' flag is provided.
src/pages/InvoiceGenerator.tsx(418,11): error TS17004: Cannot use JSX unless the '--jsx' flag is provided.
src/pages/InvoiceGenerator.tsx(419,13): error TS17004: Cannot use JSX unless the '--jsx' flag is provided.
src/pages/InvoiceGenerator.tsx(420,13): error TS17004: Cannot use JSX unless the '--jsx' flag is provided.
src/pages/InvoiceGenerator.tsx(421,15): error TS17004: Cannot use JSX unless the '--jsx' flag is provided.
src/pages/InvoiceGenerator.tsx(421,20): error TS17004: Cannot use JSX unless the '--jsx' flag is provided.
src/pages/InvoiceGenerator.tsx(421,65): error TS17004: Cannot use JSX unless the '--jsx' flag is provided.
src/pages/InvoiceGenerator.tsx(422,15): error TS17004: Cannot use JSX unless the '--jsx' flag is provided.
src/pages/InvoiceGenerator.tsx(422,20): error TS17004: Cannot use JSX unless the '--jsx' flag is provided.
src/pages/InvoiceGenerator.tsx(422,70): error TS17004: Cannot use JSX unless the '--jsx' flag is provided.
src/pages/InvoiceGenerator.tsx(423,15): error TS17004: Cannot use JSX unless the '--jsx' flag is provided.
src/pages/InvoiceGenerator.tsx(423,20): error TS17004: Cannot use JSX unless the '--jsx' flag is provided.
src/pages/InvoiceGenerator.tsx(423,66): error TS17004: Cannot use JSX unless the '--jsx' flag is provided.
src/pages/InvoiceGenerator.tsx(424,15): error TS17004: Cannot use JSX unless the '--jsx' flag is provided.
src/pages/InvoiceGenerator.tsx(424,20): error TS17004: Cannot use JSX unless the '--jsx' flag is provided.
src/pages/InvoiceGenerator.tsx(424,65): error TS17004: Cannot use JSX unless the '--jsx' flag is provided.
src/pages/InvoiceGenerator.tsx(425,15): error TS17004: Cannot use JSX unless the '--jsx' flag is provided.
src/pages/InvoiceGenerator.tsx(425,46): error TS17004: Cannot use JSX unless the '--jsx' flag is provided.
src/pages/InvoiceGenerator.tsx(425,96): error TS17004: Cannot use JSX unless the '--jsx' flag is provided.
src/pages/InvoiceGenerator.tsx(429,11): error TS17004: Cannot use JSX unless the '--jsx' flag is provided.
src/pages/InvoiceGenerator.tsx(430,13): error TS17004: Cannot use JSX unless the '--jsx' flag is provided.
src/pages/InvoiceGenerator.tsx(431,13): error TS17004: Cannot use JSX unless the '--jsx' flag is provided.
src/pages/InvoiceGenerator.tsx(431,18): error TS17004: Cannot use JSX unless the '--jsx' flag is provided.
src/pages/InvoiceGenerator.tsx(431,65): error TS17004: Cannot use JSX unless the '--jsx' flag is provided.
src/pages/InvoiceGenerator.tsx(432,13): error TS17004: Cannot use JSX unless the '--jsx' flag is provided.
src/pages/InvoiceGenerator.tsx(433,15): error TS17004: Cannot use JSX unless the '--jsx' flag is provided.
src/pages/InvoiceGenerator.tsx(433,20): error TS17004: Cannot use JSX unless the '--jsx' flag is provided.
src/pages/InvoiceGenerator.tsx(433,76): error TS17004: Cannot use JSX unless the '--jsx' flag is provided.
src/pages/InvoiceGenerator.tsx(434,15): error TS17004: Cannot use JSX unless the '--jsx' flag is provided.
src/pages/InvoiceGenerator.tsx(434,20): error TS17004: Cannot use JSX unless the '--jsx' flag is provided.
src/pages/InvoiceGenerator.tsx(434,65): error TS17004: Cannot use JSX unless the '--jsx' flag is provided.
src/pages/InvoiceGenerator.tsx(435,17): error TS17004: Cannot use JSX unless the '--jsx' flag is provided.
src/pages/InvoiceGenerator.tsx(435,42): error TS17004: Cannot use JSX unless the '--jsx' flag is provided.
src/pages/InvoiceGenerator.tsx(435,68): error TS17004: Cannot use JSX unless the '--jsx' flag is provided.
src/pages/InvoiceGenerator.tsx(441,11): error TS17004: Cannot use JSX unless the '--jsx' flag is provided.
src/pages/InvoiceGenerator.tsx(442,13): error TS17004: Cannot use JSX unless the '--jsx' flag is provided.
src/pages/InvoiceGenerator.tsx(443,13): error TS17004: Cannot use JSX unless the '--jsx' flag is provided.
src/pages/InvoiceGenerator.tsx(444,15): error TS17004: Cannot use JSX unless the '--jsx' flag is provided.
src/pages/InvoiceGenerator.tsx(444,20): error TS17004: Cannot use JSX unless the '--jsx' flag is provided.
src/pages/InvoiceGenerator.tsx(444,65): error TS17004: Cannot use JSX unless the '--jsx' flag is provided.
src/pages/InvoiceGenerator.tsx(445,15): error TS17004: Cannot use JSX unless the '--jsx' flag is provided.
src/pages/InvoiceGenerator.tsx(445,20): error TS17004: Cannot use JSX unless the '--jsx' flag is provided.
src/pages/InvoiceGenerator.tsx(445,65): error TS17004: Cannot use JSX unless the '--jsx' flag is provided.
src/pages/InvoiceGenerator.tsx(446,15): error TS17004: Cannot use JSX unless the '--jsx' flag is provided.
src/pages/InvoiceGenerator.tsx(446,20): error TS17004: Cannot use JSX unless the '--jsx' flag is provided.
src/pages/InvoiceGenerator.tsx(446,72): error TS17004: Cannot use JSX unless the '--jsx' flag is provided.
src/pages/InvoiceGenerator.tsx(447,15): error TS17004: Cannot use JSX unless the '--jsx' flag is provided.
src/pages/InvoiceGenerator.tsx(447,20): error TS17004: Cannot use JSX unless the '--jsx' flag is provided.
src/pages/InvoiceGenerator.tsx(447,69): error TS17004: Cannot use JSX unless the '--jsx' flag is provided.
src/pages/InvoiceGenerator.tsx(454,7): error TS17004: Cannot use JSX unless the '--jsx' flag is provided.
src/pages/InvoiceGenerator.tsx(455,9): error TS17004: Cannot use JSX unless the '--jsx' flag is provided.
src/pages/InvoiceGenerator.tsx(456,11): error TS17004: Cannot use JSX unless the '--jsx' flag is provided.
src/pages/InvoiceGenerator.tsx(459,11): error TS17004: Cannot use JSX unless the '--jsx' flag is provided.
src/pages/InvoiceGenerator.tsx(460,18): error TS17004: Cannot use JSX unless the '--jsx' flag is provided.
src/pages/InvoiceGenerator.tsx(463,11): error TS17004: Cannot use JSX unless the '--jsx' flag is provided.
src/pages/InvoiceGenerator.tsx(464,13): error TS17004: Cannot use JSX unless the '--jsx' flag is provided.
src/pages/InvoiceGenerator.tsx(468,15): error TS17004: Cannot use JSX unless the '--jsx' flag is provided.
src/pages/InvoiceGenerator.tsx(476,17): error TS17004: Cannot use JSX unless the '--jsx' flag is provided.
src/pages/InvoiceGenerator.tsx(484,9): error TS17004: Cannot use JSX unless the '--jsx' flag is provided.
src/pages/LetterOfCreditPage.tsx(6,24): error TS6142: Module '../components/PageHeader' was resolved to 'C:/Users/bheda/Music/Desktop/ExporTrack-AI/src/components/PageHeader.tsx', but '--jsx' is not set.
src/pages/LetterOfCreditPage.tsx(7,21): error TS6142: Module '../components/AppIcon' was resolved to 'C:/Users/bheda/Music/Desktop/ExporTrack-AI/src/components/AppIcon.tsx', but '--jsx' is not set.
src/pages/LetterOfCreditPage.tsx(8,25): error TS6142: Module '../components/StatusBadge' was resolved to 'C:/Users/bheda/Music/Desktop/ExporTrack-AI/src/components/StatusBadge.tsx', but '--jsx' is not set.
src/pages/LetterOfCreditPage.tsx(240,9): error TS17004: Cannot use JSX unless the '--jsx' flag is provided.
src/pages/LetterOfCreditPage.tsx(241,13): error TS17004: Cannot use JSX unless the '--jsx' flag is provided.
src/pages/LetterOfCreditPage.tsx(245,21): error TS17004: Cannot use JSX unless the '--jsx' flag is provided.
src/pages/LetterOfCreditPage.tsx(249,25): error TS17004: Cannot use JSX unless the '--jsx' flag is provided.
src/pages/LetterOfCreditPage.tsx(256,13): error TS17004: Cannot use JSX unless the '--jsx' flag is provided.
src/pages/LetterOfCreditPage.tsx(264,21): error TS17004: Cannot use JSX unless the '--jsx' flag is provided.
src/pages/LetterOfCreditPage.tsx(265,25): error TS17004: Cannot use JSX unless the '--jsx' flag is provided.
src/pages/LetterOfCreditPage.tsx(266,25): error TS17004: Cannot use JSX unless the '--jsx' flag is provided.
src/pages/LetterOfCreditPage.tsx(272,13): error TS17004: Cannot use JSX unless the '--jsx' flag is provided.
src/pages/LetterOfCreditPage.tsx(274,21): error TS17004: Cannot use JSX unless the '--jsx' flag is provided.
src/pages/LetterOfCreditPage.tsx(288,13): error TS17004: Cannot use JSX unless the '--jsx' flag is provided.
src/pages/LetterOfCreditPage.tsx(290,21): error TS17004: Cannot use JSX unless the '--jsx' flag is provided.
src/pages/LetterOfCreditPage.tsx(295,25): error TS17004: Cannot use JSX unless the '--jsx' flag is provided.
src/pages/LetterOfCreditPage.tsx(296,29): error TS17004: Cannot use JSX unless the '--jsx' flag is provided.
src/pages/LetterOfCreditPage.tsx(297,33): error TS17004: Cannot use JSX unless the '--jsx' flag is provided.
src/pages/LetterOfCreditPage.tsx(298,37): error TS17004: Cannot use JSX unless the '--jsx' flag is provided.
src/pages/LetterOfCreditPage.tsx(299,37): error TS17004: Cannot use JSX unless the '--jsx' flag is provided.
src/pages/LetterOfCreditPage.tsx(302,37): error TS17004: Cannot use JSX unless the '--jsx' flag is provided.
src/pages/LetterOfCreditPage.tsx(306,33): error TS17004: Cannot use JSX unless the '--jsx' flag is provided.
src/pages/LetterOfCreditPage.tsx(307,33): error TS17004: Cannot use JSX unless the '--jsx' flag is provided.
src/pages/LetterOfCreditPage.tsx(308,37): error TS17004: Cannot use JSX unless the '--jsx' flag is provided.
src/pages/LetterOfCreditPage.tsx(309,37): error TS17004: Cannot use JSX unless the '--jsx' flag is provided.
src/pages/LetterOfCreditPage.tsx(310,37): error TS17004: Cannot use JSX unless the '--jsx' flag is provided.
src/pages/LetterOfCreditPage.tsx(313,37): error TS17004: Cannot use JSX unless the '--jsx' flag is provided.
src/pages/LetterOfCreditPage.tsx(314,41): error TS17004: Cannot use JSX unless the '--jsx' flag is provided.
src/pages/LetterOfCreditPage.tsx(319,29): error TS17004: Cannot use JSX unless the '--jsx' flag is provided.
src/pages/LetterOfCreditPage.tsx(320,33): error TS17004: Cannot use JSX unless the '--jsx' flag is provided.
src/pages/LetterOfCreditPage.tsx(323,33): error TS17004: Cannot use JSX unless the '--jsx' flag is provided.
src/pages/LetterOfCreditPage.tsx(324,37): error TS17004: Cannot use JSX unless the '--jsx' flag is provided.
src/pages/LetterOfCreditPage.tsx(334,29): error TS17004: Cannot use JSX unless the '--jsx' flag is provided.
src/pages/LetterOfCreditPage.tsx(336,33): error TS17004: Cannot use JSX unless the '--jsx' flag is provided.
src/pages/LetterOfCreditPage.tsx(337,37): error TS17004: Cannot use JSX unless the '--jsx' flag is provided.
src/pages/LetterOfCreditPage.tsx(338,41): error TS17004: Cannot use JSX unless the '--jsx' flag is provided.
src/pages/LetterOfCreditPage.tsx(339,41): error TS17004: Cannot use JSX unless the '--jsx' flag is provided.
src/pages/LetterOfCreditPage.tsx(341,37): error TS17004: Cannot use JSX unless the '--jsx' flag is provided.
src/pages/LetterOfCreditPage.tsx(342,41): error TS17004: Cannot use JSX unless the '--jsx' flag is provided.
src/pages/LetterOfCreditPage.tsx(343,41): error TS17004: Cannot use JSX unless the '--jsx' flag is provided.
src/pages/LetterOfCreditPage.tsx(345,37): error TS17004: Cannot use JSX unless the '--jsx' flag is provided.
src/pages/LetterOfCreditPage.tsx(346,41): error TS17004: Cannot use JSX unless the '--jsx' flag is provided.
src/pages/LetterOfCreditPage.tsx(347,41): error TS17004: Cannot use JSX unless the '--jsx' flag is provided.
src/pages/LetterOfCreditPage.tsx(349,37): error TS17004: Cannot use JSX unless the '--jsx' flag is provided.
src/pages/LetterOfCreditPage.tsx(350,41): error TS17004: Cannot use JSX unless the '--jsx' flag is provided.
src/pages/LetterOfCreditPage.tsx(351,41): error TS17004: Cannot use JSX unless the '--jsx' flag is provided.
src/pages/LetterOfCreditPage.tsx(356,33): error TS17004: Cannot use JSX unless the '--jsx' flag is provided.
src/pages/LetterOfCreditPage.tsx(357,37): error TS17004: Cannot use JSX unless the '--jsx' flag is provided.
src/pages/LetterOfCreditPage.tsx(358,37): error TS17004: Cannot use JSX unless the '--jsx' flag is provided.
src/pages/LetterOfCreditPage.tsx(360,45): error TS17004: Cannot use JSX unless the '--jsx' flag is provided.
src/pages/LetterOfCreditPage.tsx(365,49): error TS17004: Cannot use JSX unless the '--jsx' flag is provided.
src/pages/LetterOfCreditPage.tsx(369,71): error TS17004: Cannot use JSX unless the '--jsx' flag is provided.
src/pages/LetterOfCreditPage.tsx(371,49): error TS17004: Cannot use JSX unless the '--jsx' flag is provided.
src/pages/LetterOfCreditPage.tsx(372,49): error TS17004: Cannot use JSX unless the '--jsx' flag is provided.
src/pages/LetterOfCreditPage.tsx(374,53): error TS17004: Cannot use JSX unless the '--jsx' flag is provided.
src/pages/LetterOfCreditPage.tsx(383,37): error TS17004: Cannot use JSX unless the '--jsx' flag is provided.
src/pages/LetterOfCreditPage.tsx(384,41): error TS17004: Cannot use JSX unless the '--jsx' flag is provided.
src/pages/LetterOfCreditPage.tsx(385,41): error TS17004: Cannot use JSX unless the '--jsx' flag is provided.
src/pages/LetterOfCreditPage.tsx(387,49): error TS17004: Cannot use JSX unless the '--jsx' flag is provided.
src/pages/LetterOfCreditPage.tsx(388,53): error TS17004: Cannot use JSX unless the '--jsx' flag is provided.
src/pages/LetterOfCreditPage.tsx(389,53): error TS17004: Cannot use JSX unless the '--jsx' flag is provided.
src/pages/LetterOfCreditPage.tsx(398,37): error TS17004: Cannot use JSX unless the '--jsx' flag is provided.
src/pages/LetterOfCreditPage.tsx(399,41): error TS17004: Cannot use JSX unless the '--jsx' flag is provided.
src/pages/LetterOfCreditPage.tsx(400,41): error TS17004: Cannot use JSX unless the '--jsx' flag is provided.
src/pages/LetterOfCreditPage.tsx(405,33): error TS17004: Cannot use JSX unless the '--jsx' flag is provided.
src/pages/LetterOfCreditPage.tsx(406,37): error TS17004: Cannot use JSX unless the '--jsx' flag is provided.
src/pages/LetterOfCreditPage.tsx(407,37): error TS17004: Cannot use JSX unless the '--jsx' flag is provided.
src/pages/LetterOfCreditPage.tsx(409,45): error TS17004: Cannot use JSX unless the '--jsx' flag is provided.
src/pages/LetterOfCreditPage.tsx(428,21): error TS17004: Cannot use JSX unless the '--jsx' flag is provided.
src/pages/LetterOfCreditPage.tsx(429,25): error TS17004: Cannot use JSX unless the '--jsx' flag is provided.
src/pages/LetterOfCreditPage.tsx(430,25): error TS17004: Cannot use JSX unless the '--jsx' flag is provided.
src/pages/LetterOfCreditPage.tsx(437,17): error TS17004: Cannot use JSX unless the '--jsx' flag is provided.
src/pages/LetterOfCreditPage.tsx(438,21): error TS17004: Cannot use JSX unless the '--jsx' flag is provided.
src/pages/LetterOfCreditPage.tsx(439,25): error TS17004: Cannot use JSX unless the '--jsx' flag is provided.
src/pages/LetterOfCreditPage.tsx(440,29): error TS17004: Cannot use JSX unless the '--jsx' flag is provided.
src/pages/LetterOfCreditPage.tsx(441,29): error TS17004: Cannot use JSX unless the '--jsx' flag is provided.
src/pages/LetterOfCreditPage.tsx(442,33): error TS17004: Cannot use JSX unless the '--jsx' flag is provided.
src/pages/LetterOfCreditPage.tsx(445,25): error TS17004: Cannot use JSX unless the '--jsx' flag is provided.
src/pages/LetterOfCreditPage.tsx(455,33): error TS17004: Cannot use JSX unless the '--jsx' flag is provided.
src/pages/LetterOfCreditPage.tsx(456,37): error TS17004: Cannot use JSX unless the '--jsx' flag is provided.
src/pages/LetterOfCreditPage.tsx(457,37): error TS17004: Cannot use JSX unless the '--jsx' flag is provided.
src/pages/LetterOfCreditPage.tsx(466,29): error TS17004: Cannot use JSX unless the '--jsx' flag is provided.
src/pages/LetterOfCreditPage.tsx(467,33): error TS17004: Cannot use JSX unless the '--jsx' flag is provided.
src/pages/LetterOfCreditPage.tsx(468,37): error TS17004: Cannot use JSX unless the '--jsx' flag is provided.
src/pages/LetterOfCreditPage.tsx(469,37): error TS17004: Cannot use JSX unless the '--jsx' flag is provided.
src/pages/LetterOfCreditPage.tsx(477,33): error TS17004: Cannot use JSX unless the '--jsx' flag is provided.
src/pages/LetterOfCreditPage.tsx(478,37): error TS17004: Cannot use JSX unless the '--jsx' flag is provided.
src/pages/LetterOfCreditPage.tsx(479,37): error TS17004: Cannot use JSX unless the '--jsx' flag is provided.
src/pages/LetterOfCreditPage.tsx(485,45): error TS17004: Cannot use JSX unless the '--jsx' flag is provided.
src/pages/LetterOfCreditPage.tsx(489,33): error TS17004: Cannot use JSX unless the '--jsx' flag is provided.
src/pages/LetterOfCreditPage.tsx(490,37): error TS17004: Cannot use JSX unless the '--jsx' flag is provided.
src/pages/LetterOfCreditPage.tsx(491,37): error TS17004: Cannot use JSX unless the '--jsx' flag is provided.
src/pages/LetterOfCreditPage.tsx(498,33): error TS17004: Cannot use JSX unless the '--jsx' flag is provided.
src/pages/LetterOfCreditPage.tsx(499,37): error TS17004: Cannot use JSX unless the '--jsx' flag is provided.
src/pages/LetterOfCreditPage.tsx(500,37): error TS17004: Cannot use JSX unless the '--jsx' flag is provided.
src/pages/LetterOfCreditPage.tsx(506,45): error TS17004: Cannot use JSX unless the '--jsx' flag is provided.
src/pages/LetterOfCreditPage.tsx(511,29): error TS17004: Cannot use JSX unless the '--jsx' flag is provided.
src/pages/LetterOfCreditPage.tsx(512,33): error TS17004: Cannot use JSX unless the '--jsx' flag is provided.
src/pages/LetterOfCreditPage.tsx(513,33): error TS17004: Cannot use JSX unless the '--jsx' flag is provided.
src/pages/LetterOfCreditPage.tsx(522,25): error TS17004: Cannot use JSX unless the '--jsx' flag is provided.
src/pages/LetterOfCreditPage.tsx(523,29): error TS17004: Cannot use JSX unless the '--jsx' flag is provided.
src/pages/LetterOfCreditPage.tsx(529,29): error TS17004: Cannot use JSX unless the '--jsx' flag is provided.
src/pages/NotFoundPage.tsx(5,5): error TS17004: Cannot use JSX unless the '--jsx' flag is provided.
src/pages/NotFoundPage.tsx(6,7): error TS17004: Cannot use JSX unless the '--jsx' flag is provided.
src/pages/NotFoundPage.tsx(7,9): error TS17004: Cannot use JSX unless the '--jsx' flag is provided.
src/pages/NotFoundPage.tsx(8,9): error TS17004: Cannot use JSX unless the '--jsx' flag is provided.
src/pages/NotFoundPage.tsx(9,9): error TS17004: Cannot use JSX unless the '--jsx' flag is provided.
src/pages/NotFoundPage.tsx(10,9): error TS17004: Cannot use JSX unless the '--jsx' flag is provided.
src/pages/NotificationsPage.tsx(3,24): error TS6142: Module '../components/PageHeader' was resolved to 'C:/Users/bheda/Music/Desktop/ExporTrack-AI/src/components/PageHeader.tsx', but '--jsx' is not set.
src/pages/NotificationsPage.tsx(4,25): error TS6142: Module '../components/StatusBadge' was resolved to 'C:/Users/bheda/Music/Desktop/ExporTrack-AI/src/components/StatusBadge.tsx', but '--jsx' is not set.
src/pages/NotificationsPage.tsx(5,21): error TS6142: Module '../components/AppIcon' was resolved to 'C:/Users/bheda/Music/Desktop/ExporTrack-AI/src/components/AppIcon.tsx', but '--jsx' is not set.
src/pages/NotificationsPage.tsx(6,31): error TS6142: Module '../context/AppContext' was resolved to 'C:/Users/bheda/Music/Desktop/ExporTrack-AI/src/context/AppContext.tsx', but '--jsx' is not set.
src/pages/NotificationsPage.tsx(27,5): error TS17004: Cannot use JSX unless the '--jsx' flag is provided.
src/pages/NotificationsPage.tsx(28,7): error TS17004: Cannot use JSX unless the '--jsx' flag is provided.
src/pages/NotificationsPage.tsx(29,9): error TS17004: Cannot use JSX unless the '--jsx' flag is provided.
src/pages/NotificationsPage.tsx(30,11): error TS17004: Cannot use JSX unless the '--jsx' flag is provided.
src/pages/NotificationsPage.tsx(33,11): error TS17004: Cannot use JSX unless the '--jsx' flag is provided.
src/pages/NotificationsPage.tsx(37,9): error TS17004: Cannot use JSX unless the '--jsx' flag is provided.
src/pages/NotificationsPage.tsx(39,13): error TS17004: Cannot use JSX unless the '--jsx' flag is provided.
src/pages/NotificationsPage.tsx(46,11): error TS17004: Cannot use JSX unless the '--jsx' flag is provided.
src/pages/NotificationsPage.tsx(54,13): error TS17004: Cannot use JSX unless the '--jsx' flag is provided.
src/pages/NotificationsPage.tsx(61,9): error TS17004: Cannot use JSX unless the '--jsx' flag is provided.
src/pages/NotificationsPage.tsx(62,11): error TS17004: Cannot use JSX unless the '--jsx' flag is provided.
src/pages/NotificationsPage.tsx(63,13): error TS17004: Cannot use JSX unless the '--jsx' flag is provided.
src/pages/NotificationsPage.tsx(65,11): error TS17004: Cannot use JSX unless the '--jsx' flag is provided.
src/pages/NotificationsPage.tsx(68,9): error TS17004: Cannot use JSX unless the '--jsx' flag is provided.
src/pages/NotificationsPage.tsx(70,13): error TS17004: Cannot use JSX unless the '--jsx' flag is provided.
src/pages/NotificationsPage.tsx(79,17): error TS17004: Cannot use JSX unless the '--jsx' flag is provided.
src/pages/NotificationsPage.tsx(82,15): error TS17004: Cannot use JSX unless the '--jsx' flag is provided.
src/pages/NotificationsPage.tsx(83,17): error TS17004: Cannot use JSX unless the '--jsx' flag is provided.
src/pages/NotificationsPage.tsx(87,19): error TS17004: Cannot use JSX unless the '--jsx' flag is provided.
src/pages/NotificationsPage.tsx(94,17): error TS17004: Cannot use JSX unless the '--jsx' flag is provided.
src/pages/NotificationsPage.tsx(95,19): error TS17004: Cannot use JSX unless the '--jsx' flag is provided.
src/pages/NotificationsPage.tsx(96,21): error TS17004: Cannot use JSX unless the '--jsx' flag is provided.
src/pages/NotificationsPage.tsx(97,23): error TS17004: Cannot use JSX unless the '--jsx' flag is provided.
src/pages/NotificationsPage.tsx(100,23): error TS17004: Cannot use JSX unless the '--jsx' flag is provided.
src/pages/NotificationsPage.tsx(101,25): error TS17004: Cannot use JSX unless the '--jsx' flag is provided.
src/pages/NotificationsPage.tsx(102,25): error TS17004: Cannot use JSX unless the '--jsx' flag is provided.
src/pages/NotificationsPage.tsx(105,21): error TS17004: Cannot use JSX unless the '--jsx' flag is provided.
src/pages/NotificationsPage.tsx(110,19): error TS17004: Cannot use JSX unless the '--jsx' flag is provided.
src/pages/NotificationsPage.tsx(114,19): error TS17004: Cannot use JSX unless the '--jsx' flag is provided.
src/pages/NotificationsPage.tsx(115,21): error TS17004: Cannot use JSX unless the '--jsx' flag is provided.
src/pages/NotificationsPage.tsx(116,23): error TS17004: Cannot use JSX unless the '--jsx' flag is provided.
src/pages/NotificationsPage.tsx(117,25): error TS17004: Cannot use JSX unless the '--jsx' flag is provided.
src/pages/NotificationsPage.tsx(118,25): error TS17004: Cannot use JSX unless the '--jsx' flag is provided.
src/pages/NotificationsPage.tsx(120,27): error TS17004: Cannot use JSX unless the '--jsx' flag is provided.
src/pages/NotificationsPage.tsx(123,23): error TS17004: Cannot use JSX unless the '--jsx' flag is provided.
src/pages/NotificationsPage.tsx(124,25): error TS17004: Cannot use JSX unless the '--jsx' flag is provided.
src/pages/NotificationsPage.tsx(125,25): error TS17004: Cannot use JSX unless the '--jsx' flag is provided.
src/pages/NotificationsPage.tsx(130,23): error TS17004: Cannot use JSX unless the '--jsx' flag is provided.
src/pages/PackingListGenerator.tsx(6,21): error TS6142: Module '../components/AppIcon' was resolved to 'C:/Users/bheda/Music/Desktop/ExporTrack-AI/src/components/AppIcon.tsx', but '--jsx' is not set.
src/pages/PackingListGenerator.tsx(11,31): error TS6142: Module '../components/ShowForPermission' was resolved to 'C:/Users/bheda/Music/Desktop/ExporTrack-AI/src/components/ShowForPermission.tsx', but '--jsx' is not set.
src/pages/PackingListGenerator.tsx(13,31): error TS6142: Module '../context/AppContext' was resolved to 'C:/Users/bheda/Music/Desktop/ExporTrack-AI/src/context/AppContext.tsx', but '--jsx' is not set.
src/pages/PackingListGenerator.tsx(159,7): error TS17004: Cannot use JSX unless the '--jsx' flag is provided.
src/pages/PackingListGenerator.tsx(160,9): error TS17004: Cannot use JSX unless the '--jsx' flag is provided.
src/pages/PackingListGenerator.tsx(161,11): error TS17004: Cannot use JSX unless the '--jsx' flag is provided.
src/pages/PackingListGenerator.tsx(162,13): error TS17004: Cannot use JSX unless the '--jsx' flag is provided.
src/pages/PackingListGenerator.tsx(163,13): error TS17004: Cannot use JSX unless the '--jsx' flag is provided.
src/pages/PackingListGenerator.tsx(165,11): error TS17004: Cannot use JSX unless the '--jsx' flag is provided.
src/pages/PackingListGenerator.tsx(166,13): error TS17004: Cannot use JSX unless the '--jsx' flag is provided.
src/pages/PackingListGenerator.tsx(166,96): error TS17004: Cannot use JSX unless the '--jsx' flag is provided.
src/pages/PackingListGenerator.tsx(170,11): error TS17004: Cannot use JSX unless the '--jsx' flag is provided.
src/pages/PackingListGenerator.tsx(171,13): error TS17004: Cannot use JSX unless the '--jsx' flag is provided.
src/pages/PackingListGenerator.tsx(171,193): error TS17004: Cannot use JSX unless the '--jsx' flag is provided.
src/pages/PackingListGenerator.tsx(172,13): error TS17004: Cannot use JSX unless the '--jsx' flag is provided.
src/pages/PackingListGenerator.tsx(173,13): error TS17004: Cannot use JSX unless the '--jsx' flag is provided.
src/pages/PackingListGenerator.tsx(174,13): error TS17004: Cannot use JSX unless the '--jsx' flag is provided.
src/pages/PackingListGenerator.tsx(174,62): error TS17004: Cannot use JSX unless the '--jsx' flag is provided.
src/pages/PackingListGenerator.tsx(174,145): error TS17004: Cannot use JSX unless the '--jsx' flag is provided.
src/pages/PackingListGenerator.tsx(177,11): error TS17004: Cannot use JSX unless the '--jsx' flag is provided.
src/pages/PackingListGenerator.tsx(181,17): error TS17004: Cannot use JSX unless the '--jsx' flag is provided.
src/pages/PackingListGenerator.tsx(182,19): error TS17004: Cannot use JSX unless the '--jsx' flag is provided.
src/pages/PackingListGenerator.tsx(183,21): error TS17004: Cannot use JSX unless the '--jsx' flag is provided.
src/pages/PackingListGenerator.tsx(184,23): error TS17004: Cannot use JSX unless the '--jsx' flag is provided.
src/pages/PackingListGenerator.tsx(185,23): error TS17004: Cannot use JSX unless the '--jsx' flag is provided.
src/pages/PackingListGenerator.tsx(187,21): error TS17004: Cannot use JSX unless the '--jsx' flag is provided.
src/pages/PackingListGenerator.tsx(189,19): error TS17004: Cannot use JSX unless the '--jsx' flag is provided.
src/pages/PackingListGenerator.tsx(190,21): error TS17004: Cannot use JSX unless the '--jsx' flag is provided.
src/pages/PackingListGenerator.tsx(190,117): error TS17004: Cannot use JSX unless the '--jsx' flag is provided.
src/pages/PackingListGenerator.tsx(191,21): error TS17004: Cannot use JSX unless the '--jsx' flag is provided.
src/pages/PackingListGenerator.tsx(191,116): error TS17004: Cannot use JSX unless the '--jsx' flag is provided.
src/pages/PackingListGenerator.tsx(192,48): error TS17004: Cannot use JSX unless the '--jsx' flag is provided.
src/pages/PackingListGenerator.tsx(193,23): error TS17004: Cannot use JSX unless the '--jsx' flag is provided.
src/pages/PackingListGenerator.tsx(193,95): error TS17004: Cannot use JSX unless the '--jsx' flag is provided.
src/pages/PackingListGenerator.tsx(194,23): error TS17004: Cannot use JSX unless the '--jsx' flag is provided.
src/pages/PackingListGenerator.tsx(194,73): error TS17004: Cannot use JSX unless the '--jsx' flag is provided.
src/pages/PackingListGenerator.tsx(195,23): error TS17004: Cannot use JSX unless the '--jsx' flag is provided.
src/pages/PackingListGenerator.tsx(195,72): error TS17004: Cannot use JSX unless the '--jsx' flag is provided.
src/pages/PackingListGenerator.tsx(197,47): error TS17004: Cannot use JSX unless the '--jsx' flag is provided.
src/pages/PackingListGenerator.tsx(197,97): error TS17004: Cannot use JSX unless the '--jsx' flag is provided.
src/pages/PackingListGenerator.tsx(204,19): error TS17004: Cannot use JSX unless the '--jsx' flag is provided.
src/pages/PackingListGenerator.tsx(211,5): error TS17004: Cannot use JSX unless the '--jsx' flag is provided.
src/pages/PackingListGenerator.tsx(212,7): error TS17004: Cannot use JSX unless the '--jsx' flag is provided.
src/pages/PackingListGenerator.tsx(213,9): error TS17004: Cannot use JSX unless the '--jsx' flag is provided.
src/pages/PackingListGenerator.tsx(214,11): error TS17004: Cannot use JSX unless the '--jsx' flag is provided.
src/pages/PackingListGenerator.tsx(214,86): error TS17004: Cannot use JSX unless the '--jsx' flag is provided.
src/pages/PackingListGenerator.tsx(215,11): error TS17004: Cannot use JSX unless the '--jsx' flag is provided.
src/pages/PackingListGenerator.tsx(216,13): error TS17004: Cannot use JSX unless the '--jsx' flag is provided.
src/pages/PackingListGenerator.tsx(219,9): error TS17004: Cannot use JSX unless the '--jsx' flag is provided.
src/pages/PackingListGenerator.tsx(224,9): error TS17004: Cannot use JSX unless the '--jsx' flag is provided.
src/pages/PackingListGenerator.tsx(225,11): error TS17004: Cannot use JSX unless the '--jsx' flag is provided.
src/pages/PackingListGenerator.tsx(226,13): error TS17004: Cannot use JSX unless the '--jsx' flag is provided.
src/pages/PackingListGenerator.tsx(227,13): error TS17004: Cannot use JSX unless the '--jsx' flag is provided.
src/pages/PackingListGenerator.tsx(228,15): error TS17004: Cannot use JSX unless the '--jsx' flag is provided.
src/pages/PackingListGenerator.tsx(229,15): error TS17004: Cannot use JSX unless the '--jsx' flag is provided.
src/pages/PackingListGenerator.tsx(231,13): error TS17004: Cannot use JSX unless the '--jsx' flag is provided.
src/pages/PackingListGenerator.tsx(232,15): error TS17004: Cannot use JSX unless the '--jsx' flag is provided.
src/pages/PackingListGenerator.tsx(233,36): error TS17004: Cannot use JSX unless the '--jsx' flag is provided.
src/pages/PackingListGenerator.tsx(240,7): error TS17004: Cannot use JSX unless the '--jsx' flag is provided.
src/pages/PackingListGenerator.tsx(241,9): error TS17004: Cannot use JSX unless the '--jsx' flag is provided.
src/pages/PackingListGenerator.tsx(242,9): error TS17004: Cannot use JSX unless the '--jsx' flag is provided.
src/pages/PackingListGenerator.tsx(243,11): error TS17004: Cannot use JSX unless the '--jsx' flag is provided.
src/pages/PackingListGenerator.tsx(243,16): error TS17004: Cannot use JSX unless the '--jsx' flag is provided.
src/pages/PackingListGenerator.tsx(243,65): error TS17004: Cannot use JSX unless the '--jsx' flag is provided.
src/pages/PackingListGenerator.tsx(244,11): error TS17004: Cannot use JSX unless the '--jsx' flag is provided.
src/pages/PackingListGenerator.tsx(244,42): error TS17004: Cannot use JSX unless the '--jsx' flag is provided.
src/pages/PackingListGenerator.tsx(244,94): error TS17004: Cannot use JSX unless the '--jsx' flag is provided.
src/pages/PackingListGenerator.tsx(245,11): error TS17004: Cannot use JSX unless the '--jsx' flag is provided.
src/pages/PackingListGenerator.tsx(245,16): error TS17004: Cannot use JSX unless the '--jsx' flag is provided.
src/pages/PackingListGenerator.tsx(245,62): error TS17004: Cannot use JSX unless the '--jsx' flag is provided.
src/pages/PackingListGenerator.tsx(246,11): error TS17004: Cannot use JSX unless the '--jsx' flag is provided.
src/pages/PackingListGenerator.tsx(246,16): error TS17004: Cannot use JSX unless the '--jsx' flag is provided.
src/pages/PackingListGenerator.tsx(246,65): error TS17004: Cannot use JSX unless the '--jsx' flag is provided.
src/pages/PackingListGenerator.tsx(247,11): error TS17004: Cannot use JSX unless the '--jsx' flag is provided.
src/pages/PackingListGenerator.tsx(247,16): error TS17004: Cannot use JSX unless the '--jsx' flag is provided.
src/pages/PackingListGenerator.tsx(247,65): error TS17004: Cannot use JSX unless the '--jsx' flag is provided.
src/pages/PackingListGenerator.tsx(248,11): error TS17004: Cannot use JSX unless the '--jsx' flag is provided.
src/pages/PackingListGenerator.tsx(248,16): error TS17004: Cannot use JSX unless the '--jsx' flag is provided.
src/pages/PackingListGenerator.tsx(248,67): error TS17004: Cannot use JSX unless the '--jsx' flag is provided.
src/pages/PackingListGenerator.tsx(249,11): error TS17004: Cannot use JSX unless the '--jsx' flag is provided.
src/pages/PackingListGenerator.tsx(249,16): error TS17004: Cannot use JSX unless the '--jsx' flag is provided.
src/pages/PackingListGenerator.tsx(249,69): error TS17004: Cannot use JSX unless the '--jsx' flag is provided.
src/pages/PackingListGenerator.tsx(250,11): error TS17004: Cannot use JSX unless the '--jsx' flag is provided.
src/pages/PackingListGenerator.tsx(250,16): error TS17004: Cannot use JSX unless the '--jsx' flag is provided.
src/pages/PackingListGenerator.tsx(250,67): error TS17004: Cannot use JSX unless the '--jsx' flag is provided.
src/pages/PackingListGenerator.tsx(255,7): error TS17004: Cannot use JSX unless the '--jsx' flag is provided.
src/pages/PackingListGenerator.tsx(256,9): error TS17004: Cannot use JSX unless the '--jsx' flag is provided.
src/pages/PackingListGenerator.tsx(257,11): error TS17004: Cannot use JSX unless the '--jsx' flag is provided.
src/pages/PackingListGenerator.tsx(258,11): error TS17004: Cannot use JSX unless the '--jsx' flag is provided.
src/pages/PackingListGenerator.tsx(258,104): error TS17004: Cannot use JSX unless the '--jsx' flag is provided.
src/pages/PackingListGenerator.tsx(260,9): error TS17004: Cannot use JSX unless the '--jsx' flag is provided.
src/pages/PackingListGenerator.tsx(261,11): error TS17004: Cannot use JSX unless the '--jsx' flag is provided.
src/pages/PackingListGenerator.tsx(262,13): error TS17004: Cannot use JSX unless the '--jsx' flag is provided.
src/pages/PackingListGenerator.tsx(263,15): error TS17004: Cannot use JSX unless the '--jsx' flag is provided.
src/pages/PackingListGenerator.tsx(265,19): error TS17004: Cannot use JSX unless the '--jsx' flag is provided.
src/pages/PackingListGenerator.tsx(269,13): error TS17004: Cannot use JSX unless the '--jsx' flag is provided.
src/pages/PackingListGenerator.tsx(271,17): error TS17004: Cannot use JSX unless the '--jsx' flag is provided.
src/pages/PackingListGenerator.tsx(272,19): error TS17004: Cannot use JSX unless the '--jsx' flag is provided.
src/pages/PackingListGenerator.tsx(273,19): error TS17004: Cannot use JSX unless the '--jsx' flag is provided.
src/pages/PackingListGenerator.tsx(273,45): error TS17004: Cannot use JSX unless the '--jsx' flag is provided.
src/pages/PackingListGenerator.tsx(274,19): error TS17004: Cannot use JSX unless the '--jsx' flag is provided.
src/pages/PackingListGenerator.tsx(274,45): error TS17004: Cannot use JSX unless the '--jsx' flag is provided.
src/pages/PackingListGenerator.tsx(275,19): error TS17004: Cannot use JSX unless the '--jsx' flag is provided.
src/pages/PackingListGenerator.tsx(275,45): error TS17004: Cannot use JSX unless the '--jsx' flag is provided.
src/pages/PackingListGenerator.tsx(276,19): error TS17004: Cannot use JSX unless the '--jsx' flag is provided.
src/pages/PackingListGenerator.tsx(276,45): error TS17004: Cannot use JSX unless the '--jsx' flag is provided.
src/pages/PackingListGenerator.tsx(276,197): error TS17004: Cannot use JSX unless the '--jsx' flag is provided.
src/pages/PackingListGenerator.tsx(277,19): error TS17004: Cannot use JSX unless the '--jsx' flag is provided.
src/pages/PackingListGenerator.tsx(277,45): error TS17004: Cannot use JSX unless the '--jsx' flag is provided.
src/pages/PackingListGenerator.tsx(278,19): error TS17004: Cannot use JSX unless the '--jsx' flag is provided.
src/pages/PackingListGenerator.tsx(278,45): error TS17004: Cannot use JSX unless the '--jsx' flag is provided.
src/pages/PackingListGenerator.tsx(279,19): error TS17004: Cannot use JSX unless the '--jsx' flag is provided.
src/pages/PackingListGenerator.tsx(279,45): error TS17004: Cannot use JSX unless the '--jsx' flag is provided.
src/pages/PackingListGenerator.tsx(280,19): error TS17004: Cannot use JSX unless the '--jsx' flag is provided.
src/pages/PackingListGenerator.tsx(280,45): error TS17004: Cannot use JSX unless the '--jsx' flag is provided.
src/pages/PackingListGenerator.tsx(281,19): error TS17004: Cannot use JSX unless the '--jsx' flag is provided.
src/pages/PackingListGenerator.tsx(281,45): error TS17004: Cannot use JSX unless the '--jsx' flag is provided.
src/pages/PackingListGenerator.tsx(282,19): error TS17004: Cannot use JSX unless the '--jsx' flag is provided.
src/pages/PackingListGenerator.tsx(282,45): error TS17004: Cannot use JSX unless the '--jsx' flag is provided.
src/pages/PackingListGenerator.tsx(282,203): error TS17004: Cannot use JSX unless the '--jsx' flag is provided.
src/pages/PackingListGenerator.tsx(282,222): error TS17004: Cannot use JSX unless the '--jsx' flag is provided.
src/pages/PackingListGenerator.tsx(283,19): error TS17004: Cannot use JSX unless the '--jsx' flag is provided.
src/pages/PackingListGenerator.tsx(284,19): error TS17004: Cannot use JSX unless the '--jsx' flag is provided.
src/pages/PackingListGenerator.tsx(284,74): error TS17004: Cannot use JSX unless the '--jsx' flag is provided.
src/pages/PackingListGenerator.tsx(284,165): error TS17004: Cannot use JSX unless the '--jsx' flag is provided.
src/pages/PackingListGenerator.tsx(291,9): error TS17004: Cannot use JSX unless the '--jsx' flag is provided.
src/pages/PackingListGenerator.tsx(292,11): error TS17004: Cannot use JSX unless the '--jsx' flag is provided.
src/pages/PackingListGenerator.tsx(292,16): error TS17004: Cannot use JSX unless the '--jsx' flag is provided.
src/pages/PackingListGenerator.tsx(292,96): error TS17004: Cannot use JSX unless the '--jsx' flag is provided.
src/pages/PackingListGenerator.tsx(293,11): error TS17004: Cannot use JSX unless the '--jsx' flag is provided.
src/pages/PackingListGenerator.tsx(293,16): error TS17004: Cannot use JSX unless the '--jsx' flag is provided.
src/pages/PackingListGenerator.tsx(293,98): error TS17004: Cannot use JSX unless the '--jsx' flag is provided.
src/pages/PackingListGenerator.tsx(294,11): error TS17004: Cannot use JSX unless the '--jsx' flag is provided.
src/pages/PackingListGenerator.tsx(294,16): error TS17004: Cannot use JSX unless the '--jsx' flag is provided.
src/pages/PackingListGenerator.tsx(294,100): error TS17004: Cannot use JSX unless the '--jsx' flag is provided.
src/pages/PackingListGenerator.tsx(295,11): error TS17004: Cannot use JSX unless the '--jsx' flag is provided.
src/pages/PackingListGenerator.tsx(295,16): error TS17004: Cannot use JSX unless the '--jsx' flag is provided.
src/pages/PackingListGenerator.tsx(295,97): error TS17004: Cannot use JSX unless the '--jsx' flag is provided.
src/pages/PackingListGenerator.tsx(299,17): error TS17004: Cannot use JSX unless the '--jsx' flag is provided.
src/pages/ProfileTeamPage.tsx(2,21): error TS6142: Module '../components/AppIcon' was resolved to 'C:/Users/bheda/Music/Desktop/ExporTrack-AI/src/components/AppIcon.tsx', but '--jsx' is not set.
src/pages/ProfileTeamPage.tsx(3,25): error TS6142: Module '../components/StatusBadge' was resolved to 'C:/Users/bheda/Music/Desktop/ExporTrack-AI/src/components/StatusBadge.tsx', but '--jsx' is not set.
src/pages/ProfileTeamPage.tsx(4,24): error TS6142: Module '../components/UserAvatar' was resolved to 'C:/Users/bheda/Music/Desktop/ExporTrack-AI/src/components/UserAvatar.tsx', but '--jsx' is not set.
src/pages/ProfileTeamPage.tsx(5,23): error TS6142: Module '../components/RoleBadge' was resolved to 'C:/Users/bheda/Music/Desktop/ExporTrack-AI/src/components/RoleBadge.tsx', but '--jsx' is not set.
src/pages/ProfileTeamPage.tsx(6,31): error TS6142: Module '../components/ShowForPermission' was resolved to 'C:/Users/bheda/Music/Desktop/ExporTrack-AI/src/components/ShowForPermission.tsx', but '--jsx' is not set.
src/pages/ProfileTeamPage.tsx(7,31): error TS6142: Module '../context/AppContext' was resolved to 'C:/Users/bheda/Music/Desktop/ExporTrack-AI/src/context/AppContext.tsx', but '--jsx' is not set.
src/pages/ProfileTeamPage.tsx(22,130): error TS6142: Module '../components/SkeletonLoader' was resolved to 'C:/Users/bheda/Music/Desktop/ExporTrack-AI/src/components/SkeletonLoader.tsx', but '--jsx' is not set.
src/pages/ProfileTeamPage.tsx(231,7): error TS17004: Cannot use JSX unless the '--jsx' flag is provided.
src/pages/ProfileTeamPage.tsx(232,9): error TS17004: Cannot use JSX unless the '--jsx' flag is provided.
src/pages/ProfileTeamPage.tsx(233,11): error TS17004: Cannot use JSX unless the '--jsx' flag is provided.
src/pages/ProfileTeamPage.tsx(234,13): error TS17004: Cannot use JSX unless the '--jsx' flag is provided.
src/pages/ProfileTeamPage.tsx(235,13): error TS17004: Cannot use JSX unless the '--jsx' flag is provided.
src/pages/ProfileTeamPage.tsx(238,9): error TS17004: Cannot use JSX unless the '--jsx' flag is provided.
src/pages/ProfileTeamPage.tsx(239,11): error TS17004: Cannot use JSX unless the '--jsx' flag is provided.
src/pages/ProfileTeamPage.tsx(247,7): error TS17004: Cannot use JSX unless the '--jsx' flag is provided.
src/pages/ProfileTeamPage.tsx(248,9): error TS17004: Cannot use JSX unless the '--jsx' flag is provided.
src/pages/ProfileTeamPage.tsx(249,11): error TS17004: Cannot use JSX unless the '--jsx' flag is provided.
src/pages/ProfileTeamPage.tsx(250,13): error TS17004: Cannot use JSX unless the '--jsx' flag is provided.
src/pages/ProfileTeamPage.tsx(252,11): error TS17004: Cannot use JSX unless the '--jsx' flag is provided.
src/pages/ProfileTeamPage.tsx(253,11): error TS17004: Cannot use JSX unless the '--jsx' flag is provided.
src/pages/ProfileTeamPage.tsx(256,11): error TS17004: Cannot use JSX unless the '--jsx' flag is provided.
src/pages/ProfileTeamPage.tsx(257,13): error TS17004: Cannot use JSX unless the '--jsx' flag is provided.
src/pages/ProfileTeamPage.tsx(266,5): error TS17004: Cannot use JSX unless the '--jsx' flag is provided.
src/pages/ProfileTeamPage.tsx(268,7): error TS17004: Cannot use JSX unless the '--jsx' flag is provided.
src/pages/ProfileTeamPage.tsx(269,9): error TS17004: Cannot use JSX unless the '--jsx' flag is provided.
src/pages/ProfileTeamPage.tsx(270,11): error TS17004: Cannot use JSX unless the '--jsx' flag is provided.
src/pages/ProfileTeamPage.tsx(271,11): error TS17004: Cannot use JSX unless the '--jsx' flag is provided.
src/pages/ProfileTeamPage.tsx(275,9): error TS17004: Cannot use JSX unless the '--jsx' flag is provided.
src/pages/ProfileTeamPage.tsx(276,11): error TS17004: Cannot use JSX unless the '--jsx' flag is provided.
src/pages/ProfileTeamPage.tsx(277,11): error TS17004: Cannot use JSX unless the '--jsx' flag is provided.
src/pages/ProfileTeamPage.tsx(282,7): error TS17004: Cannot use JSX unless the '--jsx' flag is provided.
src/pages/ProfileTeamPage.tsx(283,9): error TS17004: Cannot use JSX unless the '--jsx' flag is provided.
src/pages/ProfileTeamPage.tsx(285,13): error TS17004: Cannot use JSX unless the '--jsx' flag is provided.
src/pages/ProfileTeamPage.tsx(293,15): error TS17004: Cannot use JSX unless the '--jsx' flag is provided.
src/pages/ProfileTeamPage.tsx(294,17): error TS17004: Cannot use JSX unless the '--jsx' flag is provided.
src/pages/ProfileTeamPage.tsx(314,9): error TS17004: Cannot use JSX unless the '--jsx' flag is provided.
src/pages/ProfileTeamPage.tsx(316,11): error TS17004: Cannot use JSX unless the '--jsx' flag is provided.
src/pages/ProfileTeamPage.tsx(317,13): error TS17004: Cannot use JSX unless the '--jsx' flag is provided.
src/pages/ProfileTeamPage.tsx(318,15): error TS17004: Cannot use JSX unless the '--jsx' flag is provided.
src/pages/ProfileTeamPage.tsx(319,15): error TS17004: Cannot use JSX unless the '--jsx' flag is provided.
src/pages/ProfileTeamPage.tsx(320,17): error TS17004: Cannot use JSX unless the '--jsx' flag is provided.
src/pages/ProfileTeamPage.tsx(321,17): error TS17004: Cannot use JSX unless the '--jsx' flag is provided.
src/pages/ProfileTeamPage.tsx(322,19): error TS17004: Cannot use JSX unless the '--jsx' flag is provided.
src/pages/ProfileTeamPage.tsx(323,19): error TS17004: Cannot use JSX unless the '--jsx' flag is provided.
src/pages/ProfileTeamPage.tsx(330,21): error TS17004: Cannot use JSX unless the '--jsx' flag is provided.
src/pages/ProfileTeamPage.tsx(333,17): error TS17004: Cannot use JSX unless the '--jsx' flag is provided.
src/pages/ProfileTeamPage.tsx(334,17): error TS17004: Cannot use JSX unless the '--jsx' flag is provided.
src/pages/ProfileTeamPage.tsx(335,19): error TS17004: Cannot use JSX unless the '--jsx' flag is provided.
src/pages/ProfileTeamPage.tsx(336,19): error TS17004: Cannot use JSX unless the '--jsx' flag is provided.
src/pages/ProfileTeamPage.tsx(340,15): error TS17004: Cannot use JSX unless the '--jsx' flag is provided.
src/pages/ProfileTeamPage.tsx(341,17): error TS17004: Cannot use JSX unless the '--jsx' flag is provided.
src/pages/ProfileTeamPage.tsx(342,19): error TS17004: Cannot use JSX unless the '--jsx' flag is provided.
src/pages/ProfileTeamPage.tsx(343,19): error TS17004: Cannot use JSX unless the '--jsx' flag is provided.
src/pages/ProfileTeamPage.tsx(345,17): error TS17004: Cannot use JSX unless the '--jsx' flag is provided.
src/pages/ProfileTeamPage.tsx(346,19): error TS17004: Cannot use JSX unless the '--jsx' flag is provided.
src/pages/ProfileTeamPage.tsx(347,19): error TS17004: Cannot use JSX unless the '--jsx' flag is provided.
src/pages/ProfileTeamPage.tsx(353,13): error TS17004: Cannot use JSX unless the '--jsx' flag is provided.
src/pages/ProfileTeamPage.tsx(354,15): error TS17004: Cannot use JSX unless the '--jsx' flag is provided.
src/pages/ProfileTeamPage.tsx(355,17): error TS17004: Cannot use JSX unless the '--jsx' flag is provided.
src/pages/ProfileTeamPage.tsx(356,19): error TS17004: Cannot use JSX unless the '--jsx' flag is provided.
src/pages/ProfileTeamPage.tsx(357,19): error TS17004: Cannot use JSX unless the '--jsx' flag is provided.
src/pages/ProfileTeamPage.tsx(359,17): error TS17004: Cannot use JSX unless the '--jsx' flag is provided.
src/pages/ProfileTeamPage.tsx(363,19): error TS17004: Cannot use JSX unless the '--jsx' flag is provided.
src/pages/ProfileTeamPage.tsx(368,15): error TS17004: Cannot use JSX unless the '--jsx' flag is provided.
src/pages/ProfileTeamPage.tsx(370,19): error TS17004: Cannot use JSX unless the '--jsx' flag is provided.
src/pages/ProfileTeamPage.tsx(374,21): error TS17004: Cannot use JSX unless the '--jsx' flag is provided.
src/pages/ProfileTeamPage.tsx(375,23): error TS17004: Cannot use JSX unless the '--jsx' flag is provided.
src/pages/ProfileTeamPage.tsx(376,25): error TS17004: Cannot use JSX unless the '--jsx' flag is provided.
src/pages/ProfileTeamPage.tsx(377,25): error TS17004: Cannot use JSX unless the '--jsx' flag is provided.
src/pages/ProfileTeamPage.tsx(378,27): error TS17004: Cannot use JSX unless the '--jsx' flag is provided.
src/pages/ProfileTeamPage.tsx(379,27): error TS17004: Cannot use JSX unless the '--jsx' flag is provided.
src/pages/ProfileTeamPage.tsx(380,27): error TS17004: Cannot use JSX unless the '--jsx' flag is provided.
src/pages/ProfileTeamPage.tsx(386,25): error TS17004: Cannot use JSX unless the '--jsx' flag is provided.
src/pages/ProfileTeamPage.tsx(390,27): error TS17004: Cannot use JSX unless the '--jsx' flag is provided.
src/pages/ProfileTeamPage.tsx(394,21): error TS17004: Cannot use JSX unless the '--jsx' flag is provided.
src/pages/ProfileTeamPage.tsx(395,23): error TS17004: Cannot use JSX unless the '--jsx' flag is provided.
src/pages/ProfileTeamPage.tsx(396,25): error TS17004: Cannot use JSX unless the '--jsx' flag is provided.
src/pages/ProfileTeamPage.tsx(397,25): error TS17004: Cannot use JSX unless the '--jsx' flag is provided.
src/pages/ProfileTeamPage.tsx(399,23): error TS17004: Cannot use JSX unless the '--jsx' flag is provided.
src/pages/ProfileTeamPage.tsx(400,25): error TS17004: Cannot use JSX unless the '--jsx' flag is provided.
src/pages/ProfileTeamPage.tsx(401,25): error TS17004: Cannot use JSX unless the '--jsx' flag is provided.
src/pages/ProfileTeamPage.tsx(406,23): error TS17004: Cannot use JSX unless the '--jsx' flag is provided.
src/pages/ProfileTeamPage.tsx(423,11): error TS17004: Cannot use JSX unless the '--jsx' flag is provided.
src/pages/ProfileTeamPage.tsx(424,13): error TS17004: Cannot use JSX unless the '--jsx' flag is provided.
src/pages/ProfileTeamPage.tsx(425,13): error TS17004: Cannot use JSX unless the '--jsx' flag is provided.
src/pages/ProfileTeamPage.tsx(427,17): error TS17004: Cannot use JSX unless the '--jsx' flag is provided.
src/pages/ProfileTeamPage.tsx(428,19): error TS17004: Cannot use JSX unless the '--jsx' flag is provided.
src/pages/ProfileTeamPage.tsx(429,19): error TS17004: Cannot use JSX unless the '--jsx' flag is provided.
src/pages/ProfileTeamPage.tsx(431,23): error TS17004: Cannot use JSX unless the '--jsx' flag is provided.
src/pages/ProfileTeamPage.tsx(450,9): error TS17004: Cannot use JSX unless the '--jsx' flag is provided.
src/pages/ProfileTeamPage.tsx(451,11): error TS17004: Cannot use JSX unless the '--jsx' flag is provided.
src/pages/ProfileTeamPage.tsx(452,13): error TS17004: Cannot use JSX unless the '--jsx' flag is provided.
src/pages/ProfileTeamPage.tsx(453,15): error TS17004: Cannot use JSX unless the '--jsx' flag is provided.
src/pages/ProfileTeamPage.tsx(454,17): error TS17004: Cannot use JSX unless the '--jsx' flag is provided.
src/pages/ProfileTeamPage.tsx(455,17): error TS17004: Cannot use JSX unless the '--jsx' flag is provided.
src/pages/ProfileTeamPage.tsx(459,15): error TS17004: Cannot use JSX unless the '--jsx' flag is provided.
src/pages/ProfileTeamPage.tsx(465,15): error TS17004: Cannot use JSX unless the '--jsx' flag is provided.
src/pages/ProfileTeamPage.tsx(466,17): error TS17004: Cannot use JSX unless the '--jsx' flag is provided.
src/pages/ProfileTeamPage.tsx(467,17): error TS17004: Cannot use JSX unless the '--jsx' flag is provided.
src/pages/ProfileTeamPage.tsx(470,15): error TS17004: Cannot use JSX unless the '--jsx' flag is provided.
src/pages/ProfileTeamPage.tsx(471,17): error TS17004: Cannot use JSX unless the '--jsx' flag is provided.
src/pages/ProfileTeamPage.tsx(472,19): error TS17004: Cannot use JSX unless the '--jsx' flag is provided.
src/pages/ProfileTeamPage.tsx(473,21): error TS17004: Cannot use JSX unless the '--jsx' flag is provided.
src/pages/ProfileTeamPage.tsx(474,23): error TS17004: Cannot use JSX unless the '--jsx' flag is provided.
src/pages/ProfileTeamPage.tsx(475,23): error TS17004: Cannot use JSX unless the '--jsx' flag is provided.
src/pages/ProfileTeamPage.tsx(476,23): error TS17004: Cannot use JSX unless the '--jsx' flag is provided.
src/pages/ProfileTeamPage.tsx(477,23): error TS17004: Cannot use JSX unless the '--jsx' flag is provided.
src/pages/ProfileTeamPage.tsx(478,23): error TS17004: Cannot use JSX unless the '--jsx' flag is provided.
src/pages/ProfileTeamPage.tsx(479,23): error TS17004: Cannot use JSX unless the '--jsx' flag is provided.
src/pages/ProfileTeamPage.tsx(482,19): error TS17004: Cannot use JSX unless the '--jsx' flag is provided.
src/pages/ProfileTeamPage.tsx(484,23): error TS17004: Cannot use JSX unless the '--jsx' flag is provided.
src/pages/ProfileTeamPage.tsx(485,25): error TS17004: Cannot use JSX unless the '--jsx' flag is provided.
src/pages/ProfileTeamPage.tsx(486,27): error TS17004: Cannot use JSX unless the '--jsx' flag is provided.
src/pages/ProfileTeamPage.tsx(488,25): error TS17004: Cannot use JSX unless the '--jsx' flag is provided.
src/pages/ProfileTeamPage.tsx(489,27): error TS17004: Cannot use JSX unless the '--jsx' flag is provided.
src/pages/ProfileTeamPage.tsx(491,25): error TS17004: Cannot use JSX unless the '--jsx' flag is provided.
src/pages/ProfileTeamPage.tsx(492,27): error TS17004: Cannot use JSX unless the '--jsx' flag is provided.
src/pages/ProfileTeamPage.tsx(494,25): error TS17004: Cannot use JSX unless the '--jsx' flag is provided.
src/pages/ProfileTeamPage.tsx(495,27): error TS17004: Cannot use JSX unless the '--jsx' flag is provided.
src/pages/ProfileTeamPage.tsx(497,25): error TS17004: Cannot use JSX unless the '--jsx' flag is provided.
src/pages/ProfileTeamPage.tsx(498,27): error TS17004: Cannot use JSX unless the '--jsx' flag is provided.
src/pages/ProfileTeamPage.tsx(505,25): error TS17004: Cannot use JSX unless the '--jsx' flag is provided.
src/pages/ProfileTeamPage.tsx(506,27): error TS17004: Cannot use JSX unless the '--jsx' flag is provided.
src/pages/ProfileTeamPage.tsx(511,29): error TS17004: Cannot use JSX unless the '--jsx' flag is provided.
src/pages/ProfileTeamPage.tsx(512,29): error TS17004: Cannot use JSX unless the '--jsx' flag is provided.
src/pages/ProfileTeamPage.tsx(527,9): error TS17004: Cannot use JSX unless the '--jsx' flag is provided.
src/pages/ProfileTeamPage.tsx(528,11): error TS17004: Cannot use JSX unless the '--jsx' flag is provided.
src/pages/ProfileTeamPage.tsx(529,13): error TS17004: Cannot use JSX unless the '--jsx' flag is provided.
src/pages/ProfileTeamPage.tsx(530,13): error TS17004: Cannot use JSX unless the '--jsx' flag is provided.
src/pages/ProfileTeamPage.tsx(531,15): error TS17004: Cannot use JSX unless the '--jsx' flag is provided.
src/pages/ProfileTeamPage.tsx(532,17): error TS17004: Cannot use JSX unless the '--jsx' flag is provided.
src/pages/ProfileTeamPage.tsx(533,17): error TS17004: Cannot use JSX unless the '--jsx' flag is provided.
src/pages/ProfileTeamPage.tsx(535,15): error TS17004: Cannot use JSX unless the '--jsx' flag is provided.
src/pages/ProfileTeamPage.tsx(536,17): error TS17004: Cannot use JSX unless the '--jsx' flag is provided.
src/pages/ProfileTeamPage.tsx(537,17): error TS17004: Cannot use JSX unless the '--jsx' flag is provided.
src/pages/ProfileTeamPage.tsx(539,15): error TS17004: Cannot use JSX unless the '--jsx' flag is provided.
src/pages/ProfileTeamPage.tsx(540,17): error TS17004: Cannot use JSX unless the '--jsx' flag is provided.
src/pages/ProfileTeamPage.tsx(541,17): error TS17004: Cannot use JSX unless the '--jsx' flag is provided.
src/pages/ProfileTeamPage.tsx(542,19): error TS17004: Cannot use JSX unless the '--jsx' flag is provided.
src/pages/ProfileTeamPage.tsx(543,19): error TS17004: Cannot use JSX unless the '--jsx' flag is provided.
src/pages/ProfileTeamPage.tsx(544,19): error TS17004: Cannot use JSX unless the '--jsx' flag is provided.
src/pages/ProfileTeamPage.tsx(545,19): error TS17004: Cannot use JSX unless the '--jsx' flag is provided.
src/pages/ProfileTeamPage.tsx(548,15): error TS17004: Cannot use JSX unless the '--jsx' flag is provided.
src/pages/ProfileTeamPage.tsx(549,17): error TS17004: Cannot use JSX unless the '--jsx' flag is provided.
src/pages/ProfileTeamPage.tsx(550,17): error TS17004: Cannot use JSX unless the '--jsx' flag is provided.
src/pages/ProfileTeamPage.tsx(551,19): error TS17004: Cannot use JSX unless the '--jsx' flag is provided.
src/pages/ProfileTeamPage.tsx(552,19): error TS17004: Cannot use JSX unless the '--jsx' flag is provided.
src/pages/ProfileTeamPage.tsx(553,19): error TS17004: Cannot use JSX unless the '--jsx' flag is provided.
src/pages/ProfileTeamPage.tsx(554,19): error TS17004: Cannot use JSX unless the '--jsx' flag is provided.
src/pages/ProfileTeamPage.tsx(557,15): error TS17004: Cannot use JSX unless the '--jsx' flag is provided.
src/pages/ProfileTeamPage.tsx(563,11): error TS17004: Cannot use JSX unless the '--jsx' flag is provided.
src/pages/ProfileTeamPage.tsx(564,13): error TS17004: Cannot use JSX unless the '--jsx' flag is provided.
src/pages/ProfileTeamPage.tsx(565,13): error TS17004: Cannot use JSX unless the '--jsx' flag is provided.
src/pages/ProfileTeamPage.tsx(566,15): error TS17004: Cannot use JSX unless the '--jsx' flag is provided.
src/pages/ProfileTeamPage.tsx(567,17): error TS17004: Cannot use JSX unless the '--jsx' flag is provided.
src/pages/ProfileTeamPage.tsx(570,15): error TS17004: Cannot use JSX unless the '--jsx' flag is provided.
src/pages/ProfileTeamPage.tsx(571,17): error TS17004: Cannot use JSX unless the '--jsx' flag is provided.
src/pages/ProfileTeamPage.tsx(574,15): error TS17004: Cannot use JSX unless the '--jsx' flag is provided.
src/pages/ProfileTeamPage.tsx(575,17): error TS17004: Cannot use JSX unless the '--jsx' flag is provided.
src/pages/ProfileTeamPage.tsx(585,9): error TS17004: Cannot use JSX unless the '--jsx' flag is provided.
src/pages/ProfileTeamPage.tsx(586,11): error TS17004: Cannot use JSX unless the '--jsx' flag is provided.
src/pages/ProfileTeamPage.tsx(587,13): error TS17004: Cannot use JSX unless the '--jsx' flag is provided.
src/pages/ProfileTeamPage.tsx(588,13): error TS17004: Cannot use JSX unless the '--jsx' flag is provided.
src/pages/ProfileTeamPage.tsx(589,15): error TS17004: Cannot use JSX unless the '--jsx' flag is provided.
src/pages/ProfileTeamPage.tsx(590,17): error TS17004: Cannot use JSX unless the '--jsx' flag is provided.
src/pages/ProfileTeamPage.tsx(591,19): error TS17004: Cannot use JSX unless the '--jsx' flag is provided.
src/pages/ProfileTeamPage.tsx(592,21): error TS17004: Cannot use JSX unless the '--jsx' flag is provided.
src/pages/ProfileTeamPage.tsx(593,21): error TS17004: Cannot use JSX unless the '--jsx' flag is provided.
src/pages/ProfileTeamPage.tsx(595,19): error TS17004: Cannot use JSX unless the '--jsx' flag is provided.
src/pages/ProfileTeamPage.tsx(596,21): error TS17004: Cannot use JSX unless the '--jsx' flag is provided.
src/pages/ProfileTeamPage.tsx(597,21): error TS17004: Cannot use JSX unless the '--jsx' flag is provided.
src/pages/ProfileTeamPage.tsx(602,15): error TS17004: Cannot use JSX unless the '--jsx' flag is provided.
src/pages/ProfileTeamPage.tsx(603,17): error TS17004: Cannot use JSX unless the '--jsx' flag is provided.
src/pages/ProfileTeamPage.tsx(604,19): error TS17004: Cannot use JSX unless the '--jsx' flag is provided.
src/pages/ProfileTeamPage.tsx(605,21): error TS17004: Cannot use JSX unless the '--jsx' flag is provided.
src/pages/ProfileTeamPage.tsx(606,21): error TS17004: Cannot use JSX unless the '--jsx' flag is provided.
src/pages/ProfileTeamPage.tsx(608,19): error TS17004: Cannot use JSX unless the '--jsx' flag is provided.
src/pages/ProfileTeamPage.tsx(609,21): error TS17004: Cannot use JSX unless the '--jsx' flag is provided.
src/pages/ProfileTeamPage.tsx(610,21): error TS17004: Cannot use JSX unless the '--jsx' flag is provided.
src/pages/ProfileTeamPage.tsx(615,15): error TS17004: Cannot use JSX unless the '--jsx' flag is provided.
src/pages/ProfileTeamPage.tsx(616,17): error TS17004: Cannot use JSX unless the '--jsx' flag is provided.
src/pages/ProfileTeamPage.tsx(617,17): error TS17004: Cannot use JSX unless the '--jsx' flag is provided.
src/pages/ProfileTeamPage.tsx(618,19): error TS17004: Cannot use JSX unless the '--jsx' flag is provided.
src/pages/ProfileTeamPage.tsx(619,19): error TS17004: Cannot use JSX unless the '--jsx' flag is provided.
src/pages/ProfileTeamPage.tsx(620,19): error TS17004: Cannot use JSX unless the '--jsx' flag is provided.
src/pages/ProfileTeamPage.tsx(626,11): error TS17004: Cannot use JSX unless the '--jsx' flag is provided.
src/pages/ProfileTeamPage.tsx(627,13): error TS17004: Cannot use JSX unless the '--jsx' flag is provided.
src/pages/ProfileTeamPage.tsx(628,13): error TS17004: Cannot use JSX unless the '--jsx' flag is provided.
src/pages/ProfileTeamPage.tsx(630,17): error TS17004: Cannot use JSX unless the '--jsx' flag is provided.
src/pages/ProfileTeamPage.tsx(631,19): error TS17004: Cannot use JSX unless the '--jsx' flag is provided.
src/pages/ProfileTeamPage.tsx(632,21): error TS17004: Cannot use JSX unless the '--jsx' flag is provided.
src/pages/ProfileTeamPage.tsx(633,21): error TS17004: Cannot use JSX unless the '--jsx' flag is provided.
src/pages/ProfileTeamPage.tsx(636,21): error TS17004: Cannot use JSX unless the '--jsx' flag is provided.
src/pages/ProfileTeamPage.tsx(652,9): error TS17004: Cannot use JSX unless the '--jsx' flag is provided.
src/pages/ProfileTeamPage.tsx(653,11): error TS17004: Cannot use JSX unless the '--jsx' flag is provided.
src/pages/ProfileTeamPage.tsx(654,13): error TS17004: Cannot use JSX unless the '--jsx' flag is provided.
src/pages/ProfileTeamPage.tsx(655,13): error TS17004: Cannot use JSX unless the '--jsx' flag is provided.
src/pages/ProfileTeamPage.tsx(656,15): error TS17004: Cannot use JSX unless the '--jsx' flag is provided.
src/pages/ProfileTeamPage.tsx(657,17): error TS17004: Cannot use JSX unless the '--jsx' flag is provided.
src/pages/ProfileTeamPage.tsx(658,19): error TS17004: Cannot use JSX unless the '--jsx' flag is provided.
src/pages/ProfileTeamPage.tsx(659,19): error TS17004: Cannot use JSX unless the '--jsx' flag is provided.
src/pages/ProfileTeamPage.tsx(661,17): error TS17004: Cannot use JSX unless the '--jsx' flag is provided.
src/pages/ProfileTeamPage.tsx(662,19): error TS17004: Cannot use JSX unless the '--jsx' flag is provided.
src/pages/ProfileTeamPage.tsx(663,19): error TS17004: Cannot use JSX unless the '--jsx' flag is provided.
src/pages/ProfileTeamPage.tsx(665,17): error TS17004: Cannot use JSX unless the '--jsx' flag is provided.
src/pages/ProfileTeamPage.tsx(666,19): error TS17004: Cannot use JSX unless the '--jsx' flag is provided.
src/pages/ProfileTeamPage.tsx(667,19): error TS17004: Cannot use JSX unless the '--jsx' flag is provided.
src/pages/ProfileTeamPage.tsx(673,11): error TS17004: Cannot use JSX unless the '--jsx' flag is provided.
src/pages/ProfileTeamPage.tsx(674,13): error TS17004: Cannot use JSX unless the '--jsx' flag is provided.
src/pages/ProfileTeamPage.tsx(675,13): error TS17004: Cannot use JSX unless the '--jsx' flag is provided.
src/pages/ProfileTeamPage.tsx(679,17): error TS17004: Cannot use JSX unless the '--jsx' flag is provided.
src/pages/ProfileTeamPage.tsx(680,19): error TS17004: Cannot use JSX unless the '--jsx' flag is provided.
src/pages/ProfileTeamPage.tsx(681,19): error TS17004: Cannot use JSX unless the '--jsx' flag is provided.
src/pages/ProfileTeamPage.tsx(682,19): error TS17004: Cannot use JSX unless the '--jsx' flag is provided.
src/pages/ProfileTeamPage.tsx(684,23): error TS17004: Cannot use JSX unless the '--jsx' flag is provided.
src/pages/ProfileTeamPage.tsx(685,25): error TS17004: Cannot use JSX unless the '--jsx' flag is provided.
src/pages/ProfileTeamPage.tsx(695,11): error TS17004: Cannot use JSX unless the '--jsx' flag is provided.
src/pages/ProfileTeamPage.tsx(696,13): error TS17004: Cannot use JSX unless the '--jsx' flag is provided.
src/pages/ProfileTeamPage.tsx(697,13): error TS17004: Cannot use JSX unless the '--jsx' flag is provided.
src/pages/ProfileTeamPage.tsx(698,15): error TS17004: Cannot use JSX unless the '--jsx' flag is provided.
src/pages/ProfileTeamPage.tsx(699,17): error TS17004: Cannot use JSX unless the '--jsx' flag is provided.
src/pages/ProfileTeamPage.tsx(700,19): error TS17004: Cannot use JSX unless the '--jsx' flag is provided.
src/pages/ProfileTeamPage.tsx(701,19): error TS17004: Cannot use JSX unless the '--jsx' flag is provided.
src/pages/ProfileTeamPage.tsx(703,17): error TS17004: Cannot use JSX unless the '--jsx' flag is provided.
src/pages/ProfileTeamPage.tsx(704,19): error TS17004: Cannot use JSX unless the '--jsx' flag is provided.
src/pages/ProfileTeamPage.tsx(708,15): error TS17004: Cannot use JSX unless the '--jsx' flag is provided.
src/pages/ProfileTeamPage.tsx(709,17): error TS17004: Cannot use JSX unless the '--jsx' flag is provided.
src/pages/ProfileTeamPage.tsx(710,19): error TS17004: Cannot use JSX unless the '--jsx' flag is provided.
src/pages/ProfileTeamPage.tsx(711,19): error TS17004: Cannot use JSX unless the '--jsx' flag is provided.
src/pages/ProfileTeamPage.tsx(713,17): error TS17004: Cannot use JSX unless the '--jsx' flag is provided.
src/pages/ProfileTeamPage.tsx(714,19): error TS17004: Cannot use JSX unless the '--jsx' flag is provided.
src/pages/ProfileTeamPage.tsx(724,9): error TS17004: Cannot use JSX unless the '--jsx' flag is provided.
src/pages/ProfileTeamPage.tsx(725,11): error TS17004: Cannot use JSX unless the '--jsx' flag is provided.
src/pages/ProfileTeamPage.tsx(726,13): error TS17004: Cannot use JSX unless the '--jsx' flag is provided.
src/pages/ProfileTeamPage.tsx(727,13): error TS17004: Cannot use JSX unless the '--jsx' flag is provided.
src/pages/ProfileTeamPage.tsx(728,15): error TS17004: Cannot use JSX unless the '--jsx' flag is provided.
src/pages/ProfileTeamPage.tsx(729,17): error TS17004: Cannot use JSX unless the '--jsx' flag is provided.
src/pages/ProfileTeamPage.tsx(730,17): error TS17004: Cannot use JSX unless the '--jsx' flag is provided.
src/pages/ProfileTeamPage.tsx(731,19): error TS17004: Cannot use JSX unless the '--jsx' flag is provided.
src/pages/ProfileTeamPage.tsx(732,19): error TS17004: Cannot use JSX unless the '--jsx' flag is provided.
src/pages/ProfileTeamPage.tsx(733,21): error TS17004: Cannot use JSX unless the '--jsx' flag is provided.
src/pages/ProfileTeamPage.tsx(738,15): error TS17004: Cannot use JSX unless the '--jsx' flag is provided.
src/pages/ProfileTeamPage.tsx(739,17): error TS17004: Cannot use JSX unless the '--jsx' flag is provided.
src/pages/ProfileTeamPage.tsx(740,17): error TS17004: Cannot use JSX unless the '--jsx' flag is provided.
src/pages/ProfileTeamPage.tsx(741,17): error TS17004: Cannot use JSX unless the '--jsx' flag is provided.
src/pages/ProfileTeamPage.tsx(748,11): error TS17004: Cannot use JSX unless the '--jsx' flag is provided.
src/pages/ProfileTeamPage.tsx(749,13): error TS17004: Cannot use JSX unless the '--jsx' flag is provided.
src/pages/ProfileTeamPage.tsx(750,13): error TS17004: Cannot use JSX unless the '--jsx' flag is provided.
src/pages/ProfileTeamPage.tsx(757,17): error TS17004: Cannot use JSX unless the '--jsx' flag is provided.
src/pages/ProfileTeamPage.tsx(758,19): error TS17004: Cannot use JSX unless the '--jsx' flag is provided.
src/pages/ProfileTeamPage.tsx(759,21): error TS17004: Cannot use JSX unless the '--jsx' flag is provided.
src/pages/ProfileTeamPage.tsx(760,21): error TS17004: Cannot use JSX unless the '--jsx' flag is provided.
src/pages/ProfileTeamPage.tsx(761,23): error TS17004: Cannot use JSX unless the '--jsx' flag is provided.
src/pages/ProfileTeamPage.tsx(762,23): error TS17004: Cannot use JSX unless the '--jsx' flag is provided.
src/pages/ProfileTeamPage.tsx(765,19): error TS17004: Cannot use JSX unless the '--jsx' flag is provided.
src/pages/ProfileTeamPage.tsx(782,9): error TS17004: Cannot use JSX unless the '--jsx' flag is provided.
src/pages/ProfileTeamPage.tsx(783,11): error TS17004: Cannot use JSX unless the '--jsx' flag is provided.
src/pages/ProfileTeamPage.tsx(784,13): error TS17004: Cannot use JSX unless the '--jsx' flag is provided.
src/pages/ProfileTeamPage.tsx(785,15): error TS17004: Cannot use JSX unless the '--jsx' flag is provided.
src/pages/ProfileTeamPage.tsx(786,15): error TS17004: Cannot use JSX unless the '--jsx' flag is provided.
src/pages/ProfileTeamPage.tsx(787,17): error TS17004: Cannot use JSX unless the '--jsx' flag is provided.
src/pages/ProfileTeamPage.tsx(791,13): error TS17004: Cannot use JSX unless the '--jsx' flag is provided.
src/pages/ProfileTeamPage.tsx(792,15): error TS17004: Cannot use JSX unless the '--jsx' flag is provided.
src/pages/ProfileTeamPage.tsx(793,17): error TS17004: Cannot use JSX unless the '--jsx' flag is provided.
src/pages/ProfileTeamPage.tsx(794,17): error TS17004: Cannot use JSX unless the '--jsx' flag is provided.
src/pages/ProfileTeamPage.tsx(796,15): error TS17004: Cannot use JSX unless the '--jsx' flag is provided.
src/pages/ProfileTeamPage.tsx(797,17): error TS17004: Cannot use JSX unless the '--jsx' flag is provided.
src/pages/ProfileTeamPage.tsx(798,17): error TS17004: Cannot use JSX unless the '--jsx' flag is provided.
src/pages/ProfileTeamPage.tsx(800,15): error TS17004: Cannot use JSX unless the '--jsx' flag is provided.
src/pages/ProfileTeamPage.tsx(801,17): error TS17004: Cannot use JSX unless the '--jsx' flag is provided.
src/pages/ProfileTeamPage.tsx(802,17): error TS17004: Cannot use JSX unless the '--jsx' flag is provided.
src/pages/ProfileTeamPage.tsx(803,19): error TS17004: Cannot use JSX unless the '--jsx' flag is provided.
src/pages/ProfileTeamPage.tsx(804,19): error TS17004: Cannot use JSX unless the '--jsx' flag is provided.
src/pages/ProfileTeamPage.tsx(805,19): error TS17004: Cannot use JSX unless the '--jsx' flag is provided.
src/pages/ProfileTeamPage.tsx(806,19): error TS17004: Cannot use JSX unless the '--jsx' flag is provided.
src/pages/ProfileTeamPage.tsx(807,19): error TS17004: Cannot use JSX unless the '--jsx' flag is provided.
src/pages/ProfileTeamPage.tsx(811,15): error TS17004: Cannot use JSX unless the '--jsx' flag is provided.
src/pages/ProfileTeamPage.tsx(812,17): error TS17004: Cannot use JSX unless the '--jsx' flag is provided.
src/pages/ProfileTeamPage.tsx(815,17): error TS17004: Cannot use JSX unless the '--jsx' flag is provided.
src/pages/ProfileTeamPage.tsx(826,9): error TS17004: Cannot use JSX unless the '--jsx' flag is provided.
src/pages/ProfileTeamPage.tsx(827,11): error TS17004: Cannot use JSX unless the '--jsx' flag is provided.
src/pages/ProfileTeamPage.tsx(828,13): error TS17004: Cannot use JSX unless the '--jsx' flag is provided.
src/pages/ProfileTeamPage.tsx(829,15): error TS17004: Cannot use JSX unless the '--jsx' flag is provided.
src/pages/ProfileTeamPage.tsx(830,15): error TS17004: Cannot use JSX unless the '--jsx' flag is provided.
src/pages/ProfileTeamPage.tsx(831,17): error TS17004: Cannot use JSX unless the '--jsx' flag is provided.
src/pages/ProfileTeamPage.tsx(835,13): error TS17004: Cannot use JSX unless the '--jsx' flag is provided.
src/pages/ProfileTeamPage.tsx(835,95): error TS17004: Cannot use JSX unless the '--jsx' flag is provided.
src/pages/ProfileTeamPage.tsx(837,13): error TS17004: Cannot use JSX unless the '--jsx' flag is provided.
src/pages/ProfileTeamPage.tsx(839,17): error TS17004: Cannot use JSX unless the '--jsx' flag is provided.
src/pages/ProfileTeamPage.tsx(847,19): error TS17004: Cannot use JSX unless the '--jsx' flag is provided.
src/pages/ProfileTeamPage.tsx(848,19): error TS17004: Cannot use JSX unless the '--jsx' flag is provided.
src/pages/ProfileTeamPage.tsx(858,9): error TS17004: Cannot use JSX unless the '--jsx' flag is provided.
src/pages/ProfileTeamPage.tsx(859,11): error TS17004: Cannot use JSX unless the '--jsx' flag is provided.
src/pages/ProfileTeamPage.tsx(860,13): error TS17004: Cannot use JSX unless the '--jsx' flag is provided.
src/pages/ProfileTeamPage.tsx(861,15): error TS17004: Cannot use JSX unless the '--jsx' flag is provided.
src/pages/ProfileTeamPage.tsx(862,15): error TS17004: Cannot use JSX unless the '--jsx' flag is provided.
src/pages/ProfileTeamPage.tsx(863,17): error TS17004: Cannot use JSX unless the '--jsx' flag is provided.
src/pages/ProfileTeamPage.tsx(867,13): error TS17004: Cannot use JSX unless the '--jsx' flag is provided.
src/pages/ProfileTeamPage.tsx(868,15): error TS17004: Cannot use JSX unless the '--jsx' flag is provided.
src/pages/ProfileTeamPage.tsx(869,17): error TS17004: Cannot use JSX unless the '--jsx' flag is provided.
src/pages/ProfileTeamPage.tsx(870,17): error TS17004: Cannot use JSX unless the '--jsx' flag is provided.
src/pages/ProfileTeamPage.tsx(872,15): error TS17004: Cannot use JSX unless the '--jsx' flag is provided.
src/pages/ProfileTeamPage.tsx(873,17): error TS17004: Cannot use JSX unless the '--jsx' flag is provided.
src/pages/ProfileTeamPage.tsx(874,17): error TS17004: Cannot use JSX unless the '--jsx' flag is provided.
src/pages/ProfileTeamPage.tsx(877,15): error TS17004: Cannot use JSX unless the '--jsx' flag is provided.
src/pages/ProfileTeamPage.tsx(878,17): error TS17004: Cannot use JSX unless the '--jsx' flag is provided.
src/pages/ProfileTeamPage.tsx(881,17): error TS17004: Cannot use JSX unless the '--jsx' flag is provided.
src/pages/PublicTrackingPage.tsx(3,25): error TS6142: Module '../components/TrackingMap' was resolved to 'C:/Users/bheda/Music/Desktop/ExporTrack-AI/src/components/TrackingMap.tsx', but '--jsx' is not set.
src/pages/PublicTrackingPage.tsx(4,21): error TS6142: Module '../components/AppIcon' was resolved to 'C:/Users/bheda/Music/Desktop/ExporTrack-AI/src/components/AppIcon.tsx', but '--jsx' is not set.
src/pages/PublicTrackingPage.tsx(5,25): error TS6142: Module '../components/StatusBadge' was resolved to 'C:/Users/bheda/Music/Desktop/ExporTrack-AI/src/components/StatusBadge.tsx', but '--jsx' is not set.
src/pages/PublicTrackingPage.tsx(6,31): error TS6142: Module '../components/ShipmentRiskAlert' was resolved to 'C:/Users/bheda/Music/Desktop/ExporTrack-AI/src/components/ShipmentRiskAlert.tsx', but '--jsx' is not set.
src/pages/PublicTrackingPage.tsx(7,33): error TS6142: Module '../components/DriverTrackingPanel' was resolved to 'C:/Users/bheda/Music/Desktop/ExporTrack-AI/src/components/DriverTrackingPanel.tsx', but '--jsx' is not set.
src/pages/PublicTrackingPage.tsx(21,5): error TS17004: Cannot use JSX unless the '--jsx' flag is provided.
src/pages/PublicTrackingPage.tsx(22,7): error TS17004: Cannot use JSX unless the '--jsx' flag is provided.
src/pages/PublicTrackingPage.tsx(25,9): error TS17004: Cannot use JSX unless the '--jsx' flag is provided.
src/pages/PublicTrackingPage.tsx(26,11): error TS17004: Cannot use JSX unless the '--jsx' flag is provided.
src/pages/PublicTrackingPage.tsx(27,13): error TS17004: Cannot use JSX unless the '--jsx' flag is provided.
src/pages/PublicTrackingPage.tsx(28,15): error TS17004: Cannot use JSX unless the '--jsx' flag is provided.
src/pages/PublicTrackingPage.tsx(29,17): error TS17004: Cannot use JSX unless the '--jsx' flag is provided.
src/pages/PublicTrackingPage.tsx(31,15): error TS17004: Cannot use JSX unless the '--jsx' flag is provided.
src/pages/PublicTrackingPage.tsx(33,13): error TS17004: Cannot use JSX unless the '--jsx' flag is provided.
src/pages/PublicTrackingPage.tsx(36,17): error TS17004: Cannot use JSX unless the '--jsx' flag is provided.
src/pages/PublicTrackingPage.tsx(37,19): error TS17004: Cannot use JSX unless the '--jsx' flag is provided.
src/pages/PublicTrackingPage.tsx(38,19): error TS17004: Cannot use JSX unless the '--jsx' flag is provided.
src/pages/PublicTrackingPage.tsx(42,17): error TS17004: Cannot use JSX unless the '--jsx' flag is provided.
src/pages/PublicTrackingPage.tsx(47,13): error TS17004: Cannot use JSX unless the '--jsx' flag is provided.
src/pages/PublicTrackingPage.tsx(49,17): error TS17004: Cannot use JSX unless the '--jsx' flag is provided.
src/pages/PublicTrackingPage.tsx(50,31): error TS17004: Cannot use JSX unless the '--jsx' flag is provided.
src/pages/PublicTrackingPage.tsx(53,17): error TS17004: Cannot use JSX unless the '--jsx' flag is provided.
src/pages/PublicTrackingPage.tsx(54,31): error TS17004: Cannot use JSX unless the '--jsx' flag is provided.
src/pages/PublicTrackingPage.tsx(60,11): error TS17004: Cannot use JSX unless the '--jsx' flag is provided.
src/pages/PublicTrackingPage.tsx(62,16): error TS17004: Cannot use JSX unless the '--jsx' flag is provided.
src/pages/PublicTrackingPage.tsx(63,19): error TS17004: Cannot use JSX unless the '--jsx' flag is provided.
src/pages/PublicTrackingPage.tsx(64,19): error TS17004: Cannot use JSX unless the '--jsx' flag is provided.
src/pages/PublicTrackingPage.tsx(70,13): error TS17004: Cannot use JSX unless the '--jsx' flag is provided.
src/pages/PublicTrackingPage.tsx(78,15): error TS17004: Cannot use JSX unless the '--jsx' flag is provided.
src/pages/PublicTrackingPage.tsx(79,15): error TS17004: Cannot use JSX unless the '--jsx' flag is provided.
src/pages/PublicTrackingPage.tsx(81,13): error TS17004: Cannot use JSX unless the '--jsx' flag is provided.
src/pages/PublicTrackingPage.tsx(89,11): error TS17004: Cannot use JSX unless the '--jsx' flag is provided.
src/pages/PublicTrackingPage.tsx(90,14): error TS17004: Cannot use JSX unless the '--jsx' flag is provided.
src/pages/PublicTrackingPage.tsx(91,14): error TS17004: Cannot use JSX unless the '--jsx' flag is provided.
src/pages/PublicTrackingPage.tsx(96,11): error TS17004: Cannot use JSX unless the '--jsx' flag is provided.
src/pages/PublicTrackingPage.tsx(97,14): error TS17004: Cannot use JSX unless the '--jsx' flag is provided.
src/pages/PublicTrackingPage.tsx(98,17): error TS17004: Cannot use JSX unless the '--jsx' flag is provided.
src/pages/PublicTrackingPage.tsx(99,17): error TS17004: Cannot use JSX unless the '--jsx' flag is provided.
src/pages/PublicTrackingPage.tsx(106,11): error TS17004: Cannot use JSX unless the '--jsx' flag is provided.
src/pages/PublicTrackingPage.tsx(109,13): error TS17004: Cannot use JSX unless the '--jsx' flag is provided.
src/pages/PublicTrackingPage.tsx(110,16): error TS17004: Cannot use JSX unless the '--jsx' flag is provided.
src/pages/PublicTrackingPage.tsx(114,13): error TS17004: Cannot use JSX unless the '--jsx' flag is provided.
src/pages/PublicTrackingPage.tsx(115,16): error TS17004: Cannot use JSX unless the '--jsx' flag is provided.
src/pages/PublicTrackingPage.tsx(117,19): error TS17004: Cannot use JSX unless the '--jsx' flag is provided.
src/pages/PublicTrackingPage.tsx(118,22): error TS17004: Cannot use JSX unless the '--jsx' flag is provided.
src/pages/PublicTrackingPage.tsx(119,25): error TS17004: Cannot use JSX unless the '--jsx' flag is provided.
src/pages/PublicTrackingPage.tsx(120,28): error TS17004: Cannot use JSX unless the '--jsx' flag is provided.
src/pages/PublicTrackingPage.tsx(121,28): error TS17004: Cannot use JSX unless the '--jsx' flag is provided.
src/pages/PublicTrackingPage.tsx(122,30): error TS17004: Cannot use JSX unless the '--jsx' flag is provided.
src/pages/PublicTrackingPage.tsx(123,30): error TS17004: Cannot use JSX unless the '--jsx' flag is provided.
src/pages/PublicTrackingPage.tsx(126,25): error TS17004: Cannot use JSX unless the '--jsx' flag is provided.
src/pages/PublicTrackingPage.tsx(127,25): error TS17004: Cannot use JSX unless the '--jsx' flag is provided.
src/pages/PublicTrackingPage.tsx(128,28): error TS17004: Cannot use JSX unless the '--jsx' flag is provided.
src/pages/PublicTrackingPage.tsx(129,31): error TS17004: Cannot use JSX unless the '--jsx' flag is provided.
src/pages/PublicTrackingPage.tsx(130,31): error TS17004: Cannot use JSX unless the '--jsx' flag is provided.
src/pages/PublicTrackingPage.tsx(132,28): error TS17004: Cannot use JSX unless the '--jsx' flag is provided.
src/pages/PublicTrackingPage.tsx(133,31): error TS17004: Cannot use JSX unless the '--jsx' flag is provided.
src/pages/PublicTrackingPage.tsx(134,31): error TS17004: Cannot use JSX unless the '--jsx' flag is provided.
src/pages/PublicTrackingPage.tsx(140,19): error TS17004: Cannot use JSX unless the '--jsx' flag is provided.
src/pages/PublicTrackingPage.tsx(141,22): error TS17004: Cannot use JSX unless the '--jsx' flag is provided.
src/pages/PublicTrackingPage.tsx(144,19): error TS17004: Cannot use JSX unless the '--jsx' flag is provided.
src/pages/PublicTrackingPage.tsx(148,16): error TS17004: Cannot use JSX unless the '--jsx' flag is provided.
src/pages/PublicTrackingPage.tsx(151,22): error TS17004: Cannot use JSX unless the '--jsx' flag is provided.
src/pages/PublicTrackingPage.tsx(152,25): error TS17004: Cannot use JSX unless the '--jsx' flag is provided.
src/pages/PublicTrackingPage.tsx(153,28): error TS17004: Cannot use JSX unless the '--jsx' flag is provided.
src/pages/PublicTrackingPage.tsx(154,30): error TS17004: Cannot use JSX unless the '--jsx' flag is provided.
src/pages/PublicTrackingPage.tsx(155,30): error TS17004: Cannot use JSX unless the '--jsx' flag is provided.
src/pages/PublicTrackingPage.tsx(157,28): error TS17004: Cannot use JSX unless the '--jsx' flag is provided.
src/pages/PublicTrackingPage.tsx(165,25): error TS17004: Cannot use JSX unless the '--jsx' flag is provided.
src/pages/PublicTrackingPage.tsx(166,27): error TS17004: Cannot use JSX unless the '--jsx' flag is provided.
src/pages/PublicTrackingPage.tsx(169,27): error TS17004: Cannot use JSX unless the '--jsx' flag is provided.
src/pages/PublicTrackingPage.tsx(172,27): error TS17004: Cannot use JSX unless the '--jsx' flag is provided.
src/pages/PublicTrackingPage.tsx(173,29): error TS17004: Cannot use JSX unless the '--jsx' flag is provided.
src/pages/PublicTrackingPage.tsx(179,19): error TS17004: Cannot use JSX unless the '--jsx' flag is provided.
src/pages/PublicTrackingPage.tsx(180,22): error TS17004: Cannot use JSX unless the '--jsx' flag is provided.
src/pages/PublicTrackingPage.tsx(181,25): error TS17004: Cannot use JSX unless the '--jsx' flag is provided.
src/pages/PublicTrackingPage.tsx(182,28): error TS17004: Cannot use JSX unless the '--jsx' flag is provided.
src/pages/PublicTrackingPage.tsx(184,25): error TS17004: Cannot use JSX unless the '--jsx' flag is provided.
src/pages/PublicTrackingPage.tsx(186,22): error TS17004: Cannot use JSX unless the '--jsx' flag is provided.
src/pages/PublicTrackingPage.tsx(191,19): error TS17004: Cannot use JSX unless the '--jsx' flag is provided.
src/pages/PublicTrackingPage.tsx(192,22): error TS17004: Cannot use JSX unless the '--jsx' flag is provided.
src/pages/PublicTrackingPage.tsx(193,25): error TS17004: Cannot use JSX unless the '--jsx' flag is provided.
src/pages/PublicTrackingPage.tsx(194,28): error TS17004: Cannot use JSX unless the '--jsx' flag is provided.
src/pages/PublicTrackingPage.tsx(196,25): error TS17004: Cannot use JSX unless the '--jsx' flag is provided.
src/pages/PublicTrackingPage.tsx(198,22): error TS17004: Cannot use JSX unless the '--jsx' flag is provided.
src/pages/PublicTrackingPage.tsx(199,24): error TS17004: Cannot use JSX unless the '--jsx' flag is provided.
src/pages/PublicTrackingPage.tsx(206,13): error TS17004: Cannot use JSX unless the '--jsx' flag is provided.
src/pages/PublicTrackingPage.tsx(208,16): error TS17004: Cannot use JSX unless the '--jsx' flag is provided.
src/pages/PublicTrackingPage.tsx(209,18): error TS17004: Cannot use JSX unless the '--jsx' flag is provided.
src/pages/PublicTrackingPage.tsx(212,16): error TS17004: Cannot use JSX unless the '--jsx' flag is provided.
src/pages/PublicTrackingPage.tsx(213,18): error TS17004: Cannot use JSX unless the '--jsx' flag is provided.
src/pages/PublicTrackingPage.tsx(214,21): error TS17004: Cannot use JSX unless the '--jsx' flag is provided.
src/pages/PublicTrackingPage.tsx(215,24): error TS17004: Cannot use JSX unless the '--jsx' flag is provided.
src/pages/PublicTrackingPage.tsx(218,21): error TS17004: Cannot use JSX unless the '--jsx' flag is provided.
src/pages/PublicTrackingPage.tsx(223,18): error TS17004: Cannot use JSX unless the '--jsx' flag is provided.
src/pages/PublicTrackingPage.tsx(224,21): error TS17004: Cannot use JSX unless the '--jsx' flag is provided.
src/pages/PublicTrackingPage.tsx(233,28): error TS17004: Cannot use JSX unless the '--jsx' flag is provided.
src/pages/PublicTrackingPage.tsx(234,30): error TS17004: Cannot use JSX unless the '--jsx' flag is provided.
src/pages/PublicTrackingPage.tsx(239,45): error TS17004: Cannot use JSX unless the '--jsx' flag is provided.
src/pages/PublicTrackingPage.tsx(241,30): error TS17004: Cannot use JSX unless the '--jsx' flag is provided.
src/pages/PublicTrackingPage.tsx(246,32): error TS17004: Cannot use JSX unless the '--jsx' flag is provided.
src/pages/PublicTrackingPage.tsx(249,32): error TS17004: Cannot use JSX unless the '--jsx' flag is provided.
src/pages/PublicTrackingPage.tsx(253,34): error TS17004: Cannot use JSX unless the '--jsx' flag is provided.
src/pages/PublicTrackingPage.tsx(255,32): error TS17004: Cannot use JSX unless the '--jsx' flag is provided.
src/pages/PublicTrackingPage.tsx(256,34): error TS17004: Cannot use JSX unless the '--jsx' flag is provided.
src/pages/SearchFilterPage.tsx(3,24): error TS6142: Module '../components/PageHeader' was resolved to 'C:/Users/bheda/Music/Desktop/ExporTrack-AI/src/components/PageHeader.tsx', but '--jsx' is not set.
src/pages/SearchFilterPage.tsx(4,25): error TS6142: Module '../components/StatusBadge' was resolved to 'C:/Users/bheda/Music/Desktop/ExporTrack-AI/src/components/StatusBadge.tsx', but '--jsx' is not set.
src/pages/SearchFilterPage.tsx(5,21): error TS6142: Module '../components/AppIcon' was resolved to 'C:/Users/bheda/Music/Desktop/ExporTrack-AI/src/components/AppIcon.tsx', but '--jsx' is not set.
src/pages/SearchFilterPage.tsx(6,31): error TS6142: Module '../context/AppContext' was resolved to 'C:/Users/bheda/Music/Desktop/ExporTrack-AI/src/context/AppContext.tsx', but '--jsx' is not set.
src/pages/SearchFilterPage.tsx(8,40): error TS6142: Module '../components/SkeletonLoader' was resolved to 'C:/Users/bheda/Music/Desktop/ExporTrack-AI/src/components/SkeletonLoader.tsx', but '--jsx' is not set.
src/pages/SearchFilterPage.tsx(54,5): error TS17004: Cannot use JSX unless the '--jsx' flag is provided.
src/pages/SearchFilterPage.tsx(55,7): error TS17004: Cannot use JSX unless the '--jsx' flag is provided.
src/pages/SearchFilterPage.tsx(57,7): error TS17004: Cannot use JSX unless the '--jsx' flag is provided.
src/pages/SearchFilterPage.tsx(58,9): error TS17004: Cannot use JSX unless the '--jsx' flag is provided.
src/pages/SearchFilterPage.tsx(59,11): error TS17004: Cannot use JSX unless the '--jsx' flag is provided.
src/pages/SearchFilterPage.tsx(60,13): error TS17004: Cannot use JSX unless the '--jsx' flag is provided.
src/pages/SearchFilterPage.tsx(63,13): error TS17004: Cannot use JSX unless the '--jsx' flag is provided.
src/pages/SearchFilterPage.tsx(71,11): error TS17004: Cannot use JSX unless the '--jsx' flag is provided.
src/pages/SearchFilterPage.tsx(72,13): error TS17004: Cannot use JSX unless the '--jsx' flag is provided.
src/pages/SearchFilterPage.tsx(75,13): error TS17004: Cannot use JSX unless the '--jsx' flag is provided.
src/pages/SearchFilterPage.tsx(83,11): error TS17004: Cannot use JSX unless the '--jsx' flag is provided.
src/pages/SearchFilterPage.tsx(84,13): error TS17004: Cannot use JSX unless the '--jsx' flag is provided.
src/pages/SearchFilterPage.tsx(87,13): error TS17004: Cannot use JSX unless the '--jsx' flag is provided.
src/pages/SearchFilterPage.tsx(95,11): error TS17004: Cannot use JSX unless the '--jsx' flag is provided.
src/pages/SearchFilterPage.tsx(96,13): error TS17004: Cannot use JSX unless the '--jsx' flag is provided.
src/pages/SearchFilterPage.tsx(99,13): error TS17004: Cannot use JSX unless the '--jsx' flag is provided.
src/pages/SearchFilterPage.tsx(107,11): error TS17004: Cannot use JSX unless the '--jsx' flag is provided.
src/pages/SearchFilterPage.tsx(108,13): error TS17004: Cannot use JSX unless the '--jsx' flag is provided.
src/pages/SearchFilterPage.tsx(111,13): error TS17004: Cannot use JSX unless the '--jsx' flag is provided.
src/pages/SearchFilterPage.tsx(117,15): error TS17004: Cannot use JSX unless the '--jsx' flag is provided.
src/pages/SearchFilterPage.tsx(119,17): error TS17004: Cannot use JSX unless the '--jsx' flag is provided.
src/pages/SearchFilterPage.tsx(125,11): error TS17004: Cannot use JSX unless the '--jsx' flag is provided.
src/pages/SearchFilterPage.tsx(126,13): error TS17004: Cannot use JSX unless the '--jsx' flag is provided.
src/pages/SearchFilterPage.tsx(143,7): error TS17004: Cannot use JSX unless the '--jsx' flag is provided.
src/pages/SearchFilterPage.tsx(144,9): error TS17004: Cannot use JSX unless the '--jsx' flag is provided.
src/pages/SearchFilterPage.tsx(145,12): error TS17004: Cannot use JSX unless the '--jsx' flag is provided.
src/pages/SearchFilterPage.tsx(146,15): error TS17004: Cannot use JSX unless the '--jsx' flag is provided.
src/pages/SearchFilterPage.tsx(147,15): error TS17004: Cannot use JSX unless the '--jsx' flag is provided.
src/pages/SearchFilterPage.tsx(151,9): error TS17004: Cannot use JSX unless the '--jsx' flag is provided.
src/pages/SearchFilterPage.tsx(154,15): error TS17004: Cannot use JSX unless the '--jsx' flag is provided.
src/pages/SearchFilterPage.tsx(155,17): error TS17004: Cannot use JSX unless the '--jsx' flag is provided.
src/pages/SearchFilterPage.tsx(156,19): error TS17004: Cannot use JSX unless the '--jsx' flag is provided.
src/pages/SearchFilterPage.tsx(157,21): error TS17004: Cannot use JSX unless the '--jsx' flag is provided.
src/pages/SearchFilterPage.tsx(158,21): error TS17004: Cannot use JSX unless the '--jsx' flag is provided.
src/pages/SearchFilterPage.tsx(159,24): error TS17004: Cannot use JSX unless the '--jsx' flag is provided.
src/pages/SearchFilterPage.tsx(160,27): error TS17004: Cannot use JSX unless the '--jsx' flag is provided.
src/pages/SearchFilterPage.tsx(161,27): error TS17004: Cannot use JSX unless the '--jsx' flag is provided.
src/pages/SearchFilterPage.tsx(163,24): error TS17004: Cannot use JSX unless the '--jsx' flag is provided.
src/pages/SearchFilterPage.tsx(164,24): error TS17004: Cannot use JSX unless the '--jsx' flag is provided.
src/pages/SearchFilterPage.tsx(165,27): error TS17004: Cannot use JSX unless the '--jsx' flag is provided.
src/pages/SearchFilterPage.tsx(166,27): error TS17004: Cannot use JSX unless the '--jsx' flag is provided.
src/pages/SearchFilterPage.tsx(170,19): error TS17004: Cannot use JSX unless the '--jsx' flag is provided.
src/pages/SearchFilterPage.tsx(171,22): error TS17004: Cannot use JSX unless the '--jsx' flag is provided.
src/pages/SearchFilterPage.tsx(172,22): error TS17004: Cannot use JSX unless the '--jsx' flag is provided.
src/pages/SearchFilterPage.tsx(179,15): error TS17004: Cannot use JSX unless the '--jsx' flag is provided.
src/pages/SearchFilterPage.tsx(184,17): error TS17004: Cannot use JSX unless the '--jsx' flag is provided.
src/pages/SearchFilterPage.tsx(185,19): error TS17004: Cannot use JSX unless the '--jsx' flag is provided.
src/pages/SearchFilterPage.tsx(186,21): error TS17004: Cannot use JSX unless the '--jsx' flag is provided.
src/pages/SearchFilterPage.tsx(187,23): error TS17004: Cannot use JSX unless the '--jsx' flag is provided.
src/pages/SearchFilterPage.tsx(189,21): error TS17004: Cannot use JSX unless the '--jsx' flag is provided.
src/pages/SearchFilterPage.tsx(190,23): error TS17004: Cannot use JSX unless the '--jsx' flag is provided.
src/pages/SearchFilterPage.tsx(191,26): error TS17004: Cannot use JSX unless the '--jsx' flag is provided.
src/pages/SearchFilterPage.tsx(192,26): error TS17004: Cannot use JSX unless the '--jsx' flag is provided.
src/pages/SearchFilterPage.tsx(194,23): error TS17004: Cannot use JSX unless the '--jsx' flag is provided.
src/pages/SearchFilterPage.tsx(197,23): error TS17004: Cannot use JSX unless the '--jsx' flag is provided.
src/pages/SearchFilterPage.tsx(198,26): error TS17004: Cannot use JSX unless the '--jsx' flag is provided.
src/pages/SearchFilterPage.tsx(199,29): error TS17004: Cannot use JSX unless the '--jsx' flag is provided.
src/pages/SearchFilterPage.tsx(202,26): error TS17004: Cannot use JSX unless the '--jsx' flag is provided.
src/pages/SearchFilterPage.tsx(203,26): error TS17004: Cannot use JSX unless the '--jsx' flag is provided.
src/pages/SearchFilterPage.tsx(204,29): error TS17004: Cannot use JSX unless the '--jsx' flag is provided.
src/pages/SearchFilterPage.tsx(211,19): error TS17004: Cannot use JSX unless the '--jsx' flag is provided.
src/pages/SearchFilterPage.tsx(212,22): error TS17004: Cannot use JSX unless the '--jsx' flag is provided.
src/pages/SearchFilterPage.tsx(213,25): error TS17004: Cannot use JSX unless the '--jsx' flag is provided.
src/pages/SearchFilterPage.tsx(214,25): error TS17004: Cannot use JSX unless the '--jsx' flag is provided.
src/pages/SearchFilterPage.tsx(216,22): error TS17004: Cannot use JSX unless the '--jsx' flag is provided.
src/pages/SearchFilterPage.tsx(217,25): error TS17004: Cannot use JSX unless the '--jsx' flag is provided.
src/pages/SearchFilterPage.tsx(226,13): error TS17004: Cannot use JSX unless the '--jsx' flag is provided.
src/pages/SearchFilterPage.tsx(227,16): error TS17004: Cannot use JSX unless the '--jsx' flag is provided.
src/pages/SearchFilterPage.tsx(228,19): error TS17004: Cannot use JSX unless the '--jsx' flag is provided.
src/pages/SearchFilterPage.tsx(230,16): error TS17004: Cannot use JSX unless the '--jsx' flag is provided.
src/pages/SearchFilterPage.tsx(231,16): error TS17004: Cannot use JSX unless the '--jsx' flag is provided.
src/pages/SearchFilterPage.tsx(232,16): error TS17004: Cannot use JSX unless the '--jsx' flag is provided.
src/pages/ShipmentDetailsPage.tsx(5,24): error TS6142: Module '../components/PageHeader' was resolved to 'C:/Users/bheda/Music/Desktop/ExporTrack-AI/src/components/PageHeader.tsx', but '--jsx' is not set.
src/pages/ShipmentDetailsPage.tsx(6,25): error TS6142: Module '../components/StatusBadge' was resolved to 'C:/Users/bheda/Music/Desktop/ExporTrack-AI/src/components/StatusBadge.tsx', but '--jsx' is not set.
src/pages/ShipmentDetailsPage.tsx(7,21): error TS6142: Module '../components/AppIcon' was resolved to 'C:/Users/bheda/Music/Desktop/ExporTrack-AI/src/components/AppIcon.tsx', but '--jsx' is not set.
src/pages/ShipmentDetailsPage.tsx(8,24): error TS6142: Module '../components/UserAvatar' was resolved to 'C:/Users/bheda/Music/Desktop/ExporTrack-AI/src/components/UserAvatar.tsx', but '--jsx' is not set.
src/pages/ShipmentDetailsPage.tsx(9,31): error TS6142: Module '../context/AppContext' was resolved to 'C:/Users/bheda/Music/Desktop/ExporTrack-AI/src/context/AppContext.tsx', but '--jsx' is not set.
src/pages/ShipmentDetailsPage.tsx(11,31): error TS6142: Module '../components/AiDelayPrediction' was resolved to 'C:/Users/bheda/Music/Desktop/ExporTrack-AI/src/components/AiDelayPrediction.tsx', but '--jsx' is not set.
src/pages/ShipmentDetailsPage.tsx(12,30): error TS6142: Module '../components/ShipmentTimeline' was resolved to 'C:/Users/bheda/Music/Desktop/ExporTrack-AI/src/components/ShipmentTimeline.tsx', but '--jsx' is not set.
src/pages/ShipmentDetailsPage.tsx(13,31): error TS6142: Module '../components/ShipmentRiskAlert' was resolved to 'C:/Users/bheda/Music/Desktop/ExporTrack-AI/src/components/ShipmentRiskAlert.tsx', but '--jsx' is not set.
src/pages/ShipmentDetailsPage.tsx(14,33): error TS6142: Module '../components/ShipmentProgressBar' was resolved to 'C:/Users/bheda/Music/Desktop/ExporTrack-AI/src/components/ShipmentProgressBar.tsx', but '--jsx' is not set.
src/pages/ShipmentDetailsPage.tsx(15,19): error TS6142: Module '../components/Modal' was resolved to 'C:/Users/bheda/Music/Desktop/ExporTrack-AI/src/components/Modal.tsx', but '--jsx' is not set.
src/pages/ShipmentDetailsPage.tsx(16,111): error TS6142: Module '../components/SkeletonLoader' was resolved to 'C:/Users/bheda/Music/Desktop/ExporTrack-AI/src/components/SkeletonLoader.tsx', but '--jsx' is not set.
src/pages/ShipmentDetailsPage.tsx(81,7): error TS17004: Cannot use JSX unless the '--jsx' flag is provided.
src/pages/ShipmentDetailsPage.tsx(82,9): error TS17004: Cannot use JSX unless the '--jsx' flag is provided.
src/pages/ShipmentDetailsPage.tsx(83,11): error TS17004: Cannot use JSX unless the '--jsx' flag is provided.
src/pages/ShipmentDetailsPage.tsx(85,15): error TS17004: Cannot use JSX unless the '--jsx' flag is provided.
src/pages/ShipmentDetailsPage.tsx(86,17): error TS17004: Cannot use JSX unless the '--jsx' flag is provided.
src/pages/ShipmentDetailsPage.tsx(87,17): error TS17004: Cannot use JSX unless the '--jsx' flag is provided.
src/pages/ShipmentDetailsPage.tsx(92,9): error TS17004: Cannot use JSX unless the '--jsx' flag is provided.
src/pages/ShipmentDetailsPage.tsx(93,11): error TS17004: Cannot use JSX unless the '--jsx' flag is provided.
src/pages/ShipmentDetailsPage.tsx(94,13): error TS17004: Cannot use JSX unless the '--jsx' flag is provided.
src/pages/ShipmentDetailsPage.tsx(95,13): error TS17004: Cannot use JSX unless the '--jsx' flag is provided.
src/pages/ShipmentDetailsPage.tsx(96,13): error TS17004: Cannot use JSX unless the '--jsx' flag is provided.
src/pages/ShipmentDetailsPage.tsx(98,11): error TS17004: Cannot use JSX unless the '--jsx' flag is provided.
src/pages/ShipmentDetailsPage.tsx(99,13): error TS17004: Cannot use JSX unless the '--jsx' flag is provided.
src/pages/ShipmentDetailsPage.tsx(100,13): error TS17004: Cannot use JSX unless the '--jsx' flag is provided.
src/pages/ShipmentDetailsPage.tsx(103,9): error TS17004: Cannot use JSX unless the '--jsx' flag is provided.
src/pages/ShipmentDetailsPage.tsx(104,40): error TS17004: Cannot use JSX unless the '--jsx' flag is provided.
src/pages/ShipmentDetailsPage.tsx(106,9): error TS17004: Cannot use JSX unless the '--jsx' flag is provided.
src/pages/ShipmentDetailsPage.tsx(107,11): error TS17004: Cannot use JSX unless the '--jsx' flag is provided.
src/pages/ShipmentDetailsPage.tsx(108,13): error TS17004: Cannot use JSX unless the '--jsx' flag is provided.
src/pages/ShipmentDetailsPage.tsx(109,13): error TS17004: Cannot use JSX unless the '--jsx' flag is provided.
src/pages/ShipmentDetailsPage.tsx(111,11): error TS17004: Cannot use JSX unless the '--jsx' flag is provided.
src/pages/ShipmentDetailsPage.tsx(112,13): error TS17004: Cannot use JSX unless the '--jsx' flag is provided.
src/pages/ShipmentDetailsPage.tsx(121,7): error TS17004: Cannot use JSX unless the '--jsx' flag is provided.
src/pages/ShipmentDetailsPage.tsx(122,9): error TS17004: Cannot use JSX unless the '--jsx' flag is provided.
src/pages/ShipmentDetailsPage.tsx(123,9): error TS17004: Cannot use JSX unless the '--jsx' flag is provided.
src/pages/ShipmentDetailsPage.tsx(124,9): error TS17004: Cannot use JSX unless the '--jsx' flag is provided.
src/pages/ShipmentDetailsPage.tsx(204,5): error TS17004: Cannot use JSX unless the '--jsx' flag is provided.
src/pages/ShipmentDetailsPage.tsx(206,7): error TS17004: Cannot use JSX unless the '--jsx' flag is provided.
src/pages/ShipmentDetailsPage.tsx(207,9): error TS17004: Cannot use JSX unless the '--jsx' flag is provided.
src/pages/ShipmentDetailsPage.tsx(212,15): error TS17004: Cannot use JSX unless the '--jsx' flag is provided.
src/pages/ShipmentDetailsPage.tsx(215,19): error TS17004: Cannot use JSX unless the '--jsx' flag is provided.
src/pages/ShipmentDetailsPage.tsx(220,17): error TS17004: Cannot use JSX unless the '--jsx' flag is provided.
src/pages/ShipmentDetailsPage.tsx(225,21): error TS17004: Cannot use JSX unless the '--jsx' flag is provided.
src/pages/ShipmentDetailsPage.tsx(227,21): error TS17004: Cannot use JSX unless the '--jsx' flag is provided.
src/pages/ShipmentDetailsPage.tsx(232,17): error TS17004: Cannot use JSX unless the '--jsx' flag is provided.
src/pages/ShipmentDetailsPage.tsx(237,19): error TS17004: Cannot use JSX unless the '--jsx' flag is provided.
src/pages/ShipmentDetailsPage.tsx(246,7): error TS17004: Cannot use JSX unless the '--jsx' flag is provided.
src/pages/ShipmentDetailsPage.tsx(249,7): error TS17004: Cannot use JSX unless the '--jsx' flag is provided.
src/pages/ShipmentDetailsPage.tsx(250,9): error TS17004: Cannot use JSX unless the '--jsx' flag is provided.
src/pages/ShipmentDetailsPage.tsx(251,11): error TS17004: Cannot use JSX unless the '--jsx' flag is provided.
src/pages/ShipmentDetailsPage.tsx(252,13): error TS17004: Cannot use JSX unless the '--jsx' flag is provided.
src/pages/ShipmentDetailsPage.tsx(253,13): error TS17004: Cannot use JSX unless the '--jsx' flag is provided.
src/pages/ShipmentDetailsPage.tsx(254,13): error TS17004: Cannot use JSX unless the '--jsx' flag is provided.
src/pages/ShipmentDetailsPage.tsx(256,11): error TS17004: Cannot use JSX unless the '--jsx' flag is provided.
src/pages/ShipmentDetailsPage.tsx(259,11): error TS17004: Cannot use JSX unless the '--jsx' flag is provided.
src/pages/ShipmentDetailsPage.tsx(263,9): error TS17004: Cannot use JSX unless the '--jsx' flag is provided.
src/pages/ShipmentDetailsPage.tsx(264,11): error TS17004: Cannot use JSX unless the '--jsx' flag is provided.
src/pages/ShipmentDetailsPage.tsx(265,13): error TS17004: Cannot use JSX unless the '--jsx' flag is provided.
src/pages/ShipmentDetailsPage.tsx(266,15): error TS17004: Cannot use JSX unless the '--jsx' flag is provided.
src/pages/ShipmentDetailsPage.tsx(267,15): error TS17004: Cannot use JSX unless the '--jsx' flag is provided.
src/pages/ShipmentDetailsPage.tsx(269,13): error TS17004: Cannot use JSX unless the '--jsx' flag is provided.
src/pages/ShipmentDetailsPage.tsx(271,11): error TS17004: Cannot use JSX unless the '--jsx' flag is provided.
src/pages/ShipmentDetailsPage.tsx(275,13): error TS17004: Cannot use JSX unless the '--jsx' flag is provided.
src/pages/ShipmentDetailsPage.tsx(276,13): error TS17004: Cannot use JSX unless the '--jsx' flag is provided.
src/pages/ShipmentDetailsPage.tsx(278,11): error TS17004: Cannot use JSX unless the '--jsx' flag is provided.
src/pages/ShipmentDetailsPage.tsx(296,13): error TS17004: Cannot use JSX unless the '--jsx' flag is provided.
src/pages/ShipmentDetailsPage.tsx(297,13): error TS17004: Cannot use JSX unless the '--jsx' flag is provided.
src/pages/ShipmentDetailsPage.tsx(299,11): error TS17004: Cannot use JSX unless the '--jsx' flag is provided.
src/pages/ShipmentDetailsPage.tsx(303,13): error TS17004: Cannot use JSX unless the '--jsx' flag is provided.
src/pages/ShipmentDetailsPage.tsx(304,13): error TS17004: Cannot use JSX unless the '--jsx' flag is provided.
src/pages/ShipmentDetailsPage.tsx(306,11): error TS17004: Cannot use JSX unless the '--jsx' flag is provided.
src/pages/ShipmentDetailsPage.tsx(314,13): error TS17004: Cannot use JSX unless the '--jsx' flag is provided.
src/pages/ShipmentDetailsPage.tsx(315,13): error TS17004: Cannot use JSX unless the '--jsx' flag is provided.
src/pages/ShipmentDetailsPage.tsx(318,13): error TS17004: Cannot use JSX unless the '--jsx' flag is provided.
src/pages/ShipmentDetailsPage.tsx(322,15): error TS17004: Cannot use JSX unless the '--jsx' flag is provided.
src/pages/ShipmentDetailsPage.tsx(330,7): error TS17004: Cannot use JSX unless the '--jsx' flag is provided.
src/pages/ShipmentDetailsPage.tsx(331,9): error TS17004: Cannot use JSX unless the '--jsx' flag is provided.
src/pages/ShipmentDetailsPage.tsx(332,11): error TS17004: Cannot use JSX unless the '--jsx' flag is provided.
src/pages/ShipmentDetailsPage.tsx(333,13): error TS17004: Cannot use JSX unless the '--jsx' flag is provided.
src/pages/ShipmentDetailsPage.tsx(334,13): error TS17004: Cannot use JSX unless the '--jsx' flag is provided.
src/pages/ShipmentDetailsPage.tsx(335,15): error TS17004: Cannot use JSX unless the '--jsx' flag is provided.
src/pages/ShipmentDetailsPage.tsx(338,11): error TS17004: Cannot use JSX unless the '--jsx' flag is provided.
src/pages/ShipmentDetailsPage.tsx(339,13): error TS17004: Cannot use JSX unless the '--jsx' flag is provided.
src/pages/ShipmentDetailsPage.tsx(340,13): error TS17004: Cannot use JSX unless the '--jsx' flag is provided.
src/pages/ShipmentDetailsPage.tsx(341,15): error TS17004: Cannot use JSX unless the '--jsx' flag is provided.
src/pages/ShipmentDetailsPage.tsx(344,11): error TS17004: Cannot use JSX unless the '--jsx' flag is provided.
src/pages/ShipmentDetailsPage.tsx(347,9): error TS17004: Cannot use JSX unless the '--jsx' flag is provided.
src/pages/ShipmentDetailsPage.tsx(348,11): error TS17004: Cannot use JSX unless the '--jsx' flag is provided.
src/pages/ShipmentDetailsPage.tsx(349,13): error TS17004: Cannot use JSX unless the '--jsx' flag is provided.
src/pages/ShipmentDetailsPage.tsx(350,13): error TS17004: Cannot use JSX unless the '--jsx' flag is provided.
src/pages/ShipmentDetailsPage.tsx(351,15): error TS17004: Cannot use JSX unless the '--jsx' flag is provided.
src/pages/ShipmentDetailsPage.tsx(354,11): error TS17004: Cannot use JSX unless the '--jsx' flag is provided.
src/pages/ShipmentDetailsPage.tsx(355,13): error TS17004: Cannot use JSX unless the '--jsx' flag is provided.
src/pages/ShipmentDetailsPage.tsx(356,13): error TS17004: Cannot use JSX unless the '--jsx' flag is provided.
src/pages/ShipmentDetailsPage.tsx(360,11): error TS17004: Cannot use JSX unless the '--jsx' flag is provided.
src/pages/ShipmentDetailsPage.tsx(365,9): error TS17004: Cannot use JSX unless the '--jsx' flag is provided.
src/pages/ShipmentDetailsPage.tsx(366,11): error TS17004: Cannot use JSX unless the '--jsx' flag is provided.
src/pages/ShipmentDetailsPage.tsx(367,13): error TS17004: Cannot use JSX unless the '--jsx' flag is provided.
src/pages/ShipmentDetailsPage.tsx(368,13): error TS17004: Cannot use JSX unless the '--jsx' flag is provided.
src/pages/ShipmentDetailsPage.tsx(369,15): error TS17004: Cannot use JSX unless the '--jsx' flag is provided.
src/pages/ShipmentDetailsPage.tsx(372,11): error TS17004: Cannot use JSX unless the '--jsx' flag is provided.
src/pages/ShipmentDetailsPage.tsx(373,13): error TS17004: Cannot use JSX unless the '--jsx' flag is provided.
src/pages/ShipmentDetailsPage.tsx(374,13): error TS17004: Cannot use JSX unless the '--jsx' flag is provided.
src/pages/ShipmentDetailsPage.tsx(380,11): error TS17004: Cannot use JSX unless the '--jsx' flag is provided.
src/pages/ShipmentDetailsPage.tsx(381,13): error TS17004: Cannot use JSX unless the '--jsx' flag is provided.
src/pages/ShipmentDetailsPage.tsx(382,15): error TS17004: Cannot use JSX unless the '--jsx' flag is provided.
src/pages/ShipmentDetailsPage.tsx(383,15): error TS17004: Cannot use JSX unless the '--jsx' flag is provided.
src/pages/ShipmentDetailsPage.tsx(384,17): error TS17004: Cannot use JSX unless the '--jsx' flag is provided.
src/pages/ShipmentDetailsPage.tsx(387,13): error TS17004: Cannot use JSX unless the '--jsx' flag is provided.
src/pages/ShipmentDetailsPage.tsx(391,9): error TS17004: Cannot use JSX unless the '--jsx' flag is provided.
src/pages/ShipmentDetailsPage.tsx(392,11): error TS17004: Cannot use JSX unless the '--jsx' flag is provided.
src/pages/ShipmentDetailsPage.tsx(393,13): error TS17004: Cannot use JSX unless the '--jsx' flag is provided.
src/pages/ShipmentDetailsPage.tsx(394,13): error TS17004: Cannot use JSX unless the '--jsx' flag is provided.
src/pages/ShipmentDetailsPage.tsx(395,15): error TS17004: Cannot use JSX unless the '--jsx' flag is provided.
src/pages/ShipmentDetailsPage.tsx(399,13): error TS17004: Cannot use JSX unless the '--jsx' flag is provided.
src/pages/ShipmentDetailsPage.tsx(400,15): error TS17004: Cannot use JSX unless the '--jsx' flag is provided.
src/pages/ShipmentDetailsPage.tsx(401,17): error TS17004: Cannot use JSX unless the '--jsx' flag is provided.
src/pages/ShipmentDetailsPage.tsx(406,17): error TS17004: Cannot use JSX unless the '--jsx' flag is provided.
src/pages/ShipmentDetailsPage.tsx(407,19): error TS17004: Cannot use JSX unless the '--jsx' flag is provided.
src/pages/ShipmentDetailsPage.tsx(408,19): error TS17004: Cannot use JSX unless the '--jsx' flag is provided.
src/pages/ShipmentDetailsPage.tsx(411,15): error TS17004: Cannot use JSX unless the '--jsx' flag is provided.
src/pages/ShipmentDetailsPage.tsx(412,17): error TS17004: Cannot use JSX unless the '--jsx' flag is provided.
src/pages/ShipmentDetailsPage.tsx(413,19): error TS17004: Cannot use JSX unless the '--jsx' flag is provided.
src/pages/ShipmentDetailsPage.tsx(414,21): error TS17004: Cannot use JSX unless the '--jsx' flag is provided.
src/pages/ShipmentDetailsPage.tsx(418,17): error TS17004: Cannot use JSX unless the '--jsx' flag is provided.
src/pages/ShipmentDetailsPage.tsx(427,13): error TS17004: Cannot use JSX unless the '--jsx' flag is provided.
src/pages/ShipmentDetailsPage.tsx(431,15): error TS17004: Cannot use JSX unless the '--jsx' flag is provided.
src/pages/ShipmentDetailsPage.tsx(439,7): error TS17004: Cannot use JSX unless the '--jsx' flag is provided.
src/pages/ShipmentDetailsPage.tsx(441,9): error TS17004: Cannot use JSX unless the '--jsx' flag is provided.
src/pages/ShipmentDetailsPage.tsx(443,11): error TS17004: Cannot use JSX unless the '--jsx' flag is provided.
src/pages/ShipmentDetailsPage.tsx(444,13): error TS17004: Cannot use JSX unless the '--jsx' flag is provided.
src/pages/ShipmentDetailsPage.tsx(445,13): error TS17004: Cannot use JSX unless the '--jsx' flag is provided.
src/pages/ShipmentDetailsPage.tsx(447,13): error TS17004: Cannot use JSX unless the '--jsx' flag is provided.
src/pages/ShipmentDetailsPage.tsx(448,15): error TS17004: Cannot use JSX unless the '--jsx' flag is provided.
src/pages/ShipmentDetailsPage.tsx(449,17): error TS17004: Cannot use JSX unless the '--jsx' flag is provided.
src/pages/ShipmentDetailsPage.tsx(450,19): error TS17004: Cannot use JSX unless the '--jsx' flag is provided.
src/pages/ShipmentDetailsPage.tsx(451,21): error TS17004: Cannot use JSX unless the '--jsx' flag is provided.
src/pages/ShipmentDetailsPage.tsx(452,21): error TS17004: Cannot use JSX unless the '--jsx' flag is provided.
src/pages/ShipmentDetailsPage.tsx(453,23): error TS17004: Cannot use JSX unless the '--jsx' flag is provided.
src/pages/ShipmentDetailsPage.tsx(456,19): error TS17004: Cannot use JSX unless the '--jsx' flag is provided.
src/pages/ShipmentDetailsPage.tsx(457,21): error TS17004: Cannot use JSX unless the '--jsx' flag is provided.
src/pages/ShipmentDetailsPage.tsx(458,21): error TS17004: Cannot use JSX unless the '--jsx' flag is provided.
src/pages/ShipmentDetailsPage.tsx(462,17): error TS17004: Cannot use JSX unless the '--jsx' flag is provided.
src/pages/ShipmentDetailsPage.tsx(463,17): error TS17004: Cannot use JSX unless the '--jsx' flag is provided.
src/pages/ShipmentDetailsPage.tsx(467,17): error TS17004: Cannot use JSX unless the '--jsx' flag is provided.
src/pages/ShipmentDetailsPage.tsx(468,19): error TS17004: Cannot use JSX unless the '--jsx' flag is provided.
src/pages/ShipmentDetailsPage.tsx(469,21): error TS17004: Cannot use JSX unless the '--jsx' flag is provided.
src/pages/ShipmentDetailsPage.tsx(470,21): error TS17004: Cannot use JSX unless the '--jsx' flag is provided.
src/pages/ShipmentDetailsPage.tsx(470,72): error TS17004: Cannot use JSX unless the '--jsx' flag is provided.
src/pages/ShipmentDetailsPage.tsx(472,19): error TS17004: Cannot use JSX unless the '--jsx' flag is provided.
src/pages/ShipmentDetailsPage.tsx(473,21): error TS17004: Cannot use JSX unless the '--jsx' flag is provided.
src/pages/ShipmentDetailsPage.tsx(474,21): error TS17004: Cannot use JSX unless the '--jsx' flag is provided.
src/pages/ShipmentDetailsPage.tsx(474,77): error TS17004: Cannot use JSX unless the '--jsx' flag is provided.
src/pages/ShipmentDetailsPage.tsx(479,15): error TS17004: Cannot use JSX unless the '--jsx' flag is provided.
src/pages/ShipmentDetailsPage.tsx(480,17): error TS17004: Cannot use JSX unless the '--jsx' flag is provided.
src/pages/ShipmentDetailsPage.tsx(486,11): error TS17004: Cannot use JSX unless the '--jsx' flag is provided.
src/pages/ShipmentDetailsPage.tsx(487,13): error TS17004: Cannot use JSX unless the '--jsx' flag is provided.
src/pages/ShipmentDetailsPage.tsx(488,15): error TS17004: Cannot use JSX unless the '--jsx' flag is provided.
src/pages/ShipmentDetailsPage.tsx(489,17): error TS17004: Cannot use JSX unless the '--jsx' flag is provided.
src/pages/ShipmentDetailsPage.tsx(490,19): error TS17004: Cannot use JSX unless the '--jsx' flag is provided.
src/pages/ShipmentDetailsPage.tsx(491,19): error TS17004: Cannot use JSX unless the '--jsx' flag is provided.
src/pages/ShipmentDetailsPage.tsx(492,21): error TS17004: Cannot use JSX unless the '--jsx' flag is provided.
src/pages/ShipmentDetailsPage.tsx(495,17): error TS17004: Cannot use JSX unless the '--jsx' flag is provided.
src/pages/ShipmentDetailsPage.tsx(496,19): error TS17004: Cannot use JSX unless the '--jsx' flag is provided.
src/pages/ShipmentDetailsPage.tsx(497,19): error TS17004: Cannot use JSX unless the '--jsx' flag is provided.
src/pages/ShipmentDetailsPage.tsx(498,21): error TS17004: Cannot use JSX unless the '--jsx' flag is provided.
src/pages/ShipmentDetailsPage.tsx(499,21): error TS17004: Cannot use JSX unless the '--jsx' flag is provided.
src/pages/ShipmentDetailsPage.tsx(504,15): error TS17004: Cannot use JSX unless the '--jsx' flag is provided.
src/pages/ShipmentDetailsPage.tsx(505,17): error TS17004: Cannot use JSX unless the '--jsx' flag is provided.
src/pages/ShipmentDetailsPage.tsx(506,19): error TS17004: Cannot use JSX unless the '--jsx' flag is provided.
src/pages/ShipmentDetailsPage.tsx(514,21): error TS17004: Cannot use JSX unless the '--jsx' flag is provided.
src/pages/ShipmentDetailsPage.tsx(517,17): error TS17004: Cannot use JSX unless the '--jsx' flag is provided.
src/pages/ShipmentDetailsPage.tsx(518,19): error TS17004: Cannot use JSX unless the '--jsx' flag is provided.
src/pages/ShipmentDetailsPage.tsx(519,19): error TS17004: Cannot use JSX unless the '--jsx' flag is provided.
src/pages/ShipmentDetailsPage.tsx(520,21): error TS17004: Cannot use JSX unless the '--jsx' flag is provided.
src/pages/ShipmentDetailsPage.tsx(522,19): error TS17004: Cannot use JSX unless the '--jsx' flag is provided.
src/pages/ShipmentDetailsPage.tsx(530,13): error TS17004: Cannot use JSX unless the '--jsx' flag is provided.
src/pages/ShipmentDetailsPage.tsx(531,15): error TS17004: Cannot use JSX unless the '--jsx' flag is provided.
src/pages/ShipmentDetailsPage.tsx(532,17): error TS17004: Cannot use JSX unless the '--jsx' flag is provided.
src/pages/ShipmentDetailsPage.tsx(533,19): error TS17004: Cannot use JSX unless the '--jsx' flag is provided.
src/pages/ShipmentDetailsPage.tsx(534,21): error TS17004: Cannot use JSX unless the '--jsx' flag is provided.
src/pages/ShipmentDetailsPage.tsx(536,19): error TS17004: Cannot use JSX unless the '--jsx' flag is provided.
src/pages/ShipmentDetailsPage.tsx(537,21): error TS17004: Cannot use JSX unless the '--jsx' flag is provided.
src/pages/ShipmentDetailsPage.tsx(538,21): error TS17004: Cannot use JSX unless the '--jsx' flag is provided.
src/pages/ShipmentDetailsPage.tsx(541,17): error TS17004: Cannot use JSX unless the '--jsx' flag is provided.
src/pages/ShipmentDetailsPage.tsx(549,15): error TS17004: Cannot use JSX unless the '--jsx' flag is provided.
src/pages/ShipmentDetailsPage.tsx(550,17): error TS17004: Cannot use JSX unless the '--jsx' flag is provided.
src/pages/ShipmentDetailsPage.tsx(551,19): error TS17004: Cannot use JSX unless the '--jsx' flag is provided.
src/pages/ShipmentDetailsPage.tsx(552,19): error TS17004: Cannot use JSX unless the '--jsx' flag is provided.
src/pages/ShipmentDetailsPage.tsx(554,17): error TS17004: Cannot use JSX unless the '--jsx' flag is provided.
src/pages/ShipmentDetailsPage.tsx(555,19): error TS17004: Cannot use JSX unless the '--jsx' flag is provided.
src/pages/ShipmentDetailsPage.tsx(556,19): error TS17004: Cannot use JSX unless the '--jsx' flag is provided.
src/pages/ShipmentDetailsPage.tsx(558,17): error TS17004: Cannot use JSX unless the '--jsx' flag is provided.
src/pages/ShipmentDetailsPage.tsx(559,19): error TS17004: Cannot use JSX unless the '--jsx' flag is provided.
src/pages/ShipmentDetailsPage.tsx(560,19): error TS17004: Cannot use JSX unless the '--jsx' flag is provided.
src/pages/ShipmentDetailsPage.tsx(562,17): error TS17004: Cannot use JSX unless the '--jsx' flag is provided.
src/pages/ShipmentDetailsPage.tsx(563,19): error TS17004: Cannot use JSX unless the '--jsx' flag is provided.
src/pages/ShipmentDetailsPage.tsx(564,19): error TS17004: Cannot use JSX unless the '--jsx' flag is provided.
src/pages/ShipmentDetailsPage.tsx(568,15): error TS17004: Cannot use JSX unless the '--jsx' flag is provided.
src/pages/ShipmentDetailsPage.tsx(569,17): error TS17004: Cannot use JSX unless the '--jsx' flag is provided.
src/pages/ShipmentDetailsPage.tsx(570,17): error TS17004: Cannot use JSX unless the '--jsx' flag is provided.
src/pages/ShipmentDetailsPage.tsx(578,11): error TS17004: Cannot use JSX unless the '--jsx' flag is provided.
src/pages/ShipmentDetailsPage.tsx(579,13): error TS17004: Cannot use JSX unless the '--jsx' flag is provided.
src/pages/ShipmentDetailsPage.tsx(580,15): error TS17004: Cannot use JSX unless the '--jsx' flag is provided.
src/pages/ShipmentDetailsPage.tsx(581,15): error TS17004: Cannot use JSX unless the '--jsx' flag is provided.
src/pages/ShipmentDetailsPage.tsx(585,13): error TS17004: Cannot use JSX unless the '--jsx' flag is provided.
src/pages/ShipmentDetailsPage.tsx(586,15): error TS17004: Cannot use JSX unless the '--jsx' flag is provided.
src/pages/ShipmentDetailsPage.tsx(587,17): error TS17004: Cannot use JSX unless the '--jsx' flag is provided.
src/pages/ShipmentDetailsPage.tsx(588,19): error TS17004: Cannot use JSX unless the '--jsx' flag is provided.
src/pages/ShipmentDetailsPage.tsx(589,21): error TS17004: Cannot use JSX unless the '--jsx' flag is provided.
src/pages/ShipmentDetailsPage.tsx(590,21): error TS17004: Cannot use JSX unless the '--jsx' flag is provided.
src/pages/ShipmentDetailsPage.tsx(591,21): error TS17004: Cannot use JSX unless the '--jsx' flag is provided.
src/pages/ShipmentDetailsPage.tsx(594,17): error TS17004: Cannot use JSX unless the '--jsx' flag is provided.
src/pages/ShipmentDetailsPage.tsx(596,21): error TS17004: Cannot use JSX unless the '--jsx' flag is provided.
src/pages/ShipmentDetailsPage.tsx(597,23): error TS17004: Cannot use JSX unless the '--jsx' flag is provided.
src/pages/ShipmentDetailsPage.tsx(598,25): error TS17004: Cannot use JSX unless the '--jsx' flag is provided.
src/pages/ShipmentDetailsPage.tsx(599,27): error TS17004: Cannot use JSX unless the '--jsx' flag is provided.
src/pages/ShipmentDetailsPage.tsx(600,29): error TS17004: Cannot use JSX unless the '--jsx' flag is provided.
src/pages/ShipmentDetailsPage.tsx(602,27): error TS17004: Cannot use JSX unless the '--jsx' flag is provided.
src/pages/ShipmentDetailsPage.tsx(603,29): error TS17004: Cannot use JSX unless the '--jsx' flag is provided.
src/pages/ShipmentDetailsPage.tsx(604,29): error TS17004: Cannot use JSX unless the '--jsx' flag is provided.
src/pages/ShipmentDetailsPage.tsx(608,23): error TS17004: Cannot use JSX unless the '--jsx' flag is provided.
src/pages/ShipmentDetailsPage.tsx(609,25): error TS17004: Cannot use JSX unless the '--jsx' flag is provided.
src/pages/ShipmentDetailsPage.tsx(611,23): error TS17004: Cannot use JSX unless the '--jsx' flag is provided.
src/pages/ShipmentDetailsPage.tsx(612,25): error TS17004: Cannot use JSX unless the '--jsx' flag is provided.
src/pages/ShipmentDetailsPage.tsx(628,9): error TS17004: Cannot use JSX unless the '--jsx' flag is provided.
src/pages/ShipmentDetailsPage.tsx(629,11): error TS17004: Cannot use JSX unless the '--jsx' flag is provided.
src/pages/ShipmentDetailsPage.tsx(630,13): error TS17004: Cannot use JSX unless the '--jsx' flag is provided.
src/pages/ShipmentDetailsPage.tsx(631,13): error TS17004: Cannot use JSX unless the '--jsx' flag is provided.
src/pages/ShipmentDetailsPage.tsx(635,19): error TS17004: Cannot use JSX unless the '--jsx' flag is provided.
src/pages/ShipmentDetailsPage.tsx(639,21): error TS17004: Cannot use JSX unless the '--jsx' flag is provided.
src/pages/ShipmentDetailsPage.tsx(640,23): error TS17004: Cannot use JSX unless the '--jsx' flag is provided.
src/pages/ShipmentDetailsPage.tsx(642,40): error TS17004: Cannot use JSX unless the '--jsx' flag is provided.
src/pages/ShipmentDetailsPage.tsx(644,23): error TS17004: Cannot use JSX unless the '--jsx' flag is provided.
src/pages/ShipmentDetailsPage.tsx(646,21): error TS17004: Cannot use JSX unless the '--jsx' flag is provided.
src/pages/ShipmentDetailsPage.tsx(654,11): error TS17004: Cannot use JSX unless the '--jsx' flag is provided.
src/pages/ShipmentDetailsPage.tsx(655,13): error TS17004: Cannot use JSX unless the '--jsx' flag is provided.
src/pages/ShipmentDetailsPage.tsx(656,13): error TS17004: Cannot use JSX unless the '--jsx' flag is provided.
src/pages/ShipmentDetailsPage.tsx(657,15): error TS17004: Cannot use JSX unless the '--jsx' flag is provided.
src/pages/ShipmentDetailsPage.tsx(658,17): error TS17004: Cannot use JSX unless the '--jsx' flag is provided.
src/pages/ShipmentDetailsPage.tsx(664,17): error TS17004: Cannot use JSX unless the '--jsx' flag is provided.
src/pages/ShipmentDetailsPage.tsx(665,19): error TS17004: Cannot use JSX unless the '--jsx' flag is provided.
src/pages/ShipmentDetailsPage.tsx(666,21): error TS17004: Cannot use JSX unless the '--jsx' flag is provided.
src/pages/ShipmentDetailsPage.tsx(672,21): error TS17004: Cannot use JSX unless the '--jsx' flag is provided.
src/pages/ShipmentDetailsPage.tsx(674,19): error TS17004: Cannot use JSX unless the '--jsx' flag is provided.
src/pages/ShipmentDetailsPage.tsx(681,13): error TS17004: Cannot use JSX unless the '--jsx' flag is provided.
src/pages/ShipmentDetailsPage.tsx(683,17): error TS17004: Cannot use JSX unless the '--jsx' flag is provided.
src/pages/ShipmentDetailsPage.tsx(687,19): error TS17004: Cannot use JSX unless the '--jsx' flag is provided.
src/pages/ShipmentDetailsPage.tsx(688,21): error TS17004: Cannot use JSX unless the '--jsx' flag is provided.
src/pages/ShipmentDetailsPage.tsx(689,23): error TS17004: Cannot use JSX unless the '--jsx' flag is provided.
src/pages/ShipmentDetailsPage.tsx(690,44): error TS17004: Cannot use JSX unless the '--jsx' flag is provided.
src/pages/ShipmentDetailsPage.tsx(692,21): error TS17004: Cannot use JSX unless the '--jsx' flag is provided.
src/pages/ShipmentDetailsPage.tsx(696,19): error TS17004: Cannot use JSX unless the '--jsx' flag is provided.
src/pages/ShipmentDetailsPage.tsx(706,7): error TS17004: Cannot use JSX unless the '--jsx' flag is provided.
src/pages/ShipmentDetailsPage.tsx(707,9): error TS17004: Cannot use JSX unless the '--jsx' flag is provided.
src/pages/ShipmentDetailsPage.tsx(710,7): error TS17004: Cannot use JSX unless the '--jsx' flag is provided.
src/pages/ShipmentDetailsPage.tsx(715,9): error TS17004: Cannot use JSX unless the '--jsx' flag is provided.
src/pages/ShipmentDetailsPage.tsx(716,11): error TS17004: Cannot use JSX unless the '--jsx' flag is provided.
src/pages/ShipmentDetailsPage.tsx(717,13): error TS17004: Cannot use JSX unless the '--jsx' flag is provided.
src/pages/ShipmentDetailsPage.tsx(718,13): error TS17004: Cannot use JSX unless the '--jsx' flag is provided.
src/pages/ShipmentDetailsPage.tsx(726,11): error TS17004: Cannot use JSX unless the '--jsx' flag is provided.
src/pages/ShipmentDetailsPage.tsx(727,13): error TS17004: Cannot use JSX unless the '--jsx' flag is provided.
src/pages/ShipmentDetailsPage.tsx(728,13): error TS17004: Cannot use JSX unless the '--jsx' flag is provided.
src/pages/ShipmentDetailsPage.tsx(736,11): error TS17004: Cannot use JSX unless the '--jsx' flag is provided.
src/pages/ShipmentDetailsPage.tsx(737,13): error TS17004: Cannot use JSX unless the '--jsx' flag is provided.
src/pages/ShipmentDetailsPage.tsx(738,13): error TS17004: Cannot use JSX unless the '--jsx' flag is provided.
src/pages/ShipmentDetailsPage.tsx(746,11): error TS17004: Cannot use JSX unless the '--jsx' flag is provided.
src/pages/ShipmentTrackingPage.tsx(6,21): error TS6142: Module '../components/AppIcon' was resolved to 'C:/Users/bheda/Music/Desktop/ExporTrack-AI/src/components/AppIcon.tsx', but '--jsx' is not set.
src/pages/ShipmentTrackingPage.tsx(7,30): error TS6142: Module '../components/TrackingTimeline' was resolved to 'C:/Users/bheda/Music/Desktop/ExporTrack-AI/src/components/TrackingTimeline.tsx', but '--jsx' is not set.
src/pages/ShipmentTrackingPage.tsx(9,31): error TS6142: Module '../context/AppContext' was resolved to 'C:/Users/bheda/Music/Desktop/ExporTrack-AI/src/context/AppContext.tsx', but '--jsx' is not set.
src/pages/ShipmentTrackingPage.tsx(90,5): error TS17004: Cannot use JSX unless the '--jsx' flag is provided.
src/pages/ShipmentTrackingPage.tsx(91,7): error TS17004: Cannot use JSX unless the '--jsx' flag is provided.
src/pages/ShipmentTrackingPage.tsx(92,9): error TS17004: Cannot use JSX unless the '--jsx' flag is provided.
src/pages/ShipmentTrackingPage.tsx(93,9): error TS17004: Cannot use JSX unless the '--jsx' flag is provided.
src/pages/ShipmentTrackingPage.tsx(97,7): error TS17004: Cannot use JSX unless the '--jsx' flag is provided.
src/pages/ShipmentTrackingPage.tsx(98,9): error TS17004: Cannot use JSX unless the '--jsx' flag is provided.
src/pages/ShipmentTrackingPage.tsx(99,11): error TS17004: Cannot use JSX unless the '--jsx' flag is provided.
src/pages/ShipmentTrackingPage.tsx(100,13): error TS17004: Cannot use JSX unless the '--jsx' flag is provided.
src/pages/ShipmentTrackingPage.tsx(101,13): error TS17004: Cannot use JSX unless the '--jsx' flag is provided.
src/pages/ShipmentTrackingPage.tsx(113,11): error TS17004: Cannot use JSX unless the '--jsx' flag is provided.
src/pages/ShipmentTrackingPage.tsx(118,32): error TS17004: Cannot use JSX unless the '--jsx' flag is provided.
src/pages/ShipmentTrackingPage.tsx(120,11): error TS17004: Cannot use JSX unless the '--jsx' flag is provided.
src/pages/ShipmentTrackingPage.tsx(122,15): error TS17004: Cannot use JSX unless the '--jsx' flag is provided.
src/pages/ShipmentTrackingPage.tsx(122,64): error TS17004: Cannot use JSX unless the '--jsx' flag is provided.
src/pages/ShipmentTrackingPage.tsx(124,15): error TS17004: Cannot use JSX unless the '--jsx' flag is provided.
src/pages/ShipmentTrackingPage.tsx(124,64): error TS17004: Cannot use JSX unless the '--jsx' flag is provided.
src/pages/ShipmentTrackingPage.tsx(129,11): error TS17004: Cannot use JSX unless the '--jsx' flag is provided.
src/pages/ShipmentTrackingPage.tsx(135,7): error TS17004: Cannot use JSX unless the '--jsx' flag is provided.
src/pages/ShipmentTrackingPage.tsx(137,9): error TS17004: Cannot use JSX unless the '--jsx' flag is provided.
src/pages/ShipmentTrackingPage.tsx(138,11): error TS17004: Cannot use JSX unless the '--jsx' flag is provided.
src/pages/ShipmentTrackingPage.tsx(140,13): error TS17004: Cannot use JSX unless the '--jsx' flag is provided.
src/pages/ShipmentTrackingPage.tsx(141,15): error TS17004: Cannot use JSX unless the '--jsx' flag is provided.
src/pages/ShipmentTrackingPage.tsx(142,15): error TS17004: Cannot use JSX unless the '--jsx' flag is provided.
src/pages/ShipmentTrackingPage.tsx(145,13): error TS17004: Cannot use JSX unless the '--jsx' flag is provided.
src/pages/ShipmentTrackingPage.tsx(150,19): error TS17004: Cannot use JSX unless the '--jsx' flag is provided.
src/pages/ShipmentTrackingPage.tsx(156,21): error TS17004: Cannot use JSX unless the '--jsx' flag is provided.
src/pages/ShipmentTrackingPage.tsx(157,23): error TS17004: Cannot use JSX unless the '--jsx' flag is provided.
src/pages/ShipmentTrackingPage.tsx(158,25): error TS17004: Cannot use JSX unless the '--jsx' flag is provided.
src/pages/ShipmentTrackingPage.tsx(159,25): error TS17004: Cannot use JSX unless the '--jsx' flag is provided.
src/pages/ShipmentTrackingPage.tsx(161,23): error TS17004: Cannot use JSX unless the '--jsx' flag is provided.
src/pages/ShipmentTrackingPage.tsx(162,25): error TS17004: Cannot use JSX unless the '--jsx' flag is provided.
src/pages/ShipmentTrackingPage.tsx(163,25): error TS17004: Cannot use JSX unless the '--jsx' flag is provided.
src/pages/ShipmentTrackingPage.tsx(163,145): error TS17004: Cannot use JSX unless the '--jsx' flag is provided.
src/pages/ShipmentTrackingPage.tsx(166,21): error TS17004: Cannot use JSX unless the '--jsx' flag is provided.
src/pages/ShipmentTrackingPage.tsx(175,9): error TS17004: Cannot use JSX unless the '--jsx' flag is provided.
src/pages/ShipmentTrackingPage.tsx(177,13): error TS17004: Cannot use JSX unless the '--jsx' flag is provided.
src/pages/ShipmentTrackingPage.tsx(178,15): error TS17004: Cannot use JSX unless the '--jsx' flag is provided.
src/pages/ShipmentTrackingPage.tsx(179,17): error TS17004: Cannot use JSX unless the '--jsx' flag is provided.
src/pages/ShipmentTrackingPage.tsx(180,19): error TS17004: Cannot use JSX unless the '--jsx' flag is provided.
src/pages/ShipmentTrackingPage.tsx(181,19): error TS17004: Cannot use JSX unless the '--jsx' flag is provided.
src/pages/ShipmentTrackingPage.tsx(184,15): error TS17004: Cannot use JSX unless the '--jsx' flag is provided.
src/pages/ShipmentTrackingPage.tsx(194,13): error TS17004: Cannot use JSX unless the '--jsx' flag is provided.
src/pages/ShipmentTrackingPage.tsx(195,15): error TS17004: Cannot use JSX unless the '--jsx' flag is provided.
src/pages/ShipmentTrackingPage.tsx(196,17): error TS17004: Cannot use JSX unless the '--jsx' flag is provided.
src/pages/ShipmentTrackingPage.tsx(198,15): error TS17004: Cannot use JSX unless the '--jsx' flag is provided.
src/pages/ShipmentTrackingPage.tsx(199,15): error TS17004: Cannot use JSX unless the '--jsx' flag is provided.
src/pages/ShipmentTrackingPage.tsx(205,17): error TS17004: Cannot use JSX unless the '--jsx' flag is provided.
src/pages/ShippingBillForm.tsx(2,21): error TS6142: Module '../components/AppIcon' was resolved to 'C:/Users/bheda/Music/Desktop/ExporTrack-AI/src/components/AppIcon.tsx', but '--jsx' is not set.
src/pages/ShippingBillForm.tsx(8,31): error TS6142: Module '../components/ShowForPermission' was resolved to 'C:/Users/bheda/Music/Desktop/ExporTrack-AI/src/components/ShowForPermission.tsx', but '--jsx' is not set.
src/pages/ShippingBillForm.tsx(10,31): error TS6142: Module '../context/AppContext' was resolved to 'C:/Users/bheda/Music/Desktop/ExporTrack-AI/src/context/AppContext.tsx', but '--jsx' is not set.
src/pages/ShippingBillForm.tsx(149,7): error TS17004: Cannot use JSX unless the '--jsx' flag is provided.
src/pages/ShippingBillForm.tsx(150,9): error TS17004: Cannot use JSX unless the '--jsx' flag is provided.
src/pages/ShippingBillForm.tsx(151,11): error TS17004: Cannot use JSX unless the '--jsx' flag is provided.
src/pages/ShippingBillForm.tsx(152,13): error TS17004: Cannot use JSX unless the '--jsx' flag is provided.
src/pages/ShippingBillForm.tsx(153,13): error TS17004: Cannot use JSX unless the '--jsx' flag is provided.
src/pages/ShippingBillForm.tsx(155,11): error TS17004: Cannot use JSX unless the '--jsx' flag is provided.
src/pages/ShippingBillForm.tsx(156,13): error TS17004: Cannot use JSX unless the '--jsx' flag is provided.
src/pages/ShippingBillForm.tsx(156,96): error TS17004: Cannot use JSX unless the '--jsx' flag is provided.
src/pages/ShippingBillForm.tsx(160,11): error TS17004: Cannot use JSX unless the '--jsx' flag is provided.
src/pages/ShippingBillForm.tsx(161,13): error TS17004: Cannot use JSX unless the '--jsx' flag is provided.
src/pages/ShippingBillForm.tsx(161,201): error TS17004: Cannot use JSX unless the '--jsx' flag is provided.
src/pages/ShippingBillForm.tsx(162,13): error TS17004: Cannot use JSX unless the '--jsx' flag is provided.
src/pages/ShippingBillForm.tsx(163,13): error TS17004: Cannot use JSX unless the '--jsx' flag is provided.
src/pages/ShippingBillForm.tsx(164,13): error TS17004: Cannot use JSX unless the '--jsx' flag is provided.
src/pages/ShippingBillForm.tsx(164,62): error TS17004: Cannot use JSX unless the '--jsx' flag is provided.
src/pages/ShippingBillForm.tsx(164,145): error TS17004: Cannot use JSX unless the '--jsx' flag is provided.
src/pages/ShippingBillForm.tsx(167,11): error TS17004: Cannot use JSX unless the '--jsx' flag is provided.
src/pages/ShippingBillForm.tsx(171,17): error TS17004: Cannot use JSX unless the '--jsx' flag is provided.
src/pages/ShippingBillForm.tsx(172,19): error TS17004: Cannot use JSX unless the '--jsx' flag is provided.
src/pages/ShippingBillForm.tsx(173,21): error TS17004: Cannot use JSX unless the '--jsx' flag is provided.
src/pages/ShippingBillForm.tsx(174,23): error TS17004: Cannot use JSX unless the '--jsx' flag is provided.
src/pages/ShippingBillForm.tsx(175,23): error TS17004: Cannot use JSX unless the '--jsx' flag is provided.
src/pages/ShippingBillForm.tsx(176,23): error TS17004: Cannot use JSX unless the '--jsx' flag is provided.
src/pages/ShippingBillForm.tsx(178,21): error TS17004: Cannot use JSX unless the '--jsx' flag is provided.
src/pages/ShippingBillForm.tsx(180,19): error TS17004: Cannot use JSX unless the '--jsx' flag is provided.
src/pages/ShippingBillForm.tsx(181,21): error TS17004: Cannot use JSX unless the '--jsx' flag is provided.
src/pages/ShippingBillForm.tsx(181,106): error TS17004: Cannot use JSX unless the '--jsx' flag is provided.
src/pages/ShippingBillForm.tsx(182,21): error TS17004: Cannot use JSX unless the '--jsx' flag is provided.
src/pages/ShippingBillForm.tsx(182,98): error TS17004: Cannot use JSX unless the '--jsx' flag is provided.
src/pages/ShippingBillForm.tsx(183,48): error TS17004: Cannot use JSX unless the '--jsx' flag is provided.
src/pages/ShippingBillForm.tsx(184,23): error TS17004: Cannot use JSX unless the '--jsx' flag is provided.
src/pages/ShippingBillForm.tsx(184,95): error TS17004: Cannot use JSX unless the '--jsx' flag is provided.
src/pages/ShippingBillForm.tsx(185,23): error TS17004: Cannot use JSX unless the '--jsx' flag is provided.
src/pages/ShippingBillForm.tsx(185,73): error TS17004: Cannot use JSX unless the '--jsx' flag is provided.
src/pages/ShippingBillForm.tsx(186,23): error TS17004: Cannot use JSX unless the '--jsx' flag is provided.
src/pages/ShippingBillForm.tsx(186,72): error TS17004: Cannot use JSX unless the '--jsx' flag is provided.
src/pages/ShippingBillForm.tsx(189,23): error TS17004: Cannot use JSX unless the '--jsx' flag is provided.
src/pages/ShippingBillForm.tsx(189,73): error TS17004: Cannot use JSX unless the '--jsx' flag is provided.
src/pages/ShippingBillForm.tsx(197,19): error TS17004: Cannot use JSX unless the '--jsx' flag is provided.
src/pages/ShippingBillForm.tsx(204,5): error TS17004: Cannot use JSX unless the '--jsx' flag is provided.
src/pages/ShippingBillForm.tsx(205,7): error TS17004: Cannot use JSX unless the '--jsx' flag is provided.
src/pages/ShippingBillForm.tsx(206,9): error TS17004: Cannot use JSX unless the '--jsx' flag is provided.
src/pages/ShippingBillForm.tsx(207,11): error TS17004: Cannot use JSX unless the '--jsx' flag is provided.
src/pages/ShippingBillForm.tsx(207,86): error TS17004: Cannot use JSX unless the '--jsx' flag is provided.
src/pages/ShippingBillForm.tsx(208,11): error TS17004: Cannot use JSX unless the '--jsx' flag is provided.
src/pages/ShippingBillForm.tsx(210,9): error TS17004: Cannot use JSX unless the '--jsx' flag is provided.
src/pages/ShippingBillForm.tsx(215,9): error TS17004: Cannot use JSX unless the '--jsx' flag is provided.
src/pages/ShippingBillForm.tsx(216,11): error TS17004: Cannot use JSX unless the '--jsx' flag is provided.
src/pages/ShippingBillForm.tsx(217,13): error TS17004: Cannot use JSX unless the '--jsx' flag is provided.
src/pages/ShippingBillForm.tsx(218,13): error TS17004: Cannot use JSX unless the '--jsx' flag is provided.
src/pages/ShippingBillForm.tsx(219,15): error TS17004: Cannot use JSX unless the '--jsx' flag is provided.
src/pages/ShippingBillForm.tsx(221,13): error TS17004: Cannot use JSX unless the '--jsx' flag is provided.
src/pages/ShippingBillForm.tsx(222,15): error TS17004: Cannot use JSX unless the '--jsx' flag is provided.
src/pages/ShippingBillForm.tsx(223,36): error TS17004: Cannot use JSX unless the '--jsx' flag is provided.
src/pages/ShippingBillForm.tsx(230,7): error TS17004: Cannot use JSX unless the '--jsx' flag is provided.
src/pages/ShippingBillForm.tsx(231,9): error TS17004: Cannot use JSX unless the '--jsx' flag is provided.
src/pages/ShippingBillForm.tsx(236,15): error TS17004: Cannot use JSX unless the '--jsx' flag is provided.
src/pages/ShippingBillForm.tsx(237,17): error TS17004: Cannot use JSX unless the '--jsx' flag is provided.
src/pages/ShippingBillForm.tsx(238,19): error TS17004: Cannot use JSX unless the '--jsx' flag is provided.
src/pages/ShippingBillForm.tsx(241,51): error TS17004: Cannot use JSX unless the '--jsx' flag is provided.
src/pages/ShippingBillForm.tsx(249,7): error TS17004: Cannot use JSX unless the '--jsx' flag is provided.
src/pages/ShippingBillForm.tsx(250,9): error TS17004: Cannot use JSX unless the '--jsx' flag is provided.
src/pages/ShippingBillForm.tsx(251,9): error TS17004: Cannot use JSX unless the '--jsx' flag is provided.
src/pages/ShippingBillForm.tsx(252,11): error TS17004: Cannot use JSX unless the '--jsx' flag is provided.
src/pages/ShippingBillForm.tsx(252,16): error TS17004: Cannot use JSX unless the '--jsx' flag is provided.
src/pages/ShippingBillForm.tsx(252,67): error TS17004: Cannot use JSX unless the '--jsx' flag is provided.
src/pages/ShippingBillForm.tsx(253,11): error TS17004: Cannot use JSX unless the '--jsx' flag is provided.
src/pages/ShippingBillForm.tsx(254,13): error TS17004: Cannot use JSX unless the '--jsx' flag is provided.
src/pages/ShippingBillForm.tsx(255,13): error TS17004: Cannot use JSX unless the '--jsx' flag is provided.
src/pages/ShippingBillForm.tsx(256,15): error TS17004: Cannot use JSX unless the '--jsx' flag is provided.
src/pages/ShippingBillForm.tsx(257,45): error TS17004: Cannot use JSX unless the '--jsx' flag is provided.
src/pages/ShippingBillForm.tsx(260,11): error TS17004: Cannot use JSX unless the '--jsx' flag is provided.
src/pages/ShippingBillForm.tsx(260,16): error TS17004: Cannot use JSX unless the '--jsx' flag is provided.
src/pages/ShippingBillForm.tsx(260,65): error TS17004: Cannot use JSX unless the '--jsx' flag is provided.
src/pages/ShippingBillForm.tsx(260,223): error TS17004: Cannot use JSX unless the '--jsx' flag is provided.
src/pages/ShippingBillForm.tsx(265,7): error TS17004: Cannot use JSX unless the '--jsx' flag is provided.
src/pages/ShippingBillForm.tsx(266,9): error TS17004: Cannot use JSX unless the '--jsx' flag is provided.
src/pages/ShippingBillForm.tsx(267,9): error TS17004: Cannot use JSX unless the '--jsx' flag is provided.
src/pages/ShippingBillForm.tsx(268,11): error TS17004: Cannot use JSX unless the '--jsx' flag is provided.
src/pages/ShippingBillForm.tsx(268,16): error TS17004: Cannot use JSX unless the '--jsx' flag is provided.
src/pages/ShippingBillForm.tsx(268,56): error TS17004: Cannot use JSX unless the '--jsx' flag is provided.
src/pages/ShippingBillForm.tsx(269,11): error TS17004: Cannot use JSX unless the '--jsx' flag is provided.
src/pages/ShippingBillForm.tsx(269,16): error TS17004: Cannot use JSX unless the '--jsx' flag is provided.
src/pages/ShippingBillForm.tsx(269,55): error TS17004: Cannot use JSX unless the '--jsx' flag is provided.
src/pages/ShippingBillForm.tsx(270,11): error TS17004: Cannot use JSX unless the '--jsx' flag is provided.
src/pages/ShippingBillForm.tsx(270,16): error TS17004: Cannot use JSX unless the '--jsx' flag is provided.
src/pages/ShippingBillForm.tsx(270,57): error TS17004: Cannot use JSX unless the '--jsx' flag is provided.
src/pages/ShippingBillForm.tsx(271,11): error TS17004: Cannot use JSX unless the '--jsx' flag is provided.
src/pages/ShippingBillForm.tsx(271,16): error TS17004: Cannot use JSX unless the '--jsx' flag is provided.
src/pages/ShippingBillForm.tsx(271,55): error TS17004: Cannot use JSX unless the '--jsx' flag is provided.
src/pages/ShippingBillForm.tsx(272,11): error TS17004: Cannot use JSX unless the '--jsx' flag is provided.
src/pages/ShippingBillForm.tsx(272,16): error TS17004: Cannot use JSX unless the '--jsx' flag is provided.
src/pages/ShippingBillForm.tsx(272,59): error TS17004: Cannot use JSX unless the '--jsx' flag is provided.
src/pages/ShippingBillForm.tsx(273,11): error TS17004: Cannot use JSX unless the '--jsx' flag is provided.
src/pages/ShippingBillForm.tsx(273,56): error TS17004: Cannot use JSX unless the '--jsx' flag is provided.
src/pages/ShippingBillForm.tsx(273,99): error TS17004: Cannot use JSX unless the '--jsx' flag is provided.
src/pages/ShippingBillForm.tsx(278,7): error TS17004: Cannot use JSX unless the '--jsx' flag is provided.
src/pages/ShippingBillForm.tsx(279,9): error TS17004: Cannot use JSX unless the '--jsx' flag is provided.
src/pages/ShippingBillForm.tsx(280,9): error TS17004: Cannot use JSX unless the '--jsx' flag is provided.
src/pages/ShippingBillForm.tsx(281,11): error TS17004: Cannot use JSX unless the '--jsx' flag is provided.
src/pages/ShippingBillForm.tsx(281,16): error TS17004: Cannot use JSX unless the '--jsx' flag is provided.
src/pages/ShippingBillForm.tsx(281,56): error TS17004: Cannot use JSX unless the '--jsx' flag is provided.
src/pages/ShippingBillForm.tsx(282,11): error TS17004: Cannot use JSX unless the '--jsx' flag is provided.
src/pages/ShippingBillForm.tsx(282,16): error TS17004: Cannot use JSX unless the '--jsx' flag is provided.
src/pages/ShippingBillForm.tsx(282,59): error TS17004: Cannot use JSX unless the '--jsx' flag is provided.
src/pages/ShippingBillForm.tsx(283,11): error TS17004: Cannot use JSX unless the '--jsx' flag is provided.
src/pages/ShippingBillForm.tsx(283,42): error TS17004: Cannot use JSX unless the '--jsx' flag is provided.
src/pages/ShippingBillForm.tsx(283,85): error TS17004: Cannot use JSX unless the '--jsx' flag is provided.
src/pages/ShippingBillForm.tsx(288,7): error TS17004: Cannot use JSX unless the '--jsx' flag is provided.
src/pages/ShippingBillForm.tsx(289,9): error TS17004: Cannot use JSX unless the '--jsx' flag is provided.
src/pages/ShippingBillForm.tsx(290,9): error TS17004: Cannot use JSX unless the '--jsx' flag is provided.
src/pages/ShippingBillForm.tsx(291,11): error TS17004: Cannot use JSX unless the '--jsx' flag is provided.
src/pages/ShippingBillForm.tsx(291,16): error TS17004: Cannot use JSX unless the '--jsx' flag is provided.
src/pages/ShippingBillForm.tsx(291,69): error TS17004: Cannot use JSX unless the '--jsx' flag is provided.
src/pages/ShippingBillForm.tsx(291,267): error TS17004: Cannot use JSX unless the '--jsx' flag is provided.
src/pages/ShippingBillForm.tsx(291,287): error TS17004: Cannot use JSX unless the '--jsx' flag is provided.
src/pages/ShippingBillForm.tsx(291,307): error TS17004: Cannot use JSX unless the '--jsx' flag is provided.
src/pages/ShippingBillForm.tsx(291,328): error TS17004: Cannot use JSX unless the '--jsx' flag is provided.
src/pages/ShippingBillForm.tsx(292,11): error TS17004: Cannot use JSX unless the '--jsx' flag is provided.
src/pages/ShippingBillForm.tsx(292,16): error TS17004: Cannot use JSX unless the '--jsx' flag is provided.
src/pages/ShippingBillForm.tsx(292,67): error TS17004: Cannot use JSX unless the '--jsx' flag is provided.
src/pages/ShippingBillForm.tsx(292,261): error TS17004: Cannot use JSX unless the '--jsx' flag is provided.
src/pages/ShippingBillForm.tsx(292,285): error TS17004: Cannot use JSX unless the '--jsx' flag is provided.
src/pages/ShippingBillForm.tsx(292,311): error TS17004: Cannot use JSX unless the '--jsx' flag is provided.
src/pages/ShippingBillForm.tsx(292,338): error TS17004: Cannot use JSX unless the '--jsx' flag is provided.
src/pages/ShippingBillForm.tsx(293,11): error TS17004: Cannot use JSX unless the '--jsx' flag is provided.
src/pages/ShippingBillForm.tsx(293,16): error TS17004: Cannot use JSX unless the '--jsx' flag is provided.
src/pages/ShippingBillForm.tsx(293,67): error TS17004: Cannot use JSX unless the '--jsx' flag is provided.
src/pages/ShippingBillForm.tsx(294,11): error TS17004: Cannot use JSX unless the '--jsx' flag is provided.
src/pages/ShippingBillForm.tsx(294,16): error TS17004: Cannot use JSX unless the '--jsx' flag is provided.
src/pages/ShippingBillForm.tsx(294,74): error TS17004: Cannot use JSX unless the '--jsx' flag is provided.
src/pages/ShippingBillForm.tsx(295,11): error TS17004: Cannot use JSX unless the '--jsx' flag is provided.
src/pages/ShippingBillForm.tsx(295,16): error TS17004: Cannot use JSX unless the '--jsx' flag is provided.
src/pages/ShippingBillForm.tsx(295,63): error TS17004: Cannot use JSX unless the '--jsx' flag is provided.
src/pages/ShippingBillForm.tsx(296,11): error TS17004: Cannot use JSX unless the '--jsx' flag is provided.
src/pages/ShippingBillForm.tsx(296,16): error TS17004: Cannot use JSX unless the '--jsx' flag is provided.
src/pages/ShippingBillForm.tsx(296,63): error TS17004: Cannot use JSX unless the '--jsx' flag is provided.
src/pages/ShippingBillForm.tsx(297,11): error TS17004: Cannot use JSX unless the '--jsx' flag is provided.
src/pages/ShippingBillForm.tsx(297,16): error TS17004: Cannot use JSX unless the '--jsx' flag is provided.
src/pages/ShippingBillForm.tsx(297,60): error TS17004: Cannot use JSX unless the '--jsx' flag is provided.
src/pages/ShippingBillForm.tsx(297,199): error TS17004: Cannot use JSX unless the '--jsx' flag is provided.
src/pages/ShippingBillForm.tsx(298,11): error TS17004: Cannot use JSX unless the '--jsx' flag is provided.
src/pages/ShippingBillForm.tsx(299,13): error TS17004: Cannot use JSX unless the '--jsx' flag is provided.
src/pages/ShippingBillForm.tsx(300,13): error TS17004: Cannot use JSX unless the '--jsx' flag is provided.
src/pages/ShippingBillForm.tsx(301,15): error TS17004: Cannot use JSX unless the '--jsx' flag is provided.
src/pages/ShippingBillForm.tsx(305,15): error TS17004: Cannot use JSX unless the '--jsx' flag is provided.
src/pages/ShippingBillForm.tsx(306,33): error TS17004: Cannot use JSX unless the '--jsx' flag is provided.
src/pages/ShippingBillForm.tsx(306,134): error TS17004: Cannot use JSX unless the '--jsx' flag is provided.
src/pages/ShippingBillForm.tsx(314,7): error TS17004: Cannot use JSX unless the '--jsx' flag is provided.
src/pages/ShippingBillForm.tsx(315,9): error TS17004: Cannot use JSX unless the '--jsx' flag is provided.
src/pages/ShippingBillForm.tsx(316,11): error TS17004: Cannot use JSX unless the '--jsx' flag is provided.
src/pages/ShippingBillForm.tsx(317,11): error TS17004: Cannot use JSX unless the '--jsx' flag is provided.
src/pages/ShippingBillForm.tsx(317,101): error TS17004: Cannot use JSX unless the '--jsx' flag is provided.
src/pages/ShippingBillForm.tsx(319,9): error TS17004: Cannot use JSX unless the '--jsx' flag is provided.
src/pages/ShippingBillForm.tsx(320,11): error TS17004: Cannot use JSX unless the '--jsx' flag is provided.
src/pages/ShippingBillForm.tsx(321,13): error TS17004: Cannot use JSX unless the '--jsx' flag is provided.
src/pages/ShippingBillForm.tsx(321,20): error TS17004: Cannot use JSX unless the '--jsx' flag is provided.
src/pages/ShippingBillForm.tsx(322,113): error TS17004: Cannot use JSX unless the '--jsx' flag is provided.
src/pages/ShippingBillForm.tsx(324,13): error TS17004: Cannot use JSX unless the '--jsx' flag is provided.
src/pages/ShippingBillForm.tsx(326,17): error TS17004: Cannot use JSX unless the '--jsx' flag is provided.
src/pages/ShippingBillForm.tsx(327,19): error TS17004: Cannot use JSX unless the '--jsx' flag is provided.
src/pages/ShippingBillForm.tsx(328,19): error TS17004: Cannot use JSX unless the '--jsx' flag is provided.
src/pages/ShippingBillForm.tsx(328,45): error TS17004: Cannot use JSX unless the '--jsx' flag is provided.
src/pages/ShippingBillForm.tsx(329,19): error TS17004: Cannot use JSX unless the '--jsx' flag is provided.
src/pages/ShippingBillForm.tsx(329,45): error TS17004: Cannot use JSX unless the '--jsx' flag is provided.
src/pages/ShippingBillForm.tsx(330,19): error TS17004: Cannot use JSX unless the '--jsx' flag is provided.
src/pages/ShippingBillForm.tsx(330,45): error TS17004: Cannot use JSX unless the '--jsx' flag is provided.
src/pages/ShippingBillForm.tsx(331,19): error TS17004: Cannot use JSX unless the '--jsx' flag is provided.
src/pages/ShippingBillForm.tsx(331,45): error TS17004: Cannot use JSX unless the '--jsx' flag is provided.
src/pages/ShippingBillForm.tsx(331,195): error TS17004: Cannot use JSX unless the '--jsx' flag is provided.
src/pages/ShippingBillForm.tsx(332,19): error TS17004: Cannot use JSX unless the '--jsx' flag is provided.
src/pages/ShippingBillForm.tsx(332,45): error TS17004: Cannot use JSX unless the '--jsx' flag is provided.
src/pages/ShippingBillForm.tsx(333,19): error TS17004: Cannot use JSX unless the '--jsx' flag is provided.
src/pages/ShippingBillForm.tsx(334,19): error TS17004: Cannot use JSX unless the '--jsx' flag is provided.
src/pages/ShippingBillForm.tsx(334,71): error TS17004: Cannot use JSX unless the '--jsx' flag is provided.
src/pages/ShippingBillForm.tsx(334,159): error TS17004: Cannot use JSX unless the '--jsx' flag is provided.
src/pages/ShippingBillForm.tsx(340,9): error TS17004: Cannot use JSX unless the '--jsx' flag is provided.
src/pages/ShippingBillForm.tsx(341,11): error TS17004: Cannot use JSX unless the '--jsx' flag is provided.
src/pages/ShippingBillForm.tsx(341,16): error TS17004: Cannot use JSX unless the '--jsx' flag is provided.
src/pages/ShippingBillForm.tsx(341,115): error TS17004: Cannot use JSX unless the '--jsx' flag is provided.
src/pages/ShippingBillForm.tsx(342,11): error TS17004: Cannot use JSX unless the '--jsx' flag is provided.
src/pages/ShippingBillForm.tsx(342,16): error TS17004: Cannot use JSX unless the '--jsx' flag is provided.
src/pages/ShippingBillForm.tsx(342,101): error TS17004: Cannot use JSX unless the '--jsx' flag is provided.
src/pages/ShippingBillForm.tsx(348,9): error TS17004: Cannot use JSX unless the '--jsx' flag is provided.
src/pages/ShippingBillForm.tsx(349,11): error TS17004: Cannot use JSX unless the '--jsx' flag is provided.
src/pages/ShippingBillForm.tsx(350,11): error TS17004: Cannot use JSX unless the '--jsx' flag is provided.
src/pages/ShippingBillForm.tsx(351,13): error TS17004: Cannot use JSX unless the '--jsx' flag is provided.
src/pages/ShippingBillForm.tsx(351,18): error TS17004: Cannot use JSX unless the '--jsx' flag is provided.
src/pages/ShippingBillForm.tsx(351,69): error TS17004: Cannot use JSX unless the '--jsx' flag is provided.
src/pages/ShippingBillForm.tsx(352,13): error TS17004: Cannot use JSX unless the '--jsx' flag is provided.
src/pages/ShippingBillForm.tsx(352,18): error TS17004: Cannot use JSX unless the '--jsx' flag is provided.
src/pages/ShippingBillForm.tsx(352,62): error TS17004: Cannot use JSX unless the '--jsx' flag is provided.
src/pages/ShippingBillForm.tsx(353,13): error TS17004: Cannot use JSX unless the '--jsx' flag is provided.
src/pages/ShippingBillForm.tsx(353,18): error TS17004: Cannot use JSX unless the '--jsx' flag is provided.
src/pages/ShippingBillForm.tsx(353,64): error TS17004: Cannot use JSX unless the '--jsx' flag is provided.
src/pages/ShippingBillForm.tsx(358,17): error TS17004: Cannot use JSX unless the '--jsx' flag is provided.
src/pages/SplashPage.tsx(2,31): error TS6142: Module '../context/AppContext' was resolved to 'C:/Users/bheda/Music/Desktop/ExporTrack-AI/src/context/AppContext.tsx', but '--jsx' is not set.
src/pages/SplashPage.tsx(40,5): error TS17004: Cannot use JSX unless the '--jsx' flag is provided.
src/pages/SplashPage.tsx(42,7): error TS17004: Cannot use JSX unless the '--jsx' flag is provided.
src/pages/SplashPage.tsx(43,9): error TS17004: Cannot use JSX unless the '--jsx' flag is provided.
src/pages/SplashPage.tsx(44,11): error TS17004: Cannot use JSX unless the '--jsx' flag is provided.
src/pages/SplashPage.tsx(45,13): error TS17004: Cannot use JSX unless the '--jsx' flag is provided.
src/pages/SplashPage.tsx(46,15): error TS17004: Cannot use JSX unless the '--jsx' flag is provided.
src/pages/SplashPage.tsx(48,13): error TS17004: Cannot use JSX unless the '--jsx' flag is provided.
src/pages/SplashPage.tsx(49,26): error TS17004: Cannot use JSX unless the '--jsx' flag is provided.
src/pages/SplashPage.tsx(52,11): error TS17004: Cannot use JSX unless the '--jsx' flag is provided.
src/pages/SplashPage.tsx(53,13): error TS17004: Cannot use JSX unless the '--jsx' flag is provided.
src/pages/SplashPage.tsx(54,13): error TS17004: Cannot use JSX unless the '--jsx' flag is provided.
src/pages/SplashPage.tsx(55,13): error TS17004: Cannot use JSX unless the '--jsx' flag is provided.
src/pages/SplashPage.tsx(56,15): error TS17004: Cannot use JSX unless the '--jsx' flag is provided.
src/pages/SplashPage.tsx(57,15): error TS17004: Cannot use JSX unless the '--jsx' flag is provided.
src/pages/SplashPage.tsx(70,7): error TS17004: Cannot use JSX unless the '--jsx' flag is provided.
src/pages/SplashPage.tsx(72,9): error TS17004: Cannot use JSX unless the '--jsx' flag is provided.
src/pages/SplashPage.tsx(74,9): error TS17004: Cannot use JSX unless the '--jsx' flag is provided.
src/pages/SplashPage.tsx(76,11): error TS17004: Cannot use JSX unless the '--jsx' flag is provided.
src/pages/SplashPage.tsx(77,13): error TS17004: Cannot use JSX unless the '--jsx' flag is provided.
src/pages/SplashPage.tsx(83,11): error TS17004: Cannot use JSX unless the '--jsx' flag is provided.
src/pages/SplashPage.tsx(84,33): error TS17004: Cannot use JSX unless the '--jsx' flag is provided.
src/pages/SplashPage.tsx(85,13): error TS17004: Cannot use JSX unless the '--jsx' flag is provided.
src/pages/SplashPage.tsx(89,11): error TS17004: Cannot use JSX unless the '--jsx' flag is provided.
src/pages/SplashPage.tsx(90,80): error TS17004: Cannot use JSX unless the '--jsx' flag is provided.
src/pages/SplashPage.tsx(95,11): error TS17004: Cannot use JSX unless the '--jsx' flag is provided.
src/pages/SplashPage.tsx(96,13): error TS17004: Cannot use JSX unless the '--jsx' flag is provided.
src/pages/SplashPage.tsx(102,13): error TS17004: Cannot use JSX unless the '--jsx' flag is provided.
src/pages/SplashPage.tsx(113,9): error TS17004: Cannot use JSX unless the '--jsx' flag is provided.
src/pages/SplashPage.tsx(114,11): error TS17004: Cannot use JSX unless the '--jsx' flag is provided.
src/pages/SplashPage.tsx(115,13): error TS17004: Cannot use JSX unless the '--jsx' flag is provided.
src/pages/SplashPage.tsx(116,15): error TS17004: Cannot use JSX unless the '--jsx' flag is provided.
src/pages/SplashPage.tsx(117,17): error TS17004: Cannot use JSX unless the '--jsx' flag is provided.
src/pages/SplashPage.tsx(118,19): error TS17004: Cannot use JSX unless the '--jsx' flag is provided.
src/pages/SplashPage.tsx(119,19): error TS17004: Cannot use JSX unless the '--jsx' flag is provided.
src/pages/SplashPage.tsx(120,19): error TS17004: Cannot use JSX unless the '--jsx' flag is provided.
src/pages/SplashPage.tsx(122,17): error TS17004: Cannot use JSX unless the '--jsx' flag is provided.
src/pages/SplashPage.tsx(124,15): error TS17004: Cannot use JSX unless the '--jsx' flag is provided.
src/pages/SplashPage.tsx(125,17): error TS17004: Cannot use JSX unless the '--jsx' flag is provided.
src/pages/SplashPage.tsx(130,13): error TS17004: Cannot use JSX unless the '--jsx' flag is provided.
src/pages/SplashPage.tsx(131,15): error TS17004: Cannot use JSX unless the '--jsx' flag is provided.
src/pages/SplashPage.tsx(132,17): error TS17004: Cannot use JSX unless the '--jsx' flag is provided.
src/pages/SplashPage.tsx(133,19): error TS17004: Cannot use JSX unless the '--jsx' flag is provided.
src/pages/SplashPage.tsx(134,21): error TS17004: Cannot use JSX unless the '--jsx' flag is provided.
src/pages/SplashPage.tsx(135,23): error TS17004: Cannot use JSX unless the '--jsx' flag is provided.
src/pages/SplashPage.tsx(136,23): error TS17004: Cannot use JSX unless the '--jsx' flag is provided.
src/pages/SplashPage.tsx(138,21): error TS17004: Cannot use JSX unless the '--jsx' flag is provided.
src/pages/SplashPage.tsx(139,23): error TS17004: Cannot use JSX unless the '--jsx' flag is provided.
src/pages/SplashPage.tsx(140,23): error TS17004: Cannot use JSX unless the '--jsx' flag is provided.
src/pages/SplashPage.tsx(142,21): error TS17004: Cannot use JSX unless the '--jsx' flag is provided.
src/pages/SplashPage.tsx(143,23): error TS17004: Cannot use JSX unless the '--jsx' flag is provided.
src/pages/SplashPage.tsx(144,23): error TS17004: Cannot use JSX unless the '--jsx' flag is provided.
src/pages/SplashPage.tsx(147,19): error TS17004: Cannot use JSX unless the '--jsx' flag is provided.
src/pages/SplashPage.tsx(148,21): error TS17004: Cannot use JSX unless the '--jsx' flag is provided.
src/pages/SplashPage.tsx(149,23): error TS17004: Cannot use JSX unless the '--jsx' flag is provided.
src/pages/SplashPage.tsx(154,17): error TS17004: Cannot use JSX unless the '--jsx' flag is provided.
src/pages/SplashPage.tsx(155,19): error TS17004: Cannot use JSX unless the '--jsx' flag is provided.
src/pages/SplashPage.tsx(156,21): error TS17004: Cannot use JSX unless the '--jsx' flag is provided.
src/pages/SplashPage.tsx(158,25): error TS17004: Cannot use JSX unless the '--jsx' flag is provided.
src/pages/SplashPage.tsx(159,27): error TS17004: Cannot use JSX unless the '--jsx' flag is provided.
src/pages/SplashPage.tsx(160,29): error TS17004: Cannot use JSX unless the '--jsx' flag is provided.
src/pages/SplashPage.tsx(163,29): error TS17004: Cannot use JSX unless the '--jsx' flag is provided.
src/pages/SplashPage.tsx(164,31): error TS17004: Cannot use JSX unless the '--jsx' flag is provided.
src/pages/SplashPage.tsx(165,31): error TS17004: Cannot use JSX unless the '--jsx' flag is provided.
src/pages/SplashPage.tsx(168,27): error TS17004: Cannot use JSX unless the '--jsx' flag is provided.
src/pages/SplashPage.tsx(169,29): error TS17004: Cannot use JSX unless the '--jsx' flag is provided.
src/pages/SplashPage.tsx(170,31): error TS17004: Cannot use JSX unless the '--jsx' flag is provided.
src/pages/SplashPage.tsx(172,29): error TS17004: Cannot use JSX unless the '--jsx' flag is provided.
src/pages/SplashPage.tsx(188,7): error TS17004: Cannot use JSX unless the '--jsx' flag is provided.
src/pages/SplashPage.tsx(189,9): error TS17004: Cannot use JSX unless the '--jsx' flag is provided.
src/pages/SplashPage.tsx(190,9): error TS17004: Cannot use JSX unless the '--jsx' flag is provided.
src/pages/SplashPage.tsx(192,13): error TS17004: Cannot use JSX unless the '--jsx' flag is provided.
src/pages/SplashPage.tsx(193,15): error TS17004: Cannot use JSX unless the '--jsx' flag is provided.
src/pages/SplashPage.tsx(199,7): error TS17004: Cannot use JSX unless the '--jsx' flag is provided.
src/pages/SplashPage.tsx(200,9): error TS17004: Cannot use JSX unless the '--jsx' flag is provided.
src/pages/SplashPage.tsx(201,9): error TS17004: Cannot use JSX unless the '--jsx' flag is provided.
src/pages/SplashPage.tsx(203,13): error TS17004: Cannot use JSX unless the '--jsx' flag is provided.
src/pages/SplashPage.tsx(204,15): error TS17004: Cannot use JSX unless the '--jsx' flag is provided.
src/pages/SplashPage.tsx(205,15): error TS17004: Cannot use JSX unless the '--jsx' flag is provided.
src/pages/SplashPage.tsx(206,15): error TS17004: Cannot use JSX unless the '--jsx' flag is provided.
src/pages/SplashPage.tsx(212,7): error TS17004: Cannot use JSX unless the '--jsx' flag is provided.
src/pages/SplashPage.tsx(213,9): error TS17004: Cannot use JSX unless the '--jsx' flag is provided.
src/pages/SplashPage.tsx(214,11): error TS17004: Cannot use JSX unless the '--jsx' flag is provided.
src/pages/SplashPage.tsx(215,11): error TS17004: Cannot use JSX unless the '--jsx' flag is provided.
src/pages/SplashPage.tsx(216,13): error TS17004: Cannot use JSX unless the '--jsx' flag is provided.
src/pages/SplashPage.tsx(217,13): error TS17004: Cannot use JSX unless the '--jsx' flag is provided.
src/pages/TeamWorkspacePage.tsx(2,21): error TS6142: Module '../components/AppIcon' was resolved to 'C:/Users/bheda/Music/Desktop/ExporTrack-AI/src/components/AppIcon.tsx', but '--jsx' is not set.
src/pages/TeamWorkspacePage.tsx(3,25): error TS6142: Module '../components/StatusBadge' was resolved to 'C:/Users/bheda/Music/Desktop/ExporTrack-AI/src/components/StatusBadge.tsx', but '--jsx' is not set.
src/pages/TeamWorkspacePage.tsx(4,24): error TS6142: Module '../components/UserAvatar' was resolved to 'C:/Users/bheda/Music/Desktop/ExporTrack-AI/src/components/UserAvatar.tsx', but '--jsx' is not set.
src/pages/TeamWorkspacePage.tsx(5,31): error TS6142: Module '../context/AppContext' was resolved to 'C:/Users/bheda/Music/Desktop/ExporTrack-AI/src/context/AppContext.tsx', but '--jsx' is not set.
src/pages/TeamWorkspacePage.tsx(19,101): error TS6142: Module '../components/SkeletonLoader' was resolved to 'C:/Users/bheda/Music/Desktop/ExporTrack-AI/src/components/SkeletonLoader.tsx', but '--jsx' is not set.
src/pages/TeamWorkspacePage.tsx(31,3): error TS17004: Cannot use JSX unless the '--jsx' flag is provided.
src/pages/TeamWorkspacePage.tsx(32,5): error TS17004: Cannot use JSX unless the '--jsx' flag is provided.
src/pages/TeamWorkspacePage.tsx(33,5): error TS17004: Cannot use JSX unless the '--jsx' flag is provided.
src/pages/TeamWorkspacePage.tsx(34,7): error TS17004: Cannot use JSX unless the '--jsx' flag is provided.
src/pages/TeamWorkspacePage.tsx(35,9): error TS17004: Cannot use JSX unless the '--jsx' flag is provided.
src/pages/TeamWorkspacePage.tsx(38,7): error TS17004: Cannot use JSX unless the '--jsx' flag is provided.
src/pages/TeamWorkspacePage.tsx(39,7): error TS17004: Cannot use JSX unless the '--jsx' flag is provided.
src/pages/TeamWorkspacePage.tsx(45,3): error TS17004: Cannot use JSX unless the '--jsx' flag is provided.
src/pages/TeamWorkspacePage.tsx(49,5): error TS17004: Cannot use JSX unless the '--jsx' flag is provided.
src/pages/TeamWorkspacePage.tsx(50,7): error TS17004: Cannot use JSX unless the '--jsx' flag is provided.
src/pages/TeamWorkspacePage.tsx(51,9): error TS17004: Cannot use JSX unless the '--jsx' flag is provided.
src/pages/TeamWorkspacePage.tsx(56,9): error TS17004: Cannot use JSX unless the '--jsx' flag is provided.
src/pages/TeamWorkspacePage.tsx(57,11): error TS17004: Cannot use JSX unless the '--jsx' flag is provided.
src/pages/TeamWorkspacePage.tsx(58,11): error TS17004: Cannot use JSX unless the '--jsx' flag is provided.
src/pages/TeamWorkspacePage.tsx(61,7): error TS17004: Cannot use JSX unless the '--jsx' flag is provided.
src/pages/TeamWorkspacePage.tsx(66,5): error TS17004: Cannot use JSX unless the '--jsx' flag is provided.
src/pages/TeamWorkspacePage.tsx(67,7): error TS17004: Cannot use JSX unless the '--jsx' flag is provided.
src/pages/TeamWorkspacePage.tsx(68,9): error TS17004: Cannot use JSX unless the '--jsx' flag is provided.
src/pages/TeamWorkspacePage.tsx(69,9): error TS17004: Cannot use JSX unless the '--jsx' flag is provided.
src/pages/TeamWorkspacePage.tsx(71,7): error TS17004: Cannot use JSX unless the '--jsx' flag is provided.
src/pages/TeamWorkspacePage.tsx(72,9): error TS17004: Cannot use JSX unless the '--jsx' flag is provided.
src/pages/TeamWorkspacePage.tsx(73,9): error TS17004: Cannot use JSX unless the '--jsx' flag is provided.
src/pages/TeamWorkspacePage.tsx(75,7): error TS17004: Cannot use JSX unless the '--jsx' flag is provided.
src/pages/TeamWorkspacePage.tsx(76,9): error TS17004: Cannot use JSX unless the '--jsx' flag is provided.
src/pages/TeamWorkspacePage.tsx(77,9): error TS17004: Cannot use JSX unless the '--jsx' flag is provided.
src/pages/TeamWorkspacePage.tsx(81,5): error TS17004: Cannot use JSX unless the '--jsx' flag is provided.
src/pages/TeamWorkspacePage.tsx(82,7): error TS17004: Cannot use JSX unless the '--jsx' flag is provided.
src/pages/TeamWorkspacePage.tsx(86,9): error TS17004: Cannot use JSX unless the '--jsx' flag is provided.
src/pages/TeamWorkspacePage.tsx(87,11): error TS17004: Cannot use JSX unless the '--jsx' flag is provided.
src/pages/TeamWorkspacePage.tsx(98,7): error TS17004: Cannot use JSX unless the '--jsx' flag is provided.
src/pages/TeamWorkspacePage.tsx(99,9): error TS17004: Cannot use JSX unless the '--jsx' flag is provided.
src/pages/TeamWorkspacePage.tsx(100,9): error TS17004: Cannot use JSX unless the '--jsx' flag is provided.
src/pages/TeamWorkspacePage.tsx(104,15): error TS17004: Cannot use JSX unless the '--jsx' flag is provided.
src/pages/TeamWorkspacePage.tsx(231,7): error TS17004: Cannot use JSX unless the '--jsx' flag is provided.
src/pages/TeamWorkspacePage.tsx(232,9): error TS17004: Cannot use JSX unless the '--jsx' flag is provided.
src/pages/TeamWorkspacePage.tsx(233,11): error TS17004: Cannot use JSX unless the '--jsx' flag is provided.
src/pages/TeamWorkspacePage.tsx(234,13): error TS17004: Cannot use JSX unless the '--jsx' flag is provided.
src/pages/TeamWorkspacePage.tsx(235,13): error TS17004: Cannot use JSX unless the '--jsx' flag is provided.
src/pages/TeamWorkspacePage.tsx(238,9): error TS17004: Cannot use JSX unless the '--jsx' flag is provided.
src/pages/TeamWorkspacePage.tsx(239,40): error TS17004: Cannot use JSX unless the '--jsx' flag is provided.
src/pages/TeamWorkspacePage.tsx(241,9): error TS17004: Cannot use JSX unless the '--jsx' flag is provided.
src/pages/TeamWorkspacePage.tsx(242,11): error TS17004: Cannot use JSX unless the '--jsx' flag is provided.
src/pages/TeamWorkspacePage.tsx(244,9): error TS17004: Cannot use JSX unless the '--jsx' flag is provided.
src/pages/TeamWorkspacePage.tsx(246,13): error TS17004: Cannot use JSX unless the '--jsx' flag is provided.
src/pages/TeamWorkspacePage.tsx(247,15): error TS17004: Cannot use JSX unless the '--jsx' flag is provided.
src/pages/TeamWorkspacePage.tsx(248,17): error TS17004: Cannot use JSX unless the '--jsx' flag is provided.
src/pages/TeamWorkspacePage.tsx(249,17): error TS17004: Cannot use JSX unless the '--jsx' flag is provided.
src/pages/TeamWorkspacePage.tsx(250,19): error TS17004: Cannot use JSX unless the '--jsx' flag is provided.
src/pages/TeamWorkspacePage.tsx(251,19): error TS17004: Cannot use JSX unless the '--jsx' flag is provided.
src/pages/TeamWorkspacePage.tsx(254,15): error TS17004: Cannot use JSX unless the '--jsx' flag is provided.
src/pages/TeamWorkspacePage.tsx(255,17): error TS17004: Cannot use JSX unless the '--jsx' flag is provided.
src/pages/TeamWorkspacePage.tsx(256,17): error TS17004: Cannot use JSX unless the '--jsx' flag is provided.
src/pages/TeamWorkspacePage.tsx(257,17): error TS17004: Cannot use JSX unless the '--jsx' flag is provided.
src/pages/TeamWorkspacePage.tsx(267,5): error TS17004: Cannot use JSX unless the '--jsx' flag is provided.
src/pages/TeamWorkspacePage.tsx(268,7): error TS17004: Cannot use JSX unless the '--jsx' flag is provided.
src/pages/TeamWorkspacePage.tsx(275,9): error TS17004: Cannot use JSX unless the '--jsx' flag is provided.
src/pages/TeamWorkspacePage.tsx(276,11): error TS17004: Cannot use JSX unless the '--jsx' flag is provided.
src/pages/TeamWorkspacePage.tsx(277,13): error TS17004: Cannot use JSX unless the '--jsx' flag is provided.
src/pages/TeamWorkspacePage.tsx(278,15): error TS17004: Cannot use JSX unless the '--jsx' flag is provided.
src/pages/TeamWorkspacePage.tsx(280,13): error TS17004: Cannot use JSX unless the '--jsx' flag is provided.
src/pages/TeamWorkspacePage.tsx(281,13): error TS17004: Cannot use JSX unless the '--jsx' flag is provided.
src/pages/TeamWorkspacePage.tsx(284,13): error TS17004: Cannot use JSX unless the '--jsx' flag is provided.
src/pages/TeamWorkspacePage.tsx(285,15): error TS17004: Cannot use JSX unless the '--jsx' flag is provided.
src/pages/TeamWorkspacePage.tsx(288,13): error TS17004: Cannot use JSX unless the '--jsx' flag is provided.
src/pages/TeamWorkspacePage.tsx(289,15): error TS17004: Cannot use JSX unless the '--jsx' flag is provided.
src/pages/TeamWorkspacePage.tsx(290,17): error TS17004: Cannot use JSX unless the '--jsx' flag is provided.
src/pages/TeamWorkspacePage.tsx(291,19): error TS17004: Cannot use JSX unless the '--jsx' flag is provided.
src/pages/TeamWorkspacePage.tsx(293,17): error TS17004: Cannot use JSX unless the '--jsx' flag is provided.
src/pages/TeamWorkspacePage.tsx(295,15): error TS17004: Cannot use JSX unless the '--jsx' flag is provided.
src/pages/TeamWorkspacePage.tsx(296,17): error TS17004: Cannot use JSX unless the '--jsx' flag is provided.
src/pages/TeamWorkspacePage.tsx(297,19): error TS17004: Cannot use JSX unless the '--jsx' flag is provided.
src/pages/TeamWorkspacePage.tsx(299,17): error TS17004: Cannot use JSX unless the '--jsx' flag is provided.
src/pages/TeamWorkspacePage.tsx(301,15): error TS17004: Cannot use JSX unless the '--jsx' flag is provided.
src/pages/TeamWorkspacePage.tsx(302,17): error TS17004: Cannot use JSX unless the '--jsx' flag is provided.
src/pages/TeamWorkspacePage.tsx(303,19): error TS17004: Cannot use JSX unless the '--jsx' flag is provided.
src/pages/TeamWorkspacePage.tsx(305,17): error TS17004: Cannot use JSX unless the '--jsx' flag is provided.
src/pages/TeamWorkspacePage.tsx(312,9): error TS17004: Cannot use JSX unless the '--jsx' flag is provided.
src/pages/TeamWorkspacePage.tsx(314,11): error TS17004: Cannot use JSX unless the '--jsx' flag is provided.
src/pages/TeamWorkspacePage.tsx(315,13): error TS17004: Cannot use JSX unless the '--jsx' flag is provided.
src/pages/TeamWorkspacePage.tsx(316,15): error TS17004: Cannot use JSX unless the '--jsx' flag is provided.
src/pages/TeamWorkspacePage.tsx(319,15): error TS17004: Cannot use JSX unless the '--jsx' flag is provided.
src/pages/TeamWorkspacePage.tsx(323,13): error TS17004: Cannot use JSX unless the '--jsx' flag is provided.
src/pages/TeamWorkspacePage.tsx(325,17): error TS17004: Cannot use JSX unless the '--jsx' flag is provided.
src/pages/TeamWorkspacePage.tsx(326,19): error TS17004: Cannot use JSX unless the '--jsx' flag is provided.
src/pages/TeamWorkspacePage.tsx(331,15): error TS17004: Cannot use JSX unless the '--jsx' flag is provided.
src/pages/TeamWorkspacePage.tsx(332,17): error TS17004: Cannot use JSX unless the '--jsx' flag is provided.
src/pages/TeamWorkspacePage.tsx(333,17): error TS17004: Cannot use JSX unless the '--jsx' flag is provided.
src/pages/TeamWorkspacePage.tsx(338,19): error TS17004: Cannot use JSX unless the '--jsx' flag is provided.
src/pages/TeamWorkspacePage.tsx(339,19): error TS17004: Cannot use JSX unless the '--jsx' flag is provided.
src/pages/TeamWorkspacePage.tsx(340,19): error TS17004: Cannot use JSX unless the '--jsx' flag is provided.
src/pages/TeamWorkspacePage.tsx(347,11): error TS17004: Cannot use JSX unless the '--jsx' flag is provided.
src/pages/TeamWorkspacePage.tsx(349,15): error TS17004: Cannot use JSX unless the '--jsx' flag is provided.
src/pages/TeamWorkspacePage.tsx(359,11): error TS17004: Cannot use JSX unless the '--jsx' flag is provided.
src/pages/TeamWorkspacePage.tsx(361,15): error TS17004: Cannot use JSX unless the '--jsx' flag is provided.
src/pages/TeamWorkspacePage.tsx(376,13): error TS17004: Cannot use JSX unless the '--jsx' flag is provided.
src/pages/TeamWorkspacePage.tsx(378,17): error TS17004: Cannot use JSX unless the '--jsx' flag is provided.
src/pages/TeamWorkspacePage.tsx(397,13): error TS17004: Cannot use JSX unless the '--jsx' flag is provided.
src/pages/TeamWorkspacePage.tsx(399,15): error TS17004: Cannot use JSX unless the '--jsx' flag is provided.
src/pages/TeamWorkspacePage.tsx(403,21): error TS17004: Cannot use JSX unless the '--jsx' flag is provided.
src/pages/TeamWorkspacePage.tsx(404,23): error TS17004: Cannot use JSX unless the '--jsx' flag is provided.
src/pages/TeamWorkspacePage.tsx(405,25): error TS17004: Cannot use JSX unless the '--jsx' flag is provided.
src/pages/TeamWorkspacePage.tsx(408,23): error TS17004: Cannot use JSX unless the '--jsx' flag is provided.
src/pages/TeamWorkspacePage.tsx(409,23): error TS17004: Cannot use JSX unless the '--jsx' flag is provided.
src/pages/TeamWorkspacePage.tsx(413,29): error TS17004: Cannot use JSX unless the '--jsx' flag is provided.
src/pages/TeamWorkspacePage.tsx(415,33): error TS17004: Cannot use JSX unless the '--jsx' flag is provided.
src/pages/TeamWorkspacePage.tsx(417,33): error TS17004: Cannot use JSX unless the '--jsx' flag is provided.
src/pages/TeamWorkspacePage.tsx(419,31): error TS17004: Cannot use JSX unless the '--jsx' flag is provided.
src/pages/TeamWorkspacePage.tsx(432,15): error TS17004: Cannot use JSX unless the '--jsx' flag is provided.
src/pages/TeamWorkspacePage.tsx(433,17): error TS17004: Cannot use JSX unless the '--jsx' flag is provided.
src/pages/TeamWorkspacePage.tsx(434,19): error TS17004: Cannot use JSX unless the '--jsx' flag is provided.
src/pages/TeamWorkspacePage.tsx(435,21): error TS17004: Cannot use JSX unless the '--jsx' flag is provided.
src/pages/TeamWorkspacePage.tsx(436,21): error TS17004: Cannot use JSX unless the '--jsx' flag is provided.
src/pages/TeamWorkspacePage.tsx(438,19): error TS17004: Cannot use JSX unless the '--jsx' flag is provided.
src/pages/TeamWorkspacePage.tsx(439,21): error TS17004: Cannot use JSX unless the '--jsx' flag is provided.
src/pages/TeamWorkspacePage.tsx(440,21): error TS17004: Cannot use JSX unless the '--jsx' flag is provided.
src/pages/TeamWorkspacePage.tsx(444,17): error TS17004: Cannot use JSX unless the '--jsx' flag is provided.
src/pages/TeamWorkspacePage.tsx(445,19): error TS17004: Cannot use JSX unless the '--jsx' flag is provided.
src/pages/TeamWorkspacePage.tsx(446,19): error TS17004: Cannot use JSX unless the '--jsx' flag is provided.
src/pages/TeamWorkspacePage.tsx(447,21): error TS17004: Cannot use JSX unless the '--jsx' flag is provided.
src/pages/TeamWorkspacePage.tsx(448,23): error TS17004: Cannot use JSX unless the '--jsx' flag is provided.
src/pages/TeamWorkspacePage.tsx(449,25): error TS17004: Cannot use JSX unless the '--jsx' flag is provided.
src/pages/TeamWorkspacePage.tsx(451,27): error TS17004: Cannot use JSX unless the '--jsx' flag is provided.
src/pages/TeamWorkspacePage.tsx(455,21): error TS17004: Cannot use JSX unless the '--jsx' flag is provided.
src/pages/TeamWorkspacePage.tsx(457,25): error TS17004: Cannot use JSX unless the '--jsx' flag is provided.
src/pages/TeamWorkspacePage.tsx(458,27): error TS17004: Cannot use JSX unless the '--jsx' flag is provided.
src/pages/TeamWorkspacePage.tsx(459,29): error TS17004: Cannot use JSX unless the '--jsx' flag is provided.
src/pages/TeamWorkspacePage.tsx(460,29): error TS17004: Cannot use JSX unless the '--jsx' flag is provided.
src/pages/TeamWorkspacePage.tsx(463,29): error TS17004: Cannot use JSX unless the '--jsx' flag is provided.
src/pages/TeamWorkspacePage.tsx(465,33): error TS17004: Cannot use JSX unless the '--jsx' flag is provided.
src/pages/TeamWorkspacePage.tsx(466,35): error TS17004: Cannot use JSX unless the '--jsx' flag is provided.
src/pages/TeamWorkspacePage.tsx(469,33): error TS17004: Cannot use JSX unless the '--jsx' flag is provided.
src/pages/TeamWorkspacePage.tsx(470,35): error TS17004: Cannot use JSX unless the '--jsx' flag is provided.
src/pages/TeamWorkspacePage.tsx(486,13): error TS17004: Cannot use JSX unless the '--jsx' flag is provided.
src/pages/TeamWorkspacePage.tsx(487,15): error TS17004: Cannot use JSX unless the '--jsx' flag is provided.
src/pages/TeamWorkspacePage.tsx(488,15): error TS17004: Cannot use JSX unless the '--jsx' flag is provided.
src/pages/TeamWorkspacePage.tsx(499,19): error TS17004: Cannot use JSX unless the '--jsx' flag is provided.
src/pages/TeamWorkspacePage.tsx(501,23): error TS17004: Cannot use JSX unless the '--jsx' flag is provided.
src/pages/TeamWorkspacePage.tsx(503,21): error TS17004: Cannot use JSX unless the '--jsx' flag is provided.
src/pages/TeamWorkspacePage.tsx(510,23): error TS17004: Cannot use JSX unless the '--jsx' flag is provided.
src/pages/TeamWorkspacePage.tsx(522,21): error TS17004: Cannot use JSX unless the '--jsx' flag is provided.
src/pages/TeamWorkspacePage.tsx(523,23): error TS17004: Cannot use JSX unless the '--jsx' flag is provided.
src/pages/TeamWorkspacePage.tsx(524,25): error TS17004: Cannot use JSX unless the '--jsx' flag is provided.
src/pages/TeamWorkspacePage.tsx(525,25): error TS17004: Cannot use JSX unless the '--jsx' flag is provided.
src/pages/TeamWorkspacePage.tsx(527,23): error TS17004: Cannot use JSX unless the '--jsx' flag is provided.
src/pages/TeamWorkspacePage.tsx(537,13): error TS17004: Cannot use JSX unless the '--jsx' flag is provided.
src/pages/TeamWorkspacePage.tsx(538,15): error TS17004: Cannot use JSX unless the '--jsx' flag is provided.
src/pages/TeamWorkspacePage.tsx(539,17): error TS17004: Cannot use JSX unless the '--jsx' flag is provided.
src/pages/TeamWorkspacePage.tsx(540,17): error TS17004: Cannot use JSX unless the '--jsx' flag is provided.
src/pages/TeamWorkspacePage.tsx(544,17): error TS17004: Cannot use JSX unless the '--jsx' flag is provided.
src/pages/TeamWorkspacePage.tsx(545,19): error TS17004: Cannot use JSX unless the '--jsx' flag is provided.
src/pages/TeamWorkspacePage.tsx(546,19): error TS17004: Cannot use JSX unless the '--jsx' flag is provided.
src/pages/TeamWorkspacePage.tsx(549,17): error TS17004: Cannot use JSX unless the '--jsx' flag is provided.
src/pages/TeamWorkspacePage.tsx(551,21): error TS17004: Cannot use JSX unless the '--jsx' flag is provided.
src/pages/TeamWorkspacePage.tsx(552,23): error TS17004: Cannot use JSX unless the '--jsx' flag is provided.
src/pages/TeamWorkspacePage.tsx(553,25): error TS17004: Cannot use JSX unless the '--jsx' flag is provided.
src/pages/TeamWorkspacePage.tsx(558,27): error TS17004: Cannot use JSX unless the '--jsx' flag is provided.
src/pages/TeamWorkspacePage.tsx(562,23): error TS17004: Cannot use JSX unless the '--jsx' flag is provided.
src/pages/TeamWorkspacePage.tsx(563,25): error TS17004: Cannot use JSX unless the '--jsx' flag is provided.
src/pages/TeamWorkspacePage.tsx(566,25): error TS17004: Cannot use JSX unless the '--jsx' flag is provided.
src/pages/TeamWorkspacePage.tsx(567,27): error TS17004: Cannot use JSX unless the '--jsx' flag is provided.
src/pages/TeamWorkspacePage.tsx(568,27): error TS17004: Cannot use JSX unless the '--jsx' flag is provided.
src/pages/TeamWorkspacePage.tsx(572,23): error TS17004: Cannot use JSX unless the '--jsx' flag is provided.
src/pages/TeamWorkspacePage.tsx(573,25): error TS17004: Cannot use JSX unless the '--jsx' flag is provided.
src/pages/TeamWorkspacePage.tsx(576,25): error TS17004: Cannot use JSX unless the '--jsx' flag is provided.
src/pages/TeamWorkspacePage.tsx(589,13): error TS17004: Cannot use JSX unless the '--jsx' flag is provided.
src/pages/TeamWorkspacePage.tsx(590,15): error TS17004: Cannot use JSX unless the '--jsx' flag is provided.
src/pages/TeamWorkspacePage.tsx(591,15): error TS17004: Cannot use JSX unless the '--jsx' flag is provided.
src/pages/TeamWorkspacePage.tsx(592,45): error TS17004: Cannot use JSX unless the '--jsx' flag is provided.
src/pages/TeamWorkspacePage.tsx(593,17): error TS17004: Cannot use JSX unless the '--jsx' flag is provided.
src/pages/TeamWorkspacePage.tsx(602,9): error TS17004: Cannot use JSX unless the '--jsx' flag is provided.
src/pages/TeamWorkspacePage.tsx(603,11): error TS17004: Cannot use JSX unless the '--jsx' flag is provided.
src/pages/TeamWorkspacePage.tsx(604,11): error TS17004: Cannot use JSX unless the '--jsx' flag is provided.
src/pages/TeamWorkspacePage.tsx(605,13): error TS17004: Cannot use JSX unless the '--jsx' flag is provided.
src/pages/TeamWorkspacePage.tsx(606,15): error TS17004: Cannot use JSX unless the '--jsx' flag is provided.
src/pages/TeamWorkspacePage.tsx(607,17): error TS17004: Cannot use JSX unless the '--jsx' flag is provided.
src/pages/TeamWorkspacePage.tsx(608,17): error TS17004: Cannot use JSX unless the '--jsx' flag is provided.
src/pages/TeamWorkspacePage.tsx(610,15): error TS17004: Cannot use JSX unless the '--jsx' flag is provided.
src/pages/TeamWorkspacePage.tsx(611,17): error TS17004: Cannot use JSX unless the '--jsx' flag is provided.
src/pages/TeamWorkspacePage.tsx(616,15): error TS17004: Cannot use JSX unless the '--jsx' flag is provided.
src/pages/TeamWorkspacePage.tsx(617,17): error TS17004: Cannot use JSX unless the '--jsx' flag is provided.
src/pages/TeamWorkspacePage.tsx(618,17): error TS17004: Cannot use JSX unless the '--jsx' flag is provided.
src/pages/TeamWorkspacePage.tsx(619,17): error TS17004: Cannot use JSX unless the '--jsx' flag is provided.
src/pages/TeamWorkspacePage.tsx(622,15): error TS17004: Cannot use JSX unless the '--jsx' flag is provided.
src/pages/TeamWorkspacePage.tsx(623,17): error TS17004: Cannot use JSX unless the '--jsx' flag is provided.
src/pages/TeamWorkspacePage.tsx(624,19): error TS17004: Cannot use JSX unless the '--jsx' flag is provided.
src/pages/TeamWorkspacePage.tsx(625,19): error TS17004: Cannot use JSX unless the '--jsx' flag is provided.
src/pages/TeamWorkspacePage.tsx(633,17): error TS17004: Cannot use JSX unless the '--jsx' flag is provided.
src/pages/TeamWorkspacePage.tsx(634,19): error TS17004: Cannot use JSX unless the '--jsx' flag is provided.
src/pages/TeamWorkspacePage.tsx(635,19): error TS17004: Cannot use JSX unless the '--jsx' flag is provided.
src/pages/TeamWorkspacePage.tsx(643,17): error TS17004: Cannot use JSX unless the '--jsx' flag is provided.
src/pages/TeamWorkspacePage.tsx(644,19): error TS17004: Cannot use JSX unless the '--jsx' flag is provided.
src/pages/TeamWorkspacePage.tsx(645,19): error TS17004: Cannot use JSX unless the '--jsx' flag is provided.
src/pages/TeamWorkspacePage.tsx(650,25): error TS17004: Cannot use JSX unless the '--jsx' flag is provided.
src/pages/TeamWorkspacePage.tsx(663,19): error TS17004: Cannot use JSX unless the '--jsx' flag is provided.
src/pages/TeamWorkspacePage.tsx(665,17): error TS17004: Cannot use JSX unless the '--jsx' flag is provided.
src/pages/TeamWorkspacePage.tsx(666,19): error TS17004: Cannot use JSX unless the '--jsx' flag is provided.
src/pages/TeamWorkspacePage.tsx(667,21): error TS17004: Cannot use JSX unless the '--jsx' flag is provided.
src/pages/TeamWorkspacePage.tsx(670,19): error TS17004: Cannot use JSX unless the '--jsx' flag is provided.
src/pages/TrackingPage.tsx(3,31): error TS6142: Module '../context/AppContext' was resolved to 'C:/Users/bheda/Music/Desktop/ExporTrack-AI/src/context/AppContext.tsx', but '--jsx' is not set.
src/pages/TrackingPage.tsx(5,25): error TS6142: Module '../components/TrackingMap' was resolved to 'C:/Users/bheda/Music/Desktop/ExporTrack-AI/src/components/TrackingMap.tsx', but '--jsx' is not set.
src/pages/TrackingPage.tsx(6,21): error TS6142: Module '../components/AppIcon' was resolved to 'C:/Users/bheda/Music/Desktop/ExporTrack-AI/src/components/AppIcon.tsx', but '--jsx' is not set.
src/pages/TrackingPage.tsx(7,25): error TS6142: Module '../components/StatusBadge' was resolved to 'C:/Users/bheda/Music/Desktop/ExporTrack-AI/src/components/StatusBadge.tsx', but '--jsx' is not set.
src/pages/TrackingPage.tsx(8,33): error TS6142: Module '../components/DriverTrackingPanel' was resolved to 'C:/Users/bheda/Music/Desktop/ExporTrack-AI/src/components/DriverTrackingPanel.tsx', but '--jsx' is not set.
src/pages/TrackingPage.tsx(9,70): error TS6142: Module '../components/SkeletonLoader' was resolved to 'C:/Users/bheda/Music/Desktop/ExporTrack-AI/src/components/SkeletonLoader.tsx', but '--jsx' is not set.
src/pages/TrackingPage.tsx(20,3): error TS17004: Cannot use JSX unless the '--jsx' flag is provided.
src/pages/TrackingPage.tsx(21,5): error TS17004: Cannot use JSX unless the '--jsx' flag is provided.
src/pages/TrackingPage.tsx(22,5): error TS17004: Cannot use JSX unless the '--jsx' flag is provided.
src/pages/TrackingPage.tsx(23,7): error TS17004: Cannot use JSX unless the '--jsx' flag is provided.
src/pages/TrackingPage.tsx(25,5): error TS17004: Cannot use JSX unless the '--jsx' flag is provided.
src/pages/TrackingPage.tsx(26,7): error TS17004: Cannot use JSX unless the '--jsx' flag is provided.
src/pages/TrackingPage.tsx(27,7): error TS17004: Cannot use JSX unless the '--jsx' flag is provided.
src/pages/TrackingPage.tsx(62,7): error TS17004: Cannot use JSX unless the '--jsx' flag is provided.
src/pages/TrackingPage.tsx(63,9): error TS17004: Cannot use JSX unless the '--jsx' flag is provided.
src/pages/TrackingPage.tsx(64,9): error TS17004: Cannot use JSX unless the '--jsx' flag is provided.
src/pages/TrackingPage.tsx(79,7): error TS17004: Cannot use JSX unless the '--jsx' flag is provided.
src/pages/TrackingPage.tsx(80,9): error TS17004: Cannot use JSX unless the '--jsx' flag is provided.
src/pages/TrackingPage.tsx(81,9): error TS17004: Cannot use JSX unless the '--jsx' flag is provided.
src/pages/TrackingPage.tsx(82,11): error TS17004: Cannot use JSX unless the '--jsx' flag is provided.
src/pages/TrackingPage.tsx(83,11): error TS17004: Cannot use JSX unless the '--jsx' flag is provided.
src/pages/TrackingPage.tsx(84,11): error TS17004: Cannot use JSX unless the '--jsx' flag is provided.
src/pages/TrackingPage.tsx(86,9): error TS17004: Cannot use JSX unless the '--jsx' flag is provided.
src/pages/TrackingPage.tsx(92,5): error TS17004: Cannot use JSX unless the '--jsx' flag is provided.
src/pages/TrackingPage.tsx(94,7): error TS17004: Cannot use JSX unless the '--jsx' flag is provided.
src/pages/TrackingPage.tsx(95,9): error TS17004: Cannot use JSX unless the '--jsx' flag is provided.
src/pages/TrackingPage.tsx(96,11): error TS17004: Cannot use JSX unless the '--jsx' flag is provided.
src/pages/TrackingPage.tsx(97,13): error TS17004: Cannot use JSX unless the '--jsx' flag is provided.
src/pages/TrackingPage.tsx(98,13): error TS17004: Cannot use JSX unless the '--jsx' flag is provided.
src/pages/TrackingPage.tsx(99,13): error TS17004: Cannot use JSX unless the '--jsx' flag is provided.
src/pages/TrackingPage.tsx(100,13): error TS17004: Cannot use JSX unless the '--jsx' flag is provided.
src/pages/TrackingPage.tsx(101,13): error TS17004: Cannot use JSX unless the '--jsx' flag is provided.
src/pages/TrackingPage.tsx(103,11): error TS17004: Cannot use JSX unless the '--jsx' flag is provided.
src/pages/TrackingPage.tsx(106,15): error TS17004: Cannot use JSX unless the '--jsx' flag is provided.
src/pages/TrackingPage.tsx(107,17): error TS17004: Cannot use JSX unless the '--jsx' flag is provided.
src/pages/TrackingPage.tsx(108,17): error TS17004: Cannot use JSX unless the '--jsx' flag is provided.
src/pages/TrackingPage.tsx(112,15): error TS17004: Cannot use JSX unless the '--jsx' flag is provided.
src/pages/TrackingPage.tsx(117,11): error TS17004: Cannot use JSX unless the '--jsx' flag is provided.
src/pages/TrackingPage.tsx(118,13): error TS17004: Cannot use JSX unless the '--jsx' flag is provided.
src/pages/TrackingPage.tsx(122,15): error TS17004: Cannot use JSX unless the '--jsx' flag is provided.
src/pages/TrackingPage.tsx(123,31): error TS17004: Cannot use JSX unless the '--jsx' flag is provided.
src/pages/TrackingPage.tsx(128,9): error TS17004: Cannot use JSX unless the '--jsx' flag is provided.
src/pages/TrackingPage.tsx(130,13): error TS17004: Cannot use JSX unless the '--jsx' flag is provided.
src/pages/TrackingPage.tsx(131,15): error TS17004: Cannot use JSX unless the '--jsx' flag is provided.
src/pages/TrackingPage.tsx(132,15): error TS17004: Cannot use JSX unless the '--jsx' flag is provided.
src/pages/TrackingPage.tsx(137,11): error TS17004: Cannot use JSX unless the '--jsx' flag is provided.
src/pages/TrackingPage.tsx(141,13): error TS17004: Cannot use JSX unless the '--jsx' flag is provided.
src/pages/TrackingPage.tsx(147,7): error TS17004: Cannot use JSX unless the '--jsx' flag is provided.
src/pages/TrackingPage.tsx(148,9): error TS17004: Cannot use JSX unless the '--jsx' flag is provided.
src/pages/TrackingPage.tsx(150,11): error TS17004: Cannot use JSX unless the '--jsx' flag is provided.
src/pages/TrackingPage.tsx(151,13): error TS17004: Cannot use JSX unless the '--jsx' flag is provided.
src/pages/TrackingPage.tsx(152,15): error TS17004: Cannot use JSX unless the '--jsx' flag is provided.
src/pages/TrackingPage.tsx(153,17): error TS17004: Cannot use JSX unless the '--jsx' flag is provided.
src/pages/TrackingPage.tsx(154,19): error TS17004: Cannot use JSX unless the '--jsx' flag is provided.
src/pages/TrackingPage.tsx(155,19): error TS17004: Cannot use JSX unless the '--jsx' flag is provided.
src/pages/TrackingPage.tsx(157,17): error TS17004: Cannot use JSX unless the '--jsx' flag is provided.
src/pages/TrackingPage.tsx(162,17): error TS17004: Cannot use JSX unless the '--jsx' flag is provided.
src/pages/TrackingPage.tsx(163,19): error TS17004: Cannot use JSX unless the '--jsx' flag is provided.
src/pages/TrackingPage.tsx(164,21): error TS17004: Cannot use JSX unless the '--jsx' flag is provided.
src/pages/TrackingPage.tsx(165,23): error TS17004: Cannot use JSX unless the '--jsx' flag is provided.
src/pages/TrackingPage.tsx(166,25): error TS17004: Cannot use JSX unless the '--jsx' flag is provided.
src/pages/TrackingPage.tsx(167,25): error TS17004: Cannot use JSX unless the '--jsx' flag is provided.
src/pages/TrackingPage.tsx(168,27): error TS17004: Cannot use JSX unless the '--jsx' flag is provided.
src/pages/TrackingPage.tsx(171,23): error TS17004: Cannot use JSX unless the '--jsx' flag is provided.
src/pages/TrackingPage.tsx(173,21): error TS17004: Cannot use JSX unless the '--jsx' flag is provided.
src/pages/TrackingPage.tsx(182,19): error TS17004: Cannot use JSX unless the '--jsx' flag is provided.
src/pages/TrackingPage.tsx(183,21): error TS17004: Cannot use JSX unless the '--jsx' flag is provided.
src/pages/TrackingPage.tsx(184,23): error TS17004: Cannot use JSX unless the '--jsx' flag is provided.
src/pages/TrackingPage.tsx(185,23): error TS17004: Cannot use JSX unless the '--jsx' flag is provided.
src/pages/TrackingPage.tsx(187,21): error TS17004: Cannot use JSX unless the '--jsx' flag is provided.
src/pages/TrackingPage.tsx(188,23): error TS17004: Cannot use JSX unless the '--jsx' flag is provided.
src/pages/TrackingPage.tsx(189,23): error TS17004: Cannot use JSX unless the '--jsx' flag is provided.
src/pages/TrackingPage.tsx(193,19): error TS17004: Cannot use JSX unless the '--jsx' flag is provided.
src/pages/TrackingPage.tsx(203,13): error TS17004: Cannot use JSX unless the '--jsx' flag is provided.
src/pages/TrackingPage.tsx(205,15): error TS17004: Cannot use JSX unless the '--jsx' flag is provided.
src/pages/TrackingPage.tsx(209,13): error TS17004: Cannot use JSX unless the '--jsx' flag is provided.
src/pages/TrackingPage.tsx(217,11): error TS17004: Cannot use JSX unless the '--jsx' flag is provided.
src/pages/TrackingPage.tsx(218,13): error TS17004: Cannot use JSX unless the '--jsx' flag is provided.
src/pages/TrackingPage.tsx(219,13): error TS17004: Cannot use JSX unless the '--jsx' flag is provided.
src/pages/TrackingPage.tsx(220,13): error TS17004: Cannot use JSX unless the '--jsx' flag is provided.
src/pages/TrackingPage.tsx(221,13): error TS17004: Cannot use JSX unless the '--jsx' flag is provided.
src/pages/TrackingPage.tsx(224,11): error TS17004: Cannot use JSX unless the '--jsx' flag is provided.
src/pages/TrackingPage.tsx(227,15): error TS17004: Cannot use JSX unless the '--jsx' flag is provided.
src/pages/TrackingPage.tsx(228,17): error TS17004: Cannot use JSX unless the '--jsx' flag is provided.
src/pages/TrackingPage.tsx(229,19): error TS17004: Cannot use JSX unless the '--jsx' flag is provided.
src/pages/TrackingPage.tsx(230,21): error TS17004: Cannot use JSX unless the '--jsx' flag is provided.
src/pages/TrackingPage.tsx(231,21): error TS17004: Cannot use JSX unless the '--jsx' flag is provided.
src/pages/TrackingPage.tsx(233,19): error TS17004: Cannot use JSX unless the '--jsx' flag is provided.
src/pages/TrackingPage.tsx(240,17): error TS17004: Cannot use JSX unless the '--jsx' flag is provided.
src/pages/TrackingPage.tsx(244,19): error TS17004: Cannot use JSX unless the '--jsx' flag is provided.
src/pages/TrackingPage.tsx(245,21): error TS17004: Cannot use JSX unless the '--jsx' flag is provided.
src/pages/TrackingPage.tsx(251,13): error TS17004: Cannot use JSX unless the '--jsx' flag is provided.
src/pages/TrackingPage.tsx(252,15): error TS17004: Cannot use JSX unless the '--jsx' flag is provided.
src/pages/TrackingPage.tsx(253,17): error TS17004: Cannot use JSX unless the '--jsx' flag is provided.
src/pages/TrackingPage.tsx(254,19): error TS17004: Cannot use JSX unless the '--jsx' flag is provided.
src/pages/TrackingPage.tsx(256,17): error TS17004: Cannot use JSX unless the '--jsx' flag is provided.
src/pages/TrackingPage.tsx(258,15): error TS17004: Cannot use JSX unless the '--jsx' flag is provided.
src/pages/TrackingPage.tsx(263,13): error TS17004: Cannot use JSX unless the '--jsx' flag is provided.
src/pages/TrackingPage.tsx(264,15): error TS17004: Cannot use JSX unless the '--jsx' flag is provided.
src/pages/TrackingPage.tsx(265,17): error TS17004: Cannot use JSX unless the '--jsx' flag is provided.
src/pages/TrackingPage.tsx(266,19): error TS17004: Cannot use JSX unless the '--jsx' flag is provided.
src/pages/TrackingPage.tsx(268,17): error TS17004: Cannot use JSX unless the '--jsx' flag is provided.
src/pages/TrackingPage.tsx(270,15): error TS17004: Cannot use JSX unless the '--jsx' flag is provided.
src/pages/TrackingPage.tsx(271,17): error TS17004: Cannot use JSX unless the '--jsx' flag is provided.
src/pages/TrackingPage.tsx(277,9): error TS17004: Cannot use JSX unless the '--jsx' flag is provided.
src/pages/TrackingPage.tsx(278,11): error TS17004: Cannot use JSX unless the '--jsx' flag is provided.
src/pages/TrackingPage.tsx(295,11): error TS17004: Cannot use JSX unless the '--jsx' flag is provided.
src/pages/TrackingPage.tsx(296,13): error TS17004: Cannot use JSX unless the '--jsx' flag is provided.
src/pages/TrackingPage.tsx(297,15): error TS17004: Cannot use JSX unless the '--jsx' flag is provided.
src/pages/TrackingPage.tsx(298,15): error TS17004: Cannot use JSX unless the '--jsx' flag is provided.
src/pages/TrackingPage.tsx(300,13): error TS17004: Cannot use JSX unless the '--jsx' flag is provided.
src/pages/TrackingPage.tsx(302,17): error TS17004: Cannot use JSX unless the '--jsx' flag is provided.
src/pages/TrackingPage.tsx(304,21): error TS17004: Cannot use JSX unless the '--jsx' flag is provided.
src/pages/TrackingPage.tsx(306,19): error TS17004: Cannot use JSX unless the '--jsx' flag is provided.
src/pages/TrackingPage.tsx(308,23): error TS17004: Cannot use JSX unless the '--jsx' flag is provided.
src/pages/TrackingPage.tsx(310,23): error TS17004: Cannot use JSX unless the '--jsx' flag is provided.
src/pages/TrackingPage.tsx(313,19): error TS17004: Cannot use JSX unless the '--jsx' flag is provided.
src/pages/TrackingPage.tsx(314,21): error TS17004: Cannot use JSX unless the '--jsx' flag is provided.
src/pages/TrackingPage.tsx(315,21): error TS17004: Cannot use JSX unless the '--jsx' flag is provided.
src/pages/TrackingPage.tsx(316,23): error TS17004: Cannot use JSX unless the '--jsx' flag is provided.
src/pages/TrackingPage.tsx(317,46): error TS17004: Cannot use JSX unless the '--jsx' flag is provided.
src/pages/UploadDocumentsPage.tsx(3,24): error TS6142: Module '../components/PageHeader' was resolved to 'C:/Users/bheda/Music/Desktop/ExporTrack-AI/src/components/PageHeader.tsx', but '--jsx' is not set.
src/pages/UploadDocumentsPage.tsx(4,25): error TS6142: Module '../components/StatusBadge' was resolved to 'C:/Users/bheda/Music/Desktop/ExporTrack-AI/src/components/StatusBadge.tsx', but '--jsx' is not set.
src/pages/UploadDocumentsPage.tsx(5,21): error TS6142: Module '../components/AppIcon' was resolved to 'C:/Users/bheda/Music/Desktop/ExporTrack-AI/src/components/AppIcon.tsx', but '--jsx' is not set.
src/pages/UploadDocumentsPage.tsx(6,31): error TS6142: Module '../context/AppContext' was resolved to 'C:/Users/bheda/Music/Desktop/ExporTrack-AI/src/context/AppContext.tsx', but '--jsx' is not set.
src/pages/UploadDocumentsPage.tsx(8,31): error TS6142: Module '../components/AiDocumentSummary' was resolved to 'C:/Users/bheda/Music/Desktop/ExporTrack-AI/src/components/AiDocumentSummary.tsx', but '--jsx' is not set.
src/pages/UploadDocumentsPage.tsx(33,7): error TS17004: Cannot use JSX unless the '--jsx' flag is provided.
src/pages/UploadDocumentsPage.tsx(34,9): error TS17004: Cannot use JSX unless the '--jsx' flag is provided.
src/pages/UploadDocumentsPage.tsx(35,9): error TS17004: Cannot use JSX unless the '--jsx' flag is provided.
src/pages/UploadDocumentsPage.tsx(89,5): error TS17004: Cannot use JSX unless the '--jsx' flag is provided.
src/pages/UploadDocumentsPage.tsx(90,7): error TS17004: Cannot use JSX unless the '--jsx' flag is provided.
src/pages/UploadDocumentsPage.tsx(94,11): error TS17004: Cannot use JSX unless the '--jsx' flag is provided.
src/pages/UploadDocumentsPage.tsx(100,7): error TS17004: Cannot use JSX unless the '--jsx' flag is provided.
src/pages/UploadDocumentsPage.tsx(101,9): error TS17004: Cannot use JSX unless the '--jsx' flag is provided.
src/pages/UploadDocumentsPage.tsx(102,11): error TS17004: Cannot use JSX unless the '--jsx' flag is provided.
src/pages/UploadDocumentsPage.tsx(103,11): error TS17004: Cannot use JSX unless the '--jsx' flag is provided.
src/pages/UploadDocumentsPage.tsx(104,11): error TS17004: Cannot use JSX unless the '--jsx' flag is provided.
src/pages/UploadDocumentsPage.tsx(105,13): error TS17004: Cannot use JSX unless the '--jsx' flag is provided.
src/pages/UploadDocumentsPage.tsx(108,13): error TS17004: Cannot use JSX unless the '--jsx' flag is provided.
src/pages/UploadDocumentsPage.tsx(110,17): error TS17004: Cannot use JSX unless the '--jsx' flag is provided.
src/pages/UploadDocumentsPage.tsx(114,15): error TS17004: Cannot use JSX unless the '--jsx' flag is provided.
src/pages/UploadDocumentsPage.tsx(115,15): error TS17004: Cannot use JSX unless the '--jsx' flag is provided.
src/pages/UploadDocumentsPage.tsx(116,15): error TS17004: Cannot use JSX unless the '--jsx' flag is provided.
src/pages/UploadDocumentsPage.tsx(120,11): error TS17004: Cannot use JSX unless the '--jsx' flag is provided.
src/pages/UploadDocumentsPage.tsx(131,13): error TS17004: Cannot use JSX unless the '--jsx' flag is provided.
src/pages/UploadDocumentsPage.tsx(132,13): error TS17004: Cannot use JSX unless the '--jsx' flag is provided.
src/pages/UploadDocumentsPage.tsx(133,13): error TS17004: Cannot use JSX unless the '--jsx' flag is provided.
src/pages/UploadDocumentsPage.tsx(136,11): error TS17004: Cannot use JSX unless the '--jsx' flag is provided.
src/pages/UploadDocumentsPage.tsx(137,13): error TS17004: Cannot use JSX unless the '--jsx' flag is provided.
src/pages/UploadDocumentsPage.tsx(138,15): error TS17004: Cannot use JSX unless the '--jsx' flag is provided.
src/pages/UploadDocumentsPage.tsx(140,17): error TS17004: Cannot use JSX unless the '--jsx' flag is provided.
src/pages/UploadDocumentsPage.tsx(145,13): error TS17004: Cannot use JSX unless the '--jsx' flag is provided.
src/pages/UploadDocumentsPage.tsx(147,17): error TS17004: Cannot use JSX unless the '--jsx' flag is provided.
src/pages/UploadDocumentsPage.tsx(148,19): error TS17004: Cannot use JSX unless the '--jsx' flag is provided.
src/pages/UploadDocumentsPage.tsx(149,19): error TS17004: Cannot use JSX unless the '--jsx' flag is provided.
src/pages/UploadDocumentsPage.tsx(150,19): error TS17004: Cannot use JSX unless the '--jsx' flag is provided.
src/pages/UploadDocumentsPage.tsx(153,17): error TS17004: Cannot use JSX unless the '--jsx' flag is provided.
src/pages/UploadDocumentsPage.tsx(158,11): error TS17004: Cannot use JSX unless the '--jsx' flag is provided.
src/pages/UploadDocumentsPage.tsx(163,9): error TS17004: Cannot use JSX unless the '--jsx' flag is provided.
src/pages/UploadDocumentsPage.tsx(164,11): error TS17004: Cannot use JSX unless the '--jsx' flag is provided.
src/pages/UploadDocumentsPage.tsx(165,11): error TS17004: Cannot use JSX unless the '--jsx' flag is provided.
src/pages/UploadDocumentsPage.tsx(166,13): error TS17004: Cannot use JSX unless the '--jsx' flag is provided.
src/pages/UploadDocumentsPage.tsx(169,13): error TS17004: Cannot use JSX unless the '--jsx' flag is provided.
src/pages/UploadDocumentsPage.tsx(172,13): error TS17004: Cannot use JSX unless the '--jsx' flag is provided.
src/pages/UploadDocumentsPage.tsx(179,7): error TS17004: Cannot use JSX unless the '--jsx' flag is provided.
src/pages/UploadDocumentsPage.tsx(180,9): error TS17004: Cannot use JSX unless the '--jsx' flag is provided.
src/pages/UploadDocumentsPage.tsx(181,9): error TS17004: Cannot use JSX unless the '--jsx' flag is provided.
src/pages/UploadDocumentsPage.tsx(183,13): error TS17004: Cannot use JSX unless the '--jsx' flag is provided.
src/pages/UploadDocumentsPage.tsx(184,15): error TS17004: Cannot use JSX unless the '--jsx' flag is provided.
src/pages/UploadDocumentsPage.tsx(185,17): error TS17004: Cannot use JSX unless the '--jsx' flag is provided.
src/pages/UploadDocumentsPage.tsx(186,17): error TS17004: Cannot use JSX unless the '--jsx' flag is provided.
src/pages/UploadDocumentsPage.tsx(190,15): error TS17004: Cannot use JSX unless the '--jsx' flag is provided.
src/pages/UploadDocumentsPage.tsx(191,17): error TS17004: Cannot use JSX unless the '--jsx' flag is provided.
src/pages/UploadDocumentsPage.tsx(192,17): error TS17004: Cannot use JSX unless the '--jsx' flag is provided.
src/pages/UploadDocumentsPage.tsx(203,9): error TS17004: Cannot use JSX unless the '--jsx' flag is provided.
src/pages/VerificationChecklistPage.tsx(3,24): error TS6142: Module '../components/PageHeader' was resolved to 'C:/Users/bheda/Music/Desktop/ExporTrack-AI/src/components/PageHeader.tsx', but '--jsx' is not set.
src/pages/VerificationChecklistPage.tsx(4,25): error TS6142: Module '../components/StatusBadge' was resolved to 'C:/Users/bheda/Music/Desktop/ExporTrack-AI/src/components/StatusBadge.tsx', but '--jsx' is not set.
src/pages/VerificationChecklistPage.tsx(5,21): error TS6142: Module '../components/AppIcon' was resolved to 'C:/Users/bheda/Music/Desktop/ExporTrack-AI/src/components/AppIcon.tsx', but '--jsx' is not set.
src/pages/VerificationChecklistPage.tsx(6,31): error TS6142: Module '../context/AppContext' was resolved to 'C:/Users/bheda/Music/Desktop/ExporTrack-AI/src/context/AppContext.tsx', but '--jsx' is not set.
src/pages/VerificationChecklistPage.tsx(24,7): error TS17004: Cannot use JSX unless the '--jsx' flag is provided.
src/pages/VerificationChecklistPage.tsx(25,9): error TS17004: Cannot use JSX unless the '--jsx' flag is provided.
src/pages/VerificationChecklistPage.tsx(26,12): error TS17004: Cannot use JSX unless the '--jsx' flag is provided.
src/pages/VerificationChecklistPage.tsx(27,14): error TS17004: Cannot use JSX unless the '--jsx' flag is provided.
src/pages/VerificationChecklistPage.tsx(29,11): error TS17004: Cannot use JSX unless the '--jsx' flag is provided.
src/pages/VerificationChecklistPage.tsx(30,11): error TS17004: Cannot use JSX unless the '--jsx' flag is provided.
src/pages/VerificationChecklistPage.tsx(31,11): error TS17004: Cannot use JSX unless the '--jsx' flag is provided.
src/pages/VerificationChecklistPage.tsx(64,5): error TS17004: Cannot use JSX unless the '--jsx' flag is provided.
src/pages/VerificationChecklistPage.tsx(65,7): error TS17004: Cannot use JSX unless the '--jsx' flag is provided.
src/pages/VerificationChecklistPage.tsx(66,9): error TS17004: Cannot use JSX unless the '--jsx' flag is provided.
src/pages/VerificationChecklistPage.tsx(67,11): error TS17004: Cannot use JSX unless the '--jsx' flag is provided.
src/pages/VerificationChecklistPage.tsx(68,14): error TS17004: Cannot use JSX unless the '--jsx' flag is provided.
src/pages/VerificationChecklistPage.tsx(71,14): error TS17004: Cannot use JSX unless the '--jsx' flag is provided.
src/pages/VerificationChecklistPage.tsx(72,14): error TS17004: Cannot use JSX unless the '--jsx' flag is provided.
src/pages/VerificationChecklistPage.tsx(74,11): error TS17004: Cannot use JSX unless the '--jsx' flag is provided.
src/pages/VerificationChecklistPage.tsx(77,11): error TS17004: Cannot use JSX unless the '--jsx' flag is provided.
src/pages/VerificationChecklistPage.tsx(81,9): error TS17004: Cannot use JSX unless the '--jsx' flag is provided.
src/pages/VerificationChecklistPage.tsx(82,12): error TS17004: Cannot use JSX unless the '--jsx' flag is provided.
src/pages/VerificationChecklistPage.tsx(88,16): error TS17004: Cannot use JSX unless the '--jsx' flag is provided.
src/pages/VerificationChecklistPage.tsx(90,16): error TS17004: Cannot use JSX unless the '--jsx' flag is provided.
src/pages/VerificationChecklistPage.tsx(97,7): error TS17004: Cannot use JSX unless the '--jsx' flag is provided.
src/pages/VerificationChecklistPage.tsx(98,9): error TS17004: Cannot use JSX unless the '--jsx' flag is provided.
src/pages/VerificationChecklistPage.tsx(99,9): error TS17004: Cannot use JSX unless the '--jsx' flag is provided.
src/pages/VerificationChecklistPage.tsx(100,11): error TS17004: Cannot use JSX unless the '--jsx' flag is provided.
src/pages/VerificationChecklistPage.tsx(101,14): error TS17004: Cannot use JSX unless the '--jsx' flag is provided.
src/pages/VerificationChecklistPage.tsx(102,14): error TS17004: Cannot use JSX unless the '--jsx' flag is provided.
src/pages/VerificationChecklistPage.tsx(104,11): error TS17004: Cannot use JSX unless the '--jsx' flag is provided.
src/pages/VerificationChecklistPage.tsx(105,14): error TS17004: Cannot use JSX unless the '--jsx' flag is provided.
src/pages/VerificationChecklistPage.tsx(108,9): error TS17004: Cannot use JSX unless the '--jsx' flag is provided.
src/pages/VerificationChecklistPage.tsx(109,11): error TS17004: Cannot use JSX unless the '--jsx' flag is provided.
src/pages/VerificationChecklistPage.tsx(114,9): error TS17004: Cannot use JSX unless the '--jsx' flag is provided.
src/pages/VerificationChecklistPage.tsx(119,7): error TS17004: Cannot use JSX unless the '--jsx' flag is provided.
src/pages/VerificationChecklistPage.tsx(120,9): error TS17004: Cannot use JSX unless the '--jsx' flag is provided.
src/pages/VerificationChecklistPage.tsx(121,11): error TS17004: Cannot use JSX unless the '--jsx' flag is provided.
src/pages/VerificationChecklistPage.tsx(122,13): error TS17004: Cannot use JSX unless the '--jsx' flag is provided.
src/pages/VerificationChecklistPage.tsx(123,15): error TS17004: Cannot use JSX unless the '--jsx' flag is provided.
src/pages/VerificationChecklistPage.tsx(124,17): error TS17004: Cannot use JSX unless the '--jsx' flag is provided.
src/pages/VerificationChecklistPage.tsx(125,17): error TS17004: Cannot use JSX unless the '--jsx' flag is provided.
src/pages/VerificationChecklistPage.tsx(126,17): error TS17004: Cannot use JSX unless the '--jsx' flag is provided.
src/pages/VerificationChecklistPage.tsx(127,17): error TS17004: Cannot use JSX unless the '--jsx' flag is provided.
src/pages/VerificationChecklistPage.tsx(130,13): error TS17004: Cannot use JSX unless the '--jsx' flag is provided.
src/pages/VerificationChecklistPage.tsx(132,17): error TS17004: Cannot use JSX unless the '--jsx' flag is provided.
src/pages/VerificationChecklistPage.tsx(133,19): error TS17004: Cannot use JSX unless the '--jsx' flag is provided.
src/pages/VerificationChecklistPage.tsx(134,21): error TS17004: Cannot use JSX unless the '--jsx' flag is provided.
src/pages/VerificationChecklistPage.tsx(135,24): error TS17004: Cannot use JSX unless the '--jsx' flag is provided.
src/pages/VerificationChecklistPage.tsx(140,27): error TS17004: Cannot use JSX unless the '--jsx' flag is provided.
src/pages/VerificationChecklistPage.tsx(142,24): error TS17004: Cannot use JSX unless the '--jsx' flag is provided.
src/pages/VerificationChecklistPage.tsx(145,19): error TS17004: Cannot use JSX unless the '--jsx' flag is provided.
src/pages/VerificationChecklistPage.tsx(146,21): error TS17004: Cannot use JSX unless the '--jsx' flag is provided.
src/pages/VerificationChecklistPage.tsx(150,19): error TS17004: Cannot use JSX unless the '--jsx' flag is provided.
src/pages/VerificationChecklistPage.tsx(151,21): error TS17004: Cannot use JSX unless the '--jsx' flag is provided.
src/pages/VerificationChecklistPage.tsx(152,23): error TS17004: Cannot use JSX unless the '--jsx' flag is provided.
src/pages/VerificationChecklistPage.tsx(155,19): error TS17004: Cannot use JSX unless the '--jsx' flag is provided.
src/pages/VerificationChecklistPage.tsx(156,21): error TS17004: Cannot use JSX unless the '--jsx' flag is provided.
src/pages/VerificationChecklistPage.tsx(162,25): error TS17004: Cannot use JSX unless the '--jsx' flag is provided.
src/pages/VerificationChecklistPage.tsx(175,7): error TS17004: Cannot use JSX unless the '--jsx' flag is provided.
src/pages/VerificationChecklistPage.tsx(176,9): error TS17004: Cannot use JSX unless the '--jsx' flag is provided.
src/pages/VerificationChecklistPage.tsx(177,11): error TS17004: Cannot use JSX unless the '--jsx' flag is provided.
src/pages/VerificationChecklistPage.tsx(178,13): error TS17004: Cannot use JSX unless the '--jsx' flag is provided.
src/pages/VerificationChecklistPage.tsx(181,11): error TS17004: Cannot use JSX unless the '--jsx' flag is provided.
src/pages/VerificationChecklistPage.tsx(182,13): error TS17004: Cannot use JSX unless the '--jsx' flag is provided.
src/pages/VerificationChecklistPage.tsx(186,9): error TS17004: Cannot use JSX unless the '--jsx' flag is provided.
