[36mvite v5.4.21 [32mbuilding for production...[36m[39m
transforming...
[32m✓[39m 67 modules transformed.
rendering chunks...
computing gzip size...
[2mdist/[22m[32mindex.html                   [39m[1m[2m  1.25 kB[22m[1m[22m[2m │ gzip:  0.65 kB[22m
[2mdist/[22m[32massets/favicon-DhCsc5ia.svg  [39m[1m[2m  2.54 kB[22m[1m[22m[2m │ gzip:  0.92 kB[22m
[2mdist/[22m[35massets/index-wKUxx4xy.css    [39m[1m[2m 83.07 kB[22m[1m[22m[2m │ gzip: 12.49 kB[22m
[2mdist/[22m[36massets/index-CdEo9y8n.js     [39m[1m[2m345.84 kB[22m[1m[22m[2m │ gzip: 94.40 kB[22m
[32m✓ built in 1.30s[39m
