﻿[36mvite v5.4.21 [32mbuilding for production...[36m[39m
transforming...
[32m✓[39m 6 modules transformed.
node.exe : 
[31mx[39m Build 
failed in 603ms
At line:1 char:1
+ & "C:\Program Files
\nodejs/node.exe" 
"C:\Program 
Files\nodejs/node_mo 
...
+ ~~~~~~~~~~~~~~~~~~~
~~~~~~~~~~~~~~~~~~~~~
~~~~~~~~~~~~~~~~~~~~~
~~~~~~~~
    + CategoryInfo   
           : NotSpe  
  cified: ([31mx   
 [39m Build faile    
d in 603ms:Strin    
g) [], RemoteExc    
eption
    + FullyQualified 
   ErrorId : Native  
  CommandError
 
[31merror during 
build:
[31m[vite:css] 
[postcss] C:/Users/bh
eda/Music/Desktop/Exp
orTrack-AI/src/index.
css:535:3: @apply 
should not be used 
with the 'group' 
utility[31m
file: [36mC:/Users/b
heda/Music/Desktop/Ex
porTrack-AI/src/index
.css:535:2[31m
    at Input.error (C
:\Users\bheda\Music\D
esktop\ExporTrack-AI\
node_modules\postcss\
lib\input.js:135:16)
    at AtRule.error (
C:\Users\bheda\Music\
Desktop\ExporTrack-AI
\node_modules\postcss
\lib\node.js:146:32)
    at processApply (
C:\Users\bheda\Music\
Desktop\ExporTrack-AI
\node_modules\tailwin
dcss\lib\lib\expandAp
plyAtRules.js:377:29)
    at C:\Users\bheda
\Music\Desktop\ExporT
rack-AI\node_modules\
tailwindcss\lib\lib\e
xpandApplyAtRules.js:
551:9
    at C:\Users\bheda
\Music\Desktop\ExporT
rack-AI\node_modules\
tailwindcss\lib\proce
ssTailwindFeatures.js
:55:50
    at async plugins 
(C:\Users\bheda\Music
\Desktop\ExporTrack-A
I\node_modules\tailwi
ndcss\lib\plugin.js:3
8:17)
    at async 
LazyResult.runAsync (
C:\Users\bheda\Music\
Desktop\ExporTrack-AI
\node_modules\postcss
\lib\lazy-result.js:2
93:11)
    at async 
compileCSS (file:///C
:/Users/bheda/Music/D
esktop/ExporTrack-AI/
node_modules/vite/dis
t/node/chunks/dep-BK3
b2jBa.js:36898:21)
    at async 
Object.transform (fil
e:///C:/Users/bheda/M
usic/Desktop/ExporTra
ck-AI/node_modules/vi
te/dist/node/chunks/d
ep-BK3b2jBa.js:36171:
11)
    at async 
transform (file:///C:
/Users/bheda/Music/De
sktop/ExporTrack-AI/n
ode_modules/rollup/di
st/es/shared/node-ent
ry.js:21269:16)[39m
